   214 instructions before optimizations.
     6 instructions eliminated by Temp Variables Elimination (2 passes, 5 iterations).
    36 instructions eliminated by Dead Code Elimination (8 iterations).
     4 instructions eliminated by Jump Normalization (5 iterations).
    20 instructions eliminated by Condition Optimization (6 iterations).
    10 instructions eliminated by Single Step Elimination (3 passes, 8 iterations).
     1 instructions eliminated by Data Flow Optimization (5 iterations).
     1 instructions added by Loop Rotation (2 iterations).
       3 loop conditions were partially rotated.
     6 instructions eliminated by Jump Straightening (3 passes, 8 iterations).
     8 instructions updated by Jump Threading.
     4 instructions eliminated by Unreachable Code Elimination (2 passes, 3 iterations).
    14 instructions eliminated by Print Merging.
   114 instructions after optimizations.

Pass 1: speed optimization selection (cost limit 862):
  * Full loop rotation at line 97:5                              size    +1, benefit       26.0, efficiency     26.000 (+1 instructions)

Modifications by Initial phase, Dead Code Elimination, iteration 1 (-14 instructions):
 
    30 print " "
    31 print "found."
    32 printflush message1
-    * set *tmp3 null
    33 jump *label16 always
    34 label *label15
    35 sensor *tmp4 @unit @controller
 
    50 label *label20
    51 set *tmp6 *tmp9
    52 label *label18
-    * set *tmp3 *tmp6
    53 label *label16
    54 label *label13
    55 jump *label12 always
 
    67 jump *label24 always
    68 label *label26
    69 jump *label11 always
-    * set *tmp13 null
    70 jump *label25 always
    71 label *label24
    72 sensor *tmp14 :first_unit @dead
 
    78 label *label28
    79 set *tmp16 null
    80 label *label29
-    * set *tmp13 *tmp16
    81 label *label25
    82 label *label22
    83 jump *label21 always
 
   131 jump *label41 equal *tmp36 false
   132 print "No unit of type $UNIT found."
   133 printflush message1
-    * set *tmp37 null
   134 jump *label42 always
   135 label *label41
   136 sensor *tmp38 @unit @controlled
 
   145 jump *label40 always
   146 set *tmp40 null
   147 label *label44
-    * set *tmp37 *tmp40
   148 label *label42
   149 label *label39
   150 jump *label38 always
   151 label *label40
   152 set :state 1
-    * set *tmp35 :state
   153 jump *label37 always
   154 label *label36
-    * set *tmp35 null
   155 label *label37
   156 op equal *tmp41 :state 1
   157 jump *label45 equal *tmp41 false
 
   183 label *label50
   184 set *tmp45 *tmp48
   185 label *label48
-    * set *tmp42 *tmp45
   186 jump *label46 always
   187 label *label45
-    * set *tmp42 null
   188 label *label46
   189 op equal *tmp51 :state 2
   190 jump *label53 equal *tmp51 false
 
   209 set :MSG ")\nApproaching core"
   210 set *tmp54 :MSG
   211 label *label56
-    * set *tmp52 *tmp54
   212 jump *label54 always
   213 label *label53
-    * set *tmp52 null
   214 label *label54
   215 op equal *tmp58 :state 3
   216 jump *label59 equal *tmp58 false
 
   235 set :MSG ")\nApproaching projector"
   236 set *tmp61 :MSG
   237 label *label62
-    * set *tmp59 *tmp61
   238 jump *label60 always
   239 label *label59
-    * set *tmp59 null
   240 label *label60
   241 print "Supplying projector with phase fabric"
   242 print "\n"

Modifications by Initial phase, Dead Code Elimination, iteration 2 (-12 instructions):
 
    36 op equal *tmp5 *tmp4 @this
    37 jump *label17 equal *tmp5 false
    38 jump *label11 always
-    * set *tmp6 null
    39 jump *label18 always
    40 label *label17
    41 sensor *tmp7 @unit @controlled
 
    47 label *label19
    48 set *tmp9 null
    49 label *label20
-    * set *tmp6 *tmp9
    50 label *label18
    51 label *label16
    52 label *label13
 
    71 op strictNotEqual *tmp15 *tmp14 0
    72 jump *label28 equal *tmp15 false
    73 jump *label23 always
-    * set *tmp16 null
    74 jump *label29 always
    75 label *label28
-    * set *tmp16 null
    76 label *label29
    77 label *label25
    78 label *label22
 
   134 jump *label43 equal *tmp39 false
   135 print "Looking for a free $UNIT..."
   136 printflush message1
-    * set *tmp40 null
   137 jump *label44 always
   138 label *label43
   139 ucontrol flag 1
   140 jump *label40 always
-    * set *tmp40 null
   141 label *label44
   142 label *label42
   143 label *label39
 
   153 op equal *tmp44 *tmp43 :item
   154 jump *label47 equal *tmp44 false
   155 set :state 3
-    * set *tmp45 :state
   156 jump *label48 always
   157 label *label47
   158 sensor *tmp46 @unit @totalItems
 
   174 label *label52
   175 set *tmp48 *tmp50
   176 label *label50
-    * set *tmp45 *tmp48
   177 label *label48
   178 jump *label46 always
   179 label *label45
 
   194 set :MSG ")\nLoading phase fabric"
   195 set *tmp57 :MSG
   196 label *label58
-    * set *tmp54 *tmp57
   197 jump *label56 always
   198 label *label55
   199 ucontrol approach :CORE_X :CORE_Y 6
   200 set :MSG ")\nApproaching core"
-    * set *tmp54 :MSG
   201 label *label56
   202 jump *label54 always
   203 label *label53
 
   218 set :MSG ")\nDropping phase fabric"
   219 set *tmp64 :MSG
   220 label *label64
-    * set *tmp61 *tmp64
   221 jump *label62 always
   222 label *label61
   223 ucontrol approach :PROJ_X :PROJ_Y 6
   224 set :MSG ")\nApproaching projector"
-    * set *tmp61 :MSG
   225 label *label62
   226 jump *label60 always
   227 label *label59

Modifications by Initial phase, Dead Code Elimination, iteration 3 (-8 instructions):
 
    42 op equal *tmp8 *tmp7 0
    43 jump *label19 equal *tmp8 false
    44 jump *label14 always
-    * set *tmp9 null
    45 jump *label20 always
    46 label *label19
-    * set *tmp9 null
    47 label *label20
    48 label *label18
    49 label *label16
 
   157 op equal *tmp47 *tmp46 0
   158 jump *label49 equal *tmp47 false
   159 set :state 2
-    * set *tmp48 :state
   160 jump *label50 always
   161 label *label49
   162 set :MSG "\nUnloading previous items ("
 
   169 label *label51
   170 set *tmp50 null
   171 label *label52
-    * set *tmp48 *tmp50
   172 label *label50
   173 label *label48
   174 jump *label46 always
 
   184 jump *label57 equal *tmp56 false
   185 ucontrol approach :PROJ_X :PROJ_Y 6
   186 set :state 3
-    * set *tmp57 :state
   187 jump *label58 always
   188 label *label57
   189 set :MSG ")\nLoading phase fabric"
-    * set *tmp57 :MSG
   190 label *label58
   191 jump *label56 always
   192 label *label55
 
   206 jump *label63 equal *tmp63 false
   207 ucontrol approach :CORE_X :CORE_Y 6
   208 set :state 2
-    * set *tmp64 :state
   209 jump *label64 always
   210 label *label63
   211 set :MSG ")\nDropping phase fabric"
-    * set *tmp64 :MSG
   212 label *label64
   213 jump *label62 always
   214 label *label61

Modifications by Initial phase, Dead Code Elimination, iteration 4 (-2 instructions):
 
   164 ucontrol within :CORE_X :CORE_Y 8 *tmp49
   165 jump *label51 equal *tmp49 false
   166 ucontrol itemDrop :CORE :UNIT_CAPACITY
-    * set *tmp50 null
   167 jump *label52 always
   168 label *label51
-    * set *tmp50 null
   169 label *label52
   170 label *label50
   171 label *label48

Modifications by Initial phase, Temp Variables Elimination, iteration 1 (-6 instructions):
 
    80 jump *label9 always
    81 label *label11
    82 ucontrol flag 1
-    * ulocate building core false @copper *tmp18 *tmp19 *tmp20 *tmp17
-    * set :CORE *tmp17
+   83 ulocate building core false @copper *tmp18 *tmp19 *tmp20 :CORE
    84 label *label7
    85 op equal *tmp21 :CORE null
    86 jump *label6 notEqual *tmp21 false
 
    93 label *label31
    94 jump *label30 always
    95 label *label32
-    * sensor *tmp23 :CORE @x
-    * set :CORE_X *tmp23
-    * sensor *tmp24 :CORE @y
-    * set :CORE_Y *tmp24
-    * sensor *tmp25 projector1 @x
-    * set :PROJ_X *tmp25
-    * sensor *tmp26 projector1 @y
-    * set :PROJ_Y *tmp26
-    * sensor *tmp27 @unit @itemCapacity
-    * set :UNIT_CAPACITY *tmp27
+   96 sensor :CORE_X :CORE @x
+   97 sensor :CORE_Y :CORE @y
+   98 sensor :PROJ_X projector1 @x
+   99 sensor :PROJ_Y projector1 @y
+  100 sensor :UNIT_CAPACITY @unit @itemCapacity
   101 set :state 1
   102 set :item @phase-fabric
   103 set :MSG ""

Modifications by Iterated phase, Jump Normalization, pass 1, iteration 1 (-4 instructions):
 
    19 print "Locating core..."
    20 printflush message1
    21 label *label9
-    * jump *label11 equal true false
    22 label *label12
-    * jump *label14 equal true false
    23 ubind UNIT
    24 op equal *tmp2 @unit null
    25 jump *label15 equal *tmp2 false
 
    50 label *label14
    51 set :first_unit @unit
    52 label *label21
-    * jump *label23 equal true false
    53 ubind UNIT
    54 op equal *tmp10 @unit :first_unit
    55 jump *label26 notEqual *tmp10 false
 
   110 op lessThanEq *tmp34 *tmp31 *tmp33
   111 jump *label36 equal *tmp34 false
   112 label *label38
-    * jump *label40 equal true false
   113 ubind UNIT
   114 op equal *tmp36 @unit null
   115 jump *label41 equal *tmp36 false

Modifications by Iterated phase, Jump Straightening, pass 1, iteration 1 (-1 instructions):
 
    56 label *label27
    57 sensor *tmp11 @unit @controller
    58 op equal *tmp12 *tmp11 @this
-    * jump *label26 notEqual *tmp12 false
-    * jump *label24 always
+   59 jump *label24 equal *tmp12 false
    60 label *label26
    61 jump *label11 always
    62 jump *label25 always

Modifications by Iterated phase, Condition Optimization, pass 1, iteration 1 (-20 instructions):
 
     2 jump *label3 equal switch1 false
     3 label *label5
     4 sensor *tmp0 switch1 @enabled
-    * op equal *tmp1 *tmp0 false
-    * jump *label3 equal *tmp1 false
+    5 jump *label3 notEqual *tmp0 false
     6 jump *label4 always
     7 label *label4
     8 print "Supplying projector with phase fabric."
 
    20 label *label9
    21 label *label12
    22 ubind UNIT
-    * op equal *tmp2 @unit null
-    * jump *label15 equal *tmp2 false
+   23 jump *label15 notEqual @unit null
    24 print "No unit of type "
    25 print UNIT
    26 print " "
 
    29 jump *label16 always
    30 label *label15
    31 sensor *tmp4 @unit @controller
-    * op equal *tmp5 *tmp4 @this
-    * jump *label17 equal *tmp5 false
+   32 jump *label17 notEqual *tmp4 @this
    33 jump *label11 always
    34 jump *label18 always
    35 label *label17
    36 sensor *tmp7 @unit @controlled
-    * op equal *tmp8 *tmp7 0
-    * jump *label19 equal *tmp8 false
+   37 jump *label19 notEqual *tmp7 0
    38 jump *label14 always
    39 jump *label20 always
    40 label *label19
 
    47 set :first_unit @unit
    48 label *label21
    49 ubind UNIT
-    * op equal *tmp10 @unit :first_unit
-    * jump *label26 notEqual *tmp10 false
+   50 jump *label26 equal @unit :first_unit
    51 label *label27
    52 sensor *tmp11 @unit @controller
-    * op equal *tmp12 *tmp11 @this
-    * jump *label24 equal *tmp12 false
+   53 jump *label24 notEqual *tmp11 @this
    54 label *label26
    55 jump *label11 always
    56 jump *label25 always
    57 label *label24
    58 sensor *tmp14 :first_unit @dead
-    * op strictNotEqual *tmp15 *tmp14 0
-    * jump *label28 equal *tmp15 false
+   59 jump *label28 strictEqual *tmp14 0
    60 jump *label23 always
    61 jump *label29 always
    62 label *label28
 
    71 ucontrol flag 1
    72 ulocate building core false @copper *tmp18 *tmp19 *tmp20 :CORE
    73 label *label7
-    * op equal *tmp21 :CORE null
-    * jump *label6 notEqual *tmp21 false
+   74 jump *label6 equal :CORE null
    75 label *label8
    76 label *label30
-    * op equal *tmp22 projector1 null
-    * jump *label32 equal *tmp22 false
+   77 jump *label32 notEqual projector1 null
    78 print "Waiting for projector to be connected..."
    79 printflush message1
    80 label *label31
 
    90 set :MSG ""
    91 label *label33
    92 sensor *tmp28 switch1 @enabled
-    * op strictNotEqual *tmp29 *tmp28 false
-    * jump *label35 equal *tmp29 false
+   93 jump *label35 strictEqual *tmp28 false
    94 set :start @time
    95 sensor *tmp30 @unit @dead
    96 op equal *tmp31 *tmp30 0
    97 sensor *tmp32 @unit @controller
    98 op notEqual *tmp33 *tmp32 @this
-    * op lessThanEq *tmp34 *tmp31 *tmp33
-    * jump *label36 equal *tmp34 false
+   99 jump *label36 greaterThan *tmp31 *tmp33
   100 label *label38
   101 ubind UNIT
-    * op equal *tmp36 @unit null
-    * jump *label41 equal *tmp36 false
+  102 jump *label41 notEqual @unit null
   103 print "No unit of type $UNIT found."
   104 printflush message1
   105 jump *label42 always
   106 label *label41
   107 sensor *tmp38 @unit @controlled
-    * op notEqual *tmp39 *tmp38 0
-    * jump *label43 equal *tmp39 false
+  108 jump *label43 equal *tmp38 0
   109 print "Looking for a free $UNIT..."
   110 printflush message1
   111 jump *label44 always
 
   121 jump *label37 always
   122 label *label36
   123 label *label37
-    * op equal *tmp41 :state 1
-    * jump *label45 equal *tmp41 false
+  124 jump *label45 notEqual :state 1
   125 sensor *tmp43 @unit @firstItem
-    * op equal *tmp44 *tmp43 :item
-    * jump *label47 equal *tmp44 false
+  126 jump *label47 notEqual *tmp43 :item
   127 set :state 3
   128 jump *label48 always
   129 label *label47
   130 sensor *tmp46 @unit @totalItems
-    * op equal *tmp47 *tmp46 0
-    * jump *label49 equal *tmp47 false
+  131 jump *label49 notEqual *tmp46 0
   132 set :state 2
   133 jump *label50 always
   134 label *label49
 
   145 jump *label46 always
   146 label *label45
   147 label *label46
-    * op equal *tmp51 :state 2
-    * jump *label53 equal *tmp51 false
+  148 jump *label53 notEqual :state 2
   149 ucontrol within :CORE_X :CORE_Y 8 *tmp53
   150 jump *label55 equal *tmp53 false
   151 ucontrol itemTake :CORE :item :UNIT_CAPACITY
   152 sensor *tmp55 @unit @totalItems
-    * op greaterThanEq *tmp56 *tmp55 :UNIT_CAPACITY
-    * jump *label57 equal *tmp56 false
+  153 jump *label57 lessThan *tmp55 :UNIT_CAPACITY
   154 ucontrol approach :PROJ_X :PROJ_Y 6
   155 set :state 3
   156 jump *label58 always
 
   165 jump *label54 always
   166 label *label53
   167 label *label54
-    * op equal *tmp58 :state 3
-    * jump *label59 equal *tmp58 false
+  168 jump *label59 notEqual :state 3
   169 ucontrol within :PROJ_X :PROJ_Y 8 *tmp60
   170 jump *label61 equal *tmp60 false
   171 ucontrol itemDrop projector1 :UNIT_CAPACITY
   172 sensor *tmp62 @unit @totalItems
-    * op lessThanEq *tmp63 *tmp62 0
-    * jump *label63 equal *tmp63 false
+  173 jump *label63 greaterThan *tmp62 0
   174 ucontrol approach :CORE_X :CORE_Y 6
   175 set :state 2
   176 jump *label64 always

Modifications by Iterated phase, Single Step Elimination, pass 1, iteration 1 (-8 instructions):
 
     3 label *label5
     4 sensor *tmp0 switch1 @enabled
     5 jump *label3 notEqual *tmp0 false
-    * jump *label4 always
     6 label *label4
     7 print "Supplying projector with phase fabric."
     8 print "\n"
 
    35 sensor *tmp7 @unit @controlled
    36 jump *label19 notEqual *tmp7 0
    37 jump *label14 always
-    * jump *label20 always
    38 label *label19
    39 label *label20
    40 label *label18
 
    56 sensor *tmp14 :first_unit @dead
    57 jump *label28 strictEqual *tmp14 0
    58 jump *label23 always
-    * jump *label29 always
    59 label *label28
    60 label *label29
    61 label *label25
 
   115 jump *label38 always
   116 label *label40
   117 set :state 1
-    * jump *label37 always
   118 label *label36
   119 label *label37
   120 jump *label45 notEqual :state 1
 
   133 ucontrol within :CORE_X :CORE_Y 8 *tmp49
   134 jump *label51 equal *tmp49 false
   135 ucontrol itemDrop :CORE :UNIT_CAPACITY
-    * jump *label52 always
   136 label *label51
   137 label *label52
   138 label *label50
   139 label *label48
-    * jump *label46 always
   140 label *label45
   141 label *label46
   142 jump *label53 notEqual :state 2
 
   156 ucontrol approach :CORE_X :CORE_Y 6
   157 set :MSG ")\nApproaching core"
   158 label *label56
-    * jump *label54 always
   159 label *label53
   160 label *label54
   161 jump *label59 notEqual :state 3
 
   175 ucontrol approach :PROJ_X :PROJ_Y 6
   176 set :MSG ")\nApproaching projector"
   177 label *label62
-    * jump *label60 always
   178 label *label59
   179 label *label60
   180 print "Supplying projector with phase fabric"

Modifications by Iterated phase, Data Flow Optimization, pass 1, iteration 1:
 
   119 label *label37
   120 jump *label45 notEqual :state 1
   121 sensor *tmp43 @unit @firstItem
-    * jump *label47 notEqual *tmp43 :item
+  122 jump *label47 notEqual *tmp43 @phase-fabric
   123 set :state 3
   124 jump *label48 always
   125 label *label47
 
   142 jump *label53 notEqual :state 2
   143 ucontrol within :CORE_X :CORE_Y 8 *tmp53
   144 jump *label55 equal *tmp53 false
-    * ucontrol itemTake :CORE :item :UNIT_CAPACITY
+  145 ucontrol itemTake :CORE @phase-fabric :UNIT_CAPACITY
   146 sensor *tmp55 @unit @totalItems
   147 jump *label57 lessThan *tmp55 :UNIT_CAPACITY
   148 ucontrol approach :PROJ_X :PROJ_Y 6
 
   179 label *label60
   180 print "Supplying projector with phase fabric"
   181 print "\n"
-    * sensor *tmp65 projector1 :item
+  182 sensor *tmp65 projector1 @phase-fabric
   183 sensor *tmp66 @unit @totalItems
   184 print "Phase fabric level: "
   185 print *tmp65

Modifications by Iterated phase, Data Flow Optimization, pass 1, iteration 2 (-1 instructions):
 
    83 sensor :PROJ_Y projector1 @y
    84 sensor :UNIT_CAPACITY @unit @itemCapacity
    85 set :state 1
-    * set :item @phase-fabric
    86 set :MSG ""
    87 label *label33
    88 sensor *tmp28 switch1 @enabled

Modifications by Iterated phase, Loop Rotation, pass 1, iteration 1:
     0 set UNIT @flare
     1 label *label1
     2 jump *label3 equal switch1 false
-    * label *label5
+    3 label *label65
     4 sensor *tmp0 switch1 @enabled
     5 jump *label3 notEqual *tmp0 false
-    * label *label4
     6 print "Supplying projector with phase fabric."
     7 print "\n"
     8 print "Activate switch to start."
     9 print "\n"
    10 printflush message1
    11 label *label2
-    * jump *label1 always
+   12 jump *label65 notEqual switch1 false
    13 label *label3
    14 set :CORE null
    15 label *label6
 
    71 label *label8
    72 label *label30
    73 jump *label32 notEqual projector1 null
+   74 label *label66
    75 print "Waiting for projector to be connected..."
    76 printflush message1
    77 label *label31
-    * jump *label30 always
+   78 jump *label66 equal projector1 null
    79 label *label32
    80 sensor :CORE_X :CORE @x
    81 sensor :CORE_Y :CORE @y

Modifications by Full loop rotation at line 97:5 (+1 instructions):
 
    86 label *label33
    87 sensor *tmp28 switch1 @enabled
    88 jump *label35 strictEqual *tmp28 false
+   89 label *label67
    90 set :start @time
    91 sensor *tmp30 @unit @dead
    92 op equal *tmp31 *tmp30 0
 
   196 print "ms"
   197 printflush message1
   198 label *label34
-    * jump *label33 always
+  199 sensor *tmp28 switch1 @enabled
+  200 jump *label67 strictNotEqual *tmp28 false
   201 label *label35
   202 label *label0
   203 end

Modifications by Jumps phase, Unreachable Code Elimination, pass 3, iteration 1 (-2 instructions):
     0 set UNIT @flare
-    * label *label1
     1 jump *label3 equal switch1 false
     2 label *label65
     3 sensor *tmp0 switch1 @enabled
 
     7 print "Activate switch to start."
     8 print "\n"
     9 printflush message1
-    * label *label2
    10 jump *label65 notEqual switch1 false
    11 label *label3
    12 set :CORE null
 
    27 sensor *tmp4 @unit @controller
    28 jump *label17 notEqual *tmp4 @this
    29 jump *label11 always
-    * jump *label18 always
    30 label *label17
    31 sensor *tmp7 @unit @controlled
    32 jump *label19 notEqual *tmp7 0
    33 jump *label14 always
    34 label *label19
-    * label *label20
    35 label *label18
    36 label *label16
-    * label *label13
    37 jump *label12 always
    38 label *label14
    39 set :first_unit @unit
 
    44 jump *label24 notEqual *tmp11 @this
    45 label *label26
    46 jump *label11 always
-    * jump *label25 always
    47 label *label24
    48 sensor *tmp14 :first_unit @dead
    49 jump *label28 strictEqual *tmp14 0
    50 jump *label23 always
    51 label *label28
-    * label *label29
    52 label *label25
-    * label *label22
    53 jump *label21 always
    54 label *label23
-    * label *label10
    55 jump *label9 always
    56 label *label11
    57 ucontrol flag 1
    58 ulocate building core false @copper *tmp18 *tmp19 *tmp20 :CORE
-    * label *label7
    59 jump *label6 equal :CORE null
-    * label *label8
-    * label *label30
    60 jump *label32 notEqual projector1 null
    61 label *label66
    62 print "Waiting for projector to be connected..."
    63 printflush message1
-    * label *label31
    64 jump *label66 equal projector1 null
    65 label *label32
    66 sensor :CORE_X :CORE @x
 
    70 sensor :UNIT_CAPACITY @unit @itemCapacity
    71 set :state 1
    72 set :MSG ""
-    * label *label33
    73 sensor *tmp28 switch1 @enabled
    74 jump *label35 strictEqual *tmp28 false
    75 label *label67
 
    96 jump *label40 always
    97 label *label44
    98 label *label42
-    * label *label39
    99 jump *label38 always
   100 label *label40
   101 set :state 1
   102 label *label36
-    * label *label37
   103 jump *label45 notEqual :state 1
   104 sensor *tmp43 @unit @firstItem
   105 jump *label47 notEqual *tmp43 @phase-fabric
 
   117 jump *label51 equal *tmp49 false
   118 ucontrol itemDrop :CORE :UNIT_CAPACITY
   119 label *label51
-    * label *label52
   120 label *label50
   121 label *label48
   122 label *label45
-    * label *label46
   123 jump *label53 notEqual :state 2
   124 ucontrol within :CORE_X :CORE_Y 8 *tmp53
   125 jump *label55 equal *tmp53 false
 
   138 set :MSG ")\nApproaching core"
   139 label *label56
   140 label *label53
-    * label *label54
   141 jump *label59 notEqual :state 3
   142 ucontrol within :PROJ_X :PROJ_Y 8 *tmp60
   143 jump *label61 equal *tmp60 false
 
   156 set :MSG ")\nApproaching projector"
   157 label *label62
   158 label *label59
-    * label *label60
   159 print "Supplying projector with phase fabric"
   160 print "\n"
   161 sensor *tmp65 projector1 @phase-fabric
 
   175 print " "
   176 print "ms"
   177 printflush message1
-    * label *label34
   178 sensor *tmp28 switch1 @enabled
   179 jump *label67 strictNotEqual *tmp28 false
   180 label *label35
-    * label *label0
   181 end

Modifications by Jumps phase, Jump Straightening, pass 3, iteration 1 (-3 instructions):
 
    25 jump *label16 always
    26 label *label15
    27 sensor *tmp4 @unit @controller
-    * jump *label17 notEqual *tmp4 @this
-    * jump *label11 always
+   28 jump *label11 equal *tmp4 @this
    29 label *label17
    30 sensor *tmp7 @unit @controlled
-    * jump *label19 notEqual *tmp7 0
-    * jump *label14 always
+   31 jump *label14 equal *tmp7 0
    32 label *label19
    33 label *label16
    34 jump *label12 always
 
    43 jump *label11 always
    44 label *label24
    45 sensor *tmp14 :first_unit @dead
-    * jump *label28 strictEqual *tmp14 0
-    * jump *label23 always
+   46 jump *label23 strictNotEqual *tmp14 0
    47 label *label28
    48 jump *label21 always
    49 label *label23

Modifications by Jumps phase, Jump Threading, pass 3, iteration 1:
+    0 label __start__
     1 set UNIT @flare
     2 jump *label3 equal switch1 false
     3 label *label65
 
    23 print " "
    24 print "found."
    25 printflush message1
-    * jump *label16 always
+   26 jump *label12 always
    27 label *label15
    28 sensor *tmp4 @unit @controller
    29 jump *label11 equal *tmp4 @this
 
    35 set :first_unit @unit
    36 label *label21
    37 ubind UNIT
-    * jump *label26 equal @unit :first_unit
+   38 jump *label11 equal @unit :first_unit
    39 sensor *tmp11 @unit @controller
    40 jump *label24 notEqual *tmp11 @this
    41 label *label26
    42 jump *label11 always
    43 label *label24
    44 sensor *tmp14 :first_unit @dead
-    * jump *label23 strictNotEqual *tmp14 0
+   45 jump *label9 strictNotEqual *tmp14 0
    46 jump *label21 always
    47 label *label23
    48 jump *label9 always
 
    64 set :state 1
    65 set :MSG ""
    66 sensor *tmp28 switch1 @enabled
-    * jump *label35 strictEqual *tmp28 false
+   67 jump __start__ strictEqual *tmp28 false
    68 label *label67
    69 set :start @time
    70 sensor *tmp30 @unit @dead
 
    77 jump *label41 notEqual @unit null
    78 print "No unit of type $UNIT found."
    79 printflush message1
-    * jump *label42 always
+   80 jump *label38 always
    81 label *label41
    82 sensor *tmp38 @unit @controlled
    83 jump *label43 equal *tmp38 0
    84 print "Looking for a free $UNIT..."
    85 printflush message1
-    * jump *label44 always
+   86 jump *label38 always
    87 label *label43
    88 ucontrol flag 1
    89 jump *label40 always
 
   121 jump *label57 lessThan *tmp55 :UNIT_CAPACITY
   122 ucontrol approach :PROJ_X :PROJ_Y 6
   123 set :state 3
-    * jump *label58 always
+  124 jump *label56 always
   125 label *label57
   126 set :MSG ")\nLoading phase fabric"
   127 label *label58
 
   139 jump *label63 greaterThan *tmp62 0
   140 ucontrol approach :CORE_X :CORE_Y 6
   141 set :state 2
-    * jump *label64 always
+  142 jump *label62 always
   143 label *label63
   144 set :MSG ")\nDropping phase fabric"
   145 label *label64

Modifications by Jumps phase, Single Step Elimination, pass 3, iteration 1 (-1 instructions):
 
   163 printflush message1
   164 sensor *tmp28 switch1 @enabled
   165 jump *label67 strictNotEqual *tmp28 false
-    * end

Modifications by Jumps phase, Unreachable Code Elimination, pass 4, iteration 1 (-2 instructions):
 
    42 sensor *tmp14 :first_unit @dead
    43 jump *label9 strictNotEqual *tmp14 0
    44 jump *label21 always
-    * jump *label9 always
    45 label *label11
    46 ucontrol flag 1
    47 ulocate building core false @copper *tmp18 *tmp19 *tmp20 :CORE
 
    83 label *label43
    84 ucontrol flag 1
    85 jump *label40 always
-    * jump *label38 always
    86 label *label40
    87 set :state 1
    88 label *label36

Modifications by Jumps phase, Jump Straightening, pass 4, iteration 1 (-2 instructions):
 
    28 sensor *tmp4 @unit @controller
    29 jump *label11 equal *tmp4 @this
    30 sensor *tmp7 @unit @controlled
-    * jump *label14 equal *tmp7 0
-    * jump *label12 always
+   31 jump *label12 notEqual *tmp7 0
    32 label *label14
    33 set :first_unit @unit
    34 label *label21
    35 ubind UNIT
    36 jump *label11 equal @unit :first_unit
    37 sensor *tmp11 @unit @controller
-    * jump *label24 notEqual *tmp11 @this
-    * jump *label11 always
+   38 jump *label11 equal *tmp11 @this
    39 label *label24
    40 sensor *tmp14 :first_unit @dead
    41 jump *label9 strictNotEqual *tmp14 0

Modifications by Jumps phase, Single Step Elimination, pass 4, iteration 1 (-1 instructions):
 
    78 jump *label38 always
    79 label *label43
    80 ucontrol flag 1
-    * jump *label40 always
    81 label *label40
    82 set :state 1
    83 label *label36

Modifications by Final phase, Temp Variables Elimination, iteration 1:
 
    40 jump *label21 always
    41 label *label11
    42 ucontrol flag 1
-    * ulocate building core false @copper *tmp18 *tmp19 *tmp20 :CORE
+   43 ulocate building core false @copper 0 0 0 :CORE
    44 jump *label6 equal :CORE null
    45 jump *label32 notEqual projector1 null
    46 label *label66

Modifications by Final phase, Print Merging, iteration 1 (-14 instructions):
 
     3 label *label65
     4 sensor *tmp0 switch1 @enabled
     5 jump *label3 notEqual *tmp0 false
-    * print "Supplying projector with phase fabric."
-    * print "\n"
-    * print "Activate switch to start."
-    * print "\n"
+    6 print "Supplying projector with phase fabric.\nActivate switch to start.\n"
     7 printflush message1
     8 jump *label65 notEqual switch1 false
     9 label *label3
 
    15 label *label12
    16 ubind UNIT
    17 jump *label15 notEqual @unit null
-    * print "No unit of type "
-    * print UNIT
-    * print " "
-    * print "found."
+   18 print "No unit of type {0} found."
+   19 format UNIT
    20 printflush message1
    21 jump *label12 always
    22 label *label15
 
   129 set :MSG ")\nApproaching projector"
   130 label *label62
   131 label *label59
-    * print "Supplying projector with phase fabric"
-    * print "\n"
+  132 print "Supplying projector with phase fabric\nPhase fabric level: {0} (+{0}{0}\nLoop time: {0} ms"
   133 sensor *tmp65 projector1 @phase-fabric
   134 sensor *tmp66 @unit @totalItems
-    * print "Phase fabric level: "
-    * print *tmp65
-    * print " "
-    * print "(+"
-    * print *tmp66
-    * print :MSG
-    * print "\"
-    * print "n"
+  135 format *tmp65
+  136 format *tmp66
+  137 format :MSG
   138 op sub *tmp67 @time :start
   139 op floor *tmp68 *tmp67
-    * print "Loop time: "
-    * print *tmp68
-    * print " "
-    * print "ms"
+  140 format *tmp68
   141 printflush message1
   142 sensor *tmp28 switch1 @enabled
   143 jump *label67 strictNotEqual *tmp28 false

Code size and number of instantiations by function:
  Size  Times  AvgSize  Function
   114     1x    114,0  <no function>

Runtime error at instruction #10: 'ubind UNIT':
Instruction 'ubind' not supported by Mindcode emulator.
Use the '#set err-unsupported-opcode = false;' directive to ignore this error.

Emulator output (7 steps, 0.07 sec):
Locating core...
