  1489 instructions before optimizations.
    36 instructions eliminated by Temp Variables Elimination (2 passes, 6 iterations).
   258 instructions eliminated by Dead Code Elimination (8 iterations).
     6 instructions eliminated by Jump Normalization (2 passes, 6 iterations).
   142 instructions eliminated by Condition Optimization (2 passes, 8 iterations).
   109 instructions eliminated by Single Step Elimination (3 passes, 9 iterations).
    20 instructions eliminated by Boolean Optimization (2 passes, 8 iterations).
       2 final jumps of a short-circuited expression optimized.
       6 fully-evaluated expressions optimized using selects.
     4 instructions eliminated by If Expression Optimization (3 iterations).
    83 instructions eliminated by Data Flow Optimization (6 passes, 21 iterations).
     2 instructions added by Loop Rotation (3 iterations).
       3 loop conditions were partially rotated.
   158 instructions added by Loop Unrolling (9 iterations).
     4 loops unrolled by Loop Unrolling.
    47 instructions eliminated by Jump Straightening (3 passes, 9 iterations).
    32 instructions updated by Jump Threading.
    19 instructions eliminated by Unreachable Code Elimination (2 passes, 3 iterations).
    75 instructions eliminated by Print Merging.
   850 instructions after optimizations.

Pass 1: speed optimization selection (cost limit 228):
    Full loop rotation at line 57:5                              size    +1, benefit       26.0, efficiency     26.000
    Full loop rotation at line 122:5                             size    +1, benefit       26.0, efficiency     26.000
    Unroll iteration loop at line 172:9                          size    +5, benefit      375.0, efficiency     75.000
    Unroll iteration loop at line 204:9                          size  +197, benefit      375.0, efficiency      1.904
    Unroll iteration loop at line 402:5                          size    -1, benefit        3.5, efficiency   Infinity
  * Unroll iteration loop at line 402:5                          size    -3, benefit       15.0, efficiency   Infinity (-3 instructions)

Pass 1: speed optimization selection (cost limit 231):
    Full loop rotation at line 57:5                              size    +1, benefit       26.0, efficiency     26.000
    Full loop rotation at line 122:5                             size    +1, benefit       26.0, efficiency     26.000
    Unroll iteration loop at line 172:9                          size    +5, benefit      375.0, efficiency     75.000
    Unroll iteration loop at line 204:9                          size  +197, benefit      375.0, efficiency      1.904
  * Unroll iteration loop at line 402:5                          size    -1, benefit        3.5, efficiency   Infinity (-3 instructions)

Pass 1: speed optimization selection (cost limit 234):
    Full loop rotation at line 57:5                              size    +1, benefit       26.0, efficiency     26.000
    Full loop rotation at line 122:5                             size    +1, benefit       26.0, efficiency     26.000
  * Unroll iteration loop at line 172:9                          size    +5, benefit      375.0, efficiency     75.000 (+3 instructions)
    Unroll iteration loop at line 204:9                          size  +197, benefit      375.0, efficiency      1.904

Pass 1: speed optimization selection (cost limit 231):
  * Full loop rotation at line 57:5                              size    +1, benefit       26.0, efficiency     26.000 (+1 instructions)
    Full loop rotation at line 122:5                             size    +1, benefit       26.0, efficiency     26.000
    Unroll iteration loop at line 204:9                          size  +197, benefit      375.0, efficiency      1.904

Pass 1: speed optimization selection (cost limit 230):
  * Full loop rotation at line 122:5                             size    +1, benefit       26.0, efficiency     26.000 (+1 instructions)
    Unroll iteration loop at line 204:9                          size  +197, benefit      375.0, efficiency      1.904

Pass 1: speed optimization selection (cost limit 229):
  * Unroll iteration loop at line 204:9                          size  +197, benefit      375.0, efficiency      1.904 (+147 instructions)

Code size and number of instantiations by function:
  Size  Times  AvgSize  Function
   288     4x     72,0  inline void processUnit(in out unit, in item, in group, in supply)
   172     6x     28,7  inline def areUnitsAvailable(in type, in output)
   128     8x     16,0  inline def rebindUnit(in currentUnit)
    95     1x     95,0  <no function>
    38     7x      5,4  inline def needsFourUnits(in unit)
    27     1x     27,0  inline def chooseUnitType()
    23     1x     23,0  inline void locateDomeAndCore()
    22     1x     22,0  inline def rebindUnits()
    18     1x     18,0  inline void free(in units...)
    15     2x      7,5  inline void printDomeStatus(in item, in text)
     9     1x      9,0  noinline def locateCore(in type)
     8     4x      2,0  inline def acquireUnit(in currentUnit)
     7     3x      2,3  inline void swap(a, b)
