    43 instructions before optimizations.
     5 instructions eliminated by Temp Variables Elimination (5 iterations).
     6 instructions eliminated by Dead Code Elimination (6 iterations).
     1 instructions eliminated by Jump Normalization (4 iterations).
     3 instructions eliminated by Condition Optimization (5 iterations).
     1 instructions eliminated by Single Step Elimination (5 iterations).
     1 instructions added by Loop Rotation (2 iterations).
       1 loop conditions were partially rotated.
     1 instructions eliminated by Unreachable Code Elimination (2 iterations).
     2 instructions eliminated by Print Merging.
    25 instructions after optimizations.

Pass 1: speed optimization selection (cost limit 973):
  * Full loop rotation at line 25:9                              size    +1, benefit      650.0, efficiency    650.000 (+1 instructions)

Modifications by Initial phase, Dead Code Elimination, iteration 1 (-3 instructions):
 
    15 jump *label6 equal *tmp5 false
    16 set *tmp8 .slot
    17 write .ID cell1 *tmp8
-    * set *tmp7 .ID
    18 jump *label7 always
    19 label *label6
    20 set *tmp10 .slot
 
    28 label *label8
    29 set *tmp14 null
    30 label *label9
-    * set *tmp7 *tmp14
    31 label *label7
    32 lookup item *tmp17 .slot
    33 control config sorter1 *tmp17
 
    36 read *tmp21 cell1 *tmp18
    37 op greaterThan *tmp20 *tmp21 0
    38 jump *label12 equal *tmp20 false
-    * set *tmp22 :count
    39 op add :count :count 1
    40 label *label11
    41 jump *label10 always

Modifications by Initial phase, Dead Code Elimination, iteration 2 (-2 instructions):
 
    23 jump *label8 equal *tmp12 false
    24 set *tmp15 .slot
    25 op add .slot .slot 1
-    * set *tmp14 *tmp15
    26 jump *label9 always
    27 label *label8
-    * set *tmp14 null
    28 label *label9
    29 label *label7
    30 lookup item *tmp17 .slot

Modifications by Initial phase, Dead Code Elimination, iteration 3 (-1 instructions):
 
    21 read *tmp13 cell1 *tmp10
    22 op notEqual *tmp12 *tmp13 .ID
    23 jump *label8 equal *tmp12 false
-    * set *tmp15 .slot
    24 op add .slot .slot 1
    25 jump *label9 always
    26 label *label8

Modifications by Initial phase, Temp Variables Elimination, iteration 1 (-5 instructions):
     0 op mul *tmp0 @mapw @thisy
     1 op add *tmp1 @thisx *tmp0
-    * op add *tmp2 *tmp1 1
-    * set .ID *tmp2
+    2 op add .ID *tmp1 1
     3 set .slot 0
     4 label *label0
     5 jump *label0 equal cell1 null
 
     8 set :count 0
     9 label *label3
    10 jump *label5 equal true false
-    * set *tmp3 .slot
-    * read *tmp6 cell1 *tmp3
+   11 read *tmp6 cell1 .slot
    12 op equal *tmp5 *tmp6 0
    13 jump *label6 equal *tmp5 false
-    * set *tmp8 .slot
-    * write .ID cell1 *tmp8
+   14 write .ID cell1 .slot
    15 jump *label7 always
    16 label *label6
-    * set *tmp10 .slot
-    * read *tmp13 cell1 *tmp10
+   17 read *tmp13 cell1 .slot
    18 op notEqual *tmp12 *tmp13 .ID
    19 jump *label8 equal *tmp12 false
    20 op add .slot .slot 1
 
    25 lookup item *tmp17 .slot
    26 control config sorter1 *tmp17
    27 label *label10
-    * set *tmp18 :count
-    * read *tmp21 cell1 *tmp18
+   28 read *tmp21 cell1 :count
    29 op greaterThan *tmp20 *tmp21 0
    30 jump *label12 equal *tmp20 false
    31 op add :count :count 1

Modifications by Iterated phase, Jump Normalization, pass 1, iteration 1 (-1 instructions):
 
     7 jump *label1 equal sorter1 null
     8 set :count 0
     9 label *label3
-    * jump *label5 equal true false
    10 read *tmp6 cell1 .slot
    11 op equal *tmp5 *tmp6 0
    12 jump *label6 equal *tmp5 false

Modifications by Iterated phase, Condition Optimization, pass 1, iteration 1 (-3 instructions):
 
     8 set :count 0
     9 label *label3
    10 read *tmp6 cell1 .slot
-    * op equal *tmp5 *tmp6 0
-    * jump *label6 equal *tmp5 false
+   11 jump *label6 notEqual *tmp6 0
    12 write .ID cell1 .slot
    13 jump *label7 always
    14 label *label6
    15 read *tmp13 cell1 .slot
-    * op notEqual *tmp12 *tmp13 .ID
-    * jump *label8 equal *tmp12 false
+   16 jump *label8 equal *tmp13 .ID
    17 op add .slot .slot 1
    18 jump *label9 always
    19 label *label8
 
    23 control config sorter1 *tmp17
    24 label *label10
    25 read *tmp21 cell1 :count
-    * op greaterThan *tmp20 *tmp21 0
-    * jump *label12 equal *tmp20 false
+   26 jump *label12 lessThanEq *tmp21 0
    27 op add :count :count 1
    28 label *label11
    29 jump *label10 always

Modifications by Iterated phase, Single Step Elimination, pass 1, iteration 1 (-1 instructions):
 
    15 read *tmp13 cell1 .slot
    16 jump *label8 equal *tmp13 .ID
    17 op add .slot .slot 1
-    * jump *label9 always
    18 label *label8
    19 label *label9
    20 label *label7

Modifications by Full loop rotation at line 25:9 (+1 instructions):
 
    23 label *label10
    24 read *tmp21 cell1 :count
    25 jump *label12 lessThanEq *tmp21 0
+   26 label *label13
    27 op add :count :count 1
    28 label *label11
-    * jump *label10 always
+   29 read *tmp21 cell1 :count
+   30 jump *label13 greaterThan *tmp21 0
    31 label *label12
    32 print "Found "
    33 print :count

Modifications by Jumps phase, Unreachable Code Elimination, pass 3, iteration 1 (-1 instructions):
 
    16 jump *label8 equal *tmp13 .ID
    17 op add .slot .slot 1
    18 label *label8
-    * label *label9
    19 label *label7
    20 lookup item *tmp17 .slot
    21 control config sorter1 *tmp17
-    * label *label10
    22 read *tmp21 cell1 :count
    23 jump *label12 lessThanEq *tmp21 0
    24 label *label13
    25 op add :count :count 1
-    * label *label11
    26 read *tmp21 cell1 :count
    27 jump *label13 greaterThan *tmp21 0
    28 label *label12
 
    31 print " "
    32 print "active processors."
    33 printflush message1
-    * label *label4
    34 jump *label3 always
-    * label *label5
-    * label *label2
-    * end

Modifications by Final phase, Print Merging, iteration 1 (-2 instructions):
 
    26 read *tmp21 cell1 :count
    27 jump *label13 greaterThan *tmp21 0
    28 label *label12
-    * print "Found "
-    * print :count
-    * print " "
-    * print "active processors."
+   29 print "Found {0} active processors."
+   30 format :count
    31 printflush message1
    32 jump *label3 always

Code size and number of instantiations by function:
  Size  Times  AvgSize  Function
    26     1x     26,0  <no function>

Runtime error at instruction #5: 'jump 5 equal sorter1 null':
Execution step limit of 100,000 exceeded.

Emulator output (100,000 steps, 1,666.68 sec):
The program didn't generate any output.
