    32 instructions before optimizations.
     3 instructions eliminated by Dead Code Elimination (5 iterations).
     1 instructions eliminated by Jump Normalization (4 iterations).
     1 instructions eliminated by Single Step Elimination (5 iterations).
     1 instructions updated by Jump Threading.
     1 instructions eliminated by Unreachable Code Elimination (2 iterations).
    26 instructions after optimizations.

Modifications by Initial phase, Dead Code Elimination, iteration 1 (-2 instructions):
 
    31 read *tmp11 processor3 ":clearArea2*finished"
    32 jump *label17 equal *tmp11 false
    33 read *tmp13 processor3 ":clearArea2*retval"
-    * set *tmp5 *tmp13
    34 jump *label14 always
    35 label *label13
-    * set *tmp5 null
    36 label *label14
    37 label *label11
    38 jump *label10 always

Modifications by Initial phase, Dead Code Elimination, iteration 2 (-1 instructions):
 
    30 wait 0
    31 read *tmp11 processor3 ":clearArea2*finished"
    32 jump *label17 equal *tmp11 false
-    * read *tmp13 processor3 ":clearArea2*retval"
    33 jump *label14 always
    34 label *label13
    35 label *label14

Modifications by Iterated phase, Jump Normalization, pass 1, iteration 1 (-1 instructions):
 
     8 jump *label8 notEqual *tmp2 "8bd370a6df37009f:v1"
     9 control enabled switch1 false
    10 label *label10
-    * jump *label12 equal true false
    11 sensor *tmp4 switch1 @enabled
    12 jump *label13 equal *tmp4 false
    13 control enabled switch1 false

Modifications by Iterated phase, Single Step Elimination, pass 1, iteration 1 (-1 instructions):
 
    29 wait 0
    30 read *tmp11 processor3 ":clearArea2*finished"
    31 jump *label17 equal *tmp11 false
-    * jump *label14 always
    32 label *label13
    33 label *label14
    34 label *label11

Modifications by Jumps phase, Unreachable Code Elimination, pass 3, iteration 1 (-1 instructions):
 
    30 read *tmp11 processor3 ":clearArea2*finished"
    31 jump *label17 equal *tmp11 false
    32 label *label13
-    * label *label14
-    * label *label11
    33 jump *label10 always
-    * label *label12
-    * label *label9
-    * end

Modifications by Jumps phase, Jump Threading, pass 3, iteration 1:
 
     9 control enabled switch1 false
    10 label *label10
    11 sensor *tmp4 switch1 @enabled
-    * jump *label13 equal *tmp4 false
+   12 jump *label10 equal *tmp4 false
    13 control enabled switch1 false
    14 write false processor1 ":clearArea0*finished"
    15 write 1 processor1 "@counter"

Code size and number of instantiations by function:
  Size  Times  AvgSize  Function
    27     1x     27,0  <no function>

Runtime error at instruction #0: 'read *tmp0 processor1 "*signature"':
Variable is not an object: processor1 = null
Use the '#set err-not-an-object = false;' directive to ignore this error.

Emulator output (2 steps, 0.03 sec):
The program didn't generate any output.
