    38 instructions before optimizations.
     3 instructions eliminated by Dead Code Elimination (5 iterations).
     1 instructions eliminated by Jump Normalization (4 iterations).
     1 instructions eliminated by Single Step Elimination (5 iterations).
     1 instructions updated by Jump Threading.
     1 instructions eliminated by Unreachable Code Elimination (2 iterations).
    32 instructions after optimizations.

Code size and number of instantiations by function:
  Size  Times  AvgSize  Function
    33     1x     33,0  <no function>

    28 instructions before optimizations.
     1 instructions eliminated by Temp Variables Elimination (7 iterations).
     2 instructions eliminated by Dead Code Elimination (4 iterations).
     1 instructions eliminated by Jump Normalization (6 iterations).
     1 instructions eliminated by Condition Optimization (7 iterations).
     1 instructions eliminated by Single Step Elimination (7 iterations).
   152 instructions eliminated by Data Flow Optimization (3 passes, 10 iterations).
       2 loop conditions were partially rotated.
   744 instructions added by Loop Unrolling (5 iterations).
     1 loops unrolled by Loop Unrolling.
     2 instructions eliminated by Unreachable Code Elimination (2 iterations).
   612 instructions after optimizations.

Pass 3: speed optimization selection (cost limit 979):
  * Unroll loop at line 13:9                                     size  +593, benefit   187500.0, efficiency    316.189 (+593 instructions)

Code size and number of instantiations by function:
  Size  Times  AvgSize  Function
   607     1x    607,0  export void clearArea(in minX, in maxX)
     6     1x      6,0  <no function>

