   359 instructions before optimizations.
    21 instructions eliminated by Temp Variables Elimination (2 passes, 7 iterations).
     1 instructions eliminated by Case Expression Optimization.
    47 instructions eliminated by Dead Code Elimination (5 iterations).
     1 instructions eliminated by Jump Normalization (5 iterations).
    20 instructions eliminated by Condition Optimization (2 passes, 7 iterations).
    25 instructions eliminated by Single Step Elimination (3 passes, 8 iterations).
     1 instructions eliminated by Expression Optimization (3 iterations).
    11 instructions eliminated by Boolean Optimization (6 iterations).
       2 final jumps of a short-circuited expression optimized.
       3 fully-evaluated expressions optimized using selects.
     4 instructions modified by If Expression Optimization (3 iterations).
    11 instructions eliminated by Data Flow Optimization (2 passes, 9 iterations).
     1 instructions added by Loop Rotation (3 iterations).
       3 loop conditions were partially rotated.
    14 instructions eliminated by Case Switching (5 iterations).
     1 case expressions converted to fast dispatch by Case Switching.
     7 instructions eliminated by Jump Straightening (6 iterations).
     2 instructions updated by Jump Threading.
    39 instructions eliminated by Print Merging.
   162 instructions after optimizations.

Pass 1: speed optimization selection (cost limit 778):
  * Full loop rotation at line 36:5                              size    +1, benefit       26.0, efficiency     26.000 (+1 instructions)
  o Fast-dispatch case at line 97:13                             size   -16, benefit     4687.5, efficiency   Infinity

Pass 1: speed optimization selection (cost limit 777):
  * Fast-dispatch case at line 97:13                             size   -16, benefit     4687.5, efficiency   Infinity (-14 instructions)

Code size and number of instantiations by function:
  Size  Times  AvgSize  Function
    70     1x     70,0  inline void initialize()
    67     1x     67,0  <no function>
    14     3x      4,7  inline void setState(in newState)
    12     3x      4,0  inline void validate(in condition, in text)
