   359 instructions before optimizations.
    21 instructions eliminated by Temp Variables Elimination (2 passes, 7 iterations).
     1 instructions eliminated by Case Expression Optimization.
    47 instructions eliminated by Dead Code Elimination (5 iterations).
     1 instructions eliminated by Jump Normalization (5 iterations).
    20 instructions eliminated by Condition Optimization (2 passes, 7 iterations).
    25 instructions eliminated by Single Step Elimination (3 passes, 8 iterations).
     1 instructions eliminated by Expression Optimization (3 iterations).
    11 instructions eliminated by Boolean Optimization (6 iterations).
       2 final jumps of a short-circuited expression optimized.
       3 fully-evaluated expressions optimized using selects.
     4 instructions modified by If Expression Optimization (3 iterations).
    11 instructions eliminated by Data Flow Optimization (2 passes, 9 iterations).
     1 instructions added by Loop Rotation (3 iterations).
       3 loop conditions were partially rotated.
    14 instructions eliminated by Case Switching (5 iterations).
     1 case expressions converted to fast dispatch by Case Switching.
     7 instructions eliminated by Jump Straightening (6 iterations).
     2 instructions updated by Jump Threading.
    39 instructions eliminated by Print Merging.
   162 instructions after optimizations.

Pass 1: speed optimization selection (cost limit 778):
  * Full loop rotation at line 36:5                              size    +1, benefit       26.0, efficiency     26.000 (+1 instructions)
  o Fast-dispatch case at line 97:13                             size   -16, benefit     4687.5, efficiency   Infinity

Pass 1: speed optimization selection (cost limit 777):
  * Fast-dispatch case at line 97:13                             size   -16, benefit     4687.5, efficiency   Infinity (-14 instructions)

Modifications by Initial phase, Case Expression Optimization, iteration 1 (-1 instructions):
 
    15 print :initialize:block
    16 print "\n"
    17 sensor *tmp3 :initialize:block @type
-    * set *tmp4 *tmp3
-    * jump *label10 equal *tmp4 @message
+   18 jump *label10 equal *tmp3 @message
    19 jump *label9 always
    20 label *label10
    21 set .message :initialize:block
    22 set *tmp2 .message
    23 jump *label8 always
    24 label *label9
-    * jump *label12 equal *tmp4 @switch
+   25 jump *label12 equal *tmp3 @switch
    26 jump *label11 always
    27 label *label12
    28 set .switch :initialize:block
    29 set *tmp2 .switch
    30 jump *label8 always
    31 label *label11
-    * jump *label14 equal *tmp4 @sorter
-    * jump *label14 equal *tmp4 @inverted-sorter
-    * jump *label14 equal *tmp4 @unloader
+   32 jump *label14 equal *tmp3 @sorter
+   33 jump *label14 equal *tmp3 @inverted-sorter
+   34 jump *label14 equal *tmp3 @unloader
    35 jump *label13 always
    36 label *label14
    37 set .sorter :initialize:block
    38 set *tmp2 .sorter
    39 jump *label8 always
    40 label *label13
-    * jump *label16 equal *tmp4 @vault
-    * jump *label16 equal *tmp4 @container
-    * jump *label16 equal *tmp4 @core-shard
-    * jump *label16 equal *tmp4 @core-foundation
-    * jump *label16 equal *tmp4 @core-nucleus
+   41 jump *label16 equal *tmp3 @vault
+   42 jump *label16 equal *tmp3 @container
+   43 jump *label16 equal *tmp3 @core-shard
+   44 jump *label16 equal *tmp3 @core-foundation
+   45 jump *label16 equal *tmp3 @core-nucleus
    46 jump *label15 always
    47 label *label16
    48 set .container :initialize:block
 
    53 set *tmp2 .first
    54 jump *label8 always
    55 label *label15
-    * jump *label18 equal *tmp4 @liquid-tank
-    * jump *label18 equal *tmp4 @liquid-container
-    * jump *label18 equal *tmp4 @liquid-router
+   56 jump *label18 equal *tmp3 @liquid-tank
+   57 jump *label18 equal *tmp3 @liquid-container
+   58 jump *label18 equal *tmp3 @liquid-router
    59 jump *label17 always
    60 label *label18
    61 set .container :initialize:block
 
    66 set *tmp2 .first
    67 jump *label8 always
    68 label *label17
-    * jump *label20 equal *tmp4 @battery
-    * jump *label20 equal *tmp4 @battery-large
+   69 jump *label20 equal *tmp3 @battery
+   70 jump *label20 equal *tmp3 @battery-large
    71 jump *label19 always
    72 label *label20
    73 set .container :initialize:block
 
    78 set *tmp2 .first
    79 jump *label8 always
    80 label *label19
-    * jump *label22 equal *tmp4 @power-node
-    * jump *label22 equal *tmp4 @power-node-large
-    * jump *label22 equal *tmp4 @surge-tower
+   81 jump *label22 equal *tmp3 @power-node
+   82 jump *label22 equal *tmp3 @power-node-large
+   83 jump *label22 equal *tmp3 @surge-tower
    84 jump *label21 always
    85 label *label22
    86 set .container :initialize:block

Modifications by Initial phase, Dead Code Elimination, iteration 1 (-45 instructions):
 
    19 jump *label9 always
    20 label *label10
    21 set .message :initialize:block
-    * set *tmp2 .message
    22 jump *label8 always
    23 label *label9
    24 jump *label12 equal *tmp3 @switch
    25 jump *label11 always
    26 label *label12
    27 set .switch :initialize:block
-    * set *tmp2 .switch
    28 jump *label8 always
    29 label *label11
    30 jump *label14 equal *tmp3 @sorter
 
    33 jump *label13 always
    34 label *label14
    35 set .sorter :initialize:block
-    * set *tmp2 .sorter
    36 jump *label8 always
    37 label *label13
    38 jump *label16 equal *tmp3 @vault
 
    47 set .maximum @itemCapacity
    48 op add *tmp5 :initialize:n 1
    49 set .first *tmp5
-    * set *tmp2 .first
    50 jump *label8 always
    51 label *label15
    52 jump *label18 equal *tmp3 @liquid-tank
 
    59 set .maximum @liquidCapacity
    60 op add *tmp6 :initialize:n 1
    61 set .first *tmp6
-    * set *tmp2 .first
    62 jump *label8 always
    63 label *label17
    64 jump *label20 equal *tmp3 @battery
 
    70 set .maximum @powerCapacity
    71 op add *tmp7 :initialize:n 1
    72 set .first *tmp7
-    * set *tmp2 .first
    73 jump *label8 always
    74 label *label19
    75 jump *label22 equal *tmp3 @power-node
 
    82 set .maximum @powerNetCapacity
    83 op add *tmp8 :initialize:n 1
    84 set .first *tmp8
-    * set *tmp2 .first
    85 jump *label8 always
    86 label *label21
-    * set *tmp2 null
    87 label *label8
    88 label *label6
    89 op sub :initialize:n :initialize:n 1
 
   109 print "No message."
   110 print "\n"
   111 set :initialize:repeat true
-    * set *tmp10 :initialize:repeat
   112 jump *label24 always
   113 label *label23
-    * set *tmp10 null
   114 label *label24
   115 op equal *tmp11 .switch null
   116 jump *label25 equal *tmp11 false
   117 print "No switch."
   118 print "\n"
   119 set :initialize:repeat true
-    * set *tmp12 :initialize:repeat
   120 jump *label26 always
   121 label *label25
-    * set *tmp12 null
   122 label *label26
   123 op equal *tmp13 .container null
   124 jump *label27 equal *tmp13 false
   125 print "No container."
   126 print "\n"
   127 set :initialize:repeat true
-    * set *tmp14 :initialize:repeat
   128 jump *label28 always
   129 label *label27
-    * set *tmp14 null
   130 label *label28
   131 printflush .message
   132 label *label3
 
   157 print :validate:text
   158 printflush .message
   159 stop
-    * set *tmp21 null
   160 jump *label36 always
   161 label *label35
-    * set *tmp21 null
   162 label *label36
   163 label *label34
   164 op greaterThanEq *tmp22 PCT_HIGH 0
 
   185 print :validate.1:text
   186 printflush .message
   187 stop
-    * set *tmp28 null
   188 jump *label44 always
   189 label *label43
-    * set *tmp28 null
   190 label *label44
   191 label *label42
   192 op lessThan *tmp29 PCT_LOW PCT_HIGH
 
   197 print :validate.2:text
   198 printflush .message
   199 stop
-    * set *tmp31 null
   200 jump *label47 always
   201 label *label46
-    * set *tmp31 null
   202 label *label47
   203 label *label45
   204 sensor *tmp32 .sorter @type
 
   208 op notEqual *tmp34 .state :setState:newState
   209 jump *label49 equal *tmp34 false
   210 set .state :setState:newState
-    * set *tmp36 .cycles
   211 op add .cycles .cycles 1
   212 op xor *tmp37 .inverted .state
   213 set .active *tmp37
 
   218 set *tmp38 "\nCurrently inactive:[salmon]"
   219 label *label52
   220 set .activeText *tmp38
-    * set *tmp35 .activeText
   221 jump *label50 always
   222 label *label49
-    * set *tmp35 null
   223 label *label50
   224 label *label48
   225 label *label1
 
   233 sensor *tmp43 .container @dead
   234 jump *label56 equal *tmp43 false
   235 end
-    * set *tmp44 null
   236 jump *label57 always
   237 label *label56
-    * set *tmp44 null
   238 label *label57
   239 sensor *tmp45 .message @dead
   240 jump *label58 equal *tmp45 false
   241 end
-    * set *tmp46 null
   242 jump *label59 always
   243 label *label58
-    * set *tmp46 null
   244 label *label59
   245 sensor *tmp47 .switch @dead
   246 jump *label60 equal *tmp47 false
   247 end
-    * set *tmp48 null
   248 jump *label61 always
   249 label *label60
-    * set *tmp48 null
   250 label *label61
   251 jump *label62 equal .sorter false
   252 label *label65
 
   255 jump *label64 always
   256 label *label64
   257 end
-    * set *tmp50 null
   258 jump *label63 always
   259 label *label62
-    * set *tmp50 null
   260 label *label63
   261 op notEqual *tmp51 .links @links
   262 jump *label66 equal *tmp51 false
   263 end
-    * set *tmp52 null
   264 jump *label67 always
   265 label *label66
-    * set *tmp52 null
   266 label *label67
   267 sensor *tmp53 .sorter @config
   268 set :item *tmp53
 
   275 print .container
   276 sensor *tmp58 .container .measure
   277 set :amount *tmp58
-    * set *tmp57 :amount
   278 jump *label69 always
   279 label *label68
   280 print "Measuring [gold]"
 
   284 print .container
   285 sensor *tmp59 .container :item
   286 set :amount *tmp59
-    * set *tmp57 :amount
   287 label *label69
   288 op mul *tmp60 100 :amount
   289 sensor *tmp61 .container .maximum
 
   295 op notEqual *tmp65 .state :setState.1:newState
   296 jump *label73 equal *tmp65 false
   297 set .state :setState.1:newState
-    * set *tmp67 .cycles
   298 op add .cycles .cycles 1
   299 op xor *tmp68 .inverted .state
   300 set .active *tmp68
 
   305 set *tmp69 "\nCurrently inactive:[salmon]"
   306 label *label76
   307 set .activeText *tmp69
-    * set *tmp66 .activeText
   308 jump *label74 always
   309 label *label73
-    * set *tmp66 null
   310 label *label74
   311 label *label72
-    * set *tmp64 null
   312 jump *label71 always
   313 label *label70
   314 op greaterThanEq *tmp70 :pct PCT_HIGH
 
   317 op notEqual *tmp72 .state :setState.2:newState
   318 jump *label80 equal *tmp72 false
   319 set .state :setState.2:newState
-    * set *tmp74 .cycles
   320 op add .cycles .cycles 1
   321 op xor *tmp75 .inverted .state
   322 set .active *tmp75
 
   327 set *tmp76 "\nCurrently inactive:[salmon]"
   328 label *label83
   329 set .activeText *tmp76
-    * set *tmp73 .activeText
   330 jump *label81 always
   331 label *label80
-    * set *tmp73 null
   332 label *label81
   333 label *label79
   334 set *tmp71 null
 
   336 label *label77
   337 set *tmp71 null
   338 label *label78
-    * set *tmp64 *tmp71
   339 label *label71
   340 print "\n"
   341 print "Level: [gold]"
 
   353 print PCT_LOW
   354 print "%"
   355 print "[]"
-    * set *tmp77 null
   356 jump *label85 always
   357 label *label84
   358 print "\n"
 
   365 print PCT_HIGH
   366 print "%"
   367 print "[]"
-    * set *tmp77 null
   368 label *label85
   369 print .activeText
   370 set *tmp78 .links

Modifications by Initial phase, Dead Code Elimination, iteration 2 (-2 instructions):
 
   331 label *label80
   332 label *label81
   333 label *label79
-    * set *tmp71 null
   334 jump *label78 always
   335 label *label77
-    * set *tmp71 null
   336 label *label78
   337 label *label71
   338 print "\n"

Modifications by Initial phase, Temp Variables Elimination, iteration 1 (-18 instructions):
 
     4 set :initialize:repeat false
     5 print "Configuring regulator..."
     6 print "\n"
-    * set *tmp0 @links
-    * set .links *tmp0
+    7 set .links @links
     8 op sub :initialize:n .links 1
     9 label *label5
    10 jump *label7 lessThan :initialize:n 0
-    * getlink *tmp1 :initialize:n
-    * set :initialize:block *tmp1
+   11 getlink :initialize:block :initialize:n
    12 print "Found: "
    13 print :initialize:block
    14 print "\n"
 
    43 set .container :initialize:block
    44 set .measure @totalItems
    45 set .maximum @itemCapacity
-    * op add *tmp5 :initialize:n 1
-    * set .first *tmp5
+   46 op add .first :initialize:n 1
    47 jump *label8 always
    48 label *label15
    49 jump *label18 equal *tmp3 @liquid-tank
 
    54 set .container :initialize:block
    55 set .measure @totalLiquids
    56 set .maximum @liquidCapacity
-    * op add *tmp6 :initialize:n 1
-    * set .first *tmp6
+   57 op add .first :initialize:n 1
    58 jump *label8 always
    59 label *label17
    60 jump *label20 equal *tmp3 @battery
 
    64 set .container :initialize:block
    65 set .measure @totalPower
    66 set .maximum @powerCapacity
-    * op add *tmp7 :initialize:n 1
-    * set .first *tmp7
+   67 op add .first :initialize:n 1
    68 jump *label8 always
    69 label *label19
    70 jump *label22 equal *tmp3 @power-node
 
    75 set .container :initialize:block
    76 set .measure @powerNetStored
    77 set .maximum @powerNetCapacity
-    * op add *tmp8 :initialize:n 1
-    * set .first *tmp8
+   78 op add .first :initialize:n 1
    79 jump *label8 always
    80 label *label21
    81 label *label8
 
   183 label *label43
   184 label *label44
   185 label *label42
-    * op lessThan *tmp29 PCT_LOW PCT_HIGH
-    * set :validate.2:condition *tmp29
+  186 op lessThan :validate.2:condition PCT_LOW PCT_HIGH
   187 set :validate.2:text "PCT_LOW must be less than PCT_HIGH."
   188 op equal *tmp30 :validate.2:condition false
   189 jump *label46 equal *tmp30 false
 
   195 label *label47
   196 label *label45
   197 sensor *tmp32 .sorter @type
-    * op equal *tmp33 *tmp32 @inverted-sorter
-    * set .inverted *tmp33
+  198 op equal .inverted *tmp32 @inverted-sorter
   199 set :setState:newState true
   200 op notEqual *tmp34 .state :setState:newState
   201 jump *label49 equal *tmp34 false
   202 set .state :setState:newState
   203 op add .cycles .cycles 1
-    * op xor *tmp37 .inverted .state
-    * set .active *tmp37
+  204 op xor .active .inverted .state
   205 jump *label51 equal .active false
   206 set *tmp38 "\nCurrently active:[green]"
   207 jump *label52 always
 
   214 label *label50
   215 label *label48
   216 label *label1
-    * set *tmp39 .switch
-    * control enabled *tmp39 0
+  217 control enabled .switch 0
   218 label *label53
   219 sensor *tmp41 .switch @enabled
   220 op equal *tmp42 *tmp41 0
 
   254 jump *label67 always
   255 label *label66
   256 label *label67
-    * sensor *tmp53 .sorter @config
-    * set :item *tmp53
+  257 sensor :item .sorter @config
   258 op equal *tmp54 :item null
   259 op notEqual *tmp55 .measure @totalItems
   260 op lor *tmp56 *tmp54 *tmp55
 
   262 set :item .measure
   263 print "Measuring [gold]total[] in "
   264 print .container
-    * sensor *tmp58 .container .measure
-    * set :amount *tmp58
+  265 sensor :amount .container .measure
   266 jump *label69 always
   267 label *label68
   268 print "Measuring [gold]"
 
   270 print "["
   271 print "] in "
   272 print .container
-    * sensor *tmp59 .container :item
-    * set :amount *tmp59
+  273 sensor :amount .container :item
   274 label *label69
   275 op mul *tmp60 100 :amount
   276 sensor *tmp61 .container .maximum
-    * op idiv *tmp62 *tmp60 *tmp61
-    * set :pct *tmp62
+  277 op idiv :pct *tmp60 *tmp61
   278 op lessThanEq *tmp63 :pct PCT_LOW
   279 jump *label70 equal *tmp63 false
   280 set :setState.1:newState true
 
   282 jump *label73 equal *tmp65 false
   283 set .state :setState.1:newState
   284 op add .cycles .cycles 1
-    * op xor *tmp68 .inverted .state
-    * set .active *tmp68
+  285 op xor .active .inverted .state
   286 jump *label75 equal .active false
   287 set *tmp69 "\nCurrently active:[green]"
   288 jump *label76 always
 
   303 jump *label80 equal *tmp72 false
   304 set .state :setState.2:newState
   305 op add .cycles .cycles 1
-    * op xor *tmp75 .inverted .state
-    * set .active *tmp75
+  306 op xor .active .inverted .state
   307 jump *label82 equal .active false
   308 set *tmp76 "\nCurrently active:[green]"
   309 jump *label83 always
 
   353 set :n .first
   354 label *label86
   355 jump *label88 greaterThanEq :n *tmp78
-    * getlink *tmp79 :n
-    * set :block *tmp79
-    * set *tmp80 :block
-    * control enabled *tmp80 .active
+  356 getlink :block :n
+  357 control enabled :block .active
   358 print "\n    "
   359 print :block
   360 label *label87

Modifications by Iterated phase, Jump Straightening, pass 1, iteration 1 (-7 instructions):
 
    13 print :initialize:block
    14 print "\n"
    15 sensor *tmp3 :initialize:block @type
-    * jump *label10 equal *tmp3 @message
-    * jump *label9 always
+   16 jump *label9 notEqual *tmp3 @message
    17 label *label10
    18 set .message :initialize:block
    19 jump *label8 always
    20 label *label9
-    * jump *label12 equal *tmp3 @switch
-    * jump *label11 always
+   21 jump *label11 notEqual *tmp3 @switch
    22 label *label12
    23 set .switch :initialize:block
    24 jump *label8 always
    25 label *label11
    26 jump *label14 equal *tmp3 @sorter
    27 jump *label14 equal *tmp3 @inverted-sorter
-    * jump *label14 equal *tmp3 @unloader
-    * jump *label13 always
+   28 jump *label13 notEqual *tmp3 @unloader
    29 label *label14
    30 set .sorter :initialize:block
    31 jump *label8 always
 
    34 jump *label16 equal *tmp3 @container
    35 jump *label16 equal *tmp3 @core-shard
    36 jump *label16 equal *tmp3 @core-foundation
-    * jump *label16 equal *tmp3 @core-nucleus
-    * jump *label15 always
+   37 jump *label15 notEqual *tmp3 @core-nucleus
    38 label *label16
    39 set .container :initialize:block
    40 set .measure @totalItems
 
    44 label *label15
    45 jump *label18 equal *tmp3 @liquid-tank
    46 jump *label18 equal *tmp3 @liquid-container
-    * jump *label18 equal *tmp3 @liquid-router
-    * jump *label17 always
+   47 jump *label17 notEqual *tmp3 @liquid-router
    48 label *label18
    49 set .container :initialize:block
    50 set .measure @totalLiquids
 
    53 jump *label8 always
    54 label *label17
    55 jump *label20 equal *tmp3 @battery
-    * jump *label20 equal *tmp3 @battery-large
-    * jump *label19 always
+   56 jump *label19 notEqual *tmp3 @battery-large
    57 label *label20
    58 set .container :initialize:block
    59 set .measure @totalPower
 
    63 label *label19
    64 jump *label22 equal *tmp3 @power-node
    65 jump *label22 equal *tmp3 @power-node-large
-    * jump *label22 equal *tmp3 @surge-tower
-    * jump *label21 always
+   66 jump *label21 notEqual *tmp3 @surge-tower
    67 label *label22
    68 set .container :initialize:block
    69 set .measure @powerNetStored

Modifications by Iterated phase, Condition Optimization, pass 1, iteration 1 (-20 instructions):
 
    91 print "First index: "
    92 print .first
    93 print "\n"
-    * op equal *tmp9 .message null
-    * jump *label23 equal *tmp9 false
+   94 jump *label23 notEqual .message null
    95 print "No message."
    96 print "\n"
    97 set :initialize:repeat true
    98 jump *label24 always
    99 label *label23
   100 label *label24
-    * op equal *tmp11 .switch null
-    * jump *label25 equal *tmp11 false
+  101 jump *label25 notEqual .switch null
   102 print "No switch."
   103 print "\n"
   104 set :initialize:repeat true
   105 jump *label26 always
   106 label *label25
   107 label *label26
-    * op equal *tmp13 .container null
-    * jump *label27 equal *tmp13 false
+  108 jump *label27 notEqual .container null
   109 print "No container."
   110 print "\n"
   111 set :initialize:repeat true
 
   117 jump *label2 notEqual :initialize:repeat false
   118 label *label4
   119 printflush null
-    * op greaterThanEq *tmp15 PCT_LOW 0
-    * jump *label29 equal *tmp15 false
+  120 jump *label29 lessThan PCT_LOW 0
   121 label *label33
-    * op lessThanEq *tmp16 PCT_LOW 100
-    * jump *label29 equal *tmp16 false
+  122 jump *label29 greaterThan PCT_LOW 100
   123 jump *label32 always
   124 label *label32
   125 op floor *tmp17 PCT_LOW
-    * op strictEqual *tmp18 PCT_LOW *tmp17
-    * jump *label29 equal *tmp18 false
+  126 jump *label29 strictNotEqual PCT_LOW *tmp17
   127 jump *label31 always
   128 label *label31
   129 set *tmp19 true
 
   133 label *label30
   134 set :validate:condition *tmp19
   135 set :validate:text "PCT_LOW must be an integer between 0 to 100."
-    * op equal *tmp20 :validate:condition false
-    * jump *label35 equal *tmp20 false
+  136 jump *label35 notEqual :validate:condition false
   137 print :validate:text
   138 printflush .message
   139 stop
 
   141 label *label35
   142 label *label36
   143 label *label34
-    * op greaterThanEq *tmp22 PCT_HIGH 0
-    * jump *label37 equal *tmp22 false
+  144 jump *label37 lessThan PCT_HIGH 0
   145 label *label41
-    * op lessThanEq *tmp23 PCT_HIGH 100
-    * jump *label37 equal *tmp23 false
+  146 jump *label37 greaterThan PCT_HIGH 100
   147 jump *label40 always
   148 label *label40
   149 op floor *tmp24 PCT_HIGH
-    * op strictEqual *tmp25 PCT_HIGH *tmp24
-    * jump *label37 equal *tmp25 false
+  150 jump *label37 strictNotEqual PCT_HIGH *tmp24
   151 jump *label39 always
   152 label *label39
   153 set *tmp26 true
 
   157 label *label38
   158 set :validate.1:condition *tmp26
   159 set :validate.1:text "PCT_HIGH must be an integer between 0 to 100."
-    * op equal *tmp27 :validate.1:condition false
-    * jump *label43 equal *tmp27 false
+  160 jump *label43 notEqual :validate.1:condition false
   161 print :validate.1:text
   162 printflush .message
   163 stop
 
   165 label *label43
   166 label *label44
   167 label *label42
-    * op lessThan :validate.2:condition PCT_LOW PCT_HIGH
   168 set :validate.2:text "PCT_LOW must be less than PCT_HIGH."
-    * op equal *tmp30 :validate.2:condition false
-    * jump *label46 equal *tmp30 false
+  169 jump *label46 lessThan PCT_LOW PCT_HIGH
   170 print :validate.2:text
   171 printflush .message
   172 stop
 
   177 sensor *tmp32 .sorter @type
   178 op equal .inverted *tmp32 @inverted-sorter
   179 set :setState:newState true
-    * op notEqual *tmp34 .state :setState:newState
-    * jump *label49 equal *tmp34 false
+  180 jump *label49 equal .state :setState:newState
   181 set .state :setState:newState
   182 op add .cycles .cycles 1
   183 op xor .active .inverted .state
 
   196 control enabled .switch 0
   197 label *label53
   198 sensor *tmp41 .switch @enabled
-    * op equal *tmp42 *tmp41 0
-    * jump *label55 equal *tmp42 false
+  199 jump *label55 notEqual *tmp41 0
   200 set :start @time
   201 sensor *tmp43 .container @dead
   202 jump *label56 equal *tmp43 false
 
   226 jump *label63 always
   227 label *label62
   228 label *label63
-    * op notEqual *tmp51 .links @links
-    * jump *label66 equal *tmp51 false
+  229 jump *label66 equal .links @links
   230 end
   231 jump *label67 always
   232 label *label66
 
   252 op mul *tmp60 100 :amount
   253 sensor *tmp61 .container .maximum
   254 op idiv :pct *tmp60 *tmp61
-    * op lessThanEq *tmp63 :pct PCT_LOW
-    * jump *label70 equal *tmp63 false
+  255 jump *label70 greaterThan :pct PCT_LOW
   256 set :setState.1:newState true
-    * op notEqual *tmp65 .state :setState.1:newState
-    * jump *label73 equal *tmp65 false
+  257 jump *label73 equal .state :setState.1:newState
   258 set .state :setState.1:newState
   259 op add .cycles .cycles 1
   260 op xor .active .inverted .state
 
   271 label *label72
   272 jump *label71 always
   273 label *label70
-    * op greaterThanEq *tmp70 :pct PCT_HIGH
-    * jump *label77 equal *tmp70 false
+  274 jump *label77 lessThan :pct PCT_HIGH
   275 set :setState.2:newState false
-    * op notEqual *tmp72 .state :setState.2:newState
-    * jump *label80 equal *tmp72 false
+  276 jump *label80 equal .state :setState.2:newState
   277 set .state :setState.2:newState
   278 op add .cycles .cycles 1
   279 op xor .active .inverted .state

Modifications by Iterated phase, Single Step Elimination, pass 1, iteration 1 (-21 instructions):
 
    69 set .measure @powerNetStored
    70 set .maximum @powerNetCapacity
    71 op add .first :initialize:n 1
-    * jump *label8 always
    72 label *label21
    73 label *label8
    74 label *label6
 
    94 print "No message."
    95 print "\n"
    96 set :initialize:repeat true
-    * jump *label24 always
    97 label *label23
    98 label *label24
    99 jump *label25 notEqual .switch null
   100 print "No switch."
   101 print "\n"
   102 set :initialize:repeat true
-    * jump *label26 always
   103 label *label25
   104 label *label26
   105 jump *label27 notEqual .container null
   106 print "No container."
   107 print "\n"
   108 set :initialize:repeat true
-    * jump *label28 always
   109 label *label27
   110 label *label28
   111 printflush .message
 
   116 jump *label29 lessThan PCT_LOW 0
   117 label *label33
   118 jump *label29 greaterThan PCT_LOW 100
-    * jump *label32 always
   119 label *label32
   120 op floor *tmp17 PCT_LOW
   121 jump *label29 strictNotEqual PCT_LOW *tmp17
-    * jump *label31 always
   122 label *label31
   123 set *tmp19 true
   124 jump *label30 always
 
   131 print :validate:text
   132 printflush .message
   133 stop
-    * jump *label36 always
   134 label *label35
   135 label *label36
   136 label *label34
   137 jump *label37 lessThan PCT_HIGH 0
   138 label *label41
   139 jump *label37 greaterThan PCT_HIGH 100
-    * jump *label40 always
   140 label *label40
   141 op floor *tmp24 PCT_HIGH
   142 jump *label37 strictNotEqual PCT_HIGH *tmp24
-    * jump *label39 always
   143 label *label39
   144 set *tmp26 true
   145 jump *label38 always
 
   152 print :validate.1:text
   153 printflush .message
   154 stop
-    * jump *label44 always
   155 label *label43
   156 label *label44
   157 label *label42
 
   160 print :validate.2:text
   161 printflush .message
   162 stop
-    * jump *label47 always
   163 label *label46
   164 label *label47
   165 label *label45
 
   177 set *tmp38 "\nCurrently inactive:[salmon]"
   178 label *label52
   179 set .activeText *tmp38
-    * jump *label50 always
   180 label *label49
   181 label *label50
   182 label *label48
 
   189 sensor *tmp43 .container @dead
   190 jump *label56 equal *tmp43 false
   191 end
-    * jump *label57 always
   192 label *label56
   193 label *label57
   194 sensor *tmp45 .message @dead
   195 jump *label58 equal *tmp45 false
   196 end
-    * jump *label59 always
   197 label *label58
   198 label *label59
   199 sensor *tmp47 .switch @dead
   200 jump *label60 equal *tmp47 false
   201 end
-    * jump *label61 always
   202 label *label60
   203 label *label61
   204 jump *label62 equal .sorter false
   205 label *label65
   206 sensor *tmp49 .sorter @dead
   207 jump *label62 equal *tmp49 false
-    * jump *label64 always
   208 label *label64
   209 end
-    * jump *label63 always
   210 label *label62
   211 label *label63
   212 jump *label66 equal .links @links
   213 end
-    * jump *label67 always
   214 label *label66
   215 label *label67
   216 sensor :item .sorter @config
 
   247 set *tmp69 "\nCurrently inactive:[salmon]"
   248 label *label76
   249 set .activeText *tmp69
-    * jump *label74 always
   250 label *label73
   251 label *label74
   252 label *label72
 
   265 set *tmp76 "\nCurrently inactive:[salmon]"
   266 label *label83
   267 set .activeText *tmp76
-    * jump *label81 always
   268 label *label80
   269 label *label81
   270 label *label79
-    * jump *label78 always
   271 label *label77
   272 label *label78
   273 label *label71

Modifications by Iterated phase, Data Flow Optimization, pass 1, iteration 1 (-1 instructions):
 
   127 label *label30
   128 set :validate:condition *tmp19
   129 set :validate:text "PCT_LOW must be an integer between 0 to 100."
-    * jump *label35 notEqual :validate:condition false
-    * print :validate:text
+  130 jump *label35 notEqual *tmp19 false
+  131 print "PCT_LOW must be an integer between 0 to 100."
   132 printflush .message
   133 stop
   134 label *label35
 
   148 label *label38
   149 set :validate.1:condition *tmp26
   150 set :validate.1:text "PCT_HIGH must be an integer between 0 to 100."
-    * jump *label43 notEqual :validate.1:condition false
-    * print :validate.1:text
+  151 jump *label43 notEqual *tmp26 false
+  152 print "PCT_HIGH must be an integer between 0 to 100."
   153 printflush .message
   154 stop
   155 label *label43
 
   157 label *label42
   158 set :validate.2:text "PCT_LOW must be less than PCT_HIGH."
   159 jump *label46 lessThan PCT_LOW PCT_HIGH
-    * print :validate.2:text
+  160 print "PCT_LOW must be less than PCT_HIGH."
   161 printflush .message
   162 stop
   163 label *label46
 
   166 sensor *tmp32 .sorter @type
   167 op equal .inverted *tmp32 @inverted-sorter
   168 set :setState:newState true
-    * jump *label49 equal .state :setState:newState
-    * set .state :setState:newState
+  169 jump *label49 equal false true
+  170 set .state true
   171 op add .cycles .cycles 1
-    * op xor .active .inverted .state
+  172 op xor .active .inverted :setState:newState
   173 jump *label51 equal .active false
   174 set *tmp38 "\nCurrently active:[green]"
   175 jump *label52 always
 
   218 op notEqual *tmp55 .measure @totalItems
   219 op lor *tmp56 *tmp54 *tmp55
   220 jump *label68 equal *tmp56 false
-    * set :item .measure
   221 print "Measuring [gold]total[] in "
   222 print .container
   223 sensor :amount .container .measure
 
   235 op idiv :pct *tmp60 *tmp61
   236 jump *label70 greaterThan :pct PCT_LOW
   237 set :setState.1:newState true
-    * jump *label73 equal .state :setState.1:newState
-    * set .state :setState.1:newState
+  238 jump *label73 equal .state true
+  239 set .state true
   240 op add .cycles .cycles 1
-    * op xor .active .inverted .state
+  241 op xor .active .inverted :setState.1:newState
   242 jump *label75 equal .active false
   243 set *tmp69 "\nCurrently active:[green]"
   244 jump *label76 always
 
   253 label *label70
   254 jump *label77 lessThan :pct PCT_HIGH
   255 set :setState.2:newState false
-    * jump *label80 equal .state :setState.2:newState
-    * set .state :setState.2:newState
+  256 jump *label80 equal .state false
+  257 set .state false
   258 op add .cycles .cycles 1
-    * op xor .active .inverted .state
+  259 op xor .active .inverted :setState.2:newState
   260 jump *label82 equal .active false
   261 set *tmp76 "\nCurrently active:[green]"
   262 jump *label83 always
 
   303 set *tmp78 .links
   304 set :n .first
   305 label *label86
-    * jump *label88 greaterThanEq :n *tmp78
+  306 jump *label88 greaterThanEq :n .links
   307 getlink :block :n
   308 control enabled :block .active
   309 print "\n    "

Modifications by Iterated phase, Data Flow Optimization, pass 1, iteration 2 (-7 instructions):
     0 set PCT_LOW 60
     1 set PCT_HIGH 80
-    * set .state false
     2 label *label2
     3 set :initialize:repeat false
     4 print "Configuring regulator..."
 
   124 label *label29
   125 set *tmp19 false
   126 label *label30
-    * set :validate:condition *tmp19
-    * set :validate:text "PCT_LOW must be an integer between 0 to 100."
   127 jump *label35 notEqual *tmp19 false
   128 print "PCT_LOW must be an integer between 0 to 100."
   129 printflush .message
 
   143 label *label37
   144 set *tmp26 false
   145 label *label38
-    * set :validate.1:condition *tmp26
-    * set :validate.1:text "PCT_HIGH must be an integer between 0 to 100."
   146 jump *label43 notEqual *tmp26 false
   147 print "PCT_HIGH must be an integer between 0 to 100."
   148 printflush .message
 
   150 label *label43
   151 label *label44
   152 label *label42
-    * set :validate.2:text "PCT_LOW must be less than PCT_HIGH."
   153 jump *label46 lessThan PCT_LOW PCT_HIGH
   154 print "PCT_LOW must be less than PCT_HIGH."
   155 printflush .message
 
   163 jump *label49 equal false true
   164 set .state true
   165 op add .cycles .cycles 1
-    * op xor .active .inverted :setState:newState
+  166 op xor .active .inverted true
   167 jump *label51 equal .active false
   168 set *tmp38 "\nCurrently active:[green]"
   169 jump *label52 always
 
   232 jump *label73 equal .state true
   233 set .state true
   234 op add .cycles .cycles 1
-    * op xor .active .inverted :setState.1:newState
+  235 op xor .active .inverted true
   236 jump *label75 equal .active false
   237 set *tmp69 "\nCurrently active:[green]"
   238 jump *label76 always
 
   250 jump *label80 equal .state false
   251 set .state false
   252 op add .cycles .cycles 1
-    * op xor .active .inverted :setState.2:newState
+  253 op xor .active .inverted false
   254 jump *label82 equal .active false
   255 set *tmp76 "\nCurrently active:[green]"
   256 jump *label83 always
 
   294 print "[]"
   295 label *label85
   296 print .activeText
-    * set *tmp78 .links
   297 set :n .first
   298 label *label86
   299 jump *label88 greaterThanEq :n .links

Modifications by Iterated phase, Data Flow Optimization, pass 1, iteration 3 (-3 instructions):
 
   159 label *label45
   160 sensor *tmp32 .sorter @type
   161 op equal .inverted *tmp32 @inverted-sorter
-    * set :setState:newState true
   162 jump *label49 equal false true
   163 set .state true
   164 op add .cycles .cycles 1
 
   227 sensor *tmp61 .container .maximum
   228 op idiv :pct *tmp60 *tmp61
   229 jump *label70 greaterThan :pct PCT_LOW
-    * set :setState.1:newState true
   230 jump *label73 equal .state true
   231 set .state true
   232 op add .cycles .cycles 1
 
   244 jump *label71 always
   245 label *label70
   246 jump *label77 lessThan :pct PCT_HIGH
-    * set :setState.2:newState false
   247 jump *label80 equal .state false
   248 set .state false
   249 op add .cycles .cycles 1

Modifications by Iterated phase, Expression Optimization, pass 1, iteration 1 (-1 instructions):
 
   209 sensor :item .sorter @config
   210 op equal *tmp54 :item null
   211 op notEqual *tmp55 .measure @totalItems
-    * op lor *tmp56 *tmp54 *tmp55
+  212 op or *tmp56 *tmp54 *tmp55
   213 jump *label68 equal *tmp56 false
   214 print "Measuring [gold]total[] in "
   215 print .container
 
   247 jump *label80 equal .state false
   248 set .state false
   249 op add .cycles .cycles 1
-    * op xor .active .inverted false
+  250 set .active .inverted
   251 jump *label82 equal .active false
   252 set *tmp76 "\nCurrently active:[green]"
   253 jump *label83 always

Modifications by Iterated phase, Loop Rotation, pass 1, iteration 1:
 
     7 op sub :initialize:n .links 1
     8 label *label5
     9 jump *label7 lessThan :initialize:n 0
+   10 label *label89
    11 getlink :initialize:block :initialize:n
    12 print "Found: "
    13 print :initialize:block
 
    73 label *label8
    74 label *label6
    75 op sub :initialize:n :initialize:n 1
-    * jump *label5 always
+   76 jump *label89 greaterThanEq :initialize:n 0
    77 label *label7
    78 print "Message: "
    79 print .message
 
   295 set :n .first
   296 label *label86
   297 jump *label88 greaterThanEq :n .links
+  298 label *label90
   299 getlink :block :n
   300 control enabled :block .active
   301 print "\n    "
   302 print :block
   303 label *label87
   304 op add :n :n 1
-    * jump *label86 always
+  305 jump *label90 lessThan :n .links
   306 label *label88
   307 print "[]"
   308 print "\n"

Modifications by Iterated phase, Boolean Optimization, pass 1, iteration 1 (-11 instructions):
 
   114 label *label4
   115 printflush null
   116 jump *label29 lessThan PCT_LOW 0
-    * label *label33
   117 jump *label29 greaterThan PCT_LOW 100
-    * label *label32
-    * op floor *tmp17 PCT_LOW
-    * jump *label29 strictNotEqual PCT_LOW *tmp17
-    * label *label31
-    * set *tmp19 true
+  118 op floor *tmp17 PCT_LOW
+  119 op strictEqual *tmp19 PCT_LOW *tmp17
   120 jump *label30 always
   121 label *label29
   122 set *tmp19 false
 
   129 label *label36
   130 label *label34
   131 jump *label37 lessThan PCT_HIGH 0
-    * label *label41
   132 jump *label37 greaterThan PCT_HIGH 100
-    * label *label40
-    * op floor *tmp24 PCT_HIGH
-    * jump *label37 strictNotEqual PCT_HIGH *tmp24
-    * label *label39
-    * set *tmp26 true
+  133 op floor *tmp24 PCT_HIGH
+  134 op strictEqual *tmp26 PCT_HIGH *tmp24
   135 jump *label38 always
   136 label *label37
   137 set *tmp26 false
 
   156 set .state true
   157 op add .cycles .cycles 1
   158 op xor .active .inverted true
-    * jump *label51 equal .active false
-    * set *tmp38 "\nCurrently active:[green]"
-    * jump *label52 always
-    * label *label51
-    * set *tmp38 "\nCurrently inactive:[salmon]"
-    * label *label52
+  159 select *tmp38 notEqual .active false "\nCurrently active:[green]" "\nCurrently inactive:[salmon]"
   160 set .activeText *tmp38
   161 label *label49
   162 label *label50
 
   183 label *label60
   184 label *label61
   185 jump *label62 equal .sorter false
-    * label *label65
   186 sensor *tmp49 .sorter @dead
   187 jump *label62 equal *tmp49 false
-    * label *label64
   188 end
   189 label *label62
   190 label *label63
 
   217 set .state true
   218 op add .cycles .cycles 1
   219 op xor .active .inverted true
-    * jump *label75 equal .active false
-    * set *tmp69 "\nCurrently active:[green]"
-    * jump *label76 always
-    * label *label75
-    * set *tmp69 "\nCurrently inactive:[salmon]"
-    * label *label76
+  220 select *tmp69 notEqual .active false "\nCurrently active:[green]" "\nCurrently inactive:[salmon]"
   221 set .activeText *tmp69
   222 label *label73
   223 label *label74
 
   229 set .state false
   230 op add .cycles .cycles 1
   231 set .active .inverted
-    * jump *label82 equal .active false
-    * set *tmp76 "\nCurrently active:[green]"
-    * jump *label83 always
-    * label *label82
-    * set *tmp76 "\nCurrently inactive:[salmon]"
-    * label *label83
+  232 select *tmp76 notEqual .active false "\nCurrently active:[green]" "\nCurrently inactive:[salmon]"
   233 set .activeText *tmp76
   234 label *label80
   235 label *label81

Modifications by Iterated phase, If Expression Optimization, pass 1, iteration 1:
 
   113 jump *label2 notEqual :initialize:repeat false
   114 label *label4
   115 printflush null
-    * jump *label29 lessThan PCT_LOW 0
-    * jump *label29 greaterThan PCT_LOW 100
+  116 set *tmp19 false
+  117 jump *label30 lessThan PCT_LOW 0
+  118 jump *label30 greaterThan PCT_LOW 100
   119 op floor *tmp17 PCT_LOW
   120 op strictEqual *tmp19 PCT_LOW *tmp17
   121 jump *label30 always
-    * label *label29
-    * set *tmp19 false
   122 label *label30
   123 jump *label35 notEqual *tmp19 false
   124 print "PCT_LOW must be an integer between 0 to 100."
 
   127 label *label35
   128 label *label36
   129 label *label34
-    * jump *label37 lessThan PCT_HIGH 0
-    * jump *label37 greaterThan PCT_HIGH 100
+  130 set *tmp26 false
+  131 jump *label38 lessThan PCT_HIGH 0
+  132 jump *label38 greaterThan PCT_HIGH 100
   133 op floor *tmp24 PCT_HIGH
   134 op strictEqual *tmp26 PCT_HIGH *tmp24
   135 jump *label38 always
-    * label *label37
-    * set *tmp26 false
   136 label *label38
   137 jump *label43 notEqual *tmp26 false
   138 print "PCT_HIGH must be an integer between 0 to 100."

Modifications by Full loop rotation at line 36:5 (+1 instructions):
 
   164 label *label53
   165 sensor *tmp41 .switch @enabled
   166 jump *label55 notEqual *tmp41 0
+  167 label *label91
   168 set :start @time
   169 sensor *tmp43 .container @dead
   170 jump *label56 equal *tmp43 false
 
   291 print "ms"
   292 printflush .message
   293 label *label54
-    * jump *label53 always
+  294 sensor *tmp41 .switch @enabled
+  295 jump *label91 equal *tmp41 0
   296 label *label55
   297 label *label0
   298 end

Modifications by Iterated phase, Data Flow Optimization, pass 1, iteration 1:
 
   228 set .state false
   229 op add .cycles .cycles 1
   230 set .active .inverted
-    * select *tmp76 notEqual .active false "\nCurrently active:[green]" "\nCurrently inactive:[salmon]"
+  231 select *tmp76 notEqual .inverted false "\nCurrently active:[green]" "\nCurrently inactive:[salmon]"
   232 set .activeText *tmp76
   233 label *label80
   234 label *label81
 
   268 print .activeText
   269 set :n .first
   270 label *label86
-    * jump *label88 greaterThanEq :n .links
+  271 jump *label88 greaterThanEq .first .links
   272 label *label90
   273 getlink :block :n
   274 control enabled :block .active

Modifications by Fast-dispatch case at line 97:13 (-14 instructions):
 
    13 print :initialize:block
    14 print "\n"
    15 sensor *tmp3 :initialize:block @type
-    * jump *label9 notEqual *tmp3 @message
+   16 sensor *tmp84 *tmp3 @id
+   17 multijump *tmp84 0 0 (m:*label93)
+   18 multilabel *label102 (m:*label93)
+   19 multilabel *label94 (m:*label93)
+   20 label *label92
+   21 jump *label8 always
+   22 multilabel *label100 (m:*label93)
    23 label *label10
    24 set .message :initialize:block
    25 jump *label8 always
    26 label *label9
-    * jump *label11 notEqual *tmp3 @switch
+   27 multilabel *label101 (m:*label93)
    28 label *label12
    29 set .switch :initialize:block
    30 jump *label8 always
    31 label *label11
-    * jump *label14 equal *tmp3 @sorter
-    * jump *label14 equal *tmp3 @inverted-sorter
-    * jump *label13 notEqual *tmp3 @unloader
+   32 multilabel *label95 (m:*label93)
    33 label *label14
    34 set .sorter :initialize:block
    35 jump *label8 always
    36 label *label13
-    * jump *label16 equal *tmp3 @vault
-    * jump *label16 equal *tmp3 @container
-    * jump *label16 equal *tmp3 @core-shard
-    * jump *label16 equal *tmp3 @core-foundation
-    * jump *label15 notEqual *tmp3 @core-nucleus
+   37 jump *label8 always
+   38 label *label15
+   39 multilabel *label96 (m:*label93)
+   40 label *label18
+   41 set .container :initialize:block
+   42 set .measure @totalLiquids
+   43 set .maximum @liquidCapacity
+   44 op add .first :initialize:n 1
+   45 jump *label8 always
+   46 label *label17
+   47 multilabel *label98 (m:*label93)
+   48 label *label20
+   49 set .container :initialize:block
+   50 set .measure @totalPower
+   51 set .maximum @powerCapacity
+   52 op add .first :initialize:n 1
+   53 jump *label8 always
+   54 label *label19
+   55 multilabel *label97 (m:*label93)
+   56 label *label22
+   57 set .container :initialize:block
+   58 set .measure @powerNetStored
+   59 set .maximum @powerNetCapacity
+   60 op add .first :initialize:n 1
+   61 jump *label8 always
+   62 multilabel *label99 (m:*label93)
    63 label *label16
    64 set .container :initialize:block
    65 set .measure @totalItems
    66 set .maximum @itemCapacity
    67 op add .first :initialize:n 1
-    * jump *label8 always
-    * label *label15
-    * jump *label18 equal *tmp3 @liquid-tank
-    * jump *label18 equal *tmp3 @liquid-container
-    * jump *label17 notEqual *tmp3 @liquid-router
-    * label *label18
-    * set .container :initialize:block
-    * set .measure @totalLiquids
-    * set .maximum @liquidCapacity
-    * op add .first :initialize:n 1
-    * jump *label8 always
-    * label *label17
-    * jump *label20 equal *tmp3 @battery
-    * jump *label19 notEqual *tmp3 @battery-large
-    * label *label20
-    * set .container :initialize:block
-    * set .measure @totalPower
-    * set .maximum @powerCapacity
-    * op add .first :initialize:n 1
-    * jump *label8 always
-    * label *label19
-    * jump *label22 equal *tmp3 @power-node
-    * jump *label22 equal *tmp3 @power-node-large
-    * jump *label21 notEqual *tmp3 @surge-tower
-    * label *label22
-    * set .container :initialize:block
-    * set .measure @powerNetStored
-    * set .maximum @powerNetCapacity
-    * op add .first :initialize:n 1
-    * label *label21
    68 label *label8
    69 label *label6
    70 op sub :initialize:n :initialize:n 1

Modifications by Iterated phase, Jump Normalization, pass 2, iteration 1 (-1 instructions):
 
   145 label *label45
   146 sensor *tmp32 .sorter @type
   147 op equal .inverted *tmp32 @inverted-sorter
-    * jump *label49 equal false true
   148 set .state true
   149 op add .cycles .cycles 1
   150 op xor .active .inverted true

Modifications by Iterated phase, Condition Optimization, pass 2, iteration 1:
 
     6 set .links @links
     7 op sub :initialize:n .links 1
     8 label *label5
-    * jump *label7 lessThan :initialize:n 0
+    9 jump *label7 lessThan .links 1
    10 label *label89
    11 getlink :initialize:block :initialize:n
    12 print "Found: "

Modifications by Iterated phase, Single Step Elimination, pass 2, iteration 1 (-3 instructions):
 
    32 multilabel *label95 (m:*label93)
    33 label *label14
    34 set .sorter :initialize:block
-    * jump *label8 always
    35 label *label13
    36 jump *label8 always
    37 label *label15
 
   112 jump *label30 greaterThan PCT_LOW 100
   113 op floor *tmp17 PCT_LOW
   114 op strictEqual *tmp19 PCT_LOW *tmp17
-    * jump *label30 always
   115 label *label30
   116 jump *label35 notEqual *tmp19 false
   117 print "PCT_LOW must be an integer between 0 to 100."
 
   125 jump *label38 greaterThan PCT_HIGH 100
   126 op floor *tmp24 PCT_HIGH
   127 op strictEqual *tmp26 PCT_HIGH *tmp24
-    * jump *label38 always
   128 label *label38
   129 jump *label43 notEqual *tmp26 false
   130 print "PCT_HIGH must be an integer between 0 to 100."

Modifications by Iterated phase, Temp Variables Elimination, pass 2, iteration 1 (-3 instructions):
 
   145 set .state true
   146 op add .cycles .cycles 1
   147 op xor .active .inverted true
-    * select *tmp38 notEqual .active false "\nCurrently active:[green]" "\nCurrently inactive:[salmon]"
-    * set .activeText *tmp38
+  148 select .activeText notEqual .active false "\nCurrently active:[green]" "\nCurrently inactive:[salmon]"
   149 label *label49
   150 label *label50
   151 label *label48
 
   206 set .state true
   207 op add .cycles .cycles 1
   208 op xor .active .inverted true
-    * select *tmp69 notEqual .active false "\nCurrently active:[green]" "\nCurrently inactive:[salmon]"
-    * set .activeText *tmp69
+  209 select .activeText notEqual .active false "\nCurrently active:[green]" "\nCurrently inactive:[salmon]"
   210 label *label73
   211 label *label74
   212 label *label72
 
   217 set .state false
   218 op add .cycles .cycles 1
   219 set .active .inverted
-    * select *tmp76 notEqual .inverted false "\nCurrently active:[green]" "\nCurrently inactive:[salmon]"
-    * set .activeText *tmp76
+  220 select .activeText notEqual .inverted false "\nCurrently active:[green]" "\nCurrently inactive:[salmon]"
   221 label *label80
   222 label *label81
   223 label *label79

Modifications by Jumps phase, Jump Threading, pass 4, iteration 1:
+    0 label __start__
     1 set PCT_LOW 60
     2 set PCT_HIGH 80
     3 label *label2
 
   122 select .activeText notEqual .active false "\nCurrently active:[green]" "\nCurrently inactive:[salmon]"
   123 control enabled .switch 0
   124 sensor *tmp41 .switch @enabled
-    * jump *label55 notEqual *tmp41 0
+  125 jump __start__ notEqual *tmp41 0
   126 label *label91
   127 set :start @time
   128 sensor *tmp43 .container @dead
 
   166 sensor *tmp61 .container .maximum
   167 op idiv :pct *tmp60 *tmp61
   168 jump *label70 greaterThan :pct PCT_LOW
-    * jump *label73 equal .state true
+  169 jump *label71 equal .state true
   170 set .state true
   171 op add .cycles .cycles 1
   172 op xor .active .inverted true

Modifications by Jumps phase, Single Step Elimination, pass 4, iteration 1 (-1 instructions):
 
   236 printflush .message
   237 sensor *tmp41 .switch @enabled
   238 jump *label91 equal *tmp41 0
-    * end

Modifications by Final phase, Print Merging, iteration 1 (-39 instructions):
 
     2 set PCT_HIGH 80
     3 label *label2
     4 set :initialize:repeat false
-    * print "Configuring regulator..."
-    * print "\n"
+    5 print "Configuring regulator...\n"
     6 set .links @links
     7 op sub :initialize:n .links 1
     8 jump *label7 lessThan .links 1
     9 label *label89
    10 getlink :initialize:block :initialize:n
-    * print "Found: "
-    * print :initialize:block
-    * print "\n"
+   11 print "Found: {0}\n"
+   12 format :initialize:block
    13 sensor *tmp3 :initialize:block @type
    14 sensor *tmp84 *tmp3 @id
    15 multijump *tmp84 0 0 (m:*label93)
 
    52 op sub :initialize:n :initialize:n 1
    53 jump *label89 greaterThanEq :initialize:n 0
    54 label *label7
-    * print "Message: "
-    * print .message
-    * print "\n"
-    * print "Switch: "
-    * print .switch
-    * print "\n"
-    * print "Sorter: "
-    * print .sorter
-    * print "\n"
-    * print "Container: "
-    * print .container
-    * print "\n"
-    * print "First index: "
-    * print .first
-    * print "\n"
+   55 print "Message: {0}\nSwitch: {0}\nSorter: {0}\nContainer: {0}\nFirst index: {0}\n"
+   56 format .message
+   57 format .switch
+   58 format .sorter
+   59 format .container
+   60 format .first
    61 jump *label23 notEqual .message null
-    * print "No message."
-    * print "\n"
+   62 print "No message.\n"
    63 set :initialize:repeat true
    64 label *label23
    65 jump *label25 notEqual .switch null
-    * print "No switch."
-    * print "\n"
+   66 print "No switch.\n"
    67 set :initialize:repeat true
    68 label *label25
    69 jump *label27 notEqual .container null
-    * print "No container."
-    * print "\n"
+   70 print "No container.\n"
    71 set :initialize:repeat true
    72 label *label27
    73 printflush .message
 
   141 sensor :amount .container .measure
   142 jump *label69 always
   143 label *label68
-    * print "Measuring [gold]"
-    * print :item
-    * print "["
-    * print "] in "
+  144 print "Measuring [gold]{0}[] in "
+  145 format :item
   146 print .container
   147 sensor :amount .container :item
   148 label *label69
 
   166 label *label80
   167 label *label77
   168 label *label71
-    * print "\n"
-    * print "Level: [gold]"
-    * print :pct
-    * print "%"
-    * print "[]"
+  169 print "\nLevel: [gold]{0}%[]"
+  170 format :pct
   171 jump *label84 equal .inverted false
-    * print "\n"
-    * print "Activate above [green]"
-    * print PCT_HIGH
-    * print "%"
-    * print "[]"
-    * print "\n"
-    * print "Deactivate below [salmon]"
-    * print PCT_LOW
-    * print "%"
-    * print "[]"
+  172 print "\nActivate above [green]{0}%[]\nDeactivate below [salmon]{0}%[]"
+  173 format PCT_HIGH
+  174 format PCT_LOW
   175 jump *label85 always
   176 label *label84
-    * print "\n"
-    * print "Activate below [green]"
-    * print PCT_LOW
-    * print "%"
-    * print "[]"
-    * print "\n"
-    * print "Deactivate above [salmon]"
-    * print PCT_HIGH
-    * print "%"
-    * print "[]"
+  177 print "\nActivate below [green]{0}%[]\nDeactivate above [salmon]{0}%[]"
+  178 format PCT_LOW
+  179 format PCT_HIGH
   180 label *label85
   181 print .activeText
   182 set :n .first
 
   189 op add :n :n 1
   190 jump *label90 lessThan :n .links
   191 label *label88
-    * print "[]"
-    * print "\n"
-    * print "# of cycles: "
-    * print .cycles
+  192 print "[]\n# of cycles: {0}\n[lightgray]Loop: {0} ms"
+  193 format .cycles
   194 op sub *tmp82 @time :start
   195 op floor *tmp83 *tmp82
-    * print "\n"
-    * print "[lightgray]Loop: "
-    * print *tmp83
-    * print " "
-    * print "ms"
+  196 format *tmp83
   197 printflush .message
   198 sensor *tmp41 .switch @enabled
   199 jump *label91 equal *tmp41 0

Code size and number of instantiations by function:
  Size  Times  AvgSize  Function
    70     1x     70,0  inline void initialize()
    67     1x     67,0  <no function>
    14     3x      4,7  inline void setState(in newState)
    12     3x      4,0  inline void validate(in condition, in text)

Runtime error at instruction #9: 'format :initialize:block':
Execution step limit of 100,000 exceeded.

Emulator output (100,000 steps, 833.35 sec):
Configuring regulator...
Found: message
Found: message
Found: message
Found: message
Found: message
Found: message
Found: message
Found: message
Found: message
Found: logic-display
Found: logic-display
Found: logic-display
Found: logic-display
Found: logic-display
Found: large-logic-display
Found: large-logic-display
Found: large-logic-display
Found: large-logic-display
Found: memory-bank
Found: memory-bank
Found: memory-bank
Found: memory-bank
Found: memory-bank
Found: memory-bank
Found: memory-bank
Found: memory-bank
Found: memory-bank
Found: memory-cell
Found: memory-cell
Found: memory-cell
Found: memory-cell
Found: memory-cell
Found: memory-cell
Found: memory-cell
Found: memory-cell
Found: memory-cell
Message: message
Switch: null
Sorter: null
Container: null
First index: null
No switch.
No container.

[--- Previous segment repeated 282,22 times ---]

