   253 instructions before optimizations.
     3 instructions eliminated by Temp Variables Elimination (2 passes, 7 iterations).
     1 instructions eliminated by Case Expression Optimization.
    12 instructions eliminated by Dead Code Elimination (5 iterations).
     1 instructions eliminated by Jump Normalization (5 iterations).
     2 instructions eliminated by Condition Optimization (6 iterations).
     2 instructions eliminated by Single Step Elimination (6 iterations).
     2 instructions eliminated by Boolean Optimization (6 iterations).
       1 fully-evaluated expressions optimized using selects.
     1 instructions eliminated by Data Flow Optimization (6 iterations).
     5 instructions eliminated by Case Switching (4 iterations).
     1 case expressions converted to fast dispatch by Case Switching.
     7 instructions eliminated by Jump Straightening (6 iterations).
     8 instructions updated by Jump Threading.
     1 instructions eliminated by Unreachable Code Elimination (2 iterations).
    95 instructions eliminated by Print Merging.
   121 instructions after optimizations.

Pass 1: speed optimization selection (cost limit 777):
  * Fast-dispatch case at line 9:9                               size    -6, benefit       37.5, efficiency   Infinity (-5 instructions)

Modifications by Initial phase, Case Expression Optimization, iteration 1 (-1 instructions):
 
    13 sensor *tmp4 :block @type
    14 print *tmp4
    15 print " - "
-    * set *tmp6 :page
-    * jump *label7 equal *tmp6 1
+   16 jump *label7 equal :page 1
    17 jump *label6 always
    18 label *label7
    19 print "contents:"
 
    42 set *tmp5 *tmp12
    43 jump *label5 always
    44 label *label6
-    * jump *label9 equal *tmp6 2
+   45 jump *label9 equal :page 2
    46 jump *label8 always
    47 label *label9
    48 print "power:"
 
    78 set *tmp5 *tmp22
    79 jump *label5 always
    80 label *label8
-    * jump *label11 equal *tmp6 3
+   81 jump *label11 equal :page 3
    82 jump *label10 always
    83 label *label11
    84 print "combat:"
 
   102 set *tmp5 *tmp26
   103 jump *label5 always
   104 label *label10
-    * jump *label13 equal *tmp6 4
+  105 jump *label13 equal :page 4
   106 jump *label12 always
   107 label *label13
   108 print "status:"
 
   130 set *tmp5 *tmp31
   131 jump *label5 always
   132 label *label12
-    * jump *label15 equal *tmp6 5
+  133 jump *label15 equal :page 5
   134 jump *label14 always
   135 label *label15
   136 print "position:"
 
   154 set *tmp5 *tmp35
   155 jump *label5 always
   156 label *label14
-    * jump *label17 equal *tmp6 6
+  157 jump *label17 equal :page 6
   158 jump *label16 always
   159 label *label17
   160 print "unit:"
 
   206 set *tmp5 *tmp46
   207 jump *label5 always
   208 label *label16
-    * jump *label19 equal *tmp6 7
+  209 jump *label19 equal :page 7
   210 jump *label18 always
   211 label *label19
   212 print "other:"

Modifications by Initial phase, Dead Code Elimination, iteration 1 (-4 instructions):
 
   244 label *label18
   245 set *tmp5 null
   246 label *label5
-    * set *tmp3 *tmp5
   247 jump *label4 always
   248 label *label3
   249 print "No linked block found."
   250 print "\n"
-    * set *tmp3 "No linked block found."
   251 label *label4
   252 printflush message1
   253 sensor *tmp54 switch1 @enabled
 
   262 label *label23
   263 set :page *tmp57
   264 control enabled switch1 false
-    * set *tmp55 false
   265 jump *label21 always
   266 label *label20
-    * set *tmp55 null
   267 label *label21
   268 label *label1
   269 jump *label0 always

Modifications by Initial phase, Dead Code Elimination, iteration 2 (-8 instructions):
 
    39 print "liquidCapacity: "
    40 print *tmp12
    41 print "\n"
-    * set *tmp5 *tmp12
    42 jump *label5 always
    43 label *label6
    44 jump *label9 equal :page 2
 
    74 print "powerNetOut: "
    75 print *tmp22
    76 print "\n"
-    * set *tmp5 *tmp22
    77 jump *label5 always
    78 label *label8
    79 jump *label11 equal :page 3
 
    97 print "maxHealth: "
    98 print *tmp26
    99 print "\n"
-    * set *tmp5 *tmp26
   100 jump *label5 always
   101 label *label10
   102 jump *label13 equal :page 4
 
   124 print "range: "
   125 print *tmp31
   126 print "\n"
-    * set *tmp5 *tmp31
   127 jump *label5 always
   128 label *label12
   129 jump *label15 equal :page 5
 
   147 print "size: "
   148 print *tmp35
   149 print "\n"
-    * set *tmp5 *tmp35
   150 jump *label5 always
   151 label *label14
   152 jump *label17 equal :page 6
 
   198 print "controller: "
   199 print *tmp46
   200 print "\n"
-    * set *tmp5 *tmp46
   201 jump *label5 always
   202 label *label16
   203 jump *label19 equal :page 7
 
   233 print "solid: "
   234 print *tmp53
   235 print "\n"
-    * set *tmp5 *tmp53
   236 jump *label5 always
   237 label *label18
-    * set *tmp5 null
   238 label *label5
   239 jump *label4 always
   240 label *label3

Modifications by Initial phase, Temp Variables Elimination, iteration 1 (-2 instructions):
     0 set :page 1
     1 label *label0
     2 jump *label2 equal true false
-    * getlink *tmp0 2
-    * set :block *tmp0
+    3 getlink :block 2
     4 print "Property detector - page "
     5 print :page
     6 print "/"
 
   248 set *tmp57 1
   249 jump *label23 always
   250 label *label22
-    * op add *tmp58 :page 1
-    * set *tmp57 *tmp58
+  251 op add *tmp57 :page 1
   252 label *label23
   253 set :page *tmp57
   254 control enabled switch1 false

Modifications by Iterated phase, Jump Normalization, pass 1, iteration 1 (-1 instructions):
     0 set :page 1
     1 label *label0
-    * jump *label2 equal true false
     2 getlink :block 2
     3 print "Property detector - page "
     4 print :page

Modifications by Iterated phase, Jump Straightening, pass 1, iteration 1 (-7 instructions):
 
    11 sensor *tmp4 :block @type
    12 print *tmp4
    13 print " - "
-    * jump *label7 equal :page 1
-    * jump *label6 always
+   14 jump *label6 notEqual :page 1
    15 label *label7
    16 print "contents:"
    17 print "\n"
 
    38 print "\n"
    39 jump *label5 always
    40 label *label6
-    * jump *label9 equal :page 2
-    * jump *label8 always
+   41 jump *label8 notEqual :page 2
    42 label *label9
    43 print "power:"
    44 print "\n"
 
    72 print "\n"
    73 jump *label5 always
    74 label *label8
-    * jump *label11 equal :page 3
-    * jump *label10 always
+   75 jump *label10 notEqual :page 3
    76 label *label11
    77 print "combat:"
    78 print "\n"
 
    94 print "\n"
    95 jump *label5 always
    96 label *label10
-    * jump *label13 equal :page 4
-    * jump *label12 always
+   97 jump *label12 notEqual :page 4
    98 label *label13
    99 print "status:"
   100 print "\n"
 
   120 print "\n"
   121 jump *label5 always
   122 label *label12
-    * jump *label15 equal :page 5
-    * jump *label14 always
+  123 jump *label14 notEqual :page 5
   124 label *label15
   125 print "position:"
   126 print "\n"
 
   142 print "\n"
   143 jump *label5 always
   144 label *label14
-    * jump *label17 equal :page 6
-    * jump *label16 always
+  145 jump *label16 notEqual :page 6
   146 label *label17
   147 print "unit:"
   148 print "\n"
 
   192 print "\n"
   193 jump *label5 always
   194 label *label16
-    * jump *label19 equal :page 7
-    * jump *label18 always
+  195 jump *label18 notEqual :page 7
   196 label *label19
   197 print "other:"
   198 print "\n"

Modifications by Iterated phase, Condition Optimization, pass 1, iteration 1 (-2 instructions):
 
     6 print 7
     7 print "\n"
     8 sensor *tmp1 :block @dead
-    * op strictEqual *tmp2 *tmp1 0
-    * jump *label3 equal *tmp2 false
+    9 jump *label3 strictNotEqual *tmp1 0
    10 sensor *tmp4 :block @type
    11 print *tmp4
    12 print " - "
 
   234 printflush message1
   235 sensor *tmp54 switch1 @enabled
   236 jump *label20 equal *tmp54 false
-    * op equal *tmp56 :page 7
-    * jump *label22 equal *tmp56 false
+  237 jump *label22 notEqual :page 7
   238 set *tmp57 1
   239 jump *label23 always
   240 label *label22

Modifications by Iterated phase, Single Step Elimination, pass 1, iteration 1 (-2 instructions):
 
   223 print "solid: "
   224 print *tmp53
   225 print "\n"
-    * jump *label5 always
   226 label *label18
   227 label *label5
   228 jump *label4 always
 
   241 label *label23
   242 set :page *tmp57
   243 control enabled switch1 false
-    * jump *label21 always
   244 label *label20
   245 label *label21
   246 label *label1

Modifications by Iterated phase, Data Flow Optimization, pass 1, iteration 1:
 
   201 print "\n"
   202 sensor *tmp48 :block @type
   203 print "type: "
-    * print *tmp48
+  204 print *tmp4
   205 print "\n"
   206 sensor *tmp49 :block @flag
   207 print "flag: "

Modifications by Iterated phase, Data Flow Optimization, pass 1, iteration 2 (-1 instructions):
 
   199 print "team: "
   200 print *tmp47
   201 print "\n"
-    * sensor *tmp48 :block @type
   202 print "type: "
   203 print *tmp4
   204 print "\n"

Modifications by Iterated phase, Boolean Optimization, pass 1, iteration 1 (-2 instructions):
 
   232 printflush message1
   233 sensor *tmp54 switch1 @enabled
   234 jump *label20 equal *tmp54 false
-    * jump *label22 notEqual :page 7
-    * set *tmp57 1
-    * jump *label23 always
-    * label *label22
-    * op add *tmp57 :page 1
-    * label *label23
+  235 op add *tmp60 :page 1
+  236 select *tmp57 equal :page 7 1 *tmp60
   237 set :page *tmp57
   238 control enabled switch1 false
   239 label *label20

Modifications by Fast-dispatch case at line 9:9 (-5 instructions):
 
    10 sensor *tmp4 :block @type
    11 print *tmp4
    12 print " - "
-    * jump *label6 notEqual :page 1
+   13 multijump :page 0 0 (m:*label25)
+   14 multilabel *label34 (m:*label25)
+   15 multilabel *label26 (m:*label25)
+   16 label *label24
+   17 jump *label5 always
+   18 multilabel *label27 (m:*label25)
    19 label *label7
    20 print "contents:"
    21 print "\n"
 
    42 print "\n"
    43 jump *label5 always
    44 label *label6
-    * jump *label8 notEqual :page 2
+   45 multilabel *label28 (m:*label25)
    46 label *label9
    47 print "power:"
    48 print "\n"
 
    76 print "\n"
    77 jump *label5 always
    78 label *label8
-    * jump *label10 notEqual :page 3
+   79 multilabel *label29 (m:*label25)
    80 label *label11
    81 print "combat:"
    82 print "\n"
 
    98 print "\n"
    99 jump *label5 always
   100 label *label10
-    * jump *label12 notEqual :page 4
+  101 multilabel *label30 (m:*label25)
   102 label *label13
   103 print "status:"
   104 print "\n"
 
   124 print "\n"
   125 jump *label5 always
   126 label *label12
-    * jump *label14 notEqual :page 5
+  127 multilabel *label31 (m:*label25)
   128 label *label15
   129 print "position:"
   130 print "\n"
 
   146 print "\n"
   147 jump *label5 always
   148 label *label14
-    * jump *label16 notEqual :page 6
+  149 multilabel *label32 (m:*label25)
   150 label *label17
   151 print "unit:"
   152 print "\n"
 
   196 print "\n"
   197 jump *label5 always
   198 label *label16
-    * jump *label18 notEqual :page 7
+  199 multilabel *label33 (m:*label25)
   200 label *label19
   201 print "other:"
   202 print "\n"
 
   227 print "solid: "
   228 print *tmp53
   229 print "\n"
-    * label *label18
   230 label *label5
   231 jump *label4 always
   232 label *label3

Modifications by Iterated phase, Temp Variables Elimination, pass 2, iteration 1 (-1 instructions):
 
   237 sensor *tmp54 switch1 @enabled
   238 jump *label20 equal *tmp54 false
   239 op add *tmp60 :page 1
-    * select *tmp57 equal :page 7 1 *tmp60
-    * set :page *tmp57
+  240 select :page equal :page 7 1 *tmp60
   241 control enabled switch1 false
   242 label *label20
   243 label *label21

Modifications by Jumps phase, Unreachable Code Elimination, pass 4, iteration 1 (-1 instructions):
 
    13 multijump :page 0 0 (m:*label25)
    14 multilabel *label34 (m:*label25)
    15 multilabel *label26 (m:*label25)
-    * label *label24
    16 jump *label5 always
    17 multilabel *label27 (m:*label25)
-    * label *label7
    18 print "contents:"
    19 print "\n"
    20 sensor *tmp7 :block @totalItems
 
    39 print *tmp12
    40 print "\n"
    41 jump *label5 always
-    * label *label6
    42 multilabel *label28 (m:*label25)
-    * label *label9
    43 print "power:"
    44 print "\n"
    45 sensor *tmp13 :block @totalPower
 
    71 print *tmp22
    72 print "\n"
    73 jump *label5 always
-    * label *label8
    74 multilabel *label29 (m:*label25)
-    * label *label11
    75 print "combat:"
    76 print "\n"
    77 sensor *tmp23 :block @ammo
 
    91 print *tmp26
    92 print "\n"
    93 jump *label5 always
-    * label *label10
    94 multilabel *label30 (m:*label25)
-    * label *label13
    95 print "status:"
    96 print "\n"
    97 sensor *tmp27 :block @heat
 
   115 print *tmp31
   116 print "\n"
   117 jump *label5 always
-    * label *label12
   118 multilabel *label31 (m:*label25)
-    * label *label15
   119 print "position:"
   120 print "\n"
   121 sensor *tmp32 :block @rotation
 
   135 print *tmp35
   136 print "\n"
   137 jump *label5 always
-    * label *label14
   138 multilabel *label32 (m:*label25)
-    * label *label17
   139 print "unit:"
   140 print "\n"
   141 sensor *tmp36 :block @shootX
 
   183 print *tmp46
   184 print "\n"
   185 jump *label5 always
-    * label *label16
   186 multilabel *label33 (m:*label25)
-    * label *label19
   187 print "other:"
   188 print "\n"
   189 sensor *tmp47 :block @team
 
   226 select :page equal :page 7 1 *tmp60
   227 control enabled switch1 false
   228 label *label20
-    * label *label21
-    * label *label1
   229 jump *label0 always
-    * label *label2
-    * end

Modifications by Jumps phase, Jump Threading, pass 4, iteration 1:
 
    13 multijump :page 0 0 (m:*label25)
    14 multilabel *label34 (m:*label25)
    15 multilabel *label26 (m:*label25)
-    * jump *label5 always
+   16 jump *label4 always
    17 multilabel *label27 (m:*label25)
    18 print "contents:"
    19 print "\n"
 
    38 print "liquidCapacity: "
    39 print *tmp12
    40 print "\n"
-    * jump *label5 always
+   41 jump *label4 always
    42 multilabel *label28 (m:*label25)
    43 print "power:"
    44 print "\n"
 
    70 print "powerNetOut: "
    71 print *tmp22
    72 print "\n"
-    * jump *label5 always
+   73 jump *label4 always
    74 multilabel *label29 (m:*label25)
    75 print "combat:"
    76 print "\n"
 
    90 print "maxHealth: "
    91 print *tmp26
    92 print "\n"
-    * jump *label5 always
+   93 jump *label4 always
    94 multilabel *label30 (m:*label25)
    95 print "status:"
    96 print "\n"
 
   114 print "range: "
   115 print *tmp31
   116 print "\n"
-    * jump *label5 always
+  117 jump *label4 always
   118 multilabel *label31 (m:*label25)
   119 print "position:"
   120 print "\n"
 
   134 print "size: "
   135 print *tmp35
   136 print "\n"
-    * jump *label5 always
+  137 jump *label4 always
   138 multilabel *label32 (m:*label25)
   139 print "unit:"
   140 print "\n"
 
   182 print "controller: "
   183 print *tmp46
   184 print "\n"
-    * jump *label5 always
+  185 jump *label4 always
   186 multilabel *label33 (m:*label25)
   187 print "other:"
   188 print "\n"
 
   221 label *label4
   222 printflush message1
   223 sensor *tmp54 switch1 @enabled
-    * jump *label20 equal *tmp54 false
+  224 jump *label0 equal *tmp54 false
   225 op add *tmp60 :page 1
   226 select :page equal :page 7 1 *tmp60
   227 control enabled switch1 false

Modifications by Final phase, Print Merging, iteration 1 (-95 instructions):
     0 set :page 1
     1 label *label0
     2 getlink :block 2
-    * print "Property detector - page "
-    * print :page
-    * print "/"
-    * print 7
-    * print "\n"
+    3 print "Property detector - page {0}/7\n"
+    4 format :page
     5 sensor *tmp1 :block @dead
     6 jump *label3 strictNotEqual *tmp1 0
     7 sensor *tmp4 :block @type
 
    12 multilabel *label26 (m:*label25)
    13 jump *label4 always
    14 multilabel *label27 (m:*label25)
-    * print "contents:"
-    * print "\n"
+   15 print "contents:\ntotalItems: {0}\nfirstItem: {0}\nitemCapacity: {0}\ntotalLiquids: {0}\nliquidCapacity: {0}\n"
    16 sensor *tmp7 :block @totalItems
-    * print "totalItems: "
-    * print *tmp7
-    * print "\n"
+   17 format *tmp7
    18 sensor *tmp8 :block @firstItem
-    * print "firstItem: "
-    * print *tmp8
-    * print "\n"
+   19 format *tmp8
    20 sensor *tmp9 :block @itemCapacity
-    * print "itemCapacity: "
-    * print *tmp9
-    * print "\n"
+   21 format *tmp9
    22 sensor *tmp10 :block @totalLiquids
    23 op floor *tmp11 *tmp10
-    * print "totalLiquids: "
-    * print *tmp11
-    * print "\n"
+   24 format *tmp11
    25 sensor *tmp12 :block @liquidCapacity
-    * print "liquidCapacity: "
-    * print *tmp12
-    * print "\n"
+   26 format *tmp12
    27 jump *label4 always
    28 multilabel *label28 (m:*label25)
-    * print "power:"
-    * print "\n"
+   29 print "power:\ntotalPower: {0}\npowerCapacity: {0}\npowerNetStored: {0}\npowerNetCapacity: {0}\npowerNetIn: {0}\npowerNetOut: {0}\n"
    30 sensor *tmp13 :block @totalPower
    31 op floor *tmp14 *tmp13
-    * print "totalPower: "
-    * print *tmp14
-    * print "\n"
+   32 format *tmp14
    33 sensor *tmp15 :block @powerCapacity
-    * print "powerCapacity: "
-    * print *tmp15
-    * print "\n"
+   34 format *tmp15
    35 sensor *tmp16 :block @powerNetStored
    36 op floor *tmp17 *tmp16
-    * print "powerNetStored: "
-    * print *tmp17
-    * print "\n"
+   37 format *tmp17
    38 sensor *tmp18 :block @powerNetCapacity
-    * print "powerNetCapacity: "
-    * print *tmp18
-    * print "\n"
+   39 format *tmp18
    40 sensor *tmp19 :block @powerNetIn
    41 op floor *tmp20 *tmp19
-    * print "powerNetIn: "
-    * print *tmp20
-    * print "\n"
+   42 format *tmp20
    43 sensor *tmp21 :block @powerNetOut
    44 op floor *tmp22 *tmp21
-    * print "powerNetOut: "
-    * print *tmp22
-    * print "\n"
+   45 format *tmp22
    46 jump *label4 always
    47 multilabel *label29 (m:*label25)
-    * print "combat:"
-    * print "\n"
+   48 print "combat:\nammo: {0}\nammoCapacity: {0}\nhealth: {0}\nmaxHealth: {0}\n"
    49 sensor *tmp23 :block @ammo
-    * print "ammo: "
-    * print *tmp23
-    * print "\n"
+   50 format *tmp23
    51 sensor *tmp24 :block @ammoCapacity
-    * print "ammoCapacity: "
-    * print *tmp24
-    * print "\n"
+   52 format *tmp24
    53 sensor *tmp25 :block @health
-    * print "health: "
-    * print *tmp25
-    * print "\n"
+   54 format *tmp25
    55 sensor *tmp26 :block @maxHealth
-    * print "maxHealth: "
-    * print *tmp26
-    * print "\n"
+   56 format *tmp26
    57 jump *label4 always
    58 multilabel *label30 (m:*label25)
-    * print "status:"
-    * print "\n"
+   59 print "status:\nheat: {0}\nefficiency: {0}\ntimescale: {0}\ndead: {0}\nrange: {0}\n"
    60 sensor *tmp27 :block @heat
-    * print "heat: "
-    * print *tmp27
-    * print "\n"
+   61 format *tmp27
    62 sensor *tmp28 :block @efficiency
-    * print "efficiency: "
-    * print *tmp28
-    * print "\n"
+   63 format *tmp28
    64 sensor *tmp29 :block @timescale
-    * print "timescale: "
-    * print *tmp29
-    * print "\n"
+   65 format *tmp29
    66 sensor *tmp30 :block @dead
-    * print "dead: "
-    * print *tmp30
-    * print "\n"
+   67 format *tmp30
    68 sensor *tmp31 :block @range
-    * print "range: "
-    * print *tmp31
-    * print "\n"
+   69 format *tmp31
    70 jump *label4 always
    71 multilabel *label31 (m:*label25)
-    * print "position:"
-    * print "\n"
+   72 print "position:\nrotation: {0}\nx: {0}\ny: {0}\nsize: {0}\n"
    73 sensor *tmp32 :block @rotation
-    * print "rotation: "
-    * print *tmp32
-    * print "\n"
+   74 format *tmp32
    75 sensor *tmp33 :block @x
-    * print "x: "
-    * print *tmp33
-    * print "\n"
+   76 format *tmp33
    77 sensor *tmp34 :block @y
-    * print "y: "
-    * print *tmp34
-    * print "\n"
+   78 format *tmp34
    79 sensor *tmp35 :block @size
-    * print "size: "
-    * print *tmp35
-    * print "\n"
+   80 format *tmp35
    81 jump *label4 always
    82 multilabel *label32 (m:*label25)
-    * print "unit:"
-    * print "\n"
+   83 print "unit:\nshootX: {0}\nshootY: {0}\nshooting: {0}\nboosting: {0}\nmineX: {0}\nmineY: {0}\nmining: {0}\npayloadCount: {0}\npayloadType: {0}\ncontrolled: {0}\ncontroller: {0}\n"
    84 sensor *tmp36 :block @shootX
-    * print "shootX: "
-    * print *tmp36
-    * print "\n"
+   85 format *tmp36
    86 sensor *tmp37 :block @shootY
-    * print "shootY: "
-    * print *tmp37
-    * print "\n"
+   87 format *tmp37
    88 sensor *tmp38 :block @shooting
-    * print "shooting: "
-    * print *tmp38
-    * print "\n"
+   89 format *tmp38
    90 sensor *tmp39 :block @boosting
-    * print "boosting: "
-    * print *tmp39
-    * print "\n"
+   91 format *tmp39
    92 sensor *tmp40 :block @mineX
-    * print "mineX: "
-    * print *tmp40
-    * print "\n"
+   93 format *tmp40
    94 sensor *tmp41 :block @mineY
-    * print "mineY: "
-    * print *tmp41
-    * print "\n"
+   95 format *tmp41
    96 sensor *tmp42 :block @mining
-    * print "mining: "
-    * print *tmp42
-    * print "\n"
+   97 format *tmp42
    98 sensor *tmp43 :block @payloadCount
-    * print "payloadCount: "
-    * print *tmp43
-    * print "\n"
+   99 format *tmp43
   100 sensor *tmp44 :block @payloadType
-    * print "payloadType: "
-    * print *tmp44
-    * print "\n"
+  101 format *tmp44
   102 sensor *tmp45 :block @controlled
-    * print "controlled: "
-    * print *tmp45
-    * print "\n"
+  103 format *tmp45
   104 sensor *tmp46 :block @controller
-    * print "controller: "
-    * print *tmp46
-    * print "\n"
+  105 format *tmp46
   106 jump *label4 always
   107 multilabel *label33 (m:*label25)
-    * print "other:"
-    * print "\n"
+  108 print "other:\nteam: {0}\ntype: {0}\nflag: {0}\nname: {0}\nconfig: {0}\nenabled: {0}\nsolid: {0}\n"
   109 sensor *tmp47 :block @team
-    * print "team: "
-    * print *tmp47
-    * print "\n"
-    * print "type: "
-    * print *tmp4
-    * print "\n"
+  110 format *tmp47
+  111 format *tmp4
   112 sensor *tmp49 :block @flag
-    * print "flag: "
-    * print *tmp49
-    * print "\n"
+  113 format *tmp49
   114 sensor *tmp50 :block @name
-    * print "name: "
-    * print *tmp50
-    * print "\n"
+  115 format *tmp50
   116 sensor *tmp51 :block @config
-    * print "config: "
-    * print *tmp51
-    * print "\n"
+  117 format *tmp51
   118 sensor *tmp52 :block @enabled
-    * print "enabled: "
-    * print *tmp52
-    * print "\n"
+  119 format *tmp52
   120 sensor *tmp53 :block @solid
-    * print "solid: "
-    * print *tmp53
-    * print "\n"
+  121 format *tmp53
   122 jump *label4 always
   123 label *label3
-    * print "No linked block found."
-    * print "\n"
+  124 print "No linked block found.\n"
   125 label *label4
   126 printflush message1
   127 sensor *tmp54 switch1 @enabled

Code size and number of instantiations by function:
  Size  Times  AvgSize  Function
   122     1x    122,0  <no function>

Runtime error at instruction #4: 'sensor *tmp0 :block @dead':
Instruction not supported by Mindcode emulator.
Use the '#set err-unsupported-opcode = false;' directive to ignore this error.

Emulator output (6 steps, 0.07 sec):
Property detector - page 1/7

