   254 instructions before optimizations.
     4 instructions eliminated by Temp Variables Elimination (2 passes, 7 iterations).
     1 instructions eliminated by Case Expression Optimization.
    12 instructions eliminated by Dead Code Elimination (5 iterations).
     1 instructions eliminated by Jump Normalization (5 iterations).
     2 instructions eliminated by Condition Optimization (6 iterations).
     2 instructions eliminated by Single Step Elimination (6 iterations).
     2 instructions eliminated by Boolean Optimization (6 iterations).
       1 fully-evaluated expressions optimized using selects.
     1 instructions eliminated by Data Flow Optimization (6 iterations).
     5 instructions eliminated by Case Switching (4 iterations).
     1 case expressions converted to fast dispatch by Case Switching.
     7 instructions eliminated by Jump Straightening (6 iterations).
     8 instructions updated by Jump Threading.
     1 instructions eliminated by Unreachable Code Elimination (2 iterations).
    95 instructions eliminated by Print Merging.
   121 instructions after optimizations.

Pass 1: speed optimization selection (cost limit 777):
  * Fast-dispatch case at line 9:9                               size    -6, benefit       37.5, efficiency   Infinity (-5 instructions)

Code size and number of instantiations by function:
  Size  Times  AvgSize  Function
   122     1x    122,0  <no function>
