    28 instructions before optimizations.
     8 instructions eliminated by Temp Variables Elimination (5 iterations).
     2 instructions eliminated by Dead Code Elimination (4 iterations).
     2 instructions eliminated by Single Step Elimination (2 passes, 6 iterations).
     1 instructions updated by Jump Threading.
    16 instructions after optimizations.

Code size and number of instantiations by function:
  Size  Times  AvgSize  Function
    16     1x     16,0  <no function>

    43 instructions before optimizations.
     2 instructions eliminated by Temp Variables Elimination (5 iterations).
     8 instructions eliminated by Dead Code Elimination (6 iterations).
     2 instructions eliminated by Condition Optimization (5 iterations).
     3 instructions eliminated by Single Step Elimination (2 passes, 6 iterations).
     1 instructions eliminated by Boolean Optimization (5 iterations).
       1 fully-evaluated expressions optimized using selects.
     3 instructions updated by Jump Threading.
    27 instructions after optimizations.

Code size and number of instantiations by function:
  Size  Times  AvgSize  Function
    27     1x     27,0  <no function>
