    77 instructions before optimizations.
     3 instructions eliminated by Temp Variables Elimination (5 iterations).
     4 instructions eliminated by Dead Code Elimination (6 iterations).
     1 instructions eliminated by Jump Normalization (4 iterations).
     1 instructions eliminated by Condition Optimization (5 iterations).
     1 instructions eliminated by Single Step Elimination (5 iterations).
    11 instructions eliminated by Data Flow Optimization (2 passes, 7 iterations).
    25 instructions added by Loop Unrolling (3 iterations).
     1 loops unrolled by Loop Unrolling.
     1 instructions eliminated by Unreachable Code Elimination (2 iterations).
    10 instructions eliminated by Print Merging.
    70 instructions after optimizations.

Pass 1: speed optimization selection (cost limit 934):
  * Unroll iteration loop at line 16:9                           size   +11, benefit      975.0, efficiency     88.636 (+15 instructions)

Modifications by Initial phase, Dead Code Elimination, iteration 1 (-1 instructions):
 
    68 label *label20
    69 set *tmp11 null
    70 label *label21
-    * set *tmp8 *tmp11
    71 label *label19
    72 label *label7
    73 multijump *tmp7 0 0 (m:marker0)

Modifications by Initial phase, Dead Code Elimination, iteration 2 (-2 instructions):
 
    63 ucontrol flag .answerFlag
    64 set *tmp12 .serviced
    65 op add .serviced .serviced 1
-    * set *tmp11 *tmp12
    66 jump *label21 always
    67 label *label20
-    * set *tmp11 null
    68 label *label21
    69 label *label19
    70 label *label7

Modifications by Initial phase, Dead Code Elimination, iteration 3 (-1 instructions):
 
    61 op equal *tmp10 *tmp9 .queryFlag
    62 jump *label20 equal *tmp10 false
    63 ucontrol flag .answerFlag
-    * set *tmp12 .serviced
    64 op add .serviced .serviced 1
    65 jump *label21 always
    66 label *label20

Modifications by Initial phase, Temp Variables Elimination, iteration 1 (-3 instructions):
 
     2 jump *label0 equal vault1 null
     3 label *label1
     4 jump *label1 equal message1 null
-    * op add *tmp0 99999900 LINK_ID
-    * set .queryFlag *tmp0
+    5 op add .queryFlag 99999900 LINK_ID
     6 sensor *tmp1 vault1 @x
     7 sensor *tmp2 vault1 @y
     8 op mul *tmp3 @mapw *tmp2
     9 op add *tmp4 *tmp1 *tmp3
-    * op mul *tmp5 100 *tmp4
-    * set .position *tmp5
-    * op add *tmp6 .position LINK_ID
-    * set .answerFlag *tmp6
+   10 op mul .position 100 *tmp4
+   11 op add .answerFlag .position LINK_ID
    12 set .serviced 0
    13 label *label3
    14 jump *label5 equal true false

Modifications by Iterated phase, Jump Normalization, pass 1, iteration 1 (-1 instructions):
 
    11 op add .answerFlag .position LINK_ID
    12 set .serviced 0
    13 label *label3
-    * jump *label5 equal true false
    14 set :start @time
    15 set :unit @mono
    16 setaddr *tmp7 *label9

Modifications by Iterated phase, Condition Optimization, pass 1, iteration 1 (-1 instructions):
 
    54 set :processUnit:unit :unit
    55 ubind :processUnit:unit
    56 sensor *tmp9 @unit @flag
-    * op equal *tmp10 *tmp9 .queryFlag
-    * jump *label20 equal *tmp10 false
+   57 jump *label20 notEqual *tmp9 .queryFlag
    58 ucontrol flag .answerFlag
    59 op add .serviced .serviced 1
    60 jump *label21 always

Modifications by Iterated phase, Single Step Elimination, pass 1, iteration 1 (-1 instructions):
 
    57 jump *label20 notEqual *tmp9 .queryFlag
    58 ucontrol flag .answerFlag
    59 op add .serviced .serviced 1
-    * jump *label21 always
    60 label *label20
    61 label *label21
    62 label *label19

Modifications by Iterated phase, Data Flow Optimization, pass 1, iteration 1:
 
    52 setaddr *tmp7 *label18
    53 label *label6
    54 set :processUnit:unit :unit
-    * ubind :processUnit:unit
+   55 ubind :unit
    56 sensor *tmp9 @unit @flag
    57 jump *label20 notEqual *tmp9 .queryFlag
    58 ucontrol flag .answerFlag

Modifications by Iterated phase, Data Flow Optimization, pass 1, iteration 2 (-1 instructions):
 
    51 set :unit @eclipse
    52 setaddr *tmp7 *label18
    53 label *label6
-    * set :processUnit:unit :unit
    54 ubind :unit
    55 sensor *tmp9 @unit @flag
    56 jump *label20 notEqual *tmp9 .queryFlag

Modifications by Unroll iteration loop at line 16:9 (+25 instructions):
 
    12 set .serviced 0
    13 label *label3
    14 set :start @time
-    * set :unit @mono
-    * setaddr *tmp7 *label9
-    * jump *label6 always
-    * multilabel *label9 (m:marker0)
-    * set :unit @poly
-    * setaddr *tmp7 *label10
-    * jump *label6 always
-    * multilabel *label10 (m:marker0)
-    * set :unit @mega
-    * setaddr *tmp7 *label11
-    * jump *label6 always
-    * multilabel *label11 (m:marker0)
-    * set :unit @quad
-    * setaddr *tmp7 *label12
-    * jump *label6 always
-    * multilabel *label12 (m:marker0)
-    * set :unit @oct
-    * setaddr *tmp7 *label13
-    * jump *label6 always
-    * multilabel *label13 (m:marker0)
-    * set :unit @flare
-    * setaddr *tmp7 *label14
-    * jump *label6 always
-    * multilabel *label14 (m:marker0)
-    * set :unit @horizon
-    * setaddr *tmp7 *label15
-    * jump *label6 always
-    * multilabel *label15 (m:marker0)
-    * set :unit @zenith
-    * setaddr *tmp7 *label16
-    * jump *label6 always
-    * multilabel *label16 (m:marker0)
-    * set :unit @antumbra
-    * setaddr *tmp7 *label17
-    * jump *label6 always
-    * multilabel *label17 (m:marker0)
-    * set :unit @eclipse
-    * setaddr *tmp7 *label18
-    * label *label6
-    * ubind :unit
-    * sensor *tmp9 @unit @flag
-    * jump *label20 notEqual *tmp9 .queryFlag
-    * ucontrol flag .answerFlag
-    * op add .serviced .serviced 1
-    * label *label20
-    * label *label21
-    * label *label19
-    * label *label7
-    * multijump *tmp7 0 0 (m:marker0)
-    * multilabel *label18 (m:marker0)
-    * label *label8
+   15 set :unit @mono
+   16 label *label22
+   17 ubind :unit
+   18 sensor *tmp9 @unit @flag
+   19 jump *label23 notEqual *tmp9 .queryFlag
+   20 ucontrol flag .answerFlag
+   21 op add .serviced .serviced 1
+   22 label *label23
+   23 label *label24
+   24 label *label25
+   25 label *label26
+   26 set :unit @poly
+   27 label *label29
+   28 ubind :unit
+   29 sensor *tmp9 @unit @flag
+   30 jump *label30 notEqual *tmp9 .queryFlag
+   31 ucontrol flag .answerFlag
+   32 op add .serviced .serviced 1
+   33 label *label30
+   34 label *label31
+   35 label *label32
+   36 label *label33
+   37 set :unit @mega
+   38 label *label36
+   39 ubind :unit
+   40 sensor *tmp9 @unit @flag
+   41 jump *label37 notEqual *tmp9 .queryFlag
+   42 ucontrol flag .answerFlag
+   43 op add .serviced .serviced 1
+   44 label *label37
+   45 label *label38
+   46 label *label39
+   47 label *label40
+   48 set :unit @quad
+   49 label *label43
+   50 ubind :unit
+   51 sensor *tmp9 @unit @flag
+   52 jump *label44 notEqual *tmp9 .queryFlag
+   53 ucontrol flag .answerFlag
+   54 op add .serviced .serviced 1
+   55 label *label44
+   56 label *label45
+   57 label *label46
+   58 label *label47
+   59 set :unit @oct
+   60 label *label50
+   61 ubind :unit
+   62 sensor *tmp9 @unit @flag
+   63 jump *label51 notEqual *tmp9 .queryFlag
+   64 ucontrol flag .answerFlag
+   65 op add .serviced .serviced 1
+   66 label *label51
+   67 label *label52
+   68 label *label53
+   69 label *label54
+   70 set :unit @flare
+   71 label *label57
+   72 ubind :unit
+   73 sensor *tmp9 @unit @flag
+   74 jump *label58 notEqual *tmp9 .queryFlag
+   75 ucontrol flag .answerFlag
+   76 op add .serviced .serviced 1
+   77 label *label58
+   78 label *label59
+   79 label *label60
+   80 label *label61
+   81 set :unit @horizon
+   82 label *label64
+   83 ubind :unit
+   84 sensor *tmp9 @unit @flag
+   85 jump *label65 notEqual *tmp9 .queryFlag
+   86 ucontrol flag .answerFlag
+   87 op add .serviced .serviced 1
+   88 label *label65
+   89 label *label66
+   90 label *label67
+   91 label *label68
+   92 set :unit @zenith
+   93 label *label71
+   94 ubind :unit
+   95 sensor *tmp9 @unit @flag
+   96 jump *label72 notEqual *tmp9 .queryFlag
+   97 ucontrol flag .answerFlag
+   98 op add .serviced .serviced 1
+   99 label *label72
+  100 label *label73
+  101 label *label74
+  102 label *label75
+  103 set :unit @antumbra
+  104 label *label78
+  105 ubind :unit
+  106 sensor *tmp9 @unit @flag
+  107 jump *label79 notEqual *tmp9 .queryFlag
+  108 ucontrol flag .answerFlag
+  109 op add .serviced .serviced 1
+  110 label *label79
+  111 label *label80
+  112 label *label81
+  113 label *label82
+  114 set :unit @eclipse
+  115 label *label85
+  116 ubind :unit
+  117 sensor *tmp9 @unit @flag
+  118 jump *label86 notEqual *tmp9 .queryFlag
+  119 ucontrol flag .answerFlag
+  120 op add .serviced .serviced 1
+  121 label *label86
+  122 label *label87
+  123 label *label88
+  124 label *label89
+  125 label *label8
   126 print "Remote vault [gold]#"
   127 print LINK_ID
   128 print "["

Modifications by Iterated phase, Data Flow Optimization, pass 1, iteration 1:
 
    14 set :start @time
    15 set :unit @mono
    16 label *label22
-    * ubind :unit
+   17 ubind @mono
    18 sensor *tmp9 @unit @flag
    19 jump *label23 notEqual *tmp9 .queryFlag
    20 ucontrol flag .answerFlag
 
    25 label *label26
    26 set :unit @poly
    27 label *label29
-    * ubind :unit
+   28 ubind @poly
    29 sensor *tmp9 @unit @flag
    30 jump *label30 notEqual *tmp9 .queryFlag
    31 ucontrol flag .answerFlag
 
    36 label *label33
    37 set :unit @mega
    38 label *label36
-    * ubind :unit
+   39 ubind @mega
    40 sensor *tmp9 @unit @flag
    41 jump *label37 notEqual *tmp9 .queryFlag
    42 ucontrol flag .answerFlag
 
    47 label *label40
    48 set :unit @quad
    49 label *label43
-    * ubind :unit
+   50 ubind @quad
    51 sensor *tmp9 @unit @flag
    52 jump *label44 notEqual *tmp9 .queryFlag
    53 ucontrol flag .answerFlag
 
    58 label *label47
    59 set :unit @oct
    60 label *label50
-    * ubind :unit
+   61 ubind @oct
    62 sensor *tmp9 @unit @flag
    63 jump *label51 notEqual *tmp9 .queryFlag
    64 ucontrol flag .answerFlag
 
    69 label *label54
    70 set :unit @flare
    71 label *label57
-    * ubind :unit
+   72 ubind @flare
    73 sensor *tmp9 @unit @flag
    74 jump *label58 notEqual *tmp9 .queryFlag
    75 ucontrol flag .answerFlag
 
    80 label *label61
    81 set :unit @horizon
    82 label *label64
-    * ubind :unit
+   83 ubind @horizon
    84 sensor *tmp9 @unit @flag
    85 jump *label65 notEqual *tmp9 .queryFlag
    86 ucontrol flag .answerFlag
 
    91 label *label68
    92 set :unit @zenith
    93 label *label71
-    * ubind :unit
+   94 ubind @zenith
    95 sensor *tmp9 @unit @flag
    96 jump *label72 notEqual *tmp9 .queryFlag
    97 ucontrol flag .answerFlag
 
   102 label *label75
   103 set :unit @antumbra
   104 label *label78
-    * ubind :unit
+  105 ubind @antumbra
   106 sensor *tmp9 @unit @flag
   107 jump *label79 notEqual *tmp9 .queryFlag
   108 ucontrol flag .answerFlag
 
   113 label *label82
   114 set :unit @eclipse
   115 label *label85
-    * ubind :unit
+  116 ubind @eclipse
   117 sensor *tmp9 @unit @flag
   118 jump *label86 notEqual *tmp9 .queryFlag
   119 ucontrol flag .answerFlag

Modifications by Iterated phase, Data Flow Optimization, pass 1, iteration 2 (-10 instructions):
 
    12 set .serviced 0
    13 label *label3
    14 set :start @time
-    * set :unit @mono
    15 label *label22
    16 ubind @mono
    17 sensor *tmp9 @unit @flag
 
    22 label *label24
    23 label *label25
    24 label *label26
-    * set :unit @poly
    25 label *label29
    26 ubind @poly
    27 sensor *tmp9 @unit @flag
 
    32 label *label31
    33 label *label32
    34 label *label33
-    * set :unit @mega
    35 label *label36
    36 ubind @mega
    37 sensor *tmp9 @unit @flag
 
    42 label *label38
    43 label *label39
    44 label *label40
-    * set :unit @quad
    45 label *label43
    46 ubind @quad
    47 sensor *tmp9 @unit @flag
 
    52 label *label45
    53 label *label46
    54 label *label47
-    * set :unit @oct
    55 label *label50
    56 ubind @oct
    57 sensor *tmp9 @unit @flag
 
    62 label *label52
    63 label *label53
    64 label *label54
-    * set :unit @flare
    65 label *label57
    66 ubind @flare
    67 sensor *tmp9 @unit @flag
 
    72 label *label59
    73 label *label60
    74 label *label61
-    * set :unit @horizon
    75 label *label64
    76 ubind @horizon
    77 sensor *tmp9 @unit @flag
 
    82 label *label66
    83 label *label67
    84 label *label68
-    * set :unit @zenith
    85 label *label71
    86 ubind @zenith
    87 sensor *tmp9 @unit @flag
 
    92 label *label73
    93 label *label74
    94 label *label75
-    * set :unit @antumbra
    95 label *label78
    96 ubind @antumbra
    97 sensor *tmp9 @unit @flag
 
   102 label *label80
   103 label *label81
   104 label *label82
-    * set :unit @eclipse
   105 label *label85
   106 ubind @eclipse
   107 sensor *tmp9 @unit @flag

Modifications by Jumps phase, Unreachable Code Elimination, pass 3, iteration 1 (-1 instructions):
 
    12 set .serviced 0
    13 label *label3
    14 set :start @time
-    * label *label22
    15 ubind @mono
    16 sensor *tmp9 @unit @flag
    17 jump *label23 notEqual *tmp9 .queryFlag
    18 ucontrol flag .answerFlag
    19 op add .serviced .serviced 1
    20 label *label23
-    * label *label24
-    * label *label25
-    * label *label26
-    * label *label29
    21 ubind @poly
    22 sensor *tmp9 @unit @flag
    23 jump *label30 notEqual *tmp9 .queryFlag
    24 ucontrol flag .answerFlag
    25 op add .serviced .serviced 1
    26 label *label30
-    * label *label31
-    * label *label32
-    * label *label33
-    * label *label36
    27 ubind @mega
    28 sensor *tmp9 @unit @flag
    29 jump *label37 notEqual *tmp9 .queryFlag
    30 ucontrol flag .answerFlag
    31 op add .serviced .serviced 1
    32 label *label37
-    * label *label38
-    * label *label39
-    * label *label40
-    * label *label43
    33 ubind @quad
    34 sensor *tmp9 @unit @flag
    35 jump *label44 notEqual *tmp9 .queryFlag
    36 ucontrol flag .answerFlag
    37 op add .serviced .serviced 1
    38 label *label44
-    * label *label45
-    * label *label46
-    * label *label47
-    * label *label50
    39 ubind @oct
    40 sensor *tmp9 @unit @flag
    41 jump *label51 notEqual *tmp9 .queryFlag
    42 ucontrol flag .answerFlag
    43 op add .serviced .serviced 1
    44 label *label51
-    * label *label52
-    * label *label53
-    * label *label54
-    * label *label57
    45 ubind @flare
    46 sensor *tmp9 @unit @flag
    47 jump *label58 notEqual *tmp9 .queryFlag
    48 ucontrol flag .answerFlag
    49 op add .serviced .serviced 1
    50 label *label58
-    * label *label59
-    * label *label60
-    * label *label61
-    * label *label64
    51 ubind @horizon
    52 sensor *tmp9 @unit @flag
    53 jump *label65 notEqual *tmp9 .queryFlag
    54 ucontrol flag .answerFlag
    55 op add .serviced .serviced 1
    56 label *label65
-    * label *label66
-    * label *label67
-    * label *label68
-    * label *label71
    57 ubind @zenith
    58 sensor *tmp9 @unit @flag
    59 jump *label72 notEqual *tmp9 .queryFlag
    60 ucontrol flag .answerFlag
    61 op add .serviced .serviced 1
    62 label *label72
-    * label *label73
-    * label *label74
-    * label *label75
-    * label *label78
    63 ubind @antumbra
    64 sensor *tmp9 @unit @flag
    65 jump *label79 notEqual *tmp9 .queryFlag
    66 ucontrol flag .answerFlag
    67 op add .serviced .serviced 1
    68 label *label79
-    * label *label80
-    * label *label81
-    * label *label82
-    * label *label85
    69 ubind @eclipse
    70 sensor *tmp9 @unit @flag
    71 jump *label86 notEqual *tmp9 .queryFlag
    72 ucontrol flag .answerFlag
    73 op add .serviced .serviced 1
    74 label *label86
-    * label *label87
-    * label *label88
-    * label *label89
-    * label *label8
    75 print "Remote vault [gold]#"
    76 print LINK_ID
    77 print "["
 
    89 print " ms"
    90 print "\n"
    91 printflush message1
-    * label *label4
    92 jump *label3 always
-    * label *label5
-    * label *label2
-    * end

Modifications by Final phase, Print Merging, iteration 1 (-10 instructions):
 
    72 ucontrol flag .answerFlag
    73 op add .serviced .serviced 1
    74 label *label86
-    * print "Remote vault [gold]#"
-    * print LINK_ID
-    * print "["
-    * print "]"
-    * print "\n"
-    * print "Queries serviced: [green]"
-    * print .serviced
-    * print "["
-    * print "]"
-    * print "\n"
+   75 print "Remote vault [gold]#{0}[]\nQueries serviced: [green]{0}[]\n[lightgray]Loop time: {0} ms\n"
+   76 format LINK_ID
+   77 format .serviced
    78 op sub *tmp13 @time :start
    79 op floor *tmp14 *tmp13
-    * print "[lightgray]Loop time: "
-    * print *tmp14
-    * print " ms"
-    * print "\n"
+   80 format *tmp14
    81 printflush message1
    82 jump *label3 always

Code size and number of instantiations by function:
  Size  Times  AvgSize  Function
    50    10x      5,0  inline def processUnit(in unit)
    21     1x     21,0  <no function>

Runtime error at instruction #1: 'jump 1 equal vault1 null':
Execution step limit of 100,000 exceeded.

Emulator output (100,000 steps, 833.35 sec):
The program didn't generate any output.
