   589 instructions before optimizations.
    39 instructions eliminated by Temp Variables Elimination (3 passes, 7 iterations).
    78 instructions eliminated by Dead Code Elimination (8 iterations).
C:\Home\golem\unit-transport\unit-transport-single.mnd:187:1 Variable 'iter' is not used.
     6 instructions eliminated by Jump Normalization (2 passes, 6 iterations).
    50 instructions eliminated by Condition Optimization (7 iterations).
    30 instructions eliminated by Single Step Elimination (3 passes, 9 iterations).
    12 instructions eliminated by Boolean Optimization (7 iterations).
       5 fully-evaluated expressions optimized using selects.
     2 instructions eliminated by Data Flow Optimization (3 passes, 13 iterations).
     5 instructions added by Loop Rotation (3 iterations).
       9 loop conditions were partially rotated.
     7 instructions eliminated by Jump Straightening (2 passes, 8 iterations).
     7 instructions updated by Jump Threading.
     3 instructions eliminated by Unreachable Code Elimination (3 iterations).
    50 instructions eliminated by Print Merging.
   317 instructions after optimizations.

Pass 1: speed optimization selection (cost limit 622):
  * Full loop rotation at line 45:1                              size    +1, benefit       26.0, efficiency     26.000 (+1 instructions)
    Full loop rotation at line 53:1                              size    +1, benefit       26.0, efficiency     26.000
    Partial loop rotation at line 113:9                          size    +1, benefit        6.3, efficiency      6.250
    Full loop rotation at line 307:1                             size    +1, benefit       26.0, efficiency     26.000
    Full loop rotation at line 317:5                             size    +1, benefit       13.0, efficiency     13.000

Pass 1: speed optimization selection (cost limit 621):
  * Full loop rotation at line 53:1                              size    +1, benefit       26.0, efficiency     26.000 (+1 instructions)
    Partial loop rotation at line 113:9                          size    +1, benefit        6.3, efficiency      6.250
    Full loop rotation at line 307:1                             size    +1, benefit       26.0, efficiency     26.000
    Full loop rotation at line 317:5                             size    +1, benefit       13.0, efficiency     13.000

Pass 1: speed optimization selection (cost limit 620):
    Partial loop rotation at line 113:9                          size    +1, benefit        6.3, efficiency      6.250
  * Full loop rotation at line 307:1                             size    +1, benefit       26.0, efficiency     26.000 (+0 instructions)
    Full loop rotation at line 317:5                             size    +1, benefit       13.0, efficiency     13.000

Pass 1: speed optimization selection (cost limit 620):
    Partial loop rotation at line 113:9                          size    +1, benefit        6.3, efficiency      6.250
  * Full loop rotation at line 317:5                             size    +1, benefit       13.0, efficiency     13.000 (+1 instructions)

Pass 1: speed optimization selection (cost limit 619):
  * Partial loop rotation at line 113:9                          size    +1, benefit        6.3, efficiency      6.250 (+1 instructions)
C:\Home\golem\unit-transport\unit-transport-single.mnd:97:49 Variable 'CORE_X' is not initialized.
C:\Home\golem\unit-transport\unit-transport-single.mnd:97:61 Variable 'CORE_Y' is not initialized.
C:\Home\golem\unit-transport\unit-transport-single.mnd:230:13 Variable 'MSG' is not initialized.

Modifications by Initial phase, Dead Code Elimination, iteration 1 (-50 instructions):
 
    33 jump *label10 equal *tmp6 false
    34 set :rebindUnit:first_unit @unit
    35 jump *label9 always
-    * set *tmp7 null
    36 jump *label11 always
    37 label *label10
-    * set *tmp7 null
    38 label *label11
    39 print "[salmon]No unit of type "
    40 print UNIT
 
    49 op equal *tmp9 *tmp8 @this
    50 jump *label15 equal *tmp9 false
    51 jump *label6 always
-    * set *tmp10 null
    52 jump *label16 always
    53 label *label15
-    * set *tmp10 null
    54 label *label16
    55 ubind UNIT
    56 print "[gold]Looking for old unit..."
 
    73 print UNIT
    74 print " "
    75 print "found."
-    * set *tmp15 null
    76 jump *label23 always
    77 label *label22
    78 sensor *tmp16 @unit @controlled
 
    88 jump *label18 always
    89 set *tmp18 null
    90 label *label25
-    * set *tmp15 *tmp18
    91 label *label23
    92 printflush message1
    93 label *label20
 
   122 jump *label32 equal *tmp27 false
   123 set .DROP_TARGET .CONTAINER
   124 set .CONTAINER :block
-    * set *tmp28 .CONTAINER
   125 jump *label33 always
   126 label *label32
-    * set *tmp28 null
   127 label *label33
   128 label *label30
   129 jump *label29 always
 
   132 jump *label34 equal *tmp29 false
   133 print "[salmon]No destination."
   134 print "\n"
-    * set *tmp30 "[salmon]No destination."
   135 jump *label35 always
   136 label *label34
   137 op notEqual *tmp31 .DROP_TARGET null
 
   157 jump *label28 always
   158 set *tmp34 null
   159 label *label37
-    * set *tmp30 *tmp34
   160 label *label35
   161 printflush message1
   162 label *label27
 
   169 printflush message1
   170 ulocate building core false @copper .CORE_X .CORE_Y *tmp38 *tmp37
   171 set .CORE *tmp37
-    * set *tmp36 .CORE
   172 jump *label41 always
   173 label *label40
   174 print "[gold]Locating vault #"
 
   232 label *label47
   233 set *tmp45 null
   234 label *label48
-    * set *tmp36 *tmp45
   235 label *label41
   236 op equal *tmp57 .CORE null
   237 jump *label56 equal *tmp57 false
   238 end
-    * set *tmp58 null
   239 jump *label57 always
   240 label *label56
-    * set *tmp58 null
   241 label *label57
   242 set .SORTER sorter1
   243 sensor *tmp59 .SORTER @type
 
   256 jump *label63 equal *tmp62 false
   257 print "Block found: "
   258 print .SORTER
-    * set *tmp63 .SORTER
   259 jump *label64 always
   260 label *label63
-    * set *tmp63 null
   261 label *label64
   262 printflush message1
   263 set .SORTER sorter1
 
   292 set *tmp75 "[] from vault #"
   293 label *label68
   294 set .DIRECTION *tmp75
-    * set *tmp66 .DIRECTION
   295 jump *label66 always
   296 label *label65
   297 op greaterThan *tmp76 LINK_ID 0
 
   322 set *tmp88 "[] to vault #"
   323 label *label70
   324 set .DIRECTION *tmp88
-    * set *tmp66 .DIRECTION
   325 label *label66
   326 op equal *tmp89 LINK_ID 0
   327 jump *label71 equal *tmp89 false
 
   344 set .DROP_TARGET .CORE
   345 set .DROP_X .CORE_X
   346 set .DROP_Y .CORE_Y
-    * set *tmp96 .DROP_Y
   347 jump *label74 always
   348 label *label73
   349 sensor *tmp97 .DROP_TARGET @x
   350 set .DROP_X *tmp97
   351 sensor *tmp98 .DROP_TARGET @y
   352 set .DROP_Y *tmp98
-    * set *tmp96 .DROP_Y
   353 label *label74
   354 set .LAST_ITEM @mono
-    * set :iter 0
   355 set :loop_time 0
   356 set :state 1
   357 ucontrol stop
 
   374 print UNIT
   375 print " "
   376 print "found."
-    * set *tmp107 null
   377 jump *label85 always
   378 label *label84
   379 sensor *tmp108 @unit @controlled
 
   389 jump *label80 always
   390 set *tmp110 null
   391 label *label87
-    * set *tmp107 *tmp110
   392 label *label85
   393 printflush message1
   394 label *label82
 
   397 label *label80
   398 ucontrol flag 1
   399 set :state 1
-    * set *tmp105 :state
   400 jump *label79 always
   401 label *label78
-    * set *tmp105 null
   402 label *label79
   403 sensor *tmp111 .SORTER @config
   404 set .ITEM *tmp111
 
   416 label *label92
   417 set .LAST_ITEM .ITEM
   418 set :state 1
-    * set *tmp113 :state
   419 jump *label89 always
   420 label *label88
-    * set *tmp113 null
   421 label *label89
   422 set :show_state 0
   423 op equal *tmp116 :state 1
 
   450 label *label98
   451 set *tmp120 *tmp123
   452 label *label96
-    * set *tmp117 *tmp120
   453 jump *label94 always
   454 label *label93
-    * set *tmp117 null
   455 label *label94
   456 op equal *tmp126 :state 2
   457 jump *label101 equal *tmp126 false
 
   480 set :show_state 2
   481 set *tmp129 :show_state
   482 label *label104
-    * set *tmp127 *tmp129
   483 jump *label102 always
   484 label *label101
-    * set *tmp127 null
   485 label *label102
   486 op equal *tmp136 :state 3
   487 jump *label107 equal *tmp136 false
 
   511 set :show_state 3
   512 set *tmp139 :show_state
   513 label *label110
-    * set *tmp137 *tmp139
   514 jump *label108 always
   515 label *label107
-    * set *tmp137 null
   516 label *label108
-    * set :iter 0
   517 print "Moving [green]"
   518 print .ITEM
   519 print .DIRECTION
 
   531 print .LOCAL_MARGIN
   532 print "["
   533 print "])"
-    * set *tmp148 null
   534 jump *label114 always
   535 label *label113
-    * set *tmp148 null
   536 label *label114
   537 jump *label115 equal .SHOW_REMOTE_LEVEL false
   538 sensor *tmp150 .CORE .ITEM
 
   552 label *label117
   553 set *tmp152 null
   554 label *label118
-    * set *tmp149 *tmp152
   555 jump *label116 always
   556 label *label115
-    * set *tmp149 null
   557 label *label116
   558 sensor *tmp153 @unit @totalItems
   559 print .MSG
 
   574 print " "
   575 print "sec[]"
   576 print "\n"
-    * set *tmp155 null
   577 jump *label120 always
   578 label *label119
   579 op equal *tmp163 :show_state 3
 
   595 label *label121
   596 set *tmp164 null
   597 label *label122
-    * set *tmp155 *tmp164
   598 label *label120
   599 op floor *tmp172 :loop_time
   600 print "[lightgray]Loop time: "
 
   606 op equal *tmp174 *tmp173 0
   607 jump *label123 equal *tmp174 false
   608 jump *label77 always
-    * set *tmp175 null
   609 jump *label124 always
   610 label *label123
-    * set *tmp175 null
   611 label *label124
   612 sensor *tmp176 .SRC @dead
   613 op notEqual *tmp177 *tmp176 0
   614 jump *label125 equal *tmp177 false
   615 jump *label77 always
-    * set *tmp178 null
   616 jump *label126 always
   617 label *label125
-    * set *tmp178 null
   618 label *label126
   619 sensor *tmp179 .DST @dead
   620 op notEqual *tmp180 *tmp179 0
   621 jump *label127 equal *tmp180 false
   622 jump *label77 always
-    * set *tmp181 null
   623 jump *label128 always
   624 label *label127
-    * set *tmp181 null
   625 label *label128
   626 sensor *tmp182 .SORTER @dead
   627 op notEqual *tmp183 *tmp182 0
   628 jump *label129 equal *tmp183 false
   629 jump *label77 always
-    * set *tmp184 null
   630 jump *label130 always
   631 label *label129
-    * set *tmp184 null
   632 label *label130
   633 op sub *tmp185 @time :start
   634 set :loop_time *tmp185
 
   669 label *label139
   670 jump *label138 always
   671 label *label140
-    * set *tmp189 null
   672 jump *label135 always
   673 label *label134
-    * set *tmp189 null
   674 label *label135
   675 end

Modifications by Initial phase, Dead Code Elimination, iteration 2 (-18 instructions):
 
    82 print UNIT
    83 print "."
    84 print ".."
-    * set *tmp18 null
    85 jump *label25 always
    86 label *label24
    87 jump *label18 always
-    * set *tmp18 null
    88 label *label25
    89 label *label23
    90 printflush message1
 
   149 print "\"
   150 print "n"
   151 print "[salmon]Item dump must be a container or a vault!"
-    * set *tmp34 null
   152 jump *label37 always
   153 label *label36
   154 jump *label28 always
-    * set *tmp34 null
   155 label *label37
   156 label *label35
   157 printflush message1
 
   223 label *label54
   224 set *tmp56 null
   225 label *label55
-    * set *tmp45 *tmp56
   226 jump *label48 always
   227 label *label47
-    * set *tmp45 null
   228 label *label48
   229 label *label41
   230 op equal *tmp57 .CORE null
 
   377 print UNIT
   378 print "."
   379 print ".."
-    * set *tmp110 null
   380 jump *label87 always
   381 label *label86
   382 jump *label80 always
-    * set *tmp110 null
   383 label *label87
   384 label *label85
   385 printflush message1
 
   418 op equal *tmp119 *tmp118 .ITEM
   419 jump *label95 equal *tmp119 false
   420 set :state 3
-    * set *tmp120 :state
   421 jump *label96 always
   422 label *label95
   423 sensor *tmp121 @unit @totalItems
 
   439 label *label100
   440 set *tmp123 *tmp125
   441 label *label98
-    * set *tmp120 *tmp123
   442 label *label96
   443 jump *label94 always
   444 label *label93
 
   462 set .MSG "\nLoading items: [green]"
   463 set *tmp135 .MSG
   464 label *label106
-    * set *tmp129 *tmp135
   465 jump *label104 always
   466 label *label103
   467 ucontrol approach .SRC_X .SRC_Y 6
   468 set .MSG "\nGoing to source: [green]"
   469 set :show_state 2
-    * set *tmp129 :show_state
   470 label *label104
   471 jump *label102 always
   472 label *label101
 
   491 set .MSG "\nDropping items: [green]"
   492 set *tmp145 .MSG
   493 label *label112
-    * set *tmp139 *tmp145
   494 jump *label110 always
   495 label *label109
   496 ucontrol approach .DST_X .DST_Y 6
   497 set .MSG "\nGoing to destination: [green]"
   498 set :show_state 3
-    * set *tmp139 :show_state
   499 label *label110
   500 jump *label108 always
   501 label *label107
 
   533 print .REMOTE_MARGIN
   534 print "["
   535 print "])"
-    * set *tmp152 null
   536 jump *label118 always
   537 label *label117
-    * set *tmp152 null
   538 label *label118
   539 jump *label116 always
   540 label *label115
 
   574 print " "
   575 print "sec[]"
   576 print "\n"
-    * set *tmp164 null
   577 jump *label122 always
   578 label *label121
-    * set *tmp164 null
   579 label *label122
   580 label *label120
   581 op floor *tmp172 :loop_time

Modifications by Initial phase, Dead Code Elimination, iteration 3 (-8 instructions):
 
   218 op notEqual *tmp55 :b_type @vault
   219 jump *label54 equal *tmp55 false
   220 set .CORE null
-    * set *tmp56 .CORE
   221 jump *label55 always
   222 label *label54
-    * set *tmp56 null
   223 label *label55
   224 jump *label48 always
   225 label *label47
 
   422 op equal *tmp122 *tmp121 0
   423 jump *label97 equal *tmp122 false
   424 set :state 2
-    * set *tmp123 :state
   425 jump *label98 always
   426 label *label97
   427 set .MSG "\nUnloading previous items: [green]"
 
   434 label *label99
   435 set *tmp125 null
   436 label *label100
-    * set *tmp123 *tmp125
   437 label *label98
   438 label *label96
   439 jump *label94 always
 
   452 op greaterThanEq *tmp134 *tmp133 .UNIT_CAPACITY
   453 jump *label105 equal *tmp134 false
   454 set :state 3
-    * set *tmp135 :state
   455 jump *label106 always
   456 label *label105
   457 set .MSG "\nLoading items: [green]"
-    * set *tmp135 .MSG
   458 label *label106
   459 jump *label104 always
   460 label *label103
 
   479 jump *label111 equal *tmp144 false
   480 set :state 2
   481 ucontrol approach .SRC_X .SRC_Y 6
-    * set *tmp145 null
   482 jump *label112 always
   483 label *label111
   484 set .MSG "\nDropping items: [green]"
-    * set *tmp145 .MSG
   485 label *label112
   486 jump *label110 always
   487 label *label109

Modifications by Initial phase, Dead Code Elimination, iteration 4 (-2 instructions):
 
   429 ucontrol within .DROP_X .DROP_Y 8 *tmp124
   430 jump *label99 equal *tmp124 false
   431 ucontrol itemDrop .DROP_TARGET .UNIT_CAPACITY
-    * set *tmp125 null
   432 jump *label100 always
   433 label *label99
-    * set *tmp125 null
   434 label *label100
   435 label *label98
   436 label *label96

Modifications by Initial phase, Temp Variables Elimination, iteration 1 (-37 instructions):
 
     5 set LOCAL_LIMIT 100
     6 remark "How much of remote container capacity to use, in percents (20-100)."
     7 set REMOTE_LIMIT 100
-    * op max *tmp0 LOCAL_LIMIT 20
-    * set .EFF_LOCAL_LIMIT *tmp0
-    * op max *tmp1 REMOTE_LIMIT 20
-    * set .EFF_REMOTE_LIMIT *tmp1
+    8 op max .EFF_LOCAL_LIMIT LOCAL_LIMIT 20
+    9 op max .EFF_REMOTE_LIMIT REMOTE_LIMIT 20
    10 label *label0
    11 sensor *tmp2 switch1 @enabled
    12 op equal *tmp3 *tmp2 false
 
    94 label *label4
    95 jump *label3 always
    96 label *label5
-    * sensor *tmp19 @unit @itemCapacity
-    * set .UNIT_CAPACITY *tmp19
+   97 sensor .UNIT_CAPACITY @unit @itemCapacity
    98 sensor *tmp20 @unit @speed
-    * op div *tmp21 *tmp20 10
-    * set .SPEED_SEC *tmp21
+   99 op div .SPEED_SEC *tmp20 10
   100 ucontrol flag 1
   101 label *label26
   102 jump *label28 equal true false
   103 set .CONTAINER null
   104 set .DROP_TARGET null
-    * set *tmp22 @links
-    * set :n *tmp22
+  105 set :n @links
   106 label *label29
   107 op greaterThan *tmp23 :n 0
   108 jump *label31 equal *tmp23 false
-    * op sub *tmp24 :n 1
-    * set :n *tmp24
-    * getlink *tmp25 :n
-    * set :block *tmp25
+  109 op sub :n :n 1
+  110 getlink :block :n
   111 sensor *tmp26 :block @itemCapacity
   112 op greaterThan *tmp27 *tmp26 0
   113 jump *label32 equal *tmp27 false
 
   156 jump *label40 equal *tmp35 false
   157 print "[gold]Locating core..."
   158 printflush message1
-    * ulocate building core false @copper .CORE_X .CORE_Y *tmp38 *tmp37
-    * set .CORE *tmp37
+  159 ulocate building core false @copper .CORE_X .CORE_Y *tmp38 .CORE
   160 jump *label41 always
   161 label *label40
   162 print "[gold]Locating vault #"
 
   164 print "."
   165 print ".."
   166 printflush message1
-    * op add *tmp39 99999900 LINK_ID
-    * set .QUERY_FLAG *tmp39
+  167 op add .QUERY_FLAG 99999900 LINK_ID
   168 set :flag .QUERY_FLAG
   169 ucontrol flag :flag
   170 label *label42
 
   177 jump *label45 always
   178 label *label45
   179 ucontrol stop
-    * sensor *tmp43 @unit @flag
-    * set :flag *tmp43
+  180 sensor :flag @unit @flag
   181 label *label43
   182 jump *label42 always
   183 label *label44
   184 op notEqual *tmp44 :flag .QUERY_FLAG
   185 jump *label47 equal *tmp44 false
-    * op idiv *tmp46 :flag 100
-    * set :position *tmp46
-    * op mod *tmp47 :position @mapw
-    * set .CORE_X *tmp47
-    * op idiv *tmp48 :position @mapw
-    * set .CORE_Y *tmp48
+  186 op idiv :position :flag 100
+  187 op mod .CORE_X :position @mapw
+  188 op idiv .CORE_Y :position @mapw
   189 label *label49
   190 ucontrol within .CORE_X .CORE_Y 8 *tmp49
   191 op equal *tmp50 *tmp49 false
 
   200 label *label50
   201 jump *label49 always
   202 label *label51
-    * ucontrol getBlock .CORE_X .CORE_Y :b_type *tmp53 *tmp54
-    * set .CORE *tmp53
+  203 ucontrol getBlock .CORE_X .CORE_Y :b_type .CORE *tmp54
   204 op notEqual *tmp55 :b_type @vault
   205 jump *label54 equal *tmp55 false
   206 set .CORE null
 
   218 label *label56
   219 label *label57
   220 set .SORTER sorter1
-    * sensor *tmp59 .SORTER @type
-    * set :sorter_type *tmp59
+  221 sensor :sorter_type .SORTER @type
   222 label *label58
   223 op notEqual *tmp60 :sorter_type @sorter
   224 jump *label60 equal *tmp60 false
 
   238 label *label64
   239 printflush message1
   240 set .SORTER sorter1
-    * sensor *tmp64 .SORTER @type
-    * set :sorter_type *tmp64
+  241 sensor :sorter_type .SORTER @type
   242 label *label59
   243 jump *label58 always
   244 label *label60
 
   247 set .SHOW_REMOTE_LEVEL true
   248 set .SRC .CORE
   249 set .DST .CONTAINER
-    * sensor *tmp67 .SRC @itemCapacity
-    * set :src_capacity *tmp67
-    * sensor *tmp68 .DST @itemCapacity
-    * set :dst_capacity *tmp68
+  250 sensor :src_capacity .SRC @itemCapacity
+  251 sensor :dst_capacity .DST @itemCapacity
   252 op sub *tmp69 100 .EFF_REMOTE_LIMIT
   253 op mul *tmp70 :src_capacity *tmp69
-    * op idiv *tmp71 *tmp70 100
-    * set .LOAD_LEVEL *tmp71
+  254 op idiv .LOAD_LEVEL *tmp70 100
   255 op mul *tmp72 :dst_capacity .EFF_LOCAL_LIMIT
-    * op idiv *tmp73 *tmp72 100
-    * set .DROP_LEVEL *tmp73
+  256 op idiv .DROP_LEVEL *tmp72 100
   257 set .LOCAL_MARGIN .DROP_LEVEL
   258 set .REMOTE_MARGIN .LOAD_LEVEL
   259 op equal *tmp74 LINK_ID 0
 
   266 set .DIRECTION *tmp75
   267 jump *label66 always
   268 label *label65
-    * op greaterThan *tmp76 LINK_ID 0
-    * set .SHOW_REMOTE_LEVEL *tmp76
+  269 op greaterThan .SHOW_REMOTE_LEVEL LINK_ID 0
   270 set .SRC .CONTAINER
   271 set .DST .CORE
-    * sensor *tmp77 .SRC @itemCapacity
-    * set :src_capacity *tmp77
-    * sensor *tmp78 .DST @itemCapacity
-    * set :dst_capacity *tmp78
+  272 sensor :src_capacity .SRC @itemCapacity
+  273 sensor :dst_capacity .DST @itemCapacity
   274 op sub *tmp79 100 .EFF_LOCAL_LIMIT
   275 op mul *tmp80 :src_capacity *tmp79
-    * op idiv *tmp81 *tmp80 100
-    * set .LOAD_LEVEL *tmp81
+  276 op idiv .LOAD_LEVEL *tmp80 100
   277 op mul *tmp82 :dst_capacity .EFF_REMOTE_LIMIT
   278 op idiv *tmp83 *tmp82 100
   279 op equal *tmp84 LINK_ID 0
   280 op mul *tmp85 *tmp84 .UNIT_CAPACITY
-    * op add *tmp86 *tmp83 *tmp85
-    * set .DROP_LEVEL *tmp86
+  281 op add .DROP_LEVEL *tmp83 *tmp85
   282 set .LOCAL_MARGIN .LOAD_LEVEL
   283 set .REMOTE_MARGIN .DROP_LEVEL
   284 op equal *tmp87 LINK_ID 0
 
   298 set *tmp90 LINK_ID
   299 label *label72
   300 set .LINK_TXT *tmp90
-    * sensor *tmp91 .SRC @x
-    * set .SRC_X *tmp91
-    * sensor *tmp92 .SRC @y
-    * set .SRC_Y *tmp92
-    * sensor *tmp93 .DST @x
-    * set .DST_X *tmp93
-    * sensor *tmp94 .DST @y
-    * set .DST_Y *tmp94
+  301 sensor .SRC_X .SRC @x
+  302 sensor .SRC_Y .SRC @y
+  303 sensor .DST_X .DST @x
+  304 sensor .DST_Y .DST @y
   305 op equal *tmp95 .DROP_TARGET null
   306 jump *label73 equal *tmp95 false
   307 set .DROP_TARGET .CORE
 
   309 set .DROP_Y .CORE_Y
   310 jump *label74 always
   311 label *label73
-    * sensor *tmp97 .DROP_TARGET @x
-    * set .DROP_X *tmp97
-    * sensor *tmp98 .DROP_TARGET @y
-    * set .DROP_Y *tmp98
+  312 sensor .DROP_X .DROP_TARGET @x
+  313 sensor .DROP_Y .DROP_TARGET @y
   314 label *label74
   315 set .LAST_ITEM @mono
   316 set :loop_time 0
 
   318 ucontrol stop
   319 label *label75
   320 jump *label77 equal true false
-    * set *tmp99 @time
-    * set :start *tmp99
+  321 set :start @time
   322 sensor *tmp100 @unit @dead
   323 op equal *tmp101 *tmp100 0
   324 sensor *tmp102 @unit @controller
 
   358 jump *label79 always
   359 label *label78
   360 label *label79
-    * sensor *tmp111 .SORTER @config
-    * set .ITEM *tmp111
+  361 sensor .ITEM .SORTER @config
   362 op notEqual *tmp112 .ITEM .LAST_ITEM
   363 jump *label88 equal *tmp112 false
   364 label *label90
 
   366 jump *label92 equal *tmp114 false
   367 print "[salmon]No item type selected for transport."
   368 printflush message1
-    * sensor *tmp115 .SORTER @config
-    * set .ITEM *tmp115
+  369 sensor .ITEM .SORTER @config
   370 label *label91
   371 jump *label90 always
   372 label *label92
 
   409 jump *label103 equal *tmp128 false
   410 sensor *tmp130 .SRC .ITEM
   411 op sub *tmp131 *tmp130 .LOAD_LEVEL
-    * op max *tmp132 *tmp131 0
-    * set :max_load *tmp132
+  412 op max :max_load *tmp131 0
   413 ucontrol itemTake .SRC .ITEM :max_load
   414 sensor *tmp133 @unit @totalItems
   415 op greaterThanEq *tmp134 *tmp133 .UNIT_CAPACITY
 
   434 jump *label109 equal *tmp138 false
   435 sensor *tmp140 .DST .ITEM
   436 op sub *tmp141 .DROP_LEVEL *tmp140
-    * op max *tmp142 *tmp141 0
-    * set :max_drop *tmp142
+  437 op max :max_drop *tmp141 0
   438 ucontrol itemDrop .DST :max_drop
   439 sensor *tmp143 @unit @totalItems
   440 op lessThanEq *tmp144 *tmp143 0
 
   566 jump *label130 always
   567 label *label129
   568 label *label130
-    * op sub *tmp185 @time :start
-    * set :loop_time *tmp185
+  569 op sub :loop_time @time :start
   570 label *label76
   571 jump *label75 always
   572 label *label77

Modifications by Iterated phase, Jump Normalization, pass 1, iteration 1 (-5 instructions):
 
    25 jump *label5 equal *tmp5 false
    26 set :rebindUnit:first_unit null
    27 label *label7
-    * jump *label9 equal true false
    28 ubind UNIT
    29 op notEqual *tmp6 @unit null
    30 jump *label10 equal *tmp6 false
 
    62 jump *label12 always
    63 label *label14
    64 label *label19
-    * jump *label21 equal true false
    65 ubind UNIT
    66 op equal *tmp14 @unit null
    67 jump *label22 equal *tmp14 false
 
    97 op div .SPEED_SEC *tmp20 10
    98 ucontrol flag 1
    99 label *label26
-    * jump *label28 equal true false
   100 set .CONTAINER null
   101 set .DROP_TARGET null
   102 set :n @links
 
   314 set :state 1
   315 ucontrol stop
   316 label *label75
-    * jump *label77 equal true false
   317 set :start @time
   318 sensor *tmp100 @unit @dead
   319 op equal *tmp101 *tmp100 0
 
   322 op lessThanEq *tmp104 *tmp101 *tmp103
   323 jump *label78 equal *tmp104 false
   324 label *label81
-    * jump *label83 equal true false
   325 ubind UNIT
   326 op equal *tmp106 @unit null
   327 jump *label84 equal *tmp106 false

Modifications by Iterated phase, Jump Straightening, pass 1, iteration 1 (-2 instructions):
 
    58 label *label17
    59 sensor *tmp12 :rebindUnit:first_unit @dead
    60 op equal *tmp13 *tmp12 0
-    * jump *label14 equal *tmp13 false
-    * jump *label12 always
+   61 jump *label12 notEqual *tmp13 false
    62 label *label14
    63 label *label19
    64 ubind UNIT
 
   581 jump *label136 notEqual *tmp187 false
   582 label *label137
   583 sensor *tmp188 .DST @dead
-    * jump *label136 notEqual *tmp188 false
-    * jump *label134 always
+  584 jump *label134 equal *tmp188 false
   585 label *label136
   586 control enabled switch1 false
   587 label *label138

Modifications by Iterated phase, Condition Optimization, pass 1, iteration 1 (-50 instructions):
 
     9 op max .EFF_REMOTE_LIMIT REMOTE_LIMIT 20
    10 label *label0
    11 sensor *tmp2 switch1 @enabled
-    * op equal *tmp3 *tmp2 false
-    * jump *label2 equal *tmp3 false
+   12 jump *label2 notEqual *tmp2 false
    13 print "Unit Transport - Single"
    14 print "\n"
    15 print "Activate switch to start."
 
    20 label *label2
    21 label *label3
    22 sensor *tmp4 @unit @dead
-    * op notEqual *tmp5 *tmp4 0
-    * jump *label5 equal *tmp5 false
+   23 jump *label5 equal *tmp4 0
    24 set :rebindUnit:first_unit null
    25 label *label7
    26 ubind UNIT
-    * op notEqual *tmp6 @unit null
-    * jump *label10 equal *tmp6 false
+   27 jump *label10 equal @unit null
    28 set :rebindUnit:first_unit @unit
    29 jump *label9 always
    30 jump *label11 always
 
    40 label *label9
    41 label *label12
    42 sensor *tmp8 @unit @controller
-    * op equal *tmp9 *tmp8 @this
-    * jump *label15 equal *tmp9 false
+   43 jump *label15 notEqual *tmp8 @this
    44 jump *label6 always
    45 jump *label16 always
    46 label *label15
 
    49 print "[gold]Looking for old unit..."
    50 printflush message1
    51 label *label13
-    * op notEqual *tmp11 @unit :rebindUnit:first_unit
-    * jump *label14 equal *tmp11 false
+   52 jump *label14 equal @unit :rebindUnit:first_unit
    53 label *label17
    54 sensor *tmp12 :rebindUnit:first_unit @dead
-    * op equal *tmp13 *tmp12 0
-    * jump *label12 notEqual *tmp13 false
+   55 jump *label12 equal *tmp12 0
    56 label *label14
    57 label *label19
    58 ubind UNIT
-    * op equal *tmp14 @unit null
-    * jump *label22 equal *tmp14 false
+   59 jump *label22 notEqual @unit null
    60 print "[salmon]No unit of type "
    61 print UNIT
    62 print " "
 
    64 jump *label23 always
    65 label *label22
    66 sensor *tmp16 @unit @controlled
-    * op notEqual *tmp17 *tmp16 0
-    * jump *label24 equal *tmp17 false
+   67 jump *label24 equal *tmp16 0
    68 print "[salmon]Looking for a free "
    69 print UNIT
    70 print "."
 
    92 set .DROP_TARGET null
    93 set :n @links
    94 label *label29
-    * op greaterThan *tmp23 :n 0
-    * jump *label31 equal *tmp23 false
+   95 jump *label31 lessThanEq :n 0
    96 op sub :n :n 1
    97 getlink :block :n
    98 sensor *tmp26 :block @itemCapacity
-    * op greaterThan *tmp27 *tmp26 0
-    * jump *label32 equal *tmp27 false
+   99 jump *label32 lessThanEq *tmp26 0
   100 set .DROP_TARGET .CONTAINER
   101 set .CONTAINER :block
   102 jump *label33 always
 
   105 label *label30
   106 jump *label29 always
   107 label *label31
-    * op equal *tmp29 .CONTAINER null
-    * jump *label34 equal *tmp29 false
+  108 jump *label34 notEqual .CONTAINER null
   109 print "[salmon]No destination."
   110 print "\n"
   111 jump *label35 always
   112 label *label34
-    * op notEqual *tmp31 .DROP_TARGET null
-    * jump *label36 equal *tmp31 false
+  113 jump *label36 equal .DROP_TARGET null
   114 label *label39
   115 sensor *tmp32 .DROP_TARGET @itemCapacity
-    * op lessThan *tmp33 *tmp32 300
-    * jump *label36 equal *tmp33 false
+  116 jump *label36 greaterThanEq *tmp32 300
   117 jump *label38 always
   118 label *label38
   119 print "Destination: "
 
   135 jump *label26 always
   136 label *label28
   137 set .CORE null
-    * op equal *tmp35 LINK_ID 0
-    * jump *label40 equal *tmp35 false
+  138 jump *label40 notEqual LINK_ID 0
   139 print "[gold]Locating core..."
   140 printflush message1
   141 ulocate building core false @copper .CORE_X .CORE_Y *tmp38 .CORE
 
   150 set :flag .QUERY_FLAG
   151 ucontrol flag :flag
   152 label *label42
-    * op equal *tmp40 :flag .QUERY_FLAG
-    * jump *label44 equal *tmp40 false
+  153 jump *label44 notEqual :flag .QUERY_FLAG
   154 label *label46
   155 sensor *tmp41 @unit @dead
-    * op equal *tmp42 *tmp41 0
-    * jump *label44 equal *tmp42 false
+  156 jump *label44 notEqual *tmp41 0
   157 jump *label45 always
   158 label *label45
   159 ucontrol stop
 
   161 label *label43
   162 jump *label42 always
   163 label *label44
-    * op notEqual *tmp44 :flag .QUERY_FLAG
-    * jump *label47 equal *tmp44 false
+  164 jump *label47 equal :flag .QUERY_FLAG
   165 op idiv :position :flag 100
   166 op mod .CORE_X :position @mapw
   167 op idiv .CORE_Y :position @mapw
   168 label *label49
   169 ucontrol within .CORE_X .CORE_Y 8 *tmp49
-    * op equal *tmp50 *tmp49 false
-    * jump *label51 equal *tmp50 false
+  170 jump *label51 notEqual *tmp49 false
   171 label *label53
   172 sensor *tmp51 @unit @dead
-    * op equal *tmp52 *tmp51 0
-    * jump *label51 equal *tmp52 false
+  173 jump *label51 notEqual *tmp51 0
   174 jump *label52 always
   175 label *label52
   176 ucontrol approach .CORE_X .CORE_Y 6
 
   178 jump *label49 always
   179 label *label51
   180 ucontrol getBlock .CORE_X .CORE_Y :b_type .CORE *tmp54
-    * op notEqual *tmp55 :b_type @vault
-    * jump *label54 equal *tmp55 false
+  181 jump *label54 equal :b_type @vault
   182 set .CORE null
   183 jump *label55 always
   184 label *label54
 
   187 label *label47
   188 label *label48
   189 label *label41
-    * op equal *tmp57 .CORE null
-    * jump *label56 equal *tmp57 false
+  190 jump *label56 notEqual .CORE null
   191 end
   192 jump *label57 always
   193 label *label56
 
   195 set .SORTER sorter1
   196 sensor :sorter_type .SORTER @type
   197 label *label58
-    * op notEqual *tmp60 :sorter_type @sorter
-    * jump *label60 equal *tmp60 false
+  198 jump *label60 equal :sorter_type @sorter
   199 label *label62
-    * op notEqual *tmp61 :sorter_type @inverted-sorter
-    * jump *label60 equal *tmp61 false
+  200 jump *label60 equal :sorter_type @inverted-sorter
   201 jump *label61 always
   202 label *label61
   203 print "[salmon]Block sorter1 is neither a sorter, nor an inverted sorter."
   204 print "\n"
-    * op notEqual *tmp62 .SORTER null
-    * jump *label63 equal *tmp62 false
+  205 jump *label63 equal .SORTER null
   206 print "Block found: "
   207 print .SORTER
   208 jump *label64 always
 
   214 label *label59
   215 jump *label58 always
   216 label *label60
-    * op equal *tmp65 :sorter_type @sorter
-    * jump *label65 equal *tmp65 false
+  217 jump *label65 notEqual :sorter_type @sorter
   218 set .SHOW_REMOTE_LEVEL true
   219 set .SRC .CORE
   220 set .DST .CONTAINER
 
   227 op idiv .DROP_LEVEL *tmp72 100
   228 set .LOCAL_MARGIN .DROP_LEVEL
   229 set .REMOTE_MARGIN .LOAD_LEVEL
-    * op equal *tmp74 LINK_ID 0
-    * jump *label67 equal *tmp74 false
+  230 jump *label67 notEqual LINK_ID 0
   231 set *tmp75 "[] from core"
   232 jump *label68 always
   233 label *label67
 
   251 op add .DROP_LEVEL *tmp83 *tmp85
   252 set .LOCAL_MARGIN .LOAD_LEVEL
   253 set .REMOTE_MARGIN .DROP_LEVEL
-    * op equal *tmp87 LINK_ID 0
-    * jump *label69 equal *tmp87 false
+  254 jump *label69 notEqual LINK_ID 0
   255 set *tmp88 "[] to core"
   256 jump *label70 always
   257 label *label69
 
   259 label *label70
   260 set .DIRECTION *tmp88
   261 label *label66
-    * op equal *tmp89 LINK_ID 0
-    * jump *label71 equal *tmp89 false
+  262 jump *label71 notEqual LINK_ID 0
   263 set *tmp90 ""
   264 jump *label72 always
   265 label *label71
 
   270 sensor .SRC_Y .SRC @y
   271 sensor .DST_X .DST @x
   272 sensor .DST_Y .DST @y
-    * op equal *tmp95 .DROP_TARGET null
-    * jump *label73 equal *tmp95 false
+  273 jump *label73 notEqual .DROP_TARGET null
   274 set .DROP_TARGET .CORE
   275 set .DROP_X .CORE_X
   276 set .DROP_Y .CORE_Y
 
   289 op equal *tmp101 *tmp100 0
   290 sensor *tmp102 @unit @controller
   291 op notEqual *tmp103 *tmp102 @this
-    * op lessThanEq *tmp104 *tmp101 *tmp103
-    * jump *label78 equal *tmp104 false
+  292 jump *label78 greaterThan *tmp101 *tmp103
   293 label *label81
   294 ubind UNIT
-    * op equal *tmp106 @unit null
-    * jump *label84 equal *tmp106 false
+  295 jump *label84 notEqual @unit null
   296 print "[salmon]No unit of type "
   297 print UNIT
   298 print " "
 
   300 jump *label85 always
   301 label *label84
   302 sensor *tmp108 @unit @controlled
-    * op notEqual *tmp109 *tmp108 0
-    * jump *label86 equal *tmp109 false
+  303 jump *label86 equal *tmp108 0
   304 print "[salmon]Looking for a free "
   305 print UNIT
   306 print "."
 
   321 label *label78
   322 label *label79
   323 sensor .ITEM .SORTER @config
-    * op notEqual *tmp112 .ITEM .LAST_ITEM
-    * jump *label88 equal *tmp112 false
+  324 jump *label88 equal .ITEM .LAST_ITEM
   325 label *label90
-    * op equal *tmp114 .ITEM null
-    * jump *label92 equal *tmp114 false
+  326 jump *label92 notEqual .ITEM null
   327 print "[salmon]No item type selected for transport."
   328 printflush message1
   329 sensor .ITEM .SORTER @config
 
   336 label *label88
   337 label *label89
   338 set :show_state 0
-    * op equal *tmp116 :state 1
-    * jump *label93 equal *tmp116 false
+  339 jump *label93 notEqual :state 1
   340 sensor *tmp118 @unit @firstItem
-    * op equal *tmp119 *tmp118 .ITEM
-    * jump *label95 equal *tmp119 false
+  341 jump *label95 notEqual *tmp118 .ITEM
   342 set :state 3
   343 jump *label96 always
   344 label *label95
   345 sensor *tmp121 @unit @totalItems
-    * op equal *tmp122 *tmp121 0
-    * jump *label97 equal *tmp122 false
+  346 jump *label97 notEqual *tmp121 0
   347 set :state 2
   348 jump *label98 always
   349 label *label97
 
   360 jump *label94 always
   361 label *label93
   362 label *label94
-    * op equal *tmp126 :state 2
-    * jump *label101 equal *tmp126 false
+  363 jump *label101 notEqual :state 2
   364 ucontrol within .SRC_X .SRC_Y 8 *tmp128
   365 jump *label103 equal *tmp128 false
   366 sensor *tmp130 .SRC .ITEM
 
   368 op max :max_load *tmp131 0
   369 ucontrol itemTake .SRC .ITEM :max_load
   370 sensor *tmp133 @unit @totalItems
-    * op greaterThanEq *tmp134 *tmp133 .UNIT_CAPACITY
-    * jump *label105 equal *tmp134 false
+  371 jump *label105 lessThan *tmp133 .UNIT_CAPACITY
   372 set :state 3
   373 jump *label106 always
   374 label *label105
 
   383 jump *label102 always
   384 label *label101
   385 label *label102
-    * op equal *tmp136 :state 3
-    * jump *label107 equal *tmp136 false
+  386 jump *label107 notEqual :state 3
   387 ucontrol within .DST_X .DST_Y 8 *tmp138
   388 jump *label109 equal *tmp138 false
   389 sensor *tmp140 .DST .ITEM
 
   391 op max :max_drop *tmp141 0
   392 ucontrol itemDrop .DST :max_drop
   393 sensor *tmp143 @unit @totalItems
-    * op lessThanEq *tmp144 *tmp143 0
-    * jump *label111 equal *tmp144 false
+  394 jump *label111 greaterThan *tmp143 0
   395 set :state 2
   396 ucontrol approach .SRC_X .SRC_Y 6
   397 jump *label112 always
 
   418 print *tmp146
   419 print "["
   420 print "]"
-    * op lessThan *tmp147 .EFF_LOCAL_LIMIT 100
-    * jump *label113 equal *tmp147 false
+  421 jump *label113 greaterThanEq .EFF_LOCAL_LIMIT 100
   422 print " (limit [orange]"
   423 print .LOCAL_MARGIN
   424 print "["
 
   433 print *tmp150
   434 print "["
   435 print "]"
-    * op lessThan *tmp151 .EFF_REMOTE_LIMIT 100
-    * jump *label117 equal *tmp151 false
+  436 jump *label117 greaterThanEq .EFF_REMOTE_LIMIT 100
   437 print " (limit [orange]"
   438 print .REMOTE_MARGIN
   439 print "["
 
   449 print *tmp153
   450 print "[]"
   451 print "\n"
-    * op equal *tmp154 :show_state 2
-    * jump *label119 equal *tmp154 false
+  452 jump *label119 notEqual :show_state 2
   453 sensor *tmp156 @unit @x
   454 op sub *tmp157 .SRC_X *tmp156
   455 sensor *tmp158 @unit @y
 
   464 print "\n"
   465 jump *label120 always
   466 label *label119
-    * op equal *tmp163 :show_state 3
-    * jump *label121 equal *tmp163 false
+  467 jump *label121 notEqual :show_state 3
   468 sensor *tmp165 @unit @x
   469 op sub *tmp166 .DST_X *tmp165
   470 sensor *tmp167 @unit @y
 
   488 print "\n"
   489 printflush message1
   490 sensor *tmp173 switch1 @enabled
-    * op equal *tmp174 *tmp173 0
-    * jump *label123 equal *tmp174 false
+  491 jump *label123 notEqual *tmp173 0
   492 jump *label77 always
   493 jump *label124 always
   494 label *label123
   495 label *label124
   496 sensor *tmp176 .SRC @dead
-    * op notEqual *tmp177 *tmp176 0
-    * jump *label125 equal *tmp177 false
+  497 jump *label125 equal *tmp176 0
   498 jump *label77 always
   499 jump *label126 always
   500 label *label125
   501 label *label126
   502 sensor *tmp179 .DST @dead
-    * op notEqual *tmp180 *tmp179 0
-    * jump *label127 equal *tmp180 false
+  503 jump *label127 equal *tmp179 0
   504 jump *label77 always
   505 jump *label128 always
   506 label *label127
   507 label *label128
   508 sensor *tmp182 .SORTER @dead
-    * op notEqual *tmp183 *tmp182 0
-    * jump *label129 equal *tmp183 false
+  509 jump *label129 equal *tmp182 0
   510 jump *label77 always
   511 jump *label130 always
   512 label *label129
 
   537 control enabled switch1 false
   538 label *label138
   539 sensor *tmp191 switch1 @enabled
-    * op equal *tmp192 *tmp191 false
-    * jump *label140 equal *tmp192 false
+  540 jump *label140 notEqual *tmp191 false
   541 print "[salmon]Local or remote container became invalid."
   542 print "\n"
   543 print "[gold]Please fix and press button to reinitialize."

Modifications by Iterated phase, Single Step Elimination, pass 1, iteration 1 (-26 instructions):
 
    27 jump *label10 equal @unit null
    28 set :rebindUnit:first_unit @unit
    29 jump *label9 always
-    * jump *label11 always
    30 label *label10
    31 label *label11
    32 print "[salmon]No unit of type "
 
    41 sensor *tmp8 @unit @controller
    42 jump *label15 notEqual *tmp8 @this
    43 jump *label6 always
-    * jump *label16 always
    44 label *label15
    45 label *label16
    46 ubind UNIT
 
    97 jump *label32 lessThanEq *tmp26 0
    98 set .DROP_TARGET .CONTAINER
    99 set .CONTAINER :block
-    * jump *label33 always
   100 label *label32
   101 label *label33
   102 label *label30
 
   111 label *label39
   112 sensor *tmp32 .DROP_TARGET @itemCapacity
   113 jump *label36 greaterThanEq *tmp32 300
-    * jump *label38 always
   114 label *label38
   115 print "Destination: "
   116 print .CONTAINER
 
   150 label *label46
   151 sensor *tmp41 @unit @dead
   152 jump *label44 notEqual *tmp41 0
-    * jump *label45 always
   153 label *label45
   154 ucontrol stop
   155 sensor :flag @unit @flag
 
   166 label *label53
   167 sensor *tmp51 @unit @dead
   168 jump *label51 notEqual *tmp51 0
-    * jump *label52 always
   169 label *label52
   170 ucontrol approach .CORE_X .CORE_Y 6
   171 label *label50
 
   174 ucontrol getBlock .CORE_X .CORE_Y :b_type .CORE *tmp54
   175 jump *label54 equal :b_type @vault
   176 set .CORE null
-    * jump *label55 always
   177 label *label54
   178 label *label55
-    * jump *label48 always
   179 label *label47
   180 label *label48
   181 label *label41
   182 jump *label56 notEqual .CORE null
   183 end
-    * jump *label57 always
   184 label *label56
   185 label *label57
   186 set .SORTER sorter1
 
   189 jump *label60 equal :sorter_type @sorter
   190 label *label62
   191 jump *label60 equal :sorter_type @inverted-sorter
-    * jump *label61 always
   192 label *label61
   193 print "[salmon]Block sorter1 is neither a sorter, nor an inverted sorter."
   194 print "\n"
   195 jump *label63 equal .SORTER null
   196 print "Block found: "
   197 print .SORTER
-    * jump *label64 always
   198 label *label63
   199 label *label64
   200 printflush message1
 
   306 label *label80
   307 ucontrol flag 1
   308 set :state 1
-    * jump *label79 always
   309 label *label78
   310 label *label79
   311 sensor .ITEM .SORTER @config
 
   320 label *label92
   321 set .LAST_ITEM .ITEM
   322 set :state 1
-    * jump *label89 always
   323 label *label88
   324 label *label89
   325 set :show_state 0
 
   339 ucontrol within .DROP_X .DROP_Y 8 *tmp124
   340 jump *label99 equal *tmp124 false
   341 ucontrol itemDrop .DROP_TARGET .UNIT_CAPACITY
-    * jump *label100 always
   342 label *label99
   343 label *label100
   344 label *label98
   345 label *label96
-    * jump *label94 always
   346 label *label93
   347 label *label94
   348 jump *label101 notEqual :state 2
 
   365 set .MSG "\nGoing to source: [green]"
   366 set :show_state 2
   367 label *label104
-    * jump *label102 always
   368 label *label101
   369 label *label102
   370 jump *label107 notEqual :state 3
 
   388 set .MSG "\nGoing to destination: [green]"
   389 set :show_state 3
   390 label *label110
-    * jump *label108 always
   391 label *label107
   392 label *label108
   393 print "Moving [green]"
 
   406 print .LOCAL_MARGIN
   407 print "["
   408 print "])"
-    * jump *label114 always
   409 label *label113
   410 label *label114
   411 jump *label115 equal .SHOW_REMOTE_LEVEL false
 
   420 print .REMOTE_MARGIN
   421 print "["
   422 print "])"
-    * jump *label118 always
   423 label *label117
   424 label *label118
-    * jump *label116 always
   425 label *label115
   426 label *label116
   427 sensor *tmp153 @unit @totalItems
 
   457 print " "
   458 print "sec[]"
   459 print "\n"
-    * jump *label122 always
   460 label *label121
   461 label *label122
   462 label *label120
 
   469 sensor *tmp173 switch1 @enabled
   470 jump *label123 notEqual *tmp173 0
   471 jump *label77 always
-    * jump *label124 always
   472 label *label123
   473 label *label124
   474 sensor *tmp176 .SRC @dead
   475 jump *label125 equal *tmp176 0
   476 jump *label77 always
-    * jump *label126 always
   477 label *label125
   478 label *label126
   479 sensor *tmp179 .DST @dead
   480 jump *label127 equal *tmp179 0
   481 jump *label77 always
-    * jump *label128 always
   482 label *label127
   483 label *label128
   484 sensor *tmp182 .SORTER @dead
   485 jump *label129 equal *tmp182 0
   486 jump *label77 always
-    * jump *label130 always
   487 label *label129
   488 label *label130
   489 op sub :loop_time @time :start
 
   522 label *label139
   523 jump *label138 always
   524 label *label140
-    * jump *label135 always
   525 label *label134
   526 label *label135
   527 end

Modifications by Iterated phase, Data Flow Optimization, pass 1, iteration 1:
 
   144 printflush message1
   145 op add .QUERY_FLAG 99999900 LINK_ID
   146 set :flag .QUERY_FLAG
-    * ucontrol flag :flag
+  147 ucontrol flag .QUERY_FLAG
   148 label *label42
   149 jump *label44 notEqual :flag .QUERY_FLAG
   150 label *label46
 
   184 label *label56
   185 label *label57
   186 set .SORTER sorter1
-    * sensor :sorter_type .SORTER @type
+  187 sensor :sorter_type sorter1 @type
   188 label *label58
   189 jump *label60 equal :sorter_type @sorter
   190 label *label62
 
   199 label *label64
   200 printflush message1
   201 set .SORTER sorter1
-    * sensor :sorter_type .SORTER @type
+  202 sensor :sorter_type sorter1 @type
   203 label *label59
   204 jump *label58 always
   205 label *label60
 
   207 set .SHOW_REMOTE_LEVEL true
   208 set .SRC .CORE
   209 set .DST .CONTAINER
-    * sensor :src_capacity .SRC @itemCapacity
-    * sensor :dst_capacity .DST @itemCapacity
+  210 sensor :src_capacity .CORE @itemCapacity
+  211 sensor :dst_capacity .CONTAINER @itemCapacity
   212 op sub *tmp69 100 .EFF_REMOTE_LIMIT
   213 op mul *tmp70 :src_capacity *tmp69
   214 op idiv .LOAD_LEVEL *tmp70 100
 
   228 op greaterThan .SHOW_REMOTE_LEVEL LINK_ID 0
   229 set .SRC .CONTAINER
   230 set .DST .CORE
-    * sensor :src_capacity .SRC @itemCapacity
-    * sensor :dst_capacity .DST @itemCapacity
+  231 sensor :src_capacity .CONTAINER @itemCapacity
+  232 sensor :dst_capacity .CORE @itemCapacity
   233 op sub *tmp79 100 .EFF_LOCAL_LIMIT
   234 op mul *tmp80 :src_capacity *tmp79
   235 op idiv .LOAD_LEVEL *tmp80 100
 
   393 print "Moving [green]"
   394 print .ITEM
   395 print .DIRECTION
-    * print .LINK_TXT
+  396 print *tmp90
   397 print "\"
   398 print "n"
   399 sensor *tmp146 .CONTAINER .ITEM

Modifications by Iterated phase, Data Flow Optimization, pass 1, iteration 2 (-1 instructions):
 
   254 label *label71
   255 set *tmp90 LINK_ID
   256 label *label72
-    * set .LINK_TXT *tmp90
   257 sensor .SRC_X .SRC @x
   258 sensor .SRC_Y .SRC @y
   259 sensor .DST_X .DST @x

Modifications by Iterated phase, Loop Rotation, pass 1, iteration 1:
 
    48 printflush message1
    49 label *label13
    50 jump *label14 equal @unit :rebindUnit:first_unit
-    * label *label17
    51 sensor *tmp12 :rebindUnit:first_unit @dead
    52 jump *label12 equal *tmp12 0
    53 label *label14
 
    90 set :n @links
    91 label *label29
    92 jump *label31 lessThanEq :n 0
+   93 label *label141
    94 op sub :n :n 1
    95 getlink :block :n
    96 sensor *tmp26 :block @itemCapacity
 
   100 label *label32
   101 label *label33
   102 label *label30
-    * jump *label29 always
+  103 jump *label141 greaterThan :n 0
   104 label *label31
   105 jump *label34 notEqual .CONTAINER null
   106 print "[salmon]No destination."
 
   147 ucontrol flag .QUERY_FLAG
   148 label *label42
   149 jump *label44 notEqual :flag .QUERY_FLAG
-    * label *label46
+  150 label *label142
   151 sensor *tmp41 @unit @dead
   152 jump *label44 notEqual *tmp41 0
-    * label *label45
   153 ucontrol stop
   154 sensor :flag @unit @flag
   155 label *label43
-    * jump *label42 always
+  156 jump *label142 equal :flag .QUERY_FLAG
   157 label *label44
   158 jump *label47 equal :flag .QUERY_FLAG
   159 op idiv :position :flag 100
 
   162 label *label49
   163 ucontrol within .CORE_X .CORE_Y 8 *tmp49
   164 jump *label51 notEqual *tmp49 false
-    * label *label53
   165 sensor *tmp51 @unit @dead
   166 jump *label51 notEqual *tmp51 0
-    * label *label52
   167 ucontrol approach .CORE_X .CORE_Y 6
   168 label *label50
   169 jump *label49 always
 
   184 sensor :sorter_type sorter1 @type
   185 label *label58
   186 jump *label60 equal :sorter_type @sorter
-    * label *label62
+  187 label *label143
   188 jump *label60 equal :sorter_type @inverted-sorter
-    * label *label61
   189 print "[salmon]Block sorter1 is neither a sorter, nor an inverted sorter."
   190 print "\n"
   191 jump *label63 equal .SORTER null
 
   197 set .SORTER sorter1
   198 sensor :sorter_type sorter1 @type
   199 label *label59
-    * jump *label58 always
+  200 jump *label143 notEqual :sorter_type @sorter
   201 label *label60
   202 jump *label65 notEqual :sorter_type @sorter
   203 set .SHOW_REMOTE_LEVEL true
 
   307 jump *label88 equal .ITEM .LAST_ITEM
   308 label *label90
   309 jump *label92 notEqual .ITEM null
+  310 label *label144
   311 print "[salmon]No item type selected for transport."
   312 printflush message1
   313 sensor .ITEM .SORTER @config
   314 label *label91
-    * jump *label90 always
+  315 jump *label144 equal .ITEM null
   316 label *label92
   317 set .LAST_ITEM .ITEM
   318 set :state 1

Modifications by Iterated phase, Boolean Optimization, pass 1, iteration 1 (-12 instructions):
 
   108 jump *label35 always
   109 label *label34
   110 jump *label36 equal .DROP_TARGET null
-    * label *label39
   111 sensor *tmp32 .DROP_TARGET @itemCapacity
   112 jump *label36 greaterThanEq *tmp32 300
-    * label *label38
   113 print "Destination: "
   114 print .CONTAINER
   115 print "\"
 
   167 jump *label49 always
   168 label *label51
   169 ucontrol getBlock .CORE_X .CORE_Y :b_type .CORE *tmp54
-    * jump *label54 equal :b_type @vault
-    * set .CORE null
-    * label *label54
-    * label *label55
+  170 select .CORE notEqual :b_type @vault null .CORE
   171 label *label47
   172 label *label48
   173 label *label41
 
   207 op idiv .DROP_LEVEL *tmp72 100
   208 set .LOCAL_MARGIN .DROP_LEVEL
   209 set .REMOTE_MARGIN .LOAD_LEVEL
-    * jump *label67 notEqual LINK_ID 0
-    * set *tmp75 "[] from core"
-    * jump *label68 always
-    * label *label67
-    * set *tmp75 "[] from vault #"
-    * label *label68
+  210 select *tmp75 equal LINK_ID 0 "[] from core" "[] from vault #"
   211 set .DIRECTION *tmp75
   212 jump *label66 always
   213 label *label65
 
   226 op add .DROP_LEVEL *tmp83 *tmp85
   227 set .LOCAL_MARGIN .LOAD_LEVEL
   228 set .REMOTE_MARGIN .DROP_LEVEL
-    * jump *label69 notEqual LINK_ID 0
-    * set *tmp88 "[] to core"
-    * jump *label70 always
-    * label *label69
-    * set *tmp88 "[] to vault #"
-    * label *label70
+  229 select *tmp88 equal LINK_ID 0 "[] to core" "[] to vault #"
   230 set .DIRECTION *tmp88
   231 label *label66
-    * jump *label71 notEqual LINK_ID 0
-    * set *tmp90 ""
-    * jump *label72 always
-    * label *label71
-    * set *tmp90 LINK_ID
-    * label *label72
+  232 select *tmp90 equal LINK_ID 0 "" LINK_ID
   233 sensor .SRC_X .SRC @x
   234 sensor .SRC_Y .SRC @y
   235 sensor .DST_X .DST @x
 
   328 op sub *tmp131 *tmp130 .LOAD_LEVEL
   329 op max :max_load *tmp131 0
   330 ucontrol itemTake .SRC .ITEM :max_load
-    * sensor *tmp133 @unit @totalItems
-    * jump *label105 lessThan *tmp133 .UNIT_CAPACITY
-    * set :state 3
-    * jump *label106 always
-    * label *label105
-    * set .MSG "\nLoading items: [green]"
-    * label *label106
+  331 sensor *tmp133 @unit @totalItems
+  332 select :state greaterThanEq *tmp133 .UNIT_CAPACITY 3 :state
+  333 select .MSG greaterThanEq *tmp133 .UNIT_CAPACITY .MSG "\nLoading items: [green]"
   334 jump *label104 always
   335 label *label103
   336 ucontrol approach .SRC_X .SRC_Y 6
 
   477 label *label133
   478 sensor *tmp187 .SRC @dead
   479 jump *label136 notEqual *tmp187 false
-    * label *label137
   480 sensor *tmp188 .DST @dead
   481 jump *label134 equal *tmp188 false
   482 label *label136

Modifications by Full loop rotation at line 45:1 (+1 instructions):
 
    10 label *label0
    11 sensor *tmp2 switch1 @enabled
    12 jump *label2 notEqual *tmp2 false
+   13 label *label145
    14 print "Unit Transport - Single"
    15 print "\n"
    16 print "Activate switch to start."
    17 print "\n"
    18 printflush message1
    19 label *label1
-    * jump *label0 always
+   20 sensor *tmp2 switch1 @enabled
+   21 jump *label145 equal *tmp2 false
    22 label *label2
    23 label *label3
    24 sensor *tmp4 @unit @dead

Modifications by Iterated phase, Data Flow Optimization, pass 1, iteration 1:
 
   146 set :flag .QUERY_FLAG
   147 ucontrol flag .QUERY_FLAG
   148 label *label42
-    * jump *label44 notEqual :flag .QUERY_FLAG
+  149 jump *label44 notEqual .QUERY_FLAG .QUERY_FLAG
   150 label *label142
   151 sensor *tmp41 @unit @dead
   152 jump *label44 notEqual *tmp41 0

Modifications by Full loop rotation at line 53:1 (+1 instructions):
 
    23 label *label3
    24 sensor *tmp4 @unit @dead
    25 jump *label5 equal *tmp4 0
+   26 label *label146
    27 set :rebindUnit:first_unit null
    28 label *label7
    29 ubind UNIT
 
    81 label *label18
    82 label *label6
    83 label *label4
-    * jump *label3 always
+   84 sensor *tmp4 @unit @dead
+   85 jump *label146 notEqual *tmp4 0
    86 label *label5
    87 sensor .UNIT_CAPACITY @unit @itemCapacity
    88 sensor *tmp20 @unit @speed

Modifications by Full loop rotation at line 307:1 (+1 instructions):
 
   469 label *label131
   470 sensor *tmp186 .SORTER @dead
   471 jump *label133 equal *tmp186 false
+  472 label *label147
   473 print "[salmon]sorter1 is missing!"
   474 print "\n"
   475 print "[gold]Please place and link sorter or inverted sorter to the processor."
 
   478 printflush message2
   479 set .SORTER sorter1
   480 label *label132
-    * jump *label131 always
+  481 sensor *tmp186 .SORTER @dead
+  482 jump *label147 notEqual *tmp186 false
   483 label *label133
   484 sensor *tmp187 .SRC @dead
   485 jump *label136 notEqual *tmp187 false

Modifications by Iterated phase, Data Flow Optimization, pass 1, iteration 1:
 
   478 printflush message2
   479 set .SORTER sorter1
   480 label *label132
-    * sensor *tmp186 .SORTER @dead
+  481 sensor *tmp186 sorter1 @dead
   482 jump *label147 notEqual *tmp186 false
   483 label *label133
   484 sensor *tmp187 .SRC @dead

Modifications by Iterated phase, Data Flow Optimization, pass 1, iteration 2 (-1 instructions):
 
   476 print "\n"
   477 printflush message1
   478 printflush message2
-    * set .SORTER sorter1
   479 label *label132
   480 sensor *tmp186 sorter1 @dead
   481 jump *label147 notEqual *tmp186 false

Modifications by Full loop rotation at line 317:5 (+1 instructions):
 
   489 label *label138
   490 sensor *tmp191 switch1 @enabled
   491 jump *label140 notEqual *tmp191 false
+  492 label *label148
   493 print "[salmon]Local or remote container became invalid."
   494 print "\n"
   495 print "[gold]Please fix and press button to reinitialize."
 
   497 printflush message1
   498 printflush message2
   499 label *label139
-    * jump *label138 always
+  500 sensor *tmp191 switch1 @enabled
+  501 jump *label148 equal *tmp191 false
   502 label *label140
   503 label *label134
   504 label *label135

Modifications by Partial loop rotation at line 113:9 (+1 instructions):
 
   164 label *label49
   165 ucontrol within .CORE_X .CORE_Y 8 *tmp49
   166 jump *label51 notEqual *tmp49 false
+  167 label *label149
   168 sensor *tmp51 @unit @dead
   169 jump *label51 notEqual *tmp51 0
   170 ucontrol approach .CORE_X .CORE_Y 6
   171 label *label50
-    * jump *label49 always
+  172 ucontrol within .CORE_X .CORE_Y 8 *tmp49
+  173 jump *label149 equal *tmp49 false
   174 label *label51
   175 ucontrol getBlock .CORE_X .CORE_Y :b_type .CORE *tmp54
   176 select .CORE notEqual :b_type @vault null .CORE

Modifications by Iterated phase, Jump Normalization, pass 2, iteration 1 (-1 instructions):
 
   148 set :flag .QUERY_FLAG
   149 ucontrol flag .QUERY_FLAG
   150 label *label42
-    * jump *label44 notEqual .QUERY_FLAG .QUERY_FLAG
   151 label *label142
   152 sensor *tmp41 @unit @dead
   153 jump *label44 notEqual *tmp41 0

Modifications by Iterated phase, Temp Variables Elimination, pass 2, iteration 1 (-2 instructions):
 
   212 op idiv .DROP_LEVEL *tmp72 100
   213 set .LOCAL_MARGIN .DROP_LEVEL
   214 set .REMOTE_MARGIN .LOAD_LEVEL
-    * select *tmp75 equal LINK_ID 0 "[] from core" "[] from vault #"
-    * set .DIRECTION *tmp75
+  215 select .DIRECTION equal LINK_ID 0 "[] from core" "[] from vault #"
   216 jump *label66 always
   217 label *label65
   218 op greaterThan .SHOW_REMOTE_LEVEL LINK_ID 0
 
   230 op add .DROP_LEVEL *tmp83 *tmp85
   231 set .LOCAL_MARGIN .LOAD_LEVEL
   232 set .REMOTE_MARGIN .DROP_LEVEL
-    * select *tmp88 equal LINK_ID 0 "[] to core" "[] to vault #"
-    * set .DIRECTION *tmp88
+  233 select .DIRECTION equal LINK_ID 0 "[] to core" "[] to vault #"
   234 label *label66
   235 select *tmp90 equal LINK_ID 0 "" LINK_ID
   236 sensor .SRC_X .SRC @x

Modifications by Jumps phase, Jump Straightening, pass 4, iteration 1 (-5 instructions):
 
    37 label *label9
    38 label *label12
    39 sensor *tmp8 @unit @controller
-    * jump *label15 notEqual *tmp8 @this
-    * jump *label6 always
+   40 jump *label6 equal *tmp8 @this
    41 label *label15
    42 ubind UNIT
    43 print "[gold]Looking for old unit..."
 
   404 print "\n"
   405 printflush message1
   406 sensor *tmp173 switch1 @enabled
-    * jump *label123 notEqual *tmp173 0
-    * jump *label77 always
+  407 jump *label77 equal *tmp173 0
   408 label *label123
   409 sensor *tmp176 .SRC @dead
-    * jump *label125 equal *tmp176 0
-    * jump *label77 always
+  410 jump *label77 notEqual *tmp176 0
   411 label *label125
   412 sensor *tmp179 .DST @dead
-    * jump *label127 equal *tmp179 0
-    * jump *label77 always
+  413 jump *label77 notEqual *tmp179 0
   414 label *label127
   415 sensor *tmp182 .SORTER @dead
-    * jump *label129 equal *tmp182 0
-    * jump *label77 always
+  416 jump *label77 notEqual *tmp182 0
   417 label *label129
   418 op sub :loop_time @time :start
   419 jump *label75 always

Modifications by Jumps phase, Jump Threading, pass 4, iteration 1:
+    0 label __start__
     1 remark "Which unit type to use"
     2 set UNIT @mega
     3 remark "Remote vault ID (1-99); if nonzero, items are moved to/from this vault instead of core"
 
    56 jump *label23 always
    57 label *label22
    58 sensor *tmp16 @unit @controlled
-    * jump *label24 equal *tmp16 0
+   59 jump *label18 equal *tmp16 0
    60 print "[salmon]Looking for a free "
    61 print UNIT
    62 print "."
 
    97 print "\n"
    98 jump *label35 always
    99 label *label34
-    * jump *label36 equal .DROP_TARGET null
+  100 jump *label28 equal .DROP_TARGET null
   101 sensor *tmp32 .DROP_TARGET @itemCapacity
-    * jump *label36 greaterThanEq *tmp32 300
+  102 jump *label28 greaterThanEq *tmp32 300
   103 print "Destination: "
   104 print .CONTAINER
   105 print "\"
 
   243 jump *label85 always
   244 label *label84
   245 sensor *tmp108 @unit @controlled
-    * jump *label86 equal *tmp108 0
+  246 jump *label80 equal *tmp108 0
   247 print "[salmon]Looking for a free "
   248 print UNIT
   249 print "."
 
   320 jump *label111 greaterThan *tmp143 0
   321 set :state 2
   322 ucontrol approach .SRC_X .SRC_Y 6
-    * jump *label112 always
+  323 jump *label110 always
   324 label *label111
   325 set .MSG "\nDropping items: [green]"
   326 label *label112
 
   429 sensor *tmp187 .SRC @dead
   430 jump *label136 notEqual *tmp187 false
   431 sensor *tmp188 .DST @dead
-    * jump *label134 equal *tmp188 false
+  432 jump __start__ equal *tmp188 false
   433 label *label136
   434 control enabled switch1 false
   435 sensor *tmp191 switch1 @enabled
-    * jump *label140 notEqual *tmp191 false
+  436 jump __start__ notEqual *tmp191 false
   437 label *label148
   438 print "[salmon]Local or remote container became invalid."
   439 print "\n"

Modifications by Jumps phase, Single Step Elimination, pass 4, iteration 1 (-1 instructions):
 
   439 printflush message2
   440 sensor *tmp191 switch1 @enabled
   441 jump *label148 equal *tmp191 false
-    * end

Modifications by Jumps phase, Unreachable Code Elimination, pass 5, iteration 1 (-3 instructions):
 
    62 print "."
    63 print ".."
    64 jump *label25 always
-    * jump *label18 always
    65 label *label25
    66 label *label23
    67 printflush message1
 
   108 print "n"
   109 print "[salmon]Item dump must be a container or a vault!"
   110 jump *label37 always
-    * jump *label28 always
   111 label *label37
   112 label *label35
   113 printflush message1
 
   245 print "."
   246 print ".."
   247 jump *label87 always
-    * jump *label80 always
   248 label *label87
   249 label *label85
   250 printflush message1

Modifications by Jumps phase, Single Step Elimination, pass 5, iteration 1 (-3 instructions):
 
    61 print UNIT
    62 print "."
    63 print ".."
-    * jump *label25 always
    64 label *label25
    65 label *label23
    66 printflush message1
 
   106 print "\"
   107 print "n"
   108 print "[salmon]Item dump must be a container or a vault!"
-    * jump *label37 always
   109 label *label37
   110 label *label35
   111 printflush message1
 
   242 print UNIT
   243 print "."
   244 print ".."
-    * jump *label87 always
   245 label *label87
   246 label *label85
   247 printflush message1

Modifications by Final phase, Temp Variables Elimination, iteration 1:
 
   113 jump *label40 notEqual LINK_ID 0
   114 print "[gold]Locating core..."
   115 printflush message1
-    * ulocate building core false @copper .CORE_X .CORE_Y *tmp38 .CORE
+  116 ulocate building core false @copper .CORE_X .CORE_Y 0 .CORE
   117 jump *label41 always
   118 label *label40
   119 print "[gold]Locating vault #"
 
   144 ucontrol within .CORE_X .CORE_Y 8 *tmp49
   145 jump *label149 equal *tmp49 false
   146 label *label51
-    * ucontrol getBlock .CORE_X .CORE_Y :b_type .CORE *tmp54
+  147 ucontrol getBlock .CORE_X .CORE_Y :b_type .CORE 0
   148 select .CORE notEqual :b_type @vault null .CORE
   149 label *label47
   150 label *label41

Modifications by Final phase, Print Merging, iteration 1 (-50 instructions):
 
    11 sensor *tmp2 switch1 @enabled
    12 jump *label2 notEqual *tmp2 false
    13 label *label145
-    * print "Unit Transport - Single"
-    * print "\n"
-    * print "Activate switch to start."
-    * print "\n"
+   14 print "Unit Transport - Single\nActivate switch to start.\n"
    15 printflush message1
    16 sensor *tmp2 switch1 @enabled
    17 jump *label145 equal *tmp2 false
 
    26 set :rebindUnit:first_unit @unit
    27 jump *label9 always
    28 label *label10
-    * print "[salmon]No unit of type "
-    * print UNIT
-    * print " "
-    * print "found. 1"
+   29 print "[salmon]No unit of type {0} found. 1"
+   30 format UNIT
    31 printflush message1
    32 jump *label7 always
    33 label *label9
 
    44 label *label19
    45 ubind UNIT
    46 jump *label22 notEqual @unit null
-    * print "[salmon]No unit of type "
-    * print UNIT
-    * print " "
-    * print "found."
+   47 print "[salmon]No unit of type {0} found."
+   48 format UNIT
    49 jump *label23 always
    50 label *label22
    51 sensor *tmp16 @unit @controlled
    52 jump *label18 equal *tmp16 0
-    * print "[salmon]Looking for a free "
-    * print UNIT
-    * print "."
-    * print ".."
+   53 print "[salmon]Looking for a free {0}..."
+   54 format UNIT
    55 label *label23
    56 printflush message1
    57 jump *label19 always
 
    80 jump *label141 greaterThan :n 0
    81 label *label31
    82 jump *label34 notEqual .CONTAINER null
-    * print "[salmon]No destination."
-    * print "\n"
+   83 print "[salmon]No destination.\n"
    84 jump *label35 always
    85 label *label34
    86 jump *label28 equal .DROP_TARGET null
    87 sensor *tmp32 .DROP_TARGET @itemCapacity
    88 jump *label28 greaterThanEq *tmp32 300
-    * print "Destination: "
-    * print .CONTAINER
-    * print "\"
-    * print "n"
-    * print "Item dump: "
-    * print .DROP_TARGET
-    * print "\"
-    * print "n"
-    * print "[salmon]Item dump must be a container or a vault!"
+   89 print "Destination: {0}\nItem dump: {0}\n[salmon]Item dump must be a container or a vault!"
+   90 format .CONTAINER
+   91 format .DROP_TARGET
    92 label *label35
    93 printflush message1
    94 jump *label26 always
 
   100 ulocate building core false @copper .CORE_X .CORE_Y 0 .CORE
   101 jump *label41 always
   102 label *label40
-    * print "[gold]Locating vault #"
-    * print LINK_ID
-    * print "."
-    * print ".."
+  103 print "[gold]Locating vault #{0}..."
+  104 format LINK_ID
   105 printflush message1
   106 op add .QUERY_FLAG 99999900 LINK_ID
   107 set :flag .QUERY_FLAG
 
   138 jump *label60 equal :sorter_type @sorter
   139 label *label143
   140 jump *label60 equal :sorter_type @inverted-sorter
-    * print "[salmon]Block sorter1 is neither a sorter, nor an inverted sorter."
-    * print "\n"
+  141 print "[salmon]Block sorter1 is neither a sorter, nor an inverted sorter.\n"
   142 jump *label63 equal .SORTER null
   143 print "Block found: "
   144 print .SORTER
 
   209 label *label81
   210 ubind UNIT
   211 jump *label84 notEqual @unit null
-    * print "[salmon]No unit of type "
-    * print UNIT
-    * print " "
-    * print "found."
+  212 print "[salmon]No unit of type {0} found."
+  213 format UNIT
   214 jump *label85 always
   215 label *label84
   216 sensor *tmp108 @unit @controlled
   217 jump *label80 equal *tmp108 0
-    * print "[salmon]Looking for a free "
-    * print UNIT
-    * print "."
-    * print ".."
+  218 print "[salmon]Looking for a free {0}..."
+  219 format UNIT
   220 label *label85
   221 printflush message1
   222 jump *label81 always
 
   295 set :show_state 3
   296 label *label110
   297 label *label107
-    * print "Moving [green]"
-    * print .ITEM
-    * print .DIRECTION
-    * print *tmp90
-    * print "\"
-    * print "n"
+  298 print "Moving [green]{0}{0}{0}\nLocal items: [gold]{0}[]"
+  299 format .ITEM
+  300 format .DIRECTION
+  301 format *tmp90
   302 sensor *tmp146 .CONTAINER .ITEM
-    * print "Local items: [gold]"
-    * print *tmp146
-    * print "["
-    * print "]"
+  303 format *tmp146
   304 jump *label113 greaterThanEq .EFF_LOCAL_LIMIT 100
-    * print " (limit [orange]"
-    * print .LOCAL_MARGIN
-    * print "["
-    * print "])"
+  305 print " (limit [orange]{0}[])"
+  306 format .LOCAL_MARGIN
   307 label *label113
   308 jump *label115 equal .SHOW_REMOTE_LEVEL false
   309 sensor *tmp150 .CORE .ITEM
-    * print "\n"
-    * print "Remote items: [gold]"
-    * print *tmp150
-    * print "["
-    * print "]"
+  310 print "\nRemote items: [gold]{0}[]"
+  311 format *tmp150
   312 jump *label117 greaterThanEq .EFF_REMOTE_LIMIT 100
-    * print " (limit [orange]"
-    * print .REMOTE_MARGIN
-    * print "["
-    * print "])"
+  313 print " (limit [orange]{0}[])"
+  314 format .REMOTE_MARGIN
   315 label *label117
   316 label *label115
   317 sensor *tmp153 @unit @totalItems
   318 print .MSG
   319 print *tmp153
-    * print "[]"
-    * print "\n"
+  320 print "[]\n"
   321 jump *label119 notEqual :show_state 2
   322 sensor *tmp156 @unit @x
   323 op sub *tmp157 .SRC_X *tmp156
 
   326 op len *tmp160 *tmp157 *tmp159
   327 op idiv *tmp161 *tmp160 .SPEED_SEC
   328 op div *tmp162 *tmp161 10
-    * print "[]  arriving in [gold]"
-    * print *tmp162
-    * print " "
-    * print "sec[]"
-    * print "\n"
+  329 print "[]  arriving in [gold]{0} sec[]\n"
+  330 format *tmp162
   331 jump *label120 always
   332 label *label119
   333 jump *label121 notEqual :show_state 3
 
   338 op len *tmp169 *tmp166 *tmp168
   339 op idiv *tmp170 *tmp169 .SPEED_SEC
   340 op div *tmp171 *tmp170 10
-    * print "[]  arriving in [gold]"
-    * print *tmp171
-    * print " "
-    * print "sec[]"
-    * print "\n"
+  341 print "[]  arriving in [gold]{0} sec[]\n"
+  342 format *tmp171
   343 label *label121
   344 label *label120
   345 op floor *tmp172 :loop_time
-    * print "[lightgray]Loop time: "
-    * print *tmp172
-    * print " ms[]"
-    * print "\n"
+  346 print "[lightgray]Loop time: {0} ms[]\n"
+  347 format *tmp172
   348 printflush message1
   349 sensor *tmp173 switch1 @enabled
   350 jump *label77 equal *tmp173 0
 
   360 sensor *tmp186 .SORTER @dead
   361 jump *label133 equal *tmp186 false
   362 label *label147
-    * print "[salmon]sorter1 is missing!"
-    * print "\n"
-    * print "[gold]Please place and link sorter or inverted sorter to the processor."
-    * print "\n"
+  363 print "[salmon]sorter1 is missing!\n[gold]Please place and link sorter or inverted sorter to the processor.\n"
   364 printflush message1
   365 printflush message2
   366 sensor *tmp186 sorter1 @dead
 
   375 sensor *tmp191 switch1 @enabled
   376 jump __start__ notEqual *tmp191 false
   377 label *label148
-    * print "[salmon]Local or remote container became invalid."
-    * print "\n"
-    * print "[gold]Please fix and press button to reinitialize."
-    * print "\n"
+  378 print "[salmon]Local or remote container became invalid.\n[gold]Please fix and press button to reinitialize.\n"
   379 printflush message1
   380 printflush message2
   381 sensor *tmp191 switch1 @enabled

Code size and number of instantiations by function:
  Size  Times  AvgSize  Function
   278     1x    278,0  <no function>
    22     2x     11,0  inline void findUnit()
    17     1x     17,0  inline void rebindUnit()

Runtime error at instruction #18: 'sensor *tmp0 switch1 @enabled':
Execution step limit of 100,000 exceeded.

Emulator output (100,000 steps, 833.35 sec):
Unit Transport - Single
Activate switch to start.

[--- Previous segment repeated 24 996,00 times ---]

