  1228 instructions before optimizations.
   118 instructions eliminated by Temp Variables Elimination (3 passes, 7 iterations).
     3 instructions eliminated by Case Expression Optimization.
   135 instructions eliminated by Dead Code Elimination (8 iterations).
     5 instructions eliminated by Jump Normalization (2 passes, 6 iterations).
    78 instructions eliminated by Condition Optimization (2 passes, 8 iterations).
    53 instructions eliminated by Single Step Elimination (3 passes, 9 iterations).
     2 instructions eliminated by Expression Optimization (2 passes, 3 iterations).
    34 instructions eliminated by Boolean Optimization (7 iterations).
       1 short-circuited expressions optimized using selects.
       10 fully-evaluated expressions optimized using selects.
     2 instructions eliminated by If Expression Optimization (3 iterations).
    28 instructions eliminated by Data Flow Optimization (2 passes, 11 iterations).
     1 loops improved by Loop Hoisting.
     2 instructions added by Loop Rotation (3 iterations).
       11 loop conditions were partially rotated.
    15 instructions eliminated by Case Switching (6 iterations).
     1 case expressions converted to fast dispatch by Case Switching.
    26 instructions eliminated by Jump Straightening (2 passes, 8 iterations).
     6 instructions updated by Jump Threading.
     2 instructions eliminated by Unreachable Code Elimination (3 iterations).
    79 instructions eliminated by Print Merging.
   650 instructions after optimizations.

Pass 1: speed optimization selection (cost limit 242):
  * Full loop rotation at line 156:9                             size    +1, benefit      325.0, efficiency    325.000 (+1 instructions)
    Partial loop rotation at line 169:13                         size    +1, benefit      156.3, efficiency    156.250
  o Fast-dispatch case at line 704:5                             size   -15, benefit       46.9, efficiency   Infinity

Pass 1: speed optimization selection (cost limit 241):
  * Partial loop rotation at line 169:13                         size    +1, benefit      156.3, efficiency    156.250 (+1 instructions)
  o Fast-dispatch case at line 704:5                             size   -15, benefit       46.9, efficiency   Infinity

Pass 1: speed optimization selection (cost limit 240):
  * Fast-dispatch case at line 704:5                             size   -15, benefit       46.9, efficiency   Infinity (-15 instructions)

Code size and number of instantiations by function:
  Size  Times  AvgSize  Function
   550     1x    550,0  <no function>
    37     1x     37,0  def findAnotherContainer()
    35     1x     35,0  def itemTypeToIcon(in itemType)
    27     3x      9,0  inline def printUnitInfo(in name, in x, in y)
     1     1x      1,0  inline void printflush()
