C:\Home\golem\unit-transport\unit-transport-single.mnd:311:16 No block is linked to the processor as 'message2' in the schematic definition.
   589 instructions before optimizations.
    39 instructions eliminated by Temp Variables Elimination (3 passes, 7 iterations).
    78 instructions eliminated by Dead Code Elimination (8 iterations).
C:\Home\golem\unit-transport\unit-transport-single.mnd:187:1 Variable 'iter' is not used.
     6 instructions eliminated by Jump Normalization (2 passes, 6 iterations).
    50 instructions eliminated by Condition Optimization (7 iterations).
    30 instructions eliminated by Single Step Elimination (3 passes, 9 iterations).
    12 instructions eliminated by Boolean Optimization (7 iterations).
       5 fully-evaluated expressions optimized using selects.
     2 instructions eliminated by Data Flow Optimization (3 passes, 13 iterations).
     5 instructions added by Loop Rotation (3 iterations).
       9 loop conditions were partially rotated.
     7 instructions eliminated by Jump Straightening (2 passes, 8 iterations).
     7 instructions updated by Jump Threading.
     3 instructions eliminated by Unreachable Code Elimination (3 iterations).
    50 instructions eliminated by Print Merging.
   317 instructions after optimizations.

Pass 1: speed optimization selection (cost limit 622):
  * Full loop rotation at line 45:1                              size    +1, benefit       26.0, efficiency     26.000 (+1 instructions)
    Full loop rotation at line 53:1                              size    +1, benefit       26.0, efficiency     26.000
    Partial loop rotation at line 113:9                          size    +1, benefit        6.3, efficiency      6.250
    Full loop rotation at line 307:1                             size    +1, benefit       26.0, efficiency     26.000
    Full loop rotation at line 317:5                             size    +1, benefit       13.0, efficiency     13.000

Pass 1: speed optimization selection (cost limit 621):
  * Full loop rotation at line 53:1                              size    +1, benefit       26.0, efficiency     26.000 (+1 instructions)
    Partial loop rotation at line 113:9                          size    +1, benefit        6.3, efficiency      6.250
    Full loop rotation at line 307:1                             size    +1, benefit       26.0, efficiency     26.000
    Full loop rotation at line 317:5                             size    +1, benefit       13.0, efficiency     13.000

Pass 1: speed optimization selection (cost limit 620):
    Partial loop rotation at line 113:9                          size    +1, benefit        6.3, efficiency      6.250
  * Full loop rotation at line 307:1                             size    +1, benefit       26.0, efficiency     26.000 (+0 instructions)
    Full loop rotation at line 317:5                             size    +1, benefit       13.0, efficiency     13.000

Pass 1: speed optimization selection (cost limit 620):
    Partial loop rotation at line 113:9                          size    +1, benefit        6.3, efficiency      6.250
  * Full loop rotation at line 317:5                             size    +1, benefit       13.0, efficiency     13.000 (+1 instructions)

Pass 1: speed optimization selection (cost limit 619):
  * Partial loop rotation at line 113:9                          size    +1, benefit        6.3, efficiency      6.250 (+1 instructions)
C:\Home\golem\unit-transport\unit-transport-single.mnd:97:49 Variable 'CORE_X' is not initialized.
C:\Home\golem\unit-transport\unit-transport-single.mnd:97:61 Variable 'CORE_Y' is not initialized.
C:\Home\golem\unit-transport\unit-transport-single.mnd:230:13 Variable 'MSG' is not initialized.

Code size and number of instantiations by function:
  Size  Times  AvgSize  Function
   278     1x    278,0  <no function>
    22     2x     11,0  inline void findUnit()
    17     1x     17,0  inline void rebindUnit()

