   112 instructions before optimizations.
     1 instructions eliminated by Temp Variables Elimination (5 iterations).
    10 instructions eliminated by Dead Code Elimination (5 iterations).
     5 instructions eliminated by Condition Optimization (5 iterations).
     5 instructions eliminated by Single Step Elimination (2 passes, 6 iterations).
    24 instructions eliminated by Data Flow Optimization (2 passes, 7 iterations).
   418 instructions added by Loop Unrolling (3 iterations).
     1 loops unrolled by Loop Unrolling.
    42 instructions eliminated by Jump Straightening (5 iterations).
     4 instructions updated by Jump Threading.
   443 instructions after optimizations.

Pass 1: speed optimization selection (cost limit 911):
  * Unroll iteration loop at line 15:5                           size  +400, benefit       83.0, efficiency      0.208 (+397 instructions)

Modifications by Initial phase, Dead Code Elimination, iteration 1 (-6 instructions):
 
    86 op equal *tmp1 @unit null
    87 jump *label25 equal *tmp1 false
    88 jump *label2 always
-    * set *tmp2 null
    89 jump *label26 always
    90 label *label25
-    * set *tmp2 null
    91 label *label26
    92 sensor *tmp3 @unit @controlled
    93 jump *label27 equal *tmp3 false
 
   100 label *label29
   101 set *tmp7 null
   102 label *label30
-    * set *tmp4 *tmp7
   103 jump *label28 always
   104 label *label27
-    * set *tmp4 null
   105 label *label28
   106 # "Function: def inRadius(in x, in y, in radius)"
   107 set :inRadius:x x
 
   120 ucontrol boost true
   121 ucontrol flag 2435345345
   122 ucontrol move x y
-    * set *tmp16 null
   123 jump *label32 always
   124 label *label31
   125 sensor *tmp17 @unit @flag
 
   133 label *label34
   134 set *tmp19 null
   135 label *label35
-    * set *tmp16 *tmp19
   136 label *label32
   137 label *label2
   138 multijump *tmp0 0 0 (m:marker0)

Modifications by Initial phase, Dead Code Elimination, iteration 2 (-4 instructions):
 
    95 op notEqual *tmp6 *tmp5 @this
    96 jump *label29 equal *tmp6 false
    97 jump *label2 always
-    * set *tmp7 null
    98 jump *label30 always
    99 label *label29
-    * set *tmp7 null
   100 label *label30
   101 jump *label28 always
   102 label *label27
 
   126 ucontrol boost false
   127 ucontrol flag 0
   128 ucontrol unbind
-    * set *tmp19 null
   129 jump *label35 always
   130 label *label34
-    * set *tmp19 null
   131 label *label35
   132 label *label32
   133 label *label2

Modifications by Initial phase, Temp Variables Elimination, iteration 1 (-1 instructions):
 
   110 sensor *tmp11 @unit @y
   111 op sub *tmp12 :inRadius:y *tmp11
   112 op len *tmp13 *tmp10 *tmp12
-    * op lessThan *tmp14 *tmp13 :inRadius:radius
-    * set *tmp8 *tmp14
+  113 op lessThan *tmp8 *tmp13 :inRadius:radius
   114 label *label33
   115 op equal *tmp15 *tmp8 false
   116 jump *label31 equal *tmp15 false

Modifications by Iterated phase, Condition Optimization, pass 1, iteration 1 (-5 instructions):
 
    83 set *tmp0 null
    84 label *label1
    85 ubind :type
-    * op equal *tmp1 @unit null
-    * jump *label25 equal *tmp1 false
+   86 jump *label25 notEqual @unit null
    87 jump *label2 always
    88 jump *label26 always
    89 label *label25
 
    91 sensor *tmp3 @unit @controlled
    92 jump *label27 equal *tmp3 false
    93 sensor *tmp5 @unit @controller
-    * op notEqual *tmp6 *tmp5 @this
-    * jump *label29 equal *tmp6 false
+   94 jump *label29 equal *tmp5 @this
    95 jump *label2 always
    96 jump *label30 always
    97 label *label29
 
   108 sensor *tmp11 @unit @y
   109 op sub *tmp12 :inRadius:y *tmp11
   110 op len *tmp13 *tmp10 *tmp12
-    * op lessThan *tmp8 *tmp13 :inRadius:radius
   111 label *label33
-    * op equal *tmp15 *tmp8 false
-    * jump *label31 equal *tmp15 false
+  112 jump *label31 lessThan *tmp13 :inRadius:radius
   113 ucontrol boost true
   114 ucontrol flag 2435345345
   115 ucontrol move x y
   116 jump *label32 always
   117 label *label31
   118 sensor *tmp17 @unit @flag
-    * op notEqual *tmp18 *tmp17 0
-    * jump *label34 equal *tmp18 false
+  119 jump *label34 equal *tmp17 0
   120 ucontrol boost false
   121 ucontrol flag 0
   122 ucontrol unbind

Modifications by Iterated phase, Single Step Elimination, pass 1, iteration 1 (-4 instructions):
 
    85 ubind :type
    86 jump *label25 notEqual @unit null
    87 jump *label2 always
-    * jump *label26 always
    88 label *label25
    89 label *label26
    90 sensor *tmp3 @unit @controlled
 
    92 sensor *tmp5 @unit @controller
    93 jump *label29 equal *tmp5 @this
    94 jump *label2 always
-    * jump *label30 always
    95 label *label29
    96 label *label30
-    * jump *label28 always
    97 label *label27
    98 label *label28
    99 # "Function: def inRadius(in x, in y, in radius)"
 
   117 ucontrol boost false
   118 ucontrol flag 0
   119 ucontrol unbind
-    * jump *label35 always
   120 label *label34
   121 label *label35
   122 label *label32

Modifications by Iterated phase, Data Flow Optimization, pass 1, iteration 1:
 
   101 set :inRadius:y y
   102 set :inRadius:radius 8
   103 sensor *tmp9 @unit @x
-    * op sub *tmp10 :inRadius:x *tmp9
+  104 op sub *tmp10 x *tmp9
   105 sensor *tmp11 @unit @y
-    * op sub *tmp12 :inRadius:y *tmp11
+  106 op sub *tmp12 y *tmp11
   107 op len *tmp13 *tmp10 *tmp12
   108 label *label33
-    * jump *label31 lessThan *tmp13 :inRadius:radius
+  109 jump *label31 lessThan *tmp13 8
   110 ucontrol boost true
   111 ucontrol flag 2435345345
   112 ucontrol move x y

Modifications by Iterated phase, Data Flow Optimization, pass 1, iteration 2 (-3 instructions):
 
    97 label *label27
    98 label *label28
    99 # "Function: def inRadius(in x, in y, in radius)"
-    * set :inRadius:x x
-    * set :inRadius:y y
-    * set :inRadius:radius 8
   100 sensor *tmp9 @unit @x
   101 op sub *tmp10 x *tmp9
   102 sensor *tmp11 @unit @y

Modifications by Unroll iteration loop at line 15:5 (+418 instructions):
     0 set x @thisx
     1 set y @thisy
-    * set :type @nova
-    * op add *tmp0 @counter 1
-    * jump *label1 always
-    * multilabel *label4 (m:marker0)
-    * set :type @pulsar
-    * op add *tmp0 @counter 1
-    * jump *label1 always
-    * multilabel *label5 (m:marker0)
-    * set :type @quasar
-    * op add *tmp0 @counter 1
-    * jump *label1 always
-    * multilabel *label6 (m:marker0)
-    * set :type @vela
-    * op add *tmp0 @counter 1
-    * jump *label1 always
-    * multilabel *label7 (m:marker0)
-    * set :type @flare
-    * op add *tmp0 @counter 1
-    * jump *label1 always
-    * multilabel *label8 (m:marker0)
-    * set :type @horizon
-    * op add *tmp0 @counter 1
-    * jump *label1 always
-    * multilabel *label9 (m:marker0)
-    * set :type @zenith
-    * op add *tmp0 @counter 1
-    * jump *label1 always
-    * multilabel *label10 (m:marker0)
-    * set :type @antumbra
-    * op add *tmp0 @counter 1
-    * jump *label1 always
-    * multilabel *label11 (m:marker0)
-    * set :type @eclipse
-    * op add *tmp0 @counter 1
-    * jump *label1 always
-    * multilabel *label12 (m:marker0)
-    * set :type @mono
-    * op add *tmp0 @counter 1
-    * jump *label1 always
-    * multilabel *label13 (m:marker0)
-    * set :type @poly
-    * op add *tmp0 @counter 1
-    * jump *label1 always
-    * multilabel *label14 (m:marker0)
-    * set :type @mega
-    * op add *tmp0 @counter 1
-    * jump *label1 always
-    * multilabel *label15 (m:marker0)
-    * set :type @quad
-    * op add *tmp0 @counter 1
-    * jump *label1 always
-    * multilabel *label16 (m:marker0)
-    * set :type @oct
-    * op add *tmp0 @counter 1
-    * jump *label1 always
-    * multilabel *label17 (m:marker0)
-    * set :type @avert
-    * op add *tmp0 @counter 1
-    * jump *label1 always
-    * multilabel *label18 (m:marker0)
-    * set :type @obviate
-    * op add *tmp0 @counter 1
-    * jump *label1 always
-    * multilabel *label19 (m:marker0)
-    * set :type @quell
-    * op add *tmp0 @counter 1
-    * jump *label1 always
-    * multilabel *label20 (m:marker0)
-    * set :type @disrupt
-    * op add *tmp0 @counter 1
-    * jump *label1 always
-    * multilabel *label21 (m:marker0)
-    * set :type @evoke
-    * op add *tmp0 @counter 1
-    * jump *label1 always
-    * multilabel *label22 (m:marker0)
-    * set :type @incite
-    * op add *tmp0 @counter 1
-    * jump *label1 always
-    * multilabel *label23 (m:marker0)
-    * set :type @emanate
-    * set *tmp0 null
-    * label *label1
-    * ubind :type
-    * jump *label25 notEqual @unit null
-    * jump *label2 always
-    * label *label25
-    * label *label26
-    * sensor *tmp3 @unit @controlled
-    * jump *label27 equal *tmp3 false
-    * sensor *tmp5 @unit @controller
-    * jump *label29 equal *tmp5 @this
-    * jump *label2 always
-    * label *label29
-    * label *label30
-    * label *label27
-    * label *label28
-    * # "Function: def inRadius(in x, in y, in radius)"
-    * sensor *tmp9 @unit @x
-    * op sub *tmp10 x *tmp9
-    * sensor *tmp11 @unit @y
-    * op sub *tmp12 y *tmp11
-    * op len *tmp13 *tmp10 *tmp12
-    * label *label33
-    * jump *label31 lessThan *tmp13 8
-    * ucontrol boost true
-    * ucontrol flag 2435345345
-    * ucontrol move x y
-    * jump *label32 always
-    * label *label31
-    * sensor *tmp17 @unit @flag
-    * jump *label34 equal *tmp17 0
-    * ucontrol boost false
-    * ucontrol flag 0
-    * ucontrol unbind
-    * label *label34
-    * label *label35
-    * label *label32
-    * label *label2
-    * multijump *tmp0 0 0 (m:marker0)
-    * multilabel *label24 (m:marker0)
-    * label *label3
+    2 set :type @nova
+    3 label *label36
+    4 ubind :type
+    5 jump *label37 notEqual @unit null
+    6 jump *label48 always
+    7 label *label37
+    8 label *label38
+    9 sensor *tmp3 @unit @controlled
+   10 jump *label41 equal *tmp3 false
+   11 sensor *tmp5 @unit @controller
+   12 jump *label39 equal *tmp5 @this
+   13 jump *label48 always
+   14 label *label39
+   15 label *label40
+   16 label *label41
+   17 label *label42
+   18 # "Function: def inRadius(in x, in y, in radius)"
+   19 sensor *tmp9 @unit @x
+   20 op sub *tmp10 x *tmp9
+   21 sensor *tmp11 @unit @y
+   22 op sub *tmp12 y *tmp11
+   23 op len *tmp13 *tmp10 *tmp12
+   24 label *label43
+   25 jump *label44 lessThan *tmp13 8
+   26 ucontrol boost true
+   27 ucontrol flag 2435345345
+   28 ucontrol move x y
+   29 jump *label47 always
+   30 label *label44
+   31 sensor *tmp17 @unit @flag
+   32 jump *label45 equal *tmp17 0
+   33 ucontrol boost false
+   34 ucontrol flag 0
+   35 ucontrol unbind
+   36 label *label45
+   37 label *label46
+   38 label *label47
+   39 label *label48
+   40 set :type @pulsar
+   41 label *label51
+   42 ubind :type
+   43 jump *label52 notEqual @unit null
+   44 jump *label63 always
+   45 label *label52
+   46 label *label53
+   47 sensor *tmp3 @unit @controlled
+   48 jump *label56 equal *tmp3 false
+   49 sensor *tmp5 @unit @controller
+   50 jump *label54 equal *tmp5 @this
+   51 jump *label63 always
+   52 label *label54
+   53 label *label55
+   54 label *label56
+   55 label *label57
+   56 # "Function: def inRadius(in x, in y, in radius)"
+   57 sensor *tmp9 @unit @x
+   58 op sub *tmp10 x *tmp9
+   59 sensor *tmp11 @unit @y
+   60 op sub *tmp12 y *tmp11
+   61 op len *tmp13 *tmp10 *tmp12
+   62 label *label58
+   63 jump *label59 lessThan *tmp13 8
+   64 ucontrol boost true
+   65 ucontrol flag 2435345345
+   66 ucontrol move x y
+   67 jump *label62 always
+   68 label *label59
+   69 sensor *tmp17 @unit @flag
+   70 jump *label60 equal *tmp17 0
+   71 ucontrol boost false
+   72 ucontrol flag 0
+   73 ucontrol unbind
+   74 label *label60
+   75 label *label61
+   76 label *label62
+   77 label *label63
+   78 set :type @quasar
+   79 label *label66
+   80 ubind :type
+   81 jump *label67 notEqual @unit null
+   82 jump *label78 always
+   83 label *label67
+   84 label *label68
+   85 sensor *tmp3 @unit @controlled
+   86 jump *label71 equal *tmp3 false
+   87 sensor *tmp5 @unit @controller
+   88 jump *label69 equal *tmp5 @this
+   89 jump *label78 always
+   90 label *label69
+   91 label *label70
+   92 label *label71
+   93 label *label72
+   94 # "Function: def inRadius(in x, in y, in radius)"
+   95 sensor *tmp9 @unit @x
+   96 op sub *tmp10 x *tmp9
+   97 sensor *tmp11 @unit @y
+   98 op sub *tmp12 y *tmp11
+   99 op len *tmp13 *tmp10 *tmp12
+  100 label *label73
+  101 jump *label74 lessThan *tmp13 8
+  102 ucontrol boost true
+  103 ucontrol flag 2435345345
+  104 ucontrol move x y
+  105 jump *label77 always
+  106 label *label74
+  107 sensor *tmp17 @unit @flag
+  108 jump *label75 equal *tmp17 0
+  109 ucontrol boost false
+  110 ucontrol flag 0
+  111 ucontrol unbind
+  112 label *label75
+  113 label *label76
+  114 label *label77
+  115 label *label78
+  116 set :type @vela
+  117 label *label81
+  118 ubind :type
+  119 jump *label82 notEqual @unit null
+  120 jump *label93 always
+  121 label *label82
+  122 label *label83
+  123 sensor *tmp3 @unit @controlled
+  124 jump *label86 equal *tmp3 false
+  125 sensor *tmp5 @unit @controller
+  126 jump *label84 equal *tmp5 @this
+  127 jump *label93 always
+  128 label *label84
+  129 label *label85
+  130 label *label86
+  131 label *label87
+  132 # "Function: def inRadius(in x, in y, in radius)"
+  133 sensor *tmp9 @unit @x
+  134 op sub *tmp10 x *tmp9
+  135 sensor *tmp11 @unit @y
+  136 op sub *tmp12 y *tmp11
+  137 op len *tmp13 *tmp10 *tmp12
+  138 label *label88
+  139 jump *label89 lessThan *tmp13 8
+  140 ucontrol boost true
+  141 ucontrol flag 2435345345
+  142 ucontrol move x y
+  143 jump *label92 always
+  144 label *label89
+  145 sensor *tmp17 @unit @flag
+  146 jump *label90 equal *tmp17 0
+  147 ucontrol boost false
+  148 ucontrol flag 0
+  149 ucontrol unbind
+  150 label *label90
+  151 label *label91
+  152 label *label92
+  153 label *label93
+  154 set :type @flare
+  155 label *label96
+  156 ubind :type
+  157 jump *label97 notEqual @unit null
+  158 jump *label108 always
+  159 label *label97
+  160 label *label98
+  161 sensor *tmp3 @unit @controlled
+  162 jump *label101 equal *tmp3 false
+  163 sensor *tmp5 @unit @controller
+  164 jump *label99 equal *tmp5 @this
+  165 jump *label108 always
+  166 label *label99
+  167 label *label100
+  168 label *label101
+  169 label *label102
+  170 # "Function: def inRadius(in x, in y, in radius)"
+  171 sensor *tmp9 @unit @x
+  172 op sub *tmp10 x *tmp9
+  173 sensor *tmp11 @unit @y
+  174 op sub *tmp12 y *tmp11
+  175 op len *tmp13 *tmp10 *tmp12
+  176 label *label103
+  177 jump *label104 lessThan *tmp13 8
+  178 ucontrol boost true
+  179 ucontrol flag 2435345345
+  180 ucontrol move x y
+  181 jump *label107 always
+  182 label *label104
+  183 sensor *tmp17 @unit @flag
+  184 jump *label105 equal *tmp17 0
+  185 ucontrol boost false
+  186 ucontrol flag 0
+  187 ucontrol unbind
+  188 label *label105
+  189 label *label106
+  190 label *label107
+  191 label *label108
+  192 set :type @horizon
+  193 label *label111
+  194 ubind :type
+  195 jump *label112 notEqual @unit null
+  196 jump *label123 always
+  197 label *label112
+  198 label *label113
+  199 sensor *tmp3 @unit @controlled
+  200 jump *label116 equal *tmp3 false
+  201 sensor *tmp5 @unit @controller
+  202 jump *label114 equal *tmp5 @this
+  203 jump *label123 always
+  204 label *label114
+  205 label *label115
+  206 label *label116
+  207 label *label117
+  208 # "Function: def inRadius(in x, in y, in radius)"
+  209 sensor *tmp9 @unit @x
+  210 op sub *tmp10 x *tmp9
+  211 sensor *tmp11 @unit @y
+  212 op sub *tmp12 y *tmp11
+  213 op len *tmp13 *tmp10 *tmp12
+  214 label *label118
+  215 jump *label119 lessThan *tmp13 8
+  216 ucontrol boost true
+  217 ucontrol flag 2435345345
+  218 ucontrol move x y
+  219 jump *label122 always
+  220 label *label119
+  221 sensor *tmp17 @unit @flag
+  222 jump *label120 equal *tmp17 0
+  223 ucontrol boost false
+  224 ucontrol flag 0
+  225 ucontrol unbind
+  226 label *label120
+  227 label *label121
+  228 label *label122
+  229 label *label123
+  230 set :type @zenith
+  231 label *label126
+  232 ubind :type
+  233 jump *label127 notEqual @unit null
+  234 jump *label138 always
+  235 label *label127
+  236 label *label128
+  237 sensor *tmp3 @unit @controlled
+  238 jump *label131 equal *tmp3 false
+  239 sensor *tmp5 @unit @controller
+  240 jump *label129 equal *tmp5 @this
+  241 jump *label138 always
+  242 label *label129
+  243 label *label130
+  244 label *label131
+  245 label *label132
+  246 # "Function: def inRadius(in x, in y, in radius)"
+  247 sensor *tmp9 @unit @x
+  248 op sub *tmp10 x *tmp9
+  249 sensor *tmp11 @unit @y
+  250 op sub *tmp12 y *tmp11
+  251 op len *tmp13 *tmp10 *tmp12
+  252 label *label133
+  253 jump *label134 lessThan *tmp13 8
+  254 ucontrol boost true
+  255 ucontrol flag 2435345345
+  256 ucontrol move x y
+  257 jump *label137 always
+  258 label *label134
+  259 sensor *tmp17 @unit @flag
+  260 jump *label135 equal *tmp17 0
+  261 ucontrol boost false
+  262 ucontrol flag 0
+  263 ucontrol unbind
+  264 label *label135
+  265 label *label136
+  266 label *label137
+  267 label *label138
+  268 set :type @antumbra
+  269 label *label141
+  270 ubind :type
+  271 jump *label142 notEqual @unit null
+  272 jump *label153 always
+  273 label *label142
+  274 label *label143
+  275 sensor *tmp3 @unit @controlled
+  276 jump *label146 equal *tmp3 false
+  277 sensor *tmp5 @unit @controller
+  278 jump *label144 equal *tmp5 @this
+  279 jump *label153 always
+  280 label *label144
+  281 label *label145
+  282 label *label146
+  283 label *label147
+  284 # "Function: def inRadius(in x, in y, in radius)"
+  285 sensor *tmp9 @unit @x
+  286 op sub *tmp10 x *tmp9
+  287 sensor *tmp11 @unit @y
+  288 op sub *tmp12 y *tmp11
+  289 op len *tmp13 *tmp10 *tmp12
+  290 label *label148
+  291 jump *label149 lessThan *tmp13 8
+  292 ucontrol boost true
+  293 ucontrol flag 2435345345
+  294 ucontrol move x y
+  295 jump *label152 always
+  296 label *label149
+  297 sensor *tmp17 @unit @flag
+  298 jump *label150 equal *tmp17 0
+  299 ucontrol boost false
+  300 ucontrol flag 0
+  301 ucontrol unbind
+  302 label *label150
+  303 label *label151
+  304 label *label152
+  305 label *label153
+  306 set :type @eclipse
+  307 label *label156
+  308 ubind :type
+  309 jump *label157 notEqual @unit null
+  310 jump *label168 always
+  311 label *label157
+  312 label *label158
+  313 sensor *tmp3 @unit @controlled
+  314 jump *label161 equal *tmp3 false
+  315 sensor *tmp5 @unit @controller
+  316 jump *label159 equal *tmp5 @this
+  317 jump *label168 always
+  318 label *label159
+  319 label *label160
+  320 label *label161
+  321 label *label162
+  322 # "Function: def inRadius(in x, in y, in radius)"
+  323 sensor *tmp9 @unit @x
+  324 op sub *tmp10 x *tmp9
+  325 sensor *tmp11 @unit @y
+  326 op sub *tmp12 y *tmp11
+  327 op len *tmp13 *tmp10 *tmp12
+  328 label *label163
+  329 jump *label164 lessThan *tmp13 8
+  330 ucontrol boost true
+  331 ucontrol flag 2435345345
+  332 ucontrol move x y
+  333 jump *label167 always
+  334 label *label164
+  335 sensor *tmp17 @unit @flag
+  336 jump *label165 equal *tmp17 0
+  337 ucontrol boost false
+  338 ucontrol flag 0
+  339 ucontrol unbind
+  340 label *label165
+  341 label *label166
+  342 label *label167
+  343 label *label168
+  344 set :type @mono
+  345 label *label171
+  346 ubind :type
+  347 jump *label172 notEqual @unit null
+  348 jump *label183 always
+  349 label *label172
+  350 label *label173
+  351 sensor *tmp3 @unit @controlled
+  352 jump *label176 equal *tmp3 false
+  353 sensor *tmp5 @unit @controller
+  354 jump *label174 equal *tmp5 @this
+  355 jump *label183 always
+  356 label *label174
+  357 label *label175
+  358 label *label176
+  359 label *label177
+  360 # "Function: def inRadius(in x, in y, in radius)"
+  361 sensor *tmp9 @unit @x
+  362 op sub *tmp10 x *tmp9
+  363 sensor *tmp11 @unit @y
+  364 op sub *tmp12 y *tmp11
+  365 op len *tmp13 *tmp10 *tmp12
+  366 label *label178
+  367 jump *label179 lessThan *tmp13 8
+  368 ucontrol boost true
+  369 ucontrol flag 2435345345
+  370 ucontrol move x y
+  371 jump *label182 always
+  372 label *label179
+  373 sensor *tmp17 @unit @flag
+  374 jump *label180 equal *tmp17 0
+  375 ucontrol boost false
+  376 ucontrol flag 0
+  377 ucontrol unbind
+  378 label *label180
+  379 label *label181
+  380 label *label182
+  381 label *label183
+  382 set :type @poly
+  383 label *label186
+  384 ubind :type
+  385 jump *label187 notEqual @unit null
+  386 jump *label198 always
+  387 label *label187
+  388 label *label188
+  389 sensor *tmp3 @unit @controlled
+  390 jump *label191 equal *tmp3 false
+  391 sensor *tmp5 @unit @controller
+  392 jump *label189 equal *tmp5 @this
+  393 jump *label198 always
+  394 label *label189
+  395 label *label190
+  396 label *label191
+  397 label *label192
+  398 # "Function: def inRadius(in x, in y, in radius)"
+  399 sensor *tmp9 @unit @x
+  400 op sub *tmp10 x *tmp9
+  401 sensor *tmp11 @unit @y
+  402 op sub *tmp12 y *tmp11
+  403 op len *tmp13 *tmp10 *tmp12
+  404 label *label193
+  405 jump *label194 lessThan *tmp13 8
+  406 ucontrol boost true
+  407 ucontrol flag 2435345345
+  408 ucontrol move x y
+  409 jump *label197 always
+  410 label *label194
+  411 sensor *tmp17 @unit @flag
+  412 jump *label195 equal *tmp17 0
+  413 ucontrol boost false
+  414 ucontrol flag 0
+  415 ucontrol unbind
+  416 label *label195
+  417 label *label196
+  418 label *label197
+  419 label *label198
+  420 set :type @mega
+  421 label *label201
+  422 ubind :type
+  423 jump *label202 notEqual @unit null
+  424 jump *label213 always
+  425 label *label202
+  426 label *label203
+  427 sensor *tmp3 @unit @controlled
+  428 jump *label206 equal *tmp3 false
+  429 sensor *tmp5 @unit @controller
+  430 jump *label204 equal *tmp5 @this
+  431 jump *label213 always
+  432 label *label204
+  433 label *label205
+  434 label *label206
+  435 label *label207
+  436 # "Function: def inRadius(in x, in y, in radius)"
+  437 sensor *tmp9 @unit @x
+  438 op sub *tmp10 x *tmp9
+  439 sensor *tmp11 @unit @y
+  440 op sub *tmp12 y *tmp11
+  441 op len *tmp13 *tmp10 *tmp12
+  442 label *label208
+  443 jump *label209 lessThan *tmp13 8
+  444 ucontrol boost true
+  445 ucontrol flag 2435345345
+  446 ucontrol move x y
+  447 jump *label212 always
+  448 label *label209
+  449 sensor *tmp17 @unit @flag
+  450 jump *label210 equal *tmp17 0
+  451 ucontrol boost false
+  452 ucontrol flag 0
+  453 ucontrol unbind
+  454 label *label210
+  455 label *label211
+  456 label *label212
+  457 label *label213
+  458 set :type @quad
+  459 label *label216
+  460 ubind :type
+  461 jump *label217 notEqual @unit null
+  462 jump *label228 always
+  463 label *label217
+  464 label *label218
+  465 sensor *tmp3 @unit @controlled
+  466 jump *label221 equal *tmp3 false
+  467 sensor *tmp5 @unit @controller
+  468 jump *label219 equal *tmp5 @this
+  469 jump *label228 always
+  470 label *label219
+  471 label *label220
+  472 label *label221
+  473 label *label222
+  474 # "Function: def inRadius(in x, in y, in radius)"
+  475 sensor *tmp9 @unit @x
+  476 op sub *tmp10 x *tmp9
+  477 sensor *tmp11 @unit @y
+  478 op sub *tmp12 y *tmp11
+  479 op len *tmp13 *tmp10 *tmp12
+  480 label *label223
+  481 jump *label224 lessThan *tmp13 8
+  482 ucontrol boost true
+  483 ucontrol flag 2435345345
+  484 ucontrol move x y
+  485 jump *label227 always
+  486 label *label224
+  487 sensor *tmp17 @unit @flag
+  488 jump *label225 equal *tmp17 0
+  489 ucontrol boost false
+  490 ucontrol flag 0
+  491 ucontrol unbind
+  492 label *label225
+  493 label *label226
+  494 label *label227
+  495 label *label228
+  496 set :type @oct
+  497 label *label231
+  498 ubind :type
+  499 jump *label232 notEqual @unit null
+  500 jump *label243 always
+  501 label *label232
+  502 label *label233
+  503 sensor *tmp3 @unit @controlled
+  504 jump *label236 equal *tmp3 false
+  505 sensor *tmp5 @unit @controller
+  506 jump *label234 equal *tmp5 @this
+  507 jump *label243 always
+  508 label *label234
+  509 label *label235
+  510 label *label236
+  511 label *label237
+  512 # "Function: def inRadius(in x, in y, in radius)"
+  513 sensor *tmp9 @unit @x
+  514 op sub *tmp10 x *tmp9
+  515 sensor *tmp11 @unit @y
+  516 op sub *tmp12 y *tmp11
+  517 op len *tmp13 *tmp10 *tmp12
+  518 label *label238
+  519 jump *label239 lessThan *tmp13 8
+  520 ucontrol boost true
+  521 ucontrol flag 2435345345
+  522 ucontrol move x y
+  523 jump *label242 always
+  524 label *label239
+  525 sensor *tmp17 @unit @flag
+  526 jump *label240 equal *tmp17 0
+  527 ucontrol boost false
+  528 ucontrol flag 0
+  529 ucontrol unbind
+  530 label *label240
+  531 label *label241
+  532 label *label242
+  533 label *label243
+  534 set :type @avert
+  535 label *label246
+  536 ubind :type
+  537 jump *label247 notEqual @unit null
+  538 jump *label258 always
+  539 label *label247
+  540 label *label248
+  541 sensor *tmp3 @unit @controlled
+  542 jump *label251 equal *tmp3 false
+  543 sensor *tmp5 @unit @controller
+  544 jump *label249 equal *tmp5 @this
+  545 jump *label258 always
+  546 label *label249
+  547 label *label250
+  548 label *label251
+  549 label *label252
+  550 # "Function: def inRadius(in x, in y, in radius)"
+  551 sensor *tmp9 @unit @x
+  552 op sub *tmp10 x *tmp9
+  553 sensor *tmp11 @unit @y
+  554 op sub *tmp12 y *tmp11
+  555 op len *tmp13 *tmp10 *tmp12
+  556 label *label253
+  557 jump *label254 lessThan *tmp13 8
+  558 ucontrol boost true
+  559 ucontrol flag 2435345345
+  560 ucontrol move x y
+  561 jump *label257 always
+  562 label *label254
+  563 sensor *tmp17 @unit @flag
+  564 jump *label255 equal *tmp17 0
+  565 ucontrol boost false
+  566 ucontrol flag 0
+  567 ucontrol unbind
+  568 label *label255
+  569 label *label256
+  570 label *label257
+  571 label *label258
+  572 set :type @obviate
+  573 label *label261
+  574 ubind :type
+  575 jump *label262 notEqual @unit null
+  576 jump *label273 always
+  577 label *label262
+  578 label *label263
+  579 sensor *tmp3 @unit @controlled
+  580 jump *label266 equal *tmp3 false
+  581 sensor *tmp5 @unit @controller
+  582 jump *label264 equal *tmp5 @this
+  583 jump *label273 always
+  584 label *label264
+  585 label *label265
+  586 label *label266
+  587 label *label267
+  588 # "Function: def inRadius(in x, in y, in radius)"
+  589 sensor *tmp9 @unit @x
+  590 op sub *tmp10 x *tmp9
+  591 sensor *tmp11 @unit @y
+  592 op sub *tmp12 y *tmp11
+  593 op len *tmp13 *tmp10 *tmp12
+  594 label *label268
+  595 jump *label269 lessThan *tmp13 8
+  596 ucontrol boost true
+  597 ucontrol flag 2435345345
+  598 ucontrol move x y
+  599 jump *label272 always
+  600 label *label269
+  601 sensor *tmp17 @unit @flag
+  602 jump *label270 equal *tmp17 0
+  603 ucontrol boost false
+  604 ucontrol flag 0
+  605 ucontrol unbind
+  606 label *label270
+  607 label *label271
+  608 label *label272
+  609 label *label273
+  610 set :type @quell
+  611 label *label276
+  612 ubind :type
+  613 jump *label277 notEqual @unit null
+  614 jump *label288 always
+  615 label *label277
+  616 label *label278
+  617 sensor *tmp3 @unit @controlled
+  618 jump *label281 equal *tmp3 false
+  619 sensor *tmp5 @unit @controller
+  620 jump *label279 equal *tmp5 @this
+  621 jump *label288 always
+  622 label *label279
+  623 label *label280
+  624 label *label281
+  625 label *label282
+  626 # "Function: def inRadius(in x, in y, in radius)"
+  627 sensor *tmp9 @unit @x
+  628 op sub *tmp10 x *tmp9
+  629 sensor *tmp11 @unit @y
+  630 op sub *tmp12 y *tmp11
+  631 op len *tmp13 *tmp10 *tmp12
+  632 label *label283
+  633 jump *label284 lessThan *tmp13 8
+  634 ucontrol boost true
+  635 ucontrol flag 2435345345
+  636 ucontrol move x y
+  637 jump *label287 always
+  638 label *label284
+  639 sensor *tmp17 @unit @flag
+  640 jump *label285 equal *tmp17 0
+  641 ucontrol boost false
+  642 ucontrol flag 0
+  643 ucontrol unbind
+  644 label *label285
+  645 label *label286
+  646 label *label287
+  647 label *label288
+  648 set :type @disrupt
+  649 label *label291
+  650 ubind :type
+  651 jump *label292 notEqual @unit null
+  652 jump *label303 always
+  653 label *label292
+  654 label *label293
+  655 sensor *tmp3 @unit @controlled
+  656 jump *label296 equal *tmp3 false
+  657 sensor *tmp5 @unit @controller
+  658 jump *label294 equal *tmp5 @this
+  659 jump *label303 always
+  660 label *label294
+  661 label *label295
+  662 label *label296
+  663 label *label297
+  664 # "Function: def inRadius(in x, in y, in radius)"
+  665 sensor *tmp9 @unit @x
+  666 op sub *tmp10 x *tmp9
+  667 sensor *tmp11 @unit @y
+  668 op sub *tmp12 y *tmp11
+  669 op len *tmp13 *tmp10 *tmp12
+  670 label *label298
+  671 jump *label299 lessThan *tmp13 8
+  672 ucontrol boost true
+  673 ucontrol flag 2435345345
+  674 ucontrol move x y
+  675 jump *label302 always
+  676 label *label299
+  677 sensor *tmp17 @unit @flag
+  678 jump *label300 equal *tmp17 0
+  679 ucontrol boost false
+  680 ucontrol flag 0
+  681 ucontrol unbind
+  682 label *label300
+  683 label *label301
+  684 label *label302
+  685 label *label303
+  686 set :type @evoke
+  687 label *label306
+  688 ubind :type
+  689 jump *label307 notEqual @unit null
+  690 jump *label318 always
+  691 label *label307
+  692 label *label308
+  693 sensor *tmp3 @unit @controlled
+  694 jump *label311 equal *tmp3 false
+  695 sensor *tmp5 @unit @controller
+  696 jump *label309 equal *tmp5 @this
+  697 jump *label318 always
+  698 label *label309
+  699 label *label310
+  700 label *label311
+  701 label *label312
+  702 # "Function: def inRadius(in x, in y, in radius)"
+  703 sensor *tmp9 @unit @x
+  704 op sub *tmp10 x *tmp9
+  705 sensor *tmp11 @unit @y
+  706 op sub *tmp12 y *tmp11
+  707 op len *tmp13 *tmp10 *tmp12
+  708 label *label313
+  709 jump *label314 lessThan *tmp13 8
+  710 ucontrol boost true
+  711 ucontrol flag 2435345345
+  712 ucontrol move x y
+  713 jump *label317 always
+  714 label *label314
+  715 sensor *tmp17 @unit @flag
+  716 jump *label315 equal *tmp17 0
+  717 ucontrol boost false
+  718 ucontrol flag 0
+  719 ucontrol unbind
+  720 label *label315
+  721 label *label316
+  722 label *label317
+  723 label *label318
+  724 set :type @incite
+  725 label *label321
+  726 ubind :type
+  727 jump *label322 notEqual @unit null
+  728 jump *label333 always
+  729 label *label322
+  730 label *label323
+  731 sensor *tmp3 @unit @controlled
+  732 jump *label326 equal *tmp3 false
+  733 sensor *tmp5 @unit @controller
+  734 jump *label324 equal *tmp5 @this
+  735 jump *label333 always
+  736 label *label324
+  737 label *label325
+  738 label *label326
+  739 label *label327
+  740 # "Function: def inRadius(in x, in y, in radius)"
+  741 sensor *tmp9 @unit @x
+  742 op sub *tmp10 x *tmp9
+  743 sensor *tmp11 @unit @y
+  744 op sub *tmp12 y *tmp11
+  745 op len *tmp13 *tmp10 *tmp12
+  746 label *label328
+  747 jump *label329 lessThan *tmp13 8
+  748 ucontrol boost true
+  749 ucontrol flag 2435345345
+  750 ucontrol move x y
+  751 jump *label332 always
+  752 label *label329
+  753 sensor *tmp17 @unit @flag
+  754 jump *label330 equal *tmp17 0
+  755 ucontrol boost false
+  756 ucontrol flag 0
+  757 ucontrol unbind
+  758 label *label330
+  759 label *label331
+  760 label *label332
+  761 label *label333
+  762 set :type @emanate
+  763 label *label336
+  764 ubind :type
+  765 jump *label337 notEqual @unit null
+  766 jump *label348 always
+  767 label *label337
+  768 label *label338
+  769 sensor *tmp3 @unit @controlled
+  770 jump *label341 equal *tmp3 false
+  771 sensor *tmp5 @unit @controller
+  772 jump *label339 equal *tmp5 @this
+  773 jump *label348 always
+  774 label *label339
+  775 label *label340
+  776 label *label341
+  777 label *label342
+  778 # "Function: def inRadius(in x, in y, in radius)"
+  779 sensor *tmp9 @unit @x
+  780 op sub *tmp10 x *tmp9
+  781 sensor *tmp11 @unit @y
+  782 op sub *tmp12 y *tmp11
+  783 op len *tmp13 *tmp10 *tmp12
+  784 label *label343
+  785 jump *label344 lessThan *tmp13 8
+  786 ucontrol boost true
+  787 ucontrol flag 2435345345
+  788 ucontrol move x y
+  789 jump *label347 always
+  790 label *label344
+  791 sensor *tmp17 @unit @flag
+  792 jump *label345 equal *tmp17 0
+  793 ucontrol boost false
+  794 ucontrol flag 0
+  795 ucontrol unbind
+  796 label *label345
+  797 label *label346
+  798 label *label347
+  799 label *label348
+  800 label *label3
   801 label *label0
   802 end

Modifications by Iterated phase, Data Flow Optimization, pass 1, iteration 1:
 
     1 set y @thisy
     2 set :type @nova
     3 label *label36
-    * ubind :type
+    4 ubind @nova
     5 jump *label37 notEqual @unit null
     6 jump *label48 always
     7 label *label37
 
    39 label *label48
    40 set :type @pulsar
    41 label *label51
-    * ubind :type
+   42 ubind @pulsar
    43 jump *label52 notEqual @unit null
    44 jump *label63 always
    45 label *label52
 
    77 label *label63
    78 set :type @quasar
    79 label *label66
-    * ubind :type
+   80 ubind @quasar
    81 jump *label67 notEqual @unit null
    82 jump *label78 always
    83 label *label67
 
   115 label *label78
   116 set :type @vela
   117 label *label81
-    * ubind :type
+  118 ubind @vela
   119 jump *label82 notEqual @unit null
   120 jump *label93 always
   121 label *label82
 
   153 label *label93
   154 set :type @flare
   155 label *label96
-    * ubind :type
+  156 ubind @flare
   157 jump *label97 notEqual @unit null
   158 jump *label108 always
   159 label *label97
 
   191 label *label108
   192 set :type @horizon
   193 label *label111
-    * ubind :type
+  194 ubind @horizon
   195 jump *label112 notEqual @unit null
   196 jump *label123 always
   197 label *label112
 
   229 label *label123
   230 set :type @zenith
   231 label *label126
-    * ubind :type
+  232 ubind @zenith
   233 jump *label127 notEqual @unit null
   234 jump *label138 always
   235 label *label127
 
   267 label *label138
   268 set :type @antumbra
   269 label *label141
-    * ubind :type
+  270 ubind @antumbra
   271 jump *label142 notEqual @unit null
   272 jump *label153 always
   273 label *label142
 
   305 label *label153
   306 set :type @eclipse
   307 label *label156
-    * ubind :type
+  308 ubind @eclipse
   309 jump *label157 notEqual @unit null
   310 jump *label168 always
   311 label *label157
 
   343 label *label168
   344 set :type @mono
   345 label *label171
-    * ubind :type
+  346 ubind @mono
   347 jump *label172 notEqual @unit null
   348 jump *label183 always
   349 label *label172
 
   381 label *label183
   382 set :type @poly
   383 label *label186
-    * ubind :type
+  384 ubind @poly
   385 jump *label187 notEqual @unit null
   386 jump *label198 always
   387 label *label187
 
   419 label *label198
   420 set :type @mega
   421 label *label201
-    * ubind :type
+  422 ubind @mega
   423 jump *label202 notEqual @unit null
   424 jump *label213 always
   425 label *label202
 
   457 label *label213
   458 set :type @quad
   459 label *label216
-    * ubind :type
+  460 ubind @quad
   461 jump *label217 notEqual @unit null
   462 jump *label228 always
   463 label *label217
 
   495 label *label228
   496 set :type @oct
   497 label *label231
-    * ubind :type
+  498 ubind @oct
   499 jump *label232 notEqual @unit null
   500 jump *label243 always
   501 label *label232
 
   533 label *label243
   534 set :type @avert
   535 label *label246
-    * ubind :type
+  536 ubind @avert
   537 jump *label247 notEqual @unit null
   538 jump *label258 always
   539 label *label247
 
   571 label *label258
   572 set :type @obviate
   573 label *label261
-    * ubind :type
+  574 ubind @obviate
   575 jump *label262 notEqual @unit null
   576 jump *label273 always
   577 label *label262
 
   609 label *label273
   610 set :type @quell
   611 label *label276
-    * ubind :type
+  612 ubind @quell
   613 jump *label277 notEqual @unit null
   614 jump *label288 always
   615 label *label277
 
   647 label *label288
   648 set :type @disrupt
   649 label *label291
-    * ubind :type
+  650 ubind @disrupt
   651 jump *label292 notEqual @unit null
   652 jump *label303 always
   653 label *label292
 
   685 label *label303
   686 set :type @evoke
   687 label *label306
-    * ubind :type
+  688 ubind @evoke
   689 jump *label307 notEqual @unit null
   690 jump *label318 always
   691 label *label307
 
   723 label *label318
   724 set :type @incite
   725 label *label321
-    * ubind :type
+  726 ubind @incite
   727 jump *label322 notEqual @unit null
   728 jump *label333 always
   729 label *label322
 
   761 label *label333
   762 set :type @emanate
   763 label *label336
-    * ubind :type
+  764 ubind @emanate
   765 jump *label337 notEqual @unit null
   766 jump *label348 always
   767 label *label337

Modifications by Iterated phase, Data Flow Optimization, pass 1, iteration 2 (-21 instructions):
     0 set x @thisx
     1 set y @thisy
-    * set :type @nova
     2 label *label36
     3 ubind @nova
     4 jump *label37 notEqual @unit null
 
    36 label *label46
    37 label *label47
    38 label *label48
-    * set :type @pulsar
    39 label *label51
    40 ubind @pulsar
    41 jump *label52 notEqual @unit null
 
    73 label *label61
    74 label *label62
    75 label *label63
-    * set :type @quasar
    76 label *label66
    77 ubind @quasar
    78 jump *label67 notEqual @unit null
 
   110 label *label76
   111 label *label77
   112 label *label78
-    * set :type @vela
   113 label *label81
   114 ubind @vela
   115 jump *label82 notEqual @unit null
 
   147 label *label91
   148 label *label92
   149 label *label93
-    * set :type @flare
   150 label *label96
   151 ubind @flare
   152 jump *label97 notEqual @unit null
 
   184 label *label106
   185 label *label107
   186 label *label108
-    * set :type @horizon
   187 label *label111
   188 ubind @horizon
   189 jump *label112 notEqual @unit null
 
   221 label *label121
   222 label *label122
   223 label *label123
-    * set :type @zenith
   224 label *label126
   225 ubind @zenith
   226 jump *label127 notEqual @unit null
 
   258 label *label136
   259 label *label137
   260 label *label138
-    * set :type @antumbra
   261 label *label141
   262 ubind @antumbra
   263 jump *label142 notEqual @unit null
 
   295 label *label151
   296 label *label152
   297 label *label153
-    * set :type @eclipse
   298 label *label156
   299 ubind @eclipse
   300 jump *label157 notEqual @unit null
 
   332 label *label166
   333 label *label167
   334 label *label168
-    * set :type @mono
   335 label *label171
   336 ubind @mono
   337 jump *label172 notEqual @unit null
 
   369 label *label181
   370 label *label182
   371 label *label183
-    * set :type @poly
   372 label *label186
   373 ubind @poly
   374 jump *label187 notEqual @unit null
 
   406 label *label196
   407 label *label197
   408 label *label198
-    * set :type @mega
   409 label *label201
   410 ubind @mega
   411 jump *label202 notEqual @unit null
 
   443 label *label211
   444 label *label212
   445 label *label213
-    * set :type @quad
   446 label *label216
   447 ubind @quad
   448 jump *label217 notEqual @unit null
 
   480 label *label226
   481 label *label227
   482 label *label228
-    * set :type @oct
   483 label *label231
   484 ubind @oct
   485 jump *label232 notEqual @unit null
 
   517 label *label241
   518 label *label242
   519 label *label243
-    * set :type @avert
   520 label *label246
   521 ubind @avert
   522 jump *label247 notEqual @unit null
 
   554 label *label256
   555 label *label257
   556 label *label258
-    * set :type @obviate
   557 label *label261
   558 ubind @obviate
   559 jump *label262 notEqual @unit null
 
   591 label *label271
   592 label *label272
   593 label *label273
-    * set :type @quell
   594 label *label276
   595 ubind @quell
   596 jump *label277 notEqual @unit null
 
   628 label *label286
   629 label *label287
   630 label *label288
-    * set :type @disrupt
   631 label *label291
   632 ubind @disrupt
   633 jump *label292 notEqual @unit null
 
   665 label *label301
   666 label *label302
   667 label *label303
-    * set :type @evoke
   668 label *label306
   669 ubind @evoke
   670 jump *label307 notEqual @unit null
 
   702 label *label316
   703 label *label317
   704 label *label318
-    * set :type @incite
   705 label *label321
   706 ubind @incite
   707 jump *label322 notEqual @unit null
 
   739 label *label331
   740 label *label332
   741 label *label333
-    * set :type @emanate
   742 label *label336
   743 ubind @emanate
   744 jump *label337 notEqual @unit null

Modifications by Jumps phase, Jump Straightening, pass 3, iteration 1 (-42 instructions):
     0 set x @thisx
     1 set y @thisy
     2 ubind @nova
-    * jump *label37 notEqual @unit null
-    * jump *label48 always
+    3 jump *label48 equal @unit null
     4 label *label37
     5 sensor *tmp3 @unit @controlled
     6 jump *label41 equal *tmp3 false
     7 sensor *tmp5 @unit @controller
-    * jump *label39 equal *tmp5 @this
-    * jump *label48 always
+    8 jump *label48 notEqual *tmp5 @this
     9 label *label39
    10 label *label41
    11 # "Function: def inRadius(in x, in y, in radius)"
 
    29 label *label47
    30 label *label48
    31 ubind @pulsar
-    * jump *label52 notEqual @unit null
-    * jump *label63 always
+   32 jump *label63 equal @unit null
    33 label *label52
    34 sensor *tmp3 @unit @controlled
    35 jump *label56 equal *tmp3 false
    36 sensor *tmp5 @unit @controller
-    * jump *label54 equal *tmp5 @this
-    * jump *label63 always
+   37 jump *label63 notEqual *tmp5 @this
    38 label *label54
    39 label *label56
    40 # "Function: def inRadius(in x, in y, in radius)"
 
    58 label *label62
    59 label *label63
    60 ubind @quasar
-    * jump *label67 notEqual @unit null
-    * jump *label78 always
+   61 jump *label78 equal @unit null
    62 label *label67
    63 sensor *tmp3 @unit @controlled
    64 jump *label71 equal *tmp3 false
    65 sensor *tmp5 @unit @controller
-    * jump *label69 equal *tmp5 @this
-    * jump *label78 always
+   66 jump *label78 notEqual *tmp5 @this
    67 label *label69
    68 label *label71
    69 # "Function: def inRadius(in x, in y, in radius)"
 
    87 label *label77
    88 label *label78
    89 ubind @vela
-    * jump *label82 notEqual @unit null
-    * jump *label93 always
+   90 jump *label93 equal @unit null
    91 label *label82
    92 sensor *tmp3 @unit @controlled
    93 jump *label86 equal *tmp3 false
    94 sensor *tmp5 @unit @controller
-    * jump *label84 equal *tmp5 @this
-    * jump *label93 always
+   95 jump *label93 notEqual *tmp5 @this
    96 label *label84
    97 label *label86
    98 # "Function: def inRadius(in x, in y, in radius)"
 
   116 label *label92
   117 label *label93
   118 ubind @flare
-    * jump *label97 notEqual @unit null
-    * jump *label108 always
+  119 jump *label108 equal @unit null
   120 label *label97
   121 sensor *tmp3 @unit @controlled
   122 jump *label101 equal *tmp3 false
   123 sensor *tmp5 @unit @controller
-    * jump *label99 equal *tmp5 @this
-    * jump *label108 always
+  124 jump *label108 notEqual *tmp5 @this
   125 label *label99
   126 label *label101
   127 # "Function: def inRadius(in x, in y, in radius)"
 
   145 label *label107
   146 label *label108
   147 ubind @horizon
-    * jump *label112 notEqual @unit null
-    * jump *label123 always
+  148 jump *label123 equal @unit null
   149 label *label112
   150 sensor *tmp3 @unit @controlled
   151 jump *label116 equal *tmp3 false
   152 sensor *tmp5 @unit @controller
-    * jump *label114 equal *tmp5 @this
-    * jump *label123 always
+  153 jump *label123 notEqual *tmp5 @this
   154 label *label114
   155 label *label116
   156 # "Function: def inRadius(in x, in y, in radius)"
 
   174 label *label122
   175 label *label123
   176 ubind @zenith
-    * jump *label127 notEqual @unit null
-    * jump *label138 always
+  177 jump *label138 equal @unit null
   178 label *label127
   179 sensor *tmp3 @unit @controlled
   180 jump *label131 equal *tmp3 false
   181 sensor *tmp5 @unit @controller
-    * jump *label129 equal *tmp5 @this
-    * jump *label138 always
+  182 jump *label138 notEqual *tmp5 @this
   183 label *label129
   184 label *label131
   185 # "Function: def inRadius(in x, in y, in radius)"
 
   203 label *label137
   204 label *label138
   205 ubind @antumbra
-    * jump *label142 notEqual @unit null
-    * jump *label153 always
+  206 jump *label153 equal @unit null
   207 label *label142
   208 sensor *tmp3 @unit @controlled
   209 jump *label146 equal *tmp3 false
   210 sensor *tmp5 @unit @controller
-    * jump *label144 equal *tmp5 @this
-    * jump *label153 always
+  211 jump *label153 notEqual *tmp5 @this
   212 label *label144
   213 label *label146
   214 # "Function: def inRadius(in x, in y, in radius)"
 
   232 label *label152
   233 label *label153
   234 ubind @eclipse
-    * jump *label157 notEqual @unit null
-    * jump *label168 always
+  235 jump *label168 equal @unit null
   236 label *label157
   237 sensor *tmp3 @unit @controlled
   238 jump *label161 equal *tmp3 false
   239 sensor *tmp5 @unit @controller
-    * jump *label159 equal *tmp5 @this
-    * jump *label168 always
+  240 jump *label168 notEqual *tmp5 @this
   241 label *label159
   242 label *label161
   243 # "Function: def inRadius(in x, in y, in radius)"
 
   261 label *label167
   262 label *label168
   263 ubind @mono
-    * jump *label172 notEqual @unit null
-    * jump *label183 always
+  264 jump *label183 equal @unit null
   265 label *label172
   266 sensor *tmp3 @unit @controlled
   267 jump *label176 equal *tmp3 false
   268 sensor *tmp5 @unit @controller
-    * jump *label174 equal *tmp5 @this
-    * jump *label183 always
+  269 jump *label183 notEqual *tmp5 @this
   270 label *label174
   271 label *label176
   272 # "Function: def inRadius(in x, in y, in radius)"
 
   290 label *label182
   291 label *label183
   292 ubind @poly
-    * jump *label187 notEqual @unit null
-    * jump *label198 always
+  293 jump *label198 equal @unit null
   294 label *label187
   295 sensor *tmp3 @unit @controlled
   296 jump *label191 equal *tmp3 false
   297 sensor *tmp5 @unit @controller
-    * jump *label189 equal *tmp5 @this
-    * jump *label198 always
+  298 jump *label198 notEqual *tmp5 @this
   299 label *label189
   300 label *label191
   301 # "Function: def inRadius(in x, in y, in radius)"
 
   319 label *label197
   320 label *label198
   321 ubind @mega
-    * jump *label202 notEqual @unit null
-    * jump *label213 always
+  322 jump *label213 equal @unit null
   323 label *label202
   324 sensor *tmp3 @unit @controlled
   325 jump *label206 equal *tmp3 false
   326 sensor *tmp5 @unit @controller
-    * jump *label204 equal *tmp5 @this
-    * jump *label213 always
+  327 jump *label213 notEqual *tmp5 @this
   328 label *label204
   329 label *label206
   330 # "Function: def inRadius(in x, in y, in radius)"
 
   348 label *label212
   349 label *label213
   350 ubind @quad
-    * jump *label217 notEqual @unit null
-    * jump *label228 always
+  351 jump *label228 equal @unit null
   352 label *label217
   353 sensor *tmp3 @unit @controlled
   354 jump *label221 equal *tmp3 false
   355 sensor *tmp5 @unit @controller
-    * jump *label219 equal *tmp5 @this
-    * jump *label228 always
+  356 jump *label228 notEqual *tmp5 @this
   357 label *label219
   358 label *label221
   359 # "Function: def inRadius(in x, in y, in radius)"
 
   377 label *label227
   378 label *label228
   379 ubind @oct
-    * jump *label232 notEqual @unit null
-    * jump *label243 always
+  380 jump *label243 equal @unit null
   381 label *label232
   382 sensor *tmp3 @unit @controlled
   383 jump *label236 equal *tmp3 false
   384 sensor *tmp5 @unit @controller
-    * jump *label234 equal *tmp5 @this
-    * jump *label243 always
+  385 jump *label243 notEqual *tmp5 @this
   386 label *label234
   387 label *label236
   388 # "Function: def inRadius(in x, in y, in radius)"
 
   406 label *label242
   407 label *label243
   408 ubind @avert
-    * jump *label247 notEqual @unit null
-    * jump *label258 always
+  409 jump *label258 equal @unit null
   410 label *label247
   411 sensor *tmp3 @unit @controlled
   412 jump *label251 equal *tmp3 false
   413 sensor *tmp5 @unit @controller
-    * jump *label249 equal *tmp5 @this
-    * jump *label258 always
+  414 jump *label258 notEqual *tmp5 @this
   415 label *label249
   416 label *label251
   417 # "Function: def inRadius(in x, in y, in radius)"
 
   435 label *label257
   436 label *label258
   437 ubind @obviate
-    * jump *label262 notEqual @unit null
-    * jump *label273 always
+  438 jump *label273 equal @unit null
   439 label *label262
   440 sensor *tmp3 @unit @controlled
   441 jump *label266 equal *tmp3 false
   442 sensor *tmp5 @unit @controller
-    * jump *label264 equal *tmp5 @this
-    * jump *label273 always
+  443 jump *label273 notEqual *tmp5 @this
   444 label *label264
   445 label *label266
   446 # "Function: def inRadius(in x, in y, in radius)"
 
   464 label *label272
   465 label *label273
   466 ubind @quell
-    * jump *label277 notEqual @unit null
-    * jump *label288 always
+  467 jump *label288 equal @unit null
   468 label *label277
   469 sensor *tmp3 @unit @controlled
   470 jump *label281 equal *tmp3 false
   471 sensor *tmp5 @unit @controller
-    * jump *label279 equal *tmp5 @this
-    * jump *label288 always
+  472 jump *label288 notEqual *tmp5 @this
   473 label *label279
   474 label *label281
   475 # "Function: def inRadius(in x, in y, in radius)"
 
   493 label *label287
   494 label *label288
   495 ubind @disrupt
-    * jump *label292 notEqual @unit null
-    * jump *label303 always
+  496 jump *label303 equal @unit null
   497 label *label292
   498 sensor *tmp3 @unit @controlled
   499 jump *label296 equal *tmp3 false
   500 sensor *tmp5 @unit @controller
-    * jump *label294 equal *tmp5 @this
-    * jump *label303 always
+  501 jump *label303 notEqual *tmp5 @this
   502 label *label294
   503 label *label296
   504 # "Function: def inRadius(in x, in y, in radius)"
 
   522 label *label302
   523 label *label303
   524 ubind @evoke
-    * jump *label307 notEqual @unit null
-    * jump *label318 always
+  525 jump *label318 equal @unit null
   526 label *label307
   527 sensor *tmp3 @unit @controlled
   528 jump *label311 equal *tmp3 false
   529 sensor *tmp5 @unit @controller
-    * jump *label309 equal *tmp5 @this
-    * jump *label318 always
+  530 jump *label318 notEqual *tmp5 @this
   531 label *label309
   532 label *label311
   533 # "Function: def inRadius(in x, in y, in radius)"
 
   551 label *label317
   552 label *label318
   553 ubind @incite
-    * jump *label322 notEqual @unit null
-    * jump *label333 always
+  554 jump *label333 equal @unit null
   555 label *label322
   556 sensor *tmp3 @unit @controlled
   557 jump *label326 equal *tmp3 false
   558 sensor *tmp5 @unit @controller
-    * jump *label324 equal *tmp5 @this
-    * jump *label333 always
+  559 jump *label333 notEqual *tmp5 @this
   560 label *label324
   561 label *label326
   562 # "Function: def inRadius(in x, in y, in radius)"
 
   580 label *label332
   581 label *label333
   582 ubind @emanate
-    * jump *label337 notEqual @unit null
-    * jump *label348 always
+  583 jump *label348 equal @unit null
   584 label *label337
   585 sensor *tmp3 @unit @controlled
   586 jump *label341 equal *tmp3 false
   587 sensor *tmp5 @unit @controller
-    * jump *label339 equal *tmp5 @this
-    * jump *label348 always
+  588 jump *label348 notEqual *tmp5 @this
   589 label *label339
   590 label *label341
   591 # "Function: def inRadius(in x, in y, in radius)"

Modifications by Jumps phase, Jump Threading, pass 3, iteration 1:
+    0 label __start__
     1 set x @thisx
     2 set y @thisy
     3 ubind @nova
 
   541 label *label332
   542 label *label333
   543 ubind @emanate
-    * jump *label348 equal @unit null
+  544 jump __start__ equal @unit null
   545 sensor *tmp3 @unit @controlled
   546 jump *label341 equal *tmp3 false
   547 sensor *tmp5 @unit @controller
-    * jump *label348 notEqual *tmp5 @this
+  548 jump __start__ notEqual *tmp5 @this
   549 label *label341
   550 # "Function: def inRadius(in x, in y, in radius)"
   551 sensor *tmp9 @unit @x
 
   557 ucontrol boost true
   558 ucontrol flag 2435345345
   559 ucontrol move x y
-    * jump *label347 always
+  560 jump __start__ always
   561 label *label344
   562 sensor *tmp17 @unit @flag
-    * jump *label345 equal *tmp17 0
+  563 jump __start__ equal *tmp17 0
   564 ucontrol boost false
   565 ucontrol flag 0
   566 ucontrol unbind

Modifications by Jumps phase, Single Step Elimination, pass 3, iteration 1 (-1 instructions):
 
   564 ucontrol boost false
   565 ucontrol flag 0
   566 ucontrol unbind
-    * end

Code size and number of instantiations by function:
  Size  Times  AvgSize  Function
   338     1x    338,0  <no function>
   105    21x      5,0  def inRadius(in x, in y, in radius)

Runtime error at instruction #2: 'ubind @nova':
Instruction 'ubind' not supported by Mindcode emulator.
Use the '#set err-unsupported-opcode = false;' directive to ignore this error.

Emulator output (4 steps, 0.05 sec):
The program didn't generate any output.
