    55 instructions before optimizations.
     2 instructions eliminated by Temp Variables Elimination (5 iterations).
    10 instructions eliminated by Dead Code Elimination (5 iterations).
     6 instructions eliminated by Condition Optimization (5 iterations).
     5 instructions eliminated by Single Step Elimination (2 passes, 6 iterations).
     3 instructions eliminated by Data Flow Optimization (4 iterations).
     2 instructions eliminated by Jump Straightening (5 iterations).
    27 instructions after optimizations.

Modifications by Initial phase, Dead Code Elimination, iteration 1 (-6 instructions):
 
     7 op equal *tmp1 @unit null
     8 jump *label4 equal *tmp1 false
     9 jump *label2 always
-    * set *tmp2 null
    10 jump *label5 always
    11 label *label4
-    * set *tmp2 null
    12 label *label5
    13 sensor *tmp3 @unit @controlled
    14 jump *label6 equal *tmp3 false
 
    21 label *label8
    22 set *tmp7 null
    23 label *label9
-    * set *tmp4 *tmp7
    24 jump *label7 always
    25 label *label6
-    * set *tmp4 null
    26 label *label7
    27 # "Function: def inRadius(in x, in y, in radius)"
    28 set :inRadius:x x
 
    41 ucontrol boost true
    42 ucontrol flag 2435345345
    43 ucontrol pathfind x y
-    * set *tmp16 null
    44 jump *label11 always
    45 label *label10
    46 sensor *tmp17 @unit @flag
 
    54 label *label13
    55 set *tmp19 null
    56 label *label14
-    * set *tmp16 *tmp19
    57 label *label11
    58 label *label2
    59 op add :i :i 1

Modifications by Initial phase, Dead Code Elimination, iteration 2 (-4 instructions):
 
    16 op notEqual *tmp6 *tmp5 @this
    17 jump *label8 equal *tmp6 false
    18 jump *label2 always
-    * set *tmp7 null
    19 jump *label9 always
    20 label *label8
-    * set *tmp7 null
    21 label *label9
    22 jump *label7 always
    23 label *label6
 
    47 ucontrol boost false
    48 ucontrol flag 0
    49 ucontrol unbind
-    * set *tmp19 null
    50 jump *label14 always
    51 label *label13
-    * set *tmp19 null
    52 label *label14
    53 label *label11
    54 label *label2

Modifications by Initial phase, Temp Variables Elimination, iteration 1 (-2 instructions):
 
     1 set y @thisy
     2 set :i 0
     3 label *label1
-    * lookup unit *tmp0 :i
-    * set :type *tmp0
+    4 lookup unit :type :i
     5 ubind :type
     6 op equal *tmp1 @unit null
     7 jump *label4 equal *tmp1 false
 
    30 sensor *tmp11 @unit @y
    31 op sub *tmp12 :inRadius:y *tmp11
    32 op len *tmp13 *tmp10 *tmp12
-    * op lessThan *tmp14 *tmp13 :inRadius:radius
-    * set *tmp8 *tmp14
+   33 op lessThan *tmp8 *tmp13 :inRadius:radius
    34 label *label12
    35 op equal *tmp15 *tmp8 false
    36 jump *label10 equal *tmp15 false

Modifications by Iterated phase, Condition Optimization, pass 1, iteration 1 (-6 instructions):
 
     3 label *label1
     4 lookup unit :type :i
     5 ubind :type
-    * op equal *tmp1 @unit null
-    * jump *label4 equal *tmp1 false
+    6 jump *label4 notEqual @unit null
     7 jump *label2 always
     8 jump *label5 always
     9 label *label4
 
    11 sensor *tmp3 @unit @controlled
    12 jump *label6 equal *tmp3 false
    13 sensor *tmp5 @unit @controller
-    * op notEqual *tmp6 *tmp5 @this
-    * jump *label8 equal *tmp6 false
+   14 jump *label8 equal *tmp5 @this
    15 jump *label2 always
    16 jump *label9 always
    17 label *label8
 
    28 sensor *tmp11 @unit @y
    29 op sub *tmp12 :inRadius:y *tmp11
    30 op len *tmp13 *tmp10 *tmp12
-    * op lessThan *tmp8 *tmp13 :inRadius:radius
    31 label *label12
-    * op equal *tmp15 *tmp8 false
-    * jump *label10 equal *tmp15 false
+   32 jump *label10 lessThan *tmp13 :inRadius:radius
    33 ucontrol boost true
    34 ucontrol flag 2435345345
    35 ucontrol pathfind x y
    36 jump *label11 always
    37 label *label10
    38 sensor *tmp17 @unit @flag
-    * op notEqual *tmp18 *tmp17 0
-    * jump *label13 equal *tmp18 false
+   39 jump *label13 equal *tmp17 0
    40 ucontrol boost false
    41 ucontrol flag 0
    42 ucontrol unbind
 
    46 label *label11
    47 label *label2
    48 op add :i :i 1
-    * op lessThan *tmp20 :i @unitCount
-    * jump *label1 notEqual *tmp20 false
+   49 jump *label1 lessThan :i @unitCount
    50 label *label3
    51 label *label0
    52 end

Modifications by Iterated phase, Single Step Elimination, pass 1, iteration 1 (-4 instructions):
 
     5 ubind :type
     6 jump *label4 notEqual @unit null
     7 jump *label2 always
-    * jump *label5 always
     8 label *label4
     9 label *label5
    10 sensor *tmp3 @unit @controlled
 
    12 sensor *tmp5 @unit @controller
    13 jump *label8 equal *tmp5 @this
    14 jump *label2 always
-    * jump *label9 always
    15 label *label8
    16 label *label9
-    * jump *label7 always
    17 label *label6
    18 label *label7
    19 # "Function: def inRadius(in x, in y, in radius)"
 
    37 ucontrol boost false
    38 ucontrol flag 0
    39 ucontrol unbind
-    * jump *label14 always
    40 label *label13
    41 label *label14
    42 label *label11

Modifications by Iterated phase, Data Flow Optimization, pass 1, iteration 1:
 
    21 set :inRadius:y y
    22 set :inRadius:radius 8
    23 sensor *tmp9 @unit @x
-    * op sub *tmp10 :inRadius:x *tmp9
+   24 op sub *tmp10 x *tmp9
    25 sensor *tmp11 @unit @y
-    * op sub *tmp12 :inRadius:y *tmp11
+   26 op sub *tmp12 y *tmp11
    27 op len *tmp13 *tmp10 *tmp12
    28 label *label12
-    * jump *label10 lessThan *tmp13 :inRadius:radius
+   29 jump *label10 lessThan *tmp13 8
    30 ucontrol boost true
    31 ucontrol flag 2435345345
    32 ucontrol pathfind x y

Modifications by Iterated phase, Data Flow Optimization, pass 1, iteration 2 (-3 instructions):
 
    17 label *label6
    18 label *label7
    19 # "Function: def inRadius(in x, in y, in radius)"
-    * set :inRadius:x x
-    * set :inRadius:y y
-    * set :inRadius:radius 8
    20 sensor *tmp9 @unit @x
    21 op sub *tmp10 x *tmp9
    22 sensor *tmp11 @unit @y

Modifications by Jumps phase, Jump Straightening, pass 3, iteration 1 (-2 instructions):
 
     3 label *label1
     4 lookup unit :type :i
     5 ubind :type
-    * jump *label4 notEqual @unit null
-    * jump *label2 always
+    6 jump *label2 equal @unit null
     7 label *label4
     8 sensor *tmp3 @unit @controlled
     9 jump *label6 equal *tmp3 false
    10 sensor *tmp5 @unit @controller
-    * jump *label8 equal *tmp5 @this
-    * jump *label2 always
+   11 jump *label2 notEqual *tmp5 @this
    12 label *label8
    13 label *label6
    14 # "Function: def inRadius(in x, in y, in radius)"

Modifications by Jumps phase, Single Step Elimination, pass 3, iteration 1 (-1 instructions):
 
    31 label *label2
    32 op add :i :i 1
    33 jump *label1 lessThan :i @unitCount
-    * end

Code size and number of instantiations by function:
  Size  Times  AvgSize  Function
    22     1x     22,0  <no function>
     5     1x      5,0  def inRadius(in x, in y, in radius)

Runtime error at instruction #4: 'ubind :type':
Instruction 'ubind' not supported by Mindcode emulator.
Use the '#set err-unsupported-opcode = false;' directive to ignore this error.

Emulator output (6 steps, 0.07 sec):
The program didn't generate any output.
