    68 instructions before optimizations.
     4 instructions eliminated by Temp Variables Elimination (5 iterations).
    15 instructions eliminated by Dead Code Elimination (6 iterations).
     1 instructions eliminated by Jump Normalization (5 iterations).
     5 instructions eliminated by Condition Optimization (6 iterations).
     3 instructions eliminated by Single Step Elimination (6 iterations).
     1 instructions eliminated by Jump Straightening (6 iterations).
     4 instructions updated by Jump Threading.
     2 instructions eliminated by Unreachable Code Elimination (2 passes, 3 iterations).
    37 instructions after optimizations.

Modifications by Initial phase, Dead Code Elimination, iteration 1 (-9 instructions):
 
    13 set :firstUnit *tmp2
    14 set :active 0
    15 set :change 0
-    * set *tmp1 :change
    16 jump *label5 always
    17 label *label4
    18 op equal *tmp3 @unit :firstUnit
 
    29 label *label6
    30 set *tmp4 null
    31 label *label7
-    * set *tmp1 *tmp4
    32 label *label5
    33 sensor *tmp6 @unit @flag
    34 set :unitFlag *tmp6
 
    38 op greaterThan *tmp9 :change 0
    39 jump *label10 equal *tmp9 false
    40 remark "We're acquiring a new unit"
-    * set *tmp11 :change
    41 op sub :change :change 1
    42 ucontrol flag myFlag
    43 set *tmp10 null
 
    47 jump *label2 always
    48 set *tmp10 null
    49 label *label11
-    * set *tmp8 *tmp10
    50 jump *label9 always
    51 label *label8
    52 remark "If not our unit, skip it"
 
    58 label *label12
    59 set *tmp13 null
    60 label *label13
-    * set *tmp8 *tmp13
    61 label *label9
    62 remark "This is our unit."
    63 op lessThan *tmp14 :change 0
 
    65 remark "The unit is superfluous: free it"
    66 ucontrol flag 0
    67 ucontrol unbind
-    * set *tmp16 :change
    68 op add :change :change 1
    69 remark "Skip processing for this unit"
    70 jump *label2 always
-    * set *tmp15 null
    71 jump *label15 always
    72 label *label14
-    * set *tmp15 null
    73 label *label15
    74 remark "We found an active unit, count it"
-    * set *tmp17 :active
    75 op add :active :active 1
    76 remark "Handle your unit here"
    77 op mul *tmp18 30 :active

Modifications by Initial phase, Dead Code Elimination, iteration 2 (-6 instructions):
 
    24 set :change *tmp5
    25 remark "Counts active units. Contains valid value when completing the loop."
    26 set :active 0
-    * set *tmp4 :active
    27 jump *label7 always
    28 label *label6
-    * set *tmp4 null
    29 label *label7
    30 label *label5
    31 sensor *tmp6 @unit @flag
 
    38 remark "We're acquiring a new unit"
    39 op sub :change :change 1
    40 ucontrol flag myFlag
-    * set *tmp10 null
    41 jump *label11 always
    42 label *label10
    43 remark "We don't need a new unit, skip it"
    44 jump *label2 always
-    * set *tmp10 null
    45 label *label11
    46 jump *label9 always
    47 label *label8
 
    49 op notEqual *tmp12 :unitFlag myFlag
    50 jump *label12 equal *tmp12 false
    51 jump *label2 always
-    * set *tmp13 null
    52 jump *label13 always
    53 label *label12
-    * set *tmp13 null
    54 label *label13
    55 label *label9
    56 remark "This is our unit."

Modifications by Initial phase, Temp Variables Elimination, iteration 1 (-4 instructions):
 
     9 remark "Remember first unit we found to be aware we're looping again"
    10 sensor *tmp0 :firstUnit @dead
    11 jump *label4 equal *tmp0 false
-    * set *tmp2 @unit
-    * set :firstUnit *tmp2
+   12 set :firstUnit @unit
    13 set :active 0
    14 set :change 0
    15 jump *label5 always
 
    19 remark "We've completed a loop: visited all existing units once"
    20 remark "Compute how many units we want to acquire/release to meet the target"
    21 remark "When change is negative, we need to drop units"
-    * op sub *tmp5 target :active
-    * set :change *tmp5
+   22 op sub :change target :active
    23 remark "Counts active units. Contains valid value when completing the loop."
    24 set :active 0
    25 jump *label7 always
    26 label *label6
    27 label *label7
    28 label *label5
-    * sensor *tmp6 @unit @flag
-    * set :unitFlag *tmp6
+   29 sensor :unitFlag @unit @flag
    30 op equal *tmp7 :unitFlag 0
    31 jump *label8 equal *tmp7 false
    32 remark "This is a free unit"
 
    66 op add :active :active 1
    67 remark "Handle your unit here"
    68 op mul *tmp18 30 :active
-    * op add *tmp19 *tmp18 @tick
-    * set :angle *tmp19
+   69 op add :angle *tmp18 @tick
    70 op sin *tmp20 :angle
    71 op mul *tmp21 15 *tmp20
    72 op add *tmp22 @thisx *tmp21

Modifications by Iterated phase, Jump Normalization, pass 1, iteration 1 (-1 instructions):
 
     4 remark "Flag to mark our units"
     5 set myFlag 12344567.89456
     6 label *label1
-    * jump *label3 equal true false
     7 ubind type
     8 remark "Remember first unit we found to be aware we're looping again"
     9 sensor *tmp0 :firstUnit @dead

Modifications by Iterated phase, Condition Optimization, pass 1, iteration 1 (-5 instructions):
 
    13 set :change 0
    14 jump *label5 always
    15 label *label4
-    * op equal *tmp3 @unit :firstUnit
-    * jump *label6 equal *tmp3 false
+   16 jump *label6 notEqual @unit :firstUnit
    17 remark "We've completed a loop: visited all existing units once"
    18 remark "Compute how many units we want to acquire/release to meet the target"
    19 remark "When change is negative, we need to drop units"
 
    25 label *label7
    26 label *label5
    27 sensor :unitFlag @unit @flag
-    * op equal *tmp7 :unitFlag 0
-    * jump *label8 equal *tmp7 false
+   28 jump *label8 notEqual :unitFlag 0
    29 remark "This is a free unit"
-    * op greaterThan *tmp9 :change 0
-    * jump *label10 equal *tmp9 false
+   30 jump *label10 lessThanEq :change 0
    31 remark "We're acquiring a new unit"
    32 op sub :change :change 1
    33 ucontrol flag myFlag
 
    39 jump *label9 always
    40 label *label8
    41 remark "If not our unit, skip it"
-    * op notEqual *tmp12 :unitFlag myFlag
-    * jump *label12 equal *tmp12 false
+   42 jump *label12 equal :unitFlag myFlag
    43 jump *label2 always
    44 jump *label13 always
    45 label *label12
    46 label *label13
    47 label *label9
    48 remark "This is our unit."
-    * op lessThan *tmp14 :change 0
-    * jump *label14 equal *tmp14 false
+   49 jump *label14 greaterThanEq :change 0
    50 remark "The unit is superfluous: free it"
    51 ucontrol flag 0
    52 ucontrol unbind

Modifications by Iterated phase, Single Step Elimination, pass 1, iteration 1 (-3 instructions):
 
    20 op sub :change target :active
    21 remark "Counts active units. Contains valid value when completing the loop."
    22 set :active 0
-    * jump *label7 always
    23 label *label6
    24 label *label7
    25 label *label5
 
    40 remark "If not our unit, skip it"
    41 jump *label12 equal :unitFlag myFlag
    42 jump *label2 always
-    * jump *label13 always
    43 label *label12
    44 label *label13
    45 label *label9
 
    51 op add :change :change 1
    52 remark "Skip processing for this unit"
    53 jump *label2 always
-    * jump *label15 always
    54 label *label14
    55 label *label15
    56 remark "We found an active unit, count it"

Modifications by Jumps phase, Unreachable Code Elimination, pass 3, iteration 1 (-1 instructions):
 
    21 remark "Counts active units. Contains valid value when completing the loop."
    22 set :active 0
    23 label *label6
-    * label *label7
    24 label *label5
    25 sensor :unitFlag @unit @flag
    26 jump *label8 notEqual :unitFlag 0
 
    40 jump *label12 equal :unitFlag myFlag
    41 jump *label2 always
    42 label *label12
-    * label *label13
    43 label *label9
    44 remark "This is our unit."
    45 jump *label14 greaterThanEq :change 0
 
    50 remark "Skip processing for this unit"
    51 jump *label2 always
    52 label *label14
-    * label *label15
    53 remark "We found an active unit, count it"
    54 op add :active :active 1
    55 remark "Handle your unit here"
 
    65 remark "End of unit handling"
    66 label *label2
    67 jump *label1 always
-    * label *label3
-    * label *label0
-    * end

Modifications by Jumps phase, Jump Straightening, pass 3, iteration 1 (-1 instructions):
 
    37 jump *label9 always
    38 label *label8
    39 remark "If not our unit, skip it"
-    * jump *label12 equal :unitFlag myFlag
-    * jump *label2 always
+   40 jump *label2 notEqual :unitFlag myFlag
    41 label *label12
    42 label *label9
    43 remark "This is our unit."

Modifications by Jumps phase, Jump Threading, pass 3, iteration 1:
 
    29 remark "We're acquiring a new unit"
    30 op sub :change :change 1
    31 ucontrol flag myFlag
-    * jump *label11 always
+   32 jump *label9 always
    33 label *label10
    34 remark "We don't need a new unit, skip it"
-    * jump *label2 always
+   35 jump *label1 always
    36 label *label11
    37 jump *label9 always
    38 label *label8
    39 remark "If not our unit, skip it"
-    * jump *label2 notEqual :unitFlag myFlag
+   40 jump *label1 notEqual :unitFlag myFlag
    41 label *label9
    42 remark "This is our unit."
    43 jump *label14 greaterThanEq :change 0
 
    46 ucontrol unbind
    47 op add :change :change 1
    48 remark "Skip processing for this unit"
-    * jump *label2 always
+   49 jump *label1 always
    50 label *label14
    51 remark "We found an active unit, count it"
    52 op add :active :active 1

Modifications by Jumps phase, Unreachable Code Elimination, pass 4, iteration 1 (-1 instructions):
 
    33 label *label10
    34 remark "We don't need a new unit, skip it"
    35 jump *label1 always
-    * jump *label9 always
    36 label *label8
    37 remark "If not our unit, skip it"
    38 jump *label1 notEqual :unitFlag myFlag

Code size and number of instantiations by function:
  Size  Times  AvgSize  Function
    38     1x     38,0  <no function>

Runtime error at instruction #3: 'ubind type':
Instruction 'ubind' not supported by Mindcode emulator.
Use the '#set err-unsupported-opcode = false;' directive to ignore this error.

Emulator output (5 steps, 0.05 sec):
The program didn't generate any output.
