   664 instructions before optimizations.
    55 instructions eliminated by Temp Variables Elimination (6 iterations).
     4 instructions eliminated by Case Expression Optimization.
    85 instructions eliminated by Dead Code Elimination (7 iterations).
     2 instructions eliminated by Jump Normalization (2 passes, 5 iterations).
    47 instructions eliminated by Condition Optimization (2 passes, 7 iterations).
    42 instructions eliminated by Single Step Elimination (2 passes, 7 iterations).
     1 instructions eliminated by Expression Optimization (3 iterations).
    14 instructions eliminated by Boolean Optimization (6 iterations).
       4 final jumps of a short-circuited expression optimized.
       5 fully-evaluated expressions optimized using selects.
     2 instructions eliminated by If Expression Optimization (3 iterations).
     9 instructions eliminated by Data Flow Optimization (2 passes, 11 iterations).
       3 loop conditions were partially rotated.
    17 instructions eliminated by Case Switching (7 iterations).
     4 case expressions converted to fast dispatch by Case Switching.
    16 instructions eliminated by Jump Straightening (6 iterations).
    12 instructions updated by Jump Threading.
     1 instructions eliminated by Unreachable Code Elimination (2 iterations).
    40 instructions eliminated by Print Merging.
   329 instructions after optimizations.

Pass 1: speed optimization selection (cost limit 607):
  * Fast-dispatch case at line 129:9                             size    -8, benefit     2187.5, efficiency   Infinity (-9 instructions)
  o Fast-dispatch case at line 221:16                            size    -2, benefit       25.0, efficiency   Infinity
  o Fast-dispatch case at line 247:5                             size    -2, benefit       25.0, efficiency   Infinity
  o Fast-dispatch case at line 427:9                             size    -8, benefit     2187.5, efficiency   Infinity

Pass 1: speed optimization selection (cost limit 616):
  o Fast-dispatch case at line 221:16                            size    -2, benefit       25.0, efficiency   Infinity
  o Fast-dispatch case at line 247:5                             size    -2, benefit       25.0, efficiency   Infinity
  * Fast-dispatch case at line 427:9                             size    -8, benefit     2187.5, efficiency   Infinity (-7 instructions)

Pass 1: speed optimization selection (cost limit 623):
  * Fast-dispatch case at line 221:16                            size    -2, benefit       25.0, efficiency   Infinity (-2 instructions)
  o Fast-dispatch case at line 247:5                             size    -2, benefit       25.0, efficiency   Infinity

Pass 1: speed optimization selection (cost limit 625):
  * Fast-dispatch case at line 247:5                             size    -2, benefit       25.0, efficiency   Infinity (-1 instructions)

Code size and number of instantiations by function:
  Size  Times  AvgSize  Function
   330     1x    330,0  <no function>

   466 instructions before optimizations.
    14 instructions eliminated by Temp Variables Elimination (2 passes, 7 iterations).
    76 instructions eliminated by Dead Code Elimination (7 iterations).
     5 instructions eliminated by Jump Normalization (5 iterations).
    41 instructions eliminated by Condition Optimization (6 iterations).
    38 instructions eliminated by Single Step Elimination (3 passes, 8 iterations).
    33 instructions eliminated by Data Flow Optimization (3 passes, 10 iterations).
    79 instructions added by Loop Unrolling (4 iterations).
     1 loops unrolled by Loop Unrolling.
    12 instructions eliminated by Jump Straightening (2 passes, 7 iterations).
    13 instructions updated by Jump Threading.
    16 instructions eliminated by Unreachable Code Elimination (2 iterations).
    32 instructions eliminated by Print Merging.
   278 instructions after optimizations.

Pass 1: speed optimization selection (cost limit 724):
  * Unroll iteration loop at line 87:9                           size  +101, benefit      375.0, efficiency      3.713 (+75 instructions)

Code size and number of instantiations by function:
  Size  Times  AvgSize  Function
   107     6x     17,8  inline def areUnitsAvailable(in type, in output)
    66     1x     66,0  inline def processUnit(in unit, out state)
    44     1x     44,0  <no function>
    28     2x     14,0  inline def rebindUnit(in currentUnit)
    27     1x     27,0  inline def chooseUnitType()
     4     1x      4,0  inline def locateCore()
     2     1x      2,0  inline def acquireUnit(in currentUnit)

   115 instructions before optimizations.
    20 instructions eliminated by Temp Variables Elimination (7 iterations).
     2 instructions eliminated by Dead Code Elimination (4 iterations).
     1 instructions eliminated by Jump Normalization (6 iterations).
     3 instructions eliminated by Condition Optimization (7 iterations).
     2 instructions eliminated by Single Step Elimination (7 iterations).
     1 instructions eliminated by Boolean Optimization (7 iterations).
       1 fully-evaluated expressions optimized using selects.
   514 instructions eliminated by Data Flow Optimization (3 passes, 10 iterations).
       2 loop conditions were partially rotated.
  1021 instructions added by Loop Unrolling (5 iterations).
     1 loops unrolled by Loop Unrolling.
     1 instructions eliminated by Unreachable Code Elimination (2 iterations).
    17 instructions eliminated by Print Merging.
   575 instructions after optimizations.

Pass 3: speed optimization selection (cost limit 915):
  * Unroll loop at line 28:5                                     size  +508, benefit    25600.0, efficiency     50.394 (+508 instructions)

Code size and number of instantiations by function:
  Size  Times  AvgSize  Function
   576     1x    576,0  <no function>

