   672 instructions before optimizations.
    62 instructions eliminated by Temp Variables Elimination (6 iterations).
     4 instructions eliminated by Case Expression Optimization.
    85 instructions eliminated by Dead Code Elimination (7 iterations).
     2 instructions eliminated by Jump Normalization (2 passes, 5 iterations).
    47 instructions eliminated by Condition Optimization (2 passes, 7 iterations).
    42 instructions eliminated by Single Step Elimination (2 passes, 7 iterations).
     1 instructions eliminated by Expression Optimization (3 iterations).
    14 instructions eliminated by Boolean Optimization (6 iterations).
       4 final jumps of a short-circuited expression optimized.
       5 fully-evaluated expressions optimized using selects.
     2 instructions eliminated by If Expression Optimization (3 iterations).
     9 instructions eliminated by Data Flow Optimization (2 passes, 11 iterations).
       3 loop conditions were partially rotated.
    17 instructions eliminated by Case Switching (7 iterations).
     4 case expressions converted to fast dispatch by Case Switching.
    16 instructions eliminated by Jump Straightening (6 iterations).
    12 instructions updated by Jump Threading.
     1 instructions eliminated by Unreachable Code Elimination (2 iterations).
    40 instructions eliminated by Print Merging.
   330 instructions after optimizations.

Pass 1: speed optimization selection (cost limit 607):
  * Fast-dispatch case at line 127:9                             size    -8, benefit     2187.5, efficiency   Infinity (-8 instructions)
  o Fast-dispatch case at line 219:16                            size    -2, benefit       25.0, efficiency   Infinity
  o Fast-dispatch case at line 245:5                             size    -2, benefit       25.0, efficiency   Infinity
  o Fast-dispatch case at line 425:9                             size    -8, benefit     2187.5, efficiency   Infinity

Pass 1: speed optimization selection (cost limit 615):
  o Fast-dispatch case at line 219:16                            size    -2, benefit       25.0, efficiency   Infinity
  o Fast-dispatch case at line 245:5                             size    -2, benefit       25.0, efficiency   Infinity
  * Fast-dispatch case at line 425:9                             size    -8, benefit     2187.5, efficiency   Infinity (-7 instructions)

Pass 1: speed optimization selection (cost limit 622):
  * Fast-dispatch case at line 219:16                            size    -2, benefit       25.0, efficiency   Infinity (-2 instructions)
  o Fast-dispatch case at line 245:5                             size    -2, benefit       25.0, efficiency   Infinity

Pass 1: speed optimization selection (cost limit 624):
  * Fast-dispatch case at line 245:5                             size    -2, benefit       25.0, efficiency   Infinity (-1 instructions)

Modifications by Initial phase, Case Expression Optimization, iteration 1 (-4 instructions):
 
    20 print :block
    21 print "\n"
    22 sensor *tmp5 :block @type
-    * set *tmp6 *tmp5
-    * jump *label8 equal *tmp6 @impact-reactor
+   23 jump *label8 equal *tmp5 @impact-reactor
    24 jump *label7 always
    25 label *label8
    26 set .START :n
 
    28 set *tmp4 :reactors
    29 jump *label6 always
    30 label *label7
-    * jump *label10 equal *tmp6 @overdrive-projector
-    * jump *label10 equal *tmp6 @overdrive-dome
-    * jump *label10 equal *tmp6 @conduit
-    * jump *label10 equal *tmp6 @pulse-conduit
-    * jump *label10 equal *tmp6 @plated-conduit
-    * jump *label10 equal *tmp6 @conveyor
-    * jump *label10 equal *tmp6 @titanium-conveyor
-    * jump *label10 equal *tmp6 @plastanium-conveyor
-    * jump *label10 equal *tmp6 @armored-conveyor
+   31 jump *label10 equal *tmp5 @overdrive-projector
+   32 jump *label10 equal *tmp5 @overdrive-dome
+   33 jump *label10 equal *tmp5 @conduit
+   34 jump *label10 equal *tmp5 @pulse-conduit
+   35 jump *label10 equal *tmp5 @plated-conduit
+   36 jump *label10 equal *tmp5 @conveyor
+   37 jump *label10 equal *tmp5 @titanium-conveyor
+   38 jump *label10 equal *tmp5 @plastanium-conveyor
+   39 jump *label10 equal *tmp5 @armored-conveyor
    40 jump *label9 always
    41 label *label10
    42 set .START :n
 
   200 label *label18
   201 set *tmp58 null
   202 label *label19
-    * set *tmp77 .MODE
-    * jump *label35 equal *tmp77 0
+  203 jump *label35 equal .MODE 0
   204 jump *label34 always
   205 label *label35
   206 set *tmp76 "[salmon]SHUTDOWN[]"
   207 jump *label33 always
   208 label *label34
-    * jump *label37 equal *tmp77 1
+  209 jump *label37 equal .MODE 1
   210 jump *label36 always
   211 label *label37
   212 set *tmp76 "[gold]STARTUP[]"
   213 jump *label33 always
   214 label *label36
-    * jump *label39 equal *tmp77 2
+  215 jump *label39 equal .MODE 2
   216 jump *label38 always
   217 label *label39
   218 set *tmp76 "[green]RUNNING[]"
 
   300 print :net_power
   301 print "["
   302 print "]"
-    * set *tmp93 .MODE
-    * jump *label50 equal *tmp93 0
+  303 jump *label50 equal .MODE 0
   304 jump *label49 always
   305 label *label50
   306 set .REACTORS_ON 0
 
   330 set *tmp92 *tmp98
   331 jump *label48 always
   332 label *label49
-    * jump *label54 equal *tmp93 1
+  333 jump *label54 equal .MODE 1
   334 jump *label53 always
   335 label *label54
   336 jump *label55 equal .OUTPUT_1 false
 
   487 set *tmp92 *tmp105
   488 jump *label48 always
   489 label *label53
-    * jump *label88 equal *tmp93 2
+  490 jump *label88 equal .MODE 2
   491 jump *label87 always
   492 label *label88
   493 jump *label89 equal .COOLANT_FLAG false
 
   731 getlink *tmp208 :n
   732 set :block *tmp208
   733 sensor *tmp210 :block @type
-    * set *tmp211 *tmp210
-    * jump *label143 equal *tmp211 @impact-reactor
+  734 jump *label143 equal *tmp210 @impact-reactor
   735 jump *label142 always
   736 label *label143
   737 op add :reactors :reactors 1
 
   750 set *tmp209 *tmp215
   751 jump *label141 always
   752 label *label142
-    * jump *label147 equal *tmp211 @overdrive-projector
-    * jump *label147 equal *tmp211 @overdrive-dome
+  753 jump *label147 equal *tmp210 @overdrive-projector
+  754 jump *label147 equal *tmp210 @overdrive-dome
   755 jump *label146 always
   756 label *label147
   757 set *tmp217 :block
 
   759 set *tmp209 .OVERDRIVE
   760 jump *label141 always
   761 label *label146
-    * jump *label149 equal *tmp211 @conduit
-    * jump *label149 equal *tmp211 @pulse-conduit
-    * jump *label149 equal *tmp211 @plated-conduit
-    * jump *label149 equal *tmp211 @conveyor
-    * jump *label149 equal *tmp211 @titanium-conveyor
-    * jump *label149 equal *tmp211 @plastanium-conveyor
-    * jump *label149 equal *tmp211 @armored-conveyor
+  762 jump *label149 equal *tmp210 @conduit
+  763 jump *label149 equal *tmp210 @pulse-conduit
+  764 jump *label149 equal *tmp210 @plated-conduit
+  765 jump *label149 equal *tmp210 @conveyor
+  766 jump *label149 equal *tmp210 @titanium-conveyor
+  767 jump *label149 equal *tmp210 @plastanium-conveyor
+  768 jump *label149 equal *tmp210 @armored-conveyor
   769 jump *label148 always
   770 label *label149
   771 set *tmp219 :block

Modifications by Initial phase, Dead Code Elimination, iteration 1 (-57 instructions):
 
    25 label *label8
    26 set .START :n
    27 op add :reactors :reactors 1
-    * set *tmp4 :reactors
    28 jump *label6 always
    29 label *label7
    30 jump *label10 equal *tmp5 @overdrive-projector
 
    39 jump *label9 always
    40 label *label10
    41 set .START :n
-    * set *tmp4 .START
    42 jump *label6 always
    43 label *label9
-    * set *tmp4 null
    44 label *label6
    45 label *label4
    46 jump *label3 always
 
    50 op equal *tmp9 :reactors 0
    51 jump *label11 equal *tmp9 false
    52 print "No reactor."
-    * set *tmp10 "No reactor."
    53 jump *label12 always
    54 label *label11
-    * set *tmp10 null
    55 label *label12
    56 printflush message1
    57 label *label1
 
    81 op equal *tmp31 .MODE 0
    82 jump *label13 equal *tmp31 false
    83 set .REASON "Processor reset"
-    * set *tmp32 .REASON
    84 jump *label14 always
    85 label *label13
    86 set .REASON "Reason unknown -- out of power?"
-    * set *tmp32 .REASON
    87 label *label14
    88 set *tmp33 switch1
    89 op notEqual *tmp35 .MODE 0
 
   188 label *label28
   189 set *tmp61 *tmp68
   190 label *label21
-    * set *tmp58 *tmp61
   191 jump *label19 always
   192 label *label18
-    * set *tmp58 null
   193 label *label19
   194 jump *label35 equal .MODE 0
   195 jump *label34 always
 
   230 print " ([gold]"
   231 print :multiplier
   232 print "x[])"
-    * set *tmp78 "x[])"
   233 jump *label41 always
   234 label *label40
-    * set *tmp78 null
   235 label *label41
   236 print "\n=================================="
   237 sensor *tmp84 tank1 @totalLiquids
   238 op lessThan *tmp85 *tmp84 750
   239 jump *label42 equal *tmp85 false
   240 print "\n[salmon]Cryofluid level critical![]"
-    * set *tmp86 "\n[salmon]Cryofluid level critical![]"
   241 jump *label43 always
   242 label *label42
-    * set *tmp86 null
   243 label *label43
   244 sensor *tmp87 vault1 @blast-compound
   245 op lessThan *tmp88 *tmp87 700
   246 jump *label44 equal *tmp88 false
   247 print "\n[salmon]Blast compound level critical![]"
-    * set *tmp89 "\n[salmon]Blast compound level critical![]"
   248 jump *label45 always
   249 label *label44
-    * set *tmp89 null
   250 label *label45
   251 op equal *tmp90 :enough_battery false
   252 jump *label46 equal *tmp90 false
 
   257 print :missing_battery
   258 print " "
   259 print "K[] of additional storage to internal battery."
-    * set *tmp91 null
   260 jump *label47 always
   261 label *label46
-    * set *tmp91 null
   262 label *label47
   263 print "\n"
   264 print "Internal battery:    [gold]"
 
   310 label *label51
   311 set *tmp98 null
   312 label *label52
-    * set *tmp92 *tmp98
   313 jump *label48 always
   314 label *label49
   315 jump *label54 equal .MODE 1
 
   359 print :neededPower
   360 print "["
   361 print "]"
-    * set *tmp111 null
   362 jump *label62 always
   363 label *label61
-    * set *tmp111 null
   364 label *label62
   365 op greaterThan *tmp112 :net_power 100
   366 jump *label63 equal *tmp112 false
   367 set .OVERDRIVE true
-    * set *tmp113 .OVERDRIVE
   368 jump *label64 always
   369 label *label63
-    * set *tmp113 null
   370 label *label64
   371 op lessThan *tmp114 .REACTORS_ON :reactors
   372 jump *label65 equal *tmp114 false
 
   389 jump *label70 equal *tmp118 false
   390 set .OUTPUT_2 .OUTPUT_1
   391 set .OUTPUT_1 1
-    * set *tmp119 .OUTPUT_1
   392 jump *label71 always
   393 label *label70
-    * set *tmp119 null
   394 label *label71
   395 op equal *tmp120 .OUTPUT_1 0
   396 jump *label72 equal *tmp120 false
 
   407 label *label74
   408 set *tmp125 null
   409 label *label75
-    * set *tmp121 *tmp125
   410 jump *label73 always
   411 label *label72
-    * set *tmp121 null
   412 label *label73
   413 jump *label76 equal :canStart false
   414 label *label79
 
   429 set .REACTORS_ON *tmp132
   430 op add *tmp133 @time 2000
   431 set :nextStart *tmp133
-    * set *tmp128 :nextStart
   432 jump *label77 always
   433 label *label76
-    * set *tmp128 null
   434 label *label77
   435 op greaterThanEq *tmp134 .REACTORS_ON :reactors
   436 jump *label82 equal *tmp134 false
 
   456 label *label83
   457 set *tmp105 *tmp137
   458 label *label58
-    * set *tmp92 *tmp105
   459 jump *label48 always
   460 label *label53
   461 jump *label88 equal .MODE 2
 
   472 set *tmp142 switch1
   473 control enabled *tmp142 false
   474 set .REASON "Cryo level too low"
-    * set *tmp141 .REASON
   475 jump *label90 always
   476 label *label89
-    * set *tmp141 null
   477 label *label90
   478 jump *label93 equal .FUEL_FLAG false
   479 label *label96
 
   486 set *tmp147 switch1
   487 control enabled *tmp147 false
   488 set .REASON "Blast compound level too low"
-    * set *tmp146 .REASON
   489 jump *label94 always
   490 label *label93
-    * set *tmp146 null
   491 label *label94
   492 jump *label99 notEqual .COOLANT_FLAG false
   493 label *label100
 
   547 op idiv *tmp168 :commit_level 1000
   548 print "\nCommit threshold:   [gold]"
   549 print *tmp168
-    * set *tmp160 *tmp168
   550 jump *label110 always
   551 label *label109
-    * set *tmp160 null
   552 label *label110
   553 op equal *tmp169 :commit_level 0
   554 jump *label114 equal *tmp169 false
   555 op idiv *tmp171 :min_level 1000
   556 print "\nRestart threshold: [gold]"
   557 print *tmp171
-    * set *tmp170 *tmp171
   558 jump *label115 always
   559 label *label114
-    * set *tmp170 null
   560 label *label115
   561 print "[] K"
   562 op lessThan *tmp172 :total_battery :min_level
 
   585 label *label122
   586 op add *tmp181 @time 6000
   587 set :nextDecommit *tmp181
-    * set *tmp180 :nextDecommit
   588 jump *label121 always
   589 label *label120
-    * set *tmp180 null
   590 label *label121
   591 op greaterThan *tmp182 @time :nextDecommit
   592 jump *label124 equal *tmp182 false
   593 jump *label126 equal .OVERDRIVE false
   594 set .OVERDRIVE false
-    * set *tmp184 .OVERDRIVE
   595 jump *label127 always
   596 label *label126
   597 op sub *tmp185 .REACTORS_ON 1
   598 op max *tmp186 *tmp185 1
   599 set .REACTORS_ON *tmp186
   600 set .CAN_COMMIT true
-    * set *tmp184 .CAN_COMMIT
   601 label *label127
   602 op add *tmp187 @time 6000
   603 set :nextDecommit *tmp187
 
   618 label *label125
   619 set *tmp175 *tmp183
   620 label *label117
-    * set *tmp156 *tmp175
   621 jump *label106 always
   622 label *label105
   623 sensor *tmp190 switch2 @enabled
   624 jump *label130 equal *tmp190 false
   625 print "\n[salmon]Load adapting not possible.[]"
-    * set *tmp191 "\n[salmon]Load adapting not possible.[]"
   626 jump *label131 always
   627 label *label130
   628 print "\n[gold]Load adapting not active.[]"
-    * set *tmp191 "\n[gold]Load adapting not active.[]"
   629 label *label131
   630 set .REACTORS_ON :reactors
   631 set .OVERDRIVE true
-    * set *tmp156 .OVERDRIVE
   632 label *label106
   633 op mul *tmp192 PLANT_PROTECTION 47500
   634 op lessThan *tmp193 :total_battery *tmp192
   635 jump *label132 equal *tmp193 false
   636 set .OUTPUT_2 0
-    * set *tmp194 .OUTPUT_2
   637 jump *label133 always
   638 label *label132
-    * set *tmp194 null
   639 label *label133
   640 op equal *tmp195 .OUTPUT_2 0
   641 jump *label134 equal *tmp195 false
 
   653 label *label134
   654 set *tmp196 null
   655 label *label135
-    * set *tmp92 *tmp196
   656 jump *label48 always
   657 label *label87
-    * set *tmp92 null
   658 label *label48
   659 print "\n"
   660 print .STARTUPS
 
   698 label *label144
   699 set *tmp215 null
   700 label *label145
-    * set *tmp209 *tmp215
   701 jump *label141 always
   702 label *label142
   703 jump *label147 equal *tmp210 @overdrive-projector
 
   706 label *label147
   707 set *tmp217 :block
   708 control enabled *tmp217 .OVERDRIVE
-    * set *tmp209 .OVERDRIVE
   709 jump *label141 always
   710 label *label146
   711 jump *label149 equal *tmp210 @conduit
 
   719 label *label149
   720 set *tmp219 :block
   721 control enabled *tmp219 :startup
-    * set *tmp209 :startup
   722 jump *label141 always
   723 label *label148
-    * set *tmp209 null
   724 label *label141
   725 label *label139
   726 op add :n :n 1
 
   735 op add :reactors :reactors *tmp227
   736 read *tmp229 cell2 4
   737 op add :boosts :boosts *tmp229
-    * set *tmp222 :boosts
   738 jump *label151 always
   739 label *label150
-    * set *tmp222 null
   740 label *label151
   741 op min *tmp230 .REACTORS_ON :reactors
   742 set .REACTORS_ON *tmp230
 
   745 set .STARTUPS 0
   746 set .RESETS 0
   747 set .COMMITS 0
-    * set *tmp232 .COMMITS
   748 jump *label153 always
   749 label *label152
   750 write .MODE cell1 0
 
   757 write .STARTUPS cell1 7
   758 write .RESETS cell1 8
   759 write .COMMITS cell1 9
-    * set *tmp232 .COMMITS
   760 label *label153
   761 label *label16
   762 jump *label15 always

Modifications by Initial phase, Dead Code Elimination, iteration 2 (-14 instructions):
 
   132 jump *label20 equal *tmp60 false
   133 set .MODE 0
   134 set .REASON "Manual power off"
-    * set *tmp61 .REASON
   135 jump *label21 always
   136 label *label20
   137 op mul *tmp62 .REACTORS_ON 1200
 
   185 set :failure_cnt 0
   186 set *tmp68 :failure_cnt
   187 label *label28
-    * set *tmp61 *tmp68
   188 label *label21
   189 jump *label19 always
   190 label *label18
 
   303 set :failure_cnt 0
   304 set .GENERATOR true
   305 set .REASON "Unknown -- out of power?"
-    * set *tmp98 .REASON
   306 jump *label52 always
   307 label *label51
-    * set *tmp98 null
   308 label *label52
   309 jump *label48 always
   310 label *label49
 
   338 print " K[]"
   339 set *tmp107 " K[]"
   340 label *label60
-    * set *tmp105 *tmp107
   341 jump *label58 always
   342 label *label57
   343 op add *tmp109 .OUTPUT_1 .OUTPUT_2
 
   397 jump *label74 equal *tmp124 false
   398 op add *tmp126 @time 2000
   399 set :nextStart *tmp126
-    * set *tmp125 :nextStart
   400 jump *label75 always
   401 label *label74
-    * set *tmp125 null
   402 label *label75
   403 jump *label73 always
   404 label *label72
 
   447 label *label82
   448 set *tmp137 null
   449 label *label83
-    * set *tmp105 *tmp137
   450 label *label58
   451 jump *label48 always
   452 label *label53
 
   565 set .REACTORS_ON :reactors
   566 op add *tmp177 @time 6000
   567 set :nextDecommit *tmp177
-    * set *tmp175 :nextDecommit
   568 jump *label117 always
   569 label *label116
   570 op lessThan *tmp178 :battery_level 47500
 
   607 label *label129
   608 set *tmp183 *tmp189
   609 label *label125
-    * set *tmp175 *tmp183
   610 label *label117
   611 jump *label106 always
   612 label *label105
 
   638 print "\n*** [gold]Surge tower 2 offline[] ***"
   639 set *tmp198 "\n*** [gold]Surge tower 2 offline[] ***"
   640 label *label137
-    * set *tmp196 *tmp198
   641 jump *label135 always
   642 label *label134
-    * set *tmp196 null
   643 label *label135
   644 jump *label48 always
   645 label *label87
 
   681 jump *label144 equal :enabled false
   682 sensor *tmp216 :block @timescale
   683 op add :boosts :boosts *tmp216
-    * set *tmp215 :boosts
   684 jump *label145 always
   685 label *label144
-    * set *tmp215 null
   686 label *label145
   687 jump *label141 always
   688 label *label142

Modifications by Initial phase, Dead Code Elimination, iteration 3 (-10 instructions):
 
   179 label *label31
   180 set *tmp73 null
   181 label *label32
-    * set *tmp68 *tmp73
   182 jump *label28 always
   183 label *label27
   184 set :failure_cnt 0
-    * set *tmp68 :failure_cnt
   185 label *label28
   186 label *label21
   187 jump *label19 always
 
   328 set .REACTORS_ON 1
   329 op add *tmp108 @time 2000
   330 set :nextStart *tmp108
-    * set *tmp107 :nextStart
   331 jump *label60 always
   332 label *label59
   333 print "\nRequired startup energy: [gold]"
   334 print 25
   335 print " K[]"
-    * set *tmp107 " K[]"
   336 label *label60
   337 jump *label58 always
   338 label *label57
 
   438 set .COOLANT_FLAG 0
   439 set .FUEL_FLAG 0
   440 set .GENERATOR false
-    * set *tmp137 .GENERATOR
   441 jump *label83 always
   442 label *label82
-    * set *tmp137 null
   443 label *label83
   444 label *label58
   445 jump *label48 always
 
   586 label *label127
   587 op add *tmp187 @time 6000
   588 set :nextDecommit *tmp187
-    * set *tmp183 :nextDecommit
   589 jump *label125 always
   590 label *label124
   591 op lessThan *tmp188 :total_battery :commit_level
 
   598 label *label128
   599 set *tmp189 null
   600 label *label129
-    * set *tmp183 *tmp189
   601 label *label125
   602 label *label117
   603 jump *label106 always
 
   624 op greaterThan *tmp197 :total_battery 47500
   625 jump *label136 equal *tmp197 false
   626 set .OUTPUT_2 1
-    * set *tmp198 .OUTPUT_2
   627 jump *label137 always
   628 label *label136
   629 print "\n*** [gold]Surge tower 2 offline[] ***"
-    * set *tmp198 "\n*** [gold]Surge tower 2 offline[] ***"
   630 label *label137
   631 jump *label135 always
   632 label *label134

Modifications by Initial phase, Dead Code Elimination, iteration 4 (-4 instructions):
 
   174 print "\nMin. consumption: "
   175 print :min_consumption
   176 printflush message2
-    * set *tmp73 null
   177 jump *label32 always
   178 label *label31
-    * set *tmp73 null
   179 label *label32
   180 jump *label28 always
   181 label *label27
 
   591 op add .REACTORS_ON .REACTORS_ON 1
   592 op add .COMMITS .COMMITS 1
   593 set .CAN_COMMIT false
-    * set *tmp189 .CAN_COMMIT
   594 jump *label129 always
   595 label *label128
-    * set *tmp189 null
   596 label *label129
   597 label *label125
   598 label *label117

Modifications by Initial phase, Temp Variables Elimination, iteration 1 (-62 instructions):
 
     8 op equal *tmp0 :reactors 0
     9 jump *label2 equal *tmp0 false
    10 set :reactors 0
-    * set *tmp1 @links
-    * set :n *tmp1
+   11 set :n @links
    12 label *label3
    13 op greaterThan *tmp2 :n 0
    14 jump *label5 equal *tmp2 false
    15 op sub :n :n 1
-    * getlink *tmp3 :n
-    * set :block *tmp3
+   16 getlink :block :n
    17 print "Found: "
    18 print :block
    19 print "\n"
 
    55 label *label1
    56 jump *label0 always
    57 label *label2
-    * read *tmp12 cell1 0
-    * set .MODE *tmp12
-    * read *tmp14 cell1 1
-    * set .OUTPUT_1 *tmp14
-    * read *tmp16 cell1 2
-    * set .OUTPUT_2 *tmp16
-    * read *tmp18 cell1 3
-    * set .REACTORS_ON *tmp18
-    * read *tmp20 cell1 4
-    * set .OVERDRIVE *tmp20
-    * read *tmp22 cell1 5
-    * set .GENERATOR *tmp22
-    * read *tmp24 cell1 6
-    * set .CAN_COMMIT *tmp24
-    * read *tmp26 cell1 7
-    * set .STARTUPS *tmp26
-    * read *tmp28 cell1 8
-    * set .RESETS *tmp28
-    * read *tmp30 cell1 9
-    * set .COMMITS *tmp30
+   58 read .MODE cell1 0
+   59 read .OUTPUT_1 cell1 1
+   60 read .OUTPUT_2 cell1 2
+   61 read .REACTORS_ON cell1 3
+   62 read .OVERDRIVE cell1 4
+   63 read .GENERATOR cell1 5
+   64 read .CAN_COMMIT cell1 6
+   65 read .STARTUPS cell1 7
+   66 read .RESETS cell1 8
+   67 read .COMMITS cell1 9
    68 set :reactors .REACTORS_ON
    69 op equal *tmp31 .MODE 0
    70 jump *label13 equal *tmp31 false
 
    79 set :failure_cnt 0
    80 set :boosts 0
    81 set :nextStart 0
-    * op add *tmp36 @time 6000
-    * set :nextDecommit *tmp36
+   82 op add :nextDecommit @time 6000
    83 label *label15
    84 jump *label17 equal true false
    85 sensor *tmp37 battery1 @totalPower
-    * op floor *tmp38 *tmp37
-    * set :battery_level *tmp38
-    * op idiv *tmp39 :battery_level 1000
-    * set :battery_level_str *tmp39
+   86 op floor :battery_level *tmp37
+   87 op idiv :battery_level_str :battery_level 1000
    88 sensor *tmp40 battery1 @powerNetStored
-    * op floor *tmp41 *tmp40
-    * set :total_battery *tmp41
-    * op idiv *tmp42 :total_battery 1000
-    * set :total_battery_str *tmp42
-    * sensor *tmp43 battery1 @powerNetOut
-    * set :consumption *tmp43
-    * read *tmp45 bank1 509
-    * set :production *tmp45
-    * read *tmp47 bank1 510
-    * set :net_power *tmp47
-    * read *tmp49 bank1 511
-    * set :battery_change *tmp49
-    * sensor *tmp50 battery1 @powerNetCapacity
-    * set :total_capacity *tmp50
-    * op idiv *tmp51 :total_capacity 1000
-    * set :total_capacity_str *tmp51
-    * op mul *tmp52 100000 :reactors
-    * set :required_capacity *tmp52
-    * op greaterThanEq *tmp53 :total_capacity :required_capacity
-    * set :enough_battery *tmp53
+   89 op floor :total_battery *tmp40
+   90 op idiv :total_battery_str :total_battery 1000
+   91 sensor :consumption battery1 @powerNetOut
+   92 read :production bank1 509
+   93 read :net_power bank1 510
+   94 read :battery_change bank1 511
+   95 sensor :total_capacity battery1 @powerNetCapacity
+   96 op idiv :total_capacity_str :total_capacity 1000
+   97 op mul :required_capacity 100000 :reactors
+   98 op greaterThanEq :enough_battery :total_capacity :required_capacity
    99 op sub *tmp54 :required_capacity :total_capacity
   100 op div *tmp55 *tmp54 1000
-    * op ceil *tmp56 *tmp55
-    * set :missing_battery *tmp56
+  101 op ceil :missing_battery *tmp55
   102 op notEqual *tmp57 .MODE 0
   103 jump *label18 equal *tmp57 false
   104 sensor *tmp59 switch1 @enabled
 
   108 set .REASON "Manual power off"
   109 jump *label21 always
   110 label *label20
-    * op mul *tmp62 .REACTORS_ON 1200
-    * set :min_consumption *tmp62
-    * op lessThan *tmp63 :consumption :min_consumption
-    * set :failure1 *tmp63
+  111 op mul :min_consumption .REACTORS_ON 1200
+  112 op lessThan :failure1 :consumption :min_consumption
   113 op equal *tmp64 :battery_level 0
   114 jump *label22 equal *tmp64 false
   115 label *label26
 
   138 op greaterThan *tmp72 :failure_cnt *tmp70
   139 jump *label31 equal *tmp72 false
   140 set .MODE 0
-    * set *tmp74 switch1
-    * control enabled *tmp74 false
+  141 control enabled switch1 false
   142 set .REASON "Unknown -- out of power?"
   143 print "Consumption: "
   144 print :consumption
 
   190 op div *tmp80 *tmp79 .REACTORS_ON
   191 op add *tmp81 *tmp80 0.5
   192 op floor *tmp82 *tmp81
-    * op div *tmp83 *tmp82 100
-    * set :multiplier *tmp83
+  193 op div :multiplier *tmp82 100
   194 print " ([gold]"
   195 print :multiplier
   196 print "x[])"
 
   256 set .OUTPUT_2 0
   257 op greaterThanEq *tmp94 :net_power -150
   258 op lessThan *tmp95 :total_battery 47500
-    * op land *tmp96 *tmp94 *tmp95
-    * set .GENERATOR *tmp96
+  259 op land .GENERATOR *tmp94 *tmp95
   260 print "\nShutdown reason: [gold]"
   261 print .REASON
   262 print "[]"
 
   286 sensor *tmp100 :nextBattery @powerNetOut
   287 op mul *tmp101 *tmp100 1.05
   288 op floor *tmp102 *tmp101
-    * op max *tmp103 *tmp102 1000
-    * set :neededPower *tmp103
+  289 op max :neededPower *tmp102 1000
   290 op equal *tmp104 .REACTORS_ON 0
   291 jump *label57 equal *tmp104 false
   292 op greaterThanEq *tmp106 :total_battery 25000
   293 jump *label59 equal *tmp106 false
   294 set .REACTORS_ON 1
-    * op add *tmp108 @time 2000
-    * set :nextStart *tmp108
+  295 op add :nextStart @time 2000
   296 jump *label60 always
   297 label *label59
   298 print "\nRequired startup energy: [gold]"
 
   301 label *label60
   302 jump *label58 always
   303 label *label57
-    * op add *tmp109 .OUTPUT_1 .OUTPUT_2
-    * set :outputs *tmp109
+  304 op add :outputs .OUTPUT_1 .OUTPUT_2
   305 print "\n"
   306 print "[gold]"
   307 print :outputs
 
   349 label *label71
   350 op equal *tmp120 .OUTPUT_1 0
   351 jump *label72 equal *tmp120 false
-    * op mul *tmp122 6300 :boosts
-    * set :availablePower *tmp122
-    * op div *tmp123 :neededPower :availablePower
-    * set :ratio *tmp123
+  352 op mul :availablePower 6300 :boosts
+  353 op div :ratio :neededPower :availablePower
   354 op lessThan *tmp124 :ratio 1
   355 jump *label74 equal *tmp124 false
-    * op add *tmp126 @time 2000
-    * set :nextStart *tmp126
+  356 op add :nextStart @time 2000
   357 jump *label75 always
   358 label *label74
   359 label *label75
 
   367 jump *label78 always
   368 label *label78
   369 jump *label80 equal FAST_START false
-    * op idiv *tmp130 :total_battery 25000
-    * set *tmp129 *tmp130
+  370 op idiv *tmp129 :total_battery 25000
   371 jump *label81 always
   372 label *label80
   373 set *tmp129 1
   374 label *label81
   375 set :start_at_once *tmp129
   376 op add *tmp131 .REACTORS_ON :start_at_once
-    * op min *tmp132 *tmp131 :reactors
-    * set .REACTORS_ON *tmp132
-    * op add *tmp133 @time 2000
-    * set :nextStart *tmp133
+  377 op min .REACTORS_ON *tmp131 :reactors
+  378 op add :nextStart @time 2000
   379 jump *label77 always
   380 label *label76
   381 label *label77
 
   391 jump *label84 always
   392 label *label84
   393 set .MODE 2
-    * op add *tmp138 @time 6000
-    * set :nextDecommit *tmp138
+  394 op add :nextDecommit @time 6000
   395 set .COOLANT_FLAG 0
   396 set .FUEL_FLAG 0
   397 set .GENERATOR false
 
   412 jump *label91 always
   413 label *label91
   414 set .MODE 0
-    * set *tmp142 switch1
-    * control enabled *tmp142 false
+  415 control enabled switch1 false
   416 set .REASON "Cryo level too low"
   417 jump *label90 always
   418 label *label89
 
   425 jump *label95 always
   426 label *label95
   427 set .MODE 0
-    * set *tmp147 switch1
-    * control enabled *tmp147 false
+  428 control enabled switch1 false
   429 set .REASON "Blast compound level too low"
   430 jump *label94 always
   431 label *label93
 
   462 jump *label105 equal *tmp155 false
   463 jump *label107 always
   464 label *label107
-    * op mul *tmp157 0.5 :required_capacity
-    * set :min_level *tmp157
+  465 op mul :min_level 0.5 :required_capacity
   466 set :commit_level 0
   467 jump *label109 equal .CAN_COMMIT false
   468 label *label113
 
   475 jump *label111 always
   476 label *label111
   477 op sub *tmp161 :battery_change 1500
-    * op sub *tmp162 *tmp161 1000
-    * set :p *tmp162
+  478 op sub :p *tmp161 1000
   479 op mul *tmp163 :p 0.00472972972972973
   480 op add *tmp164 -5 *tmp163
   481 op mul *tmp165 :p *tmp164
-    * op add *tmp166 25000 *tmp165
-    * set :commit_margin *tmp166
-    * op add *tmp167 :min_level :commit_margin
-    * set :commit_level *tmp167
+  482 op add :commit_margin 25000 *tmp165
+  483 op add :commit_level :min_level :commit_margin
   484 op idiv *tmp168 :commit_level 1000
   485 print "\nCommit threshold:   [gold]"
   486 print *tmp168
 
   508 op add .RESETS .RESETS *tmp176
   509 set .OVERDRIVE true
   510 set .REACTORS_ON :reactors
-    * op add *tmp177 @time 6000
-    * set :nextDecommit *tmp177
+  511 op add :nextDecommit @time 6000
   512 jump *label117 always
   513 label *label116
   514 op lessThan *tmp178 :battery_level 47500
 
   518 jump *label122 notEqual *tmp179 false
   519 jump *label120 always
   520 label *label122
-    * op add *tmp181 @time 6000
-    * set :nextDecommit *tmp181
+  521 op add :nextDecommit @time 6000
   522 jump *label121 always
   523 label *label120
   524 label *label121
 
   529 jump *label127 always
   530 label *label126
   531 op sub *tmp185 .REACTORS_ON 1
-    * op max *tmp186 *tmp185 1
-    * set .REACTORS_ON *tmp186
+  532 op max .REACTORS_ON *tmp185 1
   533 set .CAN_COMMIT true
   534 label *label127
-    * op add *tmp187 @time 6000
-    * set :nextDecommit *tmp187
+  535 op add :nextDecommit @time 6000
   536 jump *label125 always
   537 label *label124
   538 op lessThan *tmp188 :total_battery :commit_level
 
   586 print "-"
   587 print .COMMITS
   588 printflush message1
-    * set *tmp199 diode1
-    * control enabled *tmp199 .OUTPUT_1
-    * set *tmp201 diode2
-    * control enabled *tmp201 .OUTPUT_2
-    * set *tmp203 generator1
-    * control enabled *tmp203 .GENERATOR
-    * set *tmp205 generator2
-    * control enabled *tmp205 .GENERATOR
-    * op equal *tmp207 .MODE 1
-    * set :startup *tmp207
+  589 control enabled diode1 .OUTPUT_1
+  590 control enabled diode2 .OUTPUT_2
+  591 control enabled generator1 .GENERATOR
+  592 control enabled generator2 .GENERATOR
+  593 op equal :startup .MODE 1
   594 set :reactors 0
   595 set :boosts 0
   596 set :enabled true
   597 set :n .START
   598 label *label138
   599 jump *label140 greaterThanEq :n @links
-    * getlink *tmp208 :n
-    * set :block *tmp208
+  600 getlink :block :n
   601 sensor *tmp210 :block @type
   602 jump *label143 equal *tmp210 @impact-reactor
   603 jump *label142 always
   604 label *label143
   605 op add :reactors :reactors 1
-    * op lessThanEq *tmp212 :reactors .REACTORS_ON
-    * set :enabled *tmp212
-    * set *tmp213 :block
-    * control enabled *tmp213 :enabled
+  606 op lessThanEq :enabled :reactors .REACTORS_ON
+  607 control enabled :block :enabled
   608 jump *label144 equal :enabled false
   609 sensor *tmp216 :block @timescale
   610 op add :boosts :boosts *tmp216
 
   617 jump *label147 equal *tmp210 @overdrive-dome
   618 jump *label146 always
   619 label *label147
-    * set *tmp217 :block
-    * control enabled *tmp217 .OVERDRIVE
+  620 control enabled :block .OVERDRIVE
   621 jump *label141 always
   622 label *label146
   623 jump *label149 equal *tmp210 @conduit
 
   629 jump *label149 equal *tmp210 @armored-conveyor
   630 jump *label148 always
   631 label *label149
-    * set *tmp219 :block
-    * control enabled *tmp219 :startup
+  632 control enabled :block :startup
   633 jump *label141 always
   634 label *label148
   635 label *label141
 
   649 jump *label151 always
   650 label *label150
   651 label *label151
-    * op min *tmp230 .REACTORS_ON :reactors
-    * set .REACTORS_ON *tmp230
+  652 op min .REACTORS_ON .REACTORS_ON :reactors
   653 op equal *tmp231 cell1 null
   654 jump *label152 equal *tmp231 false
   655 set .STARTUPS 0

Modifications by Iterated phase, Jump Normalization, pass 1, iteration 1 (-1 instructions):
 
    81 set :nextStart 0
    82 op add :nextDecommit @time 6000
    83 label *label15
-    * jump *label17 equal true false
    84 sensor *tmp37 battery1 @totalPower
    85 op floor :battery_level *tmp37
    86 op idiv :battery_level_str :battery_level 1000

Modifications by Iterated phase, Jump Straightening, pass 1, iteration 1 (-16 instructions):
 
    18 print :block
    19 print "\n"
    20 sensor *tmp5 :block @type
-    * jump *label8 equal *tmp5 @impact-reactor
-    * jump *label7 always
+   21 jump *label7 notEqual *tmp5 @impact-reactor
    22 label *label8
    23 set .START :n
    24 op add :reactors :reactors 1
 
    32 jump *label10 equal *tmp5 @conveyor
    33 jump *label10 equal *tmp5 @titanium-conveyor
    34 jump *label10 equal *tmp5 @plastanium-conveyor
-    * jump *label10 equal *tmp5 @armored-conveyor
-    * jump *label9 always
+   35 jump *label9 notEqual *tmp5 @armored-conveyor
    36 label *label10
    37 set .START :n
    38 jump *label6 always
 
   126 set :failure2 *tmp67
   127 jump *label29 notEqual :failure1 false
   128 label *label30
-    * jump *label29 notEqual :failure2 false
-    * jump *label27 always
+  129 jump *label27 equal :failure2 false
   130 label *label29
   131 op add :failure_cnt :failure_cnt 1
   132 read *tmp71 cell2 1
 
   152 jump *label19 always
   153 label *label18
   154 label *label19
-    * jump *label35 equal .MODE 0
-    * jump *label34 always
+  155 jump *label34 notEqual .MODE 0
   156 label *label35
   157 set *tmp76 "[salmon]SHUTDOWN[]"
   158 jump *label33 always
   159 label *label34
-    * jump *label37 equal .MODE 1
-    * jump *label36 always
+  160 jump *label36 notEqual .MODE 1
   161 label *label37
   162 set *tmp76 "[gold]STARTUP[]"
   163 jump *label33 always
   164 label *label36
-    * jump *label39 equal .MODE 2
-    * jump *label38 always
+  165 jump *label38 notEqual .MODE 2
   166 label *label39
   167 set *tmp76 "[green]RUNNING[]"
   168 jump *label33 always
 
   240 print :net_power
   241 print "["
   242 print "]"
-    * jump *label50 equal .MODE 0
-    * jump *label49 always
+  243 jump *label49 notEqual .MODE 0
   244 label *label50
   245 set .REACTORS_ON 0
   246 set .OVERDRIVE 0
 
   265 label *label52
   266 jump *label48 always
   267 label *label49
-    * jump *label54 equal .MODE 1
-    * jump *label53 always
+  268 jump *label53 notEqual .MODE 1
   269 label *label54
   270 jump *label55 equal .OUTPUT_1 false
   271 set *tmp99 battery3
 
   392 label *label58
   393 jump *label48 always
   394 label *label53
-    * jump *label88 equal .MODE 2
-    * jump *label87 always
+  395 jump *label87 notEqual .MODE 2
   396 label *label88
   397 jump *label89 equal .COOLANT_FLAG false
   398 label *label92
 
   424 label *label100
   425 sensor *tmp149 tank1 @totalLiquids
   426 op greaterThan *tmp150 *tmp149 1000
-    * jump *label99 notEqual *tmp150 false
-    * jump *label97 always
+  427 jump *label97 equal *tmp150 false
   428 label *label99
   429 set *tmp151 true
   430 jump *label98 always
 
   436 label *label104
   437 sensor *tmp152 vault1 @blast-compound
   438 op greaterThan *tmp153 *tmp152 800
-    * jump *label103 notEqual *tmp153 false
-    * jump *label101 always
+  439 jump *label101 equal *tmp153 false
   440 label *label103
   441 set *tmp154 true
   442 jump *label102 always
 
   489 label *label119
   490 op mul *tmp173 .REACTORS_ON -2500
   491 op lessThan *tmp174 :battery_change *tmp173
-    * jump *label118 notEqual *tmp174 false
-    * jump *label116 always
+  492 jump *label116 equal *tmp174 false
   493 label *label118
   494 op equal *tmp176 .OVERDRIVE false
   495 op add .RESETS .RESETS *tmp176
 
   502 jump *label122 notEqual *tmp178 false
   503 label *label123
   504 op lessThan *tmp179 :battery_change -100
-    * jump *label122 notEqual *tmp179 false
-    * jump *label120 always
+  505 jump *label120 equal *tmp179 false
   506 label *label122
   507 op add :nextDecommit @time 6000
   508 jump *label121 always
 
   585 jump *label140 greaterThanEq :n @links
   586 getlink :block :n
   587 sensor *tmp210 :block @type
-    * jump *label143 equal *tmp210 @impact-reactor
-    * jump *label142 always
+  588 jump *label142 notEqual *tmp210 @impact-reactor
   589 label *label143
   590 op add :reactors :reactors 1
   591 op lessThanEq :enabled :reactors .REACTORS_ON
 
   599 jump *label141 always
   600 label *label142
   601 jump *label147 equal *tmp210 @overdrive-projector
-    * jump *label147 equal *tmp210 @overdrive-dome
-    * jump *label146 always
+  602 jump *label146 notEqual *tmp210 @overdrive-dome
   603 label *label147
   604 control enabled :block .OVERDRIVE
   605 jump *label141 always
 
   610 jump *label149 equal *tmp210 @conveyor
   611 jump *label149 equal *tmp210 @titanium-conveyor
   612 jump *label149 equal *tmp210 @plastanium-conveyor
-    * jump *label149 equal *tmp210 @armored-conveyor
-    * jump *label148 always
+  613 jump *label148 notEqual *tmp210 @armored-conveyor
   614 label *label149
   615 control enabled :block :startup
   616 jump *label141 always

Modifications by Iterated phase, Condition Optimization, pass 1, iteration 1 (-46 instructions):
 
     5 set .START null
     6 set :reactors 0
     7 label *label0
-    * op equal *tmp0 :reactors 0
-    * jump *label2 equal *tmp0 false
+    8 jump *label2 notEqual :reactors 0
     9 set :reactors 0
    10 set :n @links
    11 label *label3
-    * op greaterThan *tmp2 :n 0
-    * jump *label5 equal *tmp2 false
+   12 jump *label5 lessThanEq :n 0
    13 op sub :n :n 1
    14 getlink :block :n
    15 print "Found: "
 
    41 label *label5
    42 read *tmp8 cell2 1
    43 op add :reactors :reactors *tmp8
-    * op equal *tmp9 :reactors 0
-    * jump *label11 equal *tmp9 false
+   44 jump *label11 notEqual :reactors 0
    45 print "No reactor."
    46 jump *label12 always
    47 label *label11
 
    61 read .RESETS cell1 8
    62 read .COMMITS cell1 9
    63 set :reactors .REACTORS_ON
-    * op equal *tmp31 .MODE 0
-    * jump *label13 equal *tmp31 false
+   64 jump *label13 notEqual .MODE 0
    65 set .REASON "Processor reset"
    66 jump *label14 always
    67 label *label13
 
    92 op sub *tmp54 :required_capacity :total_capacity
    93 op div *tmp55 *tmp54 1000
    94 op ceil :missing_battery *tmp55
-    * op notEqual *tmp57 .MODE 0
-    * jump *label18 equal *tmp57 false
+   95 jump *label18 equal .MODE 0
    96 sensor *tmp59 switch1 @enabled
-    * op equal *tmp60 *tmp59 false
-    * jump *label20 equal *tmp60 false
+   97 jump *label20 notEqual *tmp59 false
    98 set .MODE 0
    99 set .REASON "Manual power off"
   100 jump *label21 always
   101 label *label20
   102 op mul :min_consumption .REACTORS_ON 1200
-    * op lessThan :failure1 :consumption :min_consumption
-    * op equal *tmp64 :battery_level 0
-    * jump *label22 equal *tmp64 false
+  103 jump *label22 notEqual :battery_level 0
   104 label *label26
-    * op greaterThan *tmp65 :consumption 0
-    * jump *label22 equal *tmp65 false
+  105 jump *label22 lessThanEq :consumption 0
   106 jump *label25 always
   107 label *label25
-    * op equal *tmp66 :production 0
-    * jump *label22 equal *tmp66 false
+  108 jump *label22 notEqual :production 0
   109 jump *label24 always
   110 label *label24
   111 set *tmp67 true
 
   114 set *tmp67 false
   115 label *label23
   116 set :failure2 *tmp67
-    * jump *label29 notEqual :failure1 false
+  117 jump *label29 lessThan :consumption :min_consumption
   118 label *label30
   119 jump *label27 equal :failure2 false
   120 label *label29
   121 op add :failure_cnt :failure_cnt 1
   122 read *tmp71 cell2 1
   123 op add *tmp70 10 *tmp71
-    * op greaterThan *tmp72 :failure_cnt *tmp70
-    * jump *label31 equal *tmp72 false
+  124 jump *label31 lessThanEq :failure_cnt *tmp70
   125 set .MODE 0
   126 control enabled switch1 false
   127 set .REASON "Unknown -- out of power?"
 
   181 label *label41
   182 print "\n=================================="
   183 sensor *tmp84 tank1 @totalLiquids
-    * op lessThan *tmp85 *tmp84 750
-    * jump *label42 equal *tmp85 false
+  184 jump *label42 greaterThanEq *tmp84 750
   185 print "\n[salmon]Cryofluid level critical![]"
   186 jump *label43 always
   187 label *label42
   188 label *label43
   189 sensor *tmp87 vault1 @blast-compound
-    * op lessThan *tmp88 *tmp87 700
-    * jump *label44 equal *tmp88 false
+  190 jump *label44 greaterThanEq *tmp87 700
   191 print "\n[salmon]Blast compound level critical![]"
   192 jump *label45 always
   193 label *label44
   194 label *label45
-    * op equal *tmp90 :enough_battery false
-    * jump *label46 equal *tmp90 false
+  195 jump *label46 notEqual :enough_battery false
   196 print "\n"
   197 print "[salmon]Insufficient battery storage![]"
   198 print "\n"
 
   264 op mul *tmp101 *tmp100 1.05
   265 op floor *tmp102 *tmp101
   266 op max :neededPower *tmp102 1000
-    * op equal *tmp104 .REACTORS_ON 0
-    * jump *label57 equal *tmp104 false
-    * op greaterThanEq *tmp106 :total_battery 25000
-    * jump *label59 equal *tmp106 false
+  267 jump *label57 notEqual .REACTORS_ON 0
+  268 jump *label59 lessThan :total_battery 25000
   269 set .REACTORS_ON 1
   270 op add :nextStart @time 2000
   271 jump *label60 always
 
   282 print :outputs
   283 print "["
   284 print "] surge tower(s) online"
-    * op equal *tmp110 .OUTPUT_2 0
-    * jump *label61 equal *tmp110 false
+  285 jump *label61 notEqual .OUTPUT_2 0
   286 print "\n"
   287 print "Required power level: [gold]"
   288 print :neededPower
 
   291 jump *label62 always
   292 label *label61
   293 label *label62
-    * op greaterThan *tmp112 :net_power 100
-    * jump *label63 equal *tmp112 false
+  294 jump *label63 lessThanEq :net_power 100
   295 set .OVERDRIVE true
   296 jump *label64 always
   297 label *label63
   298 label *label64
-    * op lessThan *tmp114 .REACTORS_ON :reactors
-    * jump *label65 equal *tmp114 false
+  299 jump *label65 greaterThanEq .REACTORS_ON :reactors
   300 label *label69
-    * op greaterThan *tmp115 :net_power 1000
-    * jump *label65 equal *tmp115 false
+  301 jump *label65 lessThanEq :net_power 1000
   302 jump *label68 always
   303 label *label68
-    * op greaterThanEq *tmp116 :total_battery 25000
-    * jump *label65 equal *tmp116 false
+  304 jump *label65 lessThan :total_battery 25000
   305 jump *label67 always
   306 label *label67
   307 set *tmp117 true
 
   310 set *tmp117 false
   311 label *label66
   312 set :canStart *tmp117
-    * op greaterThanEq *tmp118 :net_power :neededPower
-    * jump *label70 equal *tmp118 false
+  313 jump *label70 lessThan :net_power :neededPower
   314 set .OUTPUT_2 .OUTPUT_1
   315 set .OUTPUT_1 1
   316 jump *label71 always
   317 label *label70
   318 label *label71
-    * op equal *tmp120 .OUTPUT_1 0
-    * jump *label72 equal *tmp120 false
+  319 jump *label72 notEqual .OUTPUT_1 0
   320 op mul :availablePower 6300 :boosts
   321 op div :ratio :neededPower :availablePower
-    * op lessThan *tmp124 :ratio 1
-    * jump *label74 equal *tmp124 false
+  322 jump *label74 greaterThanEq :ratio 1
   323 op add :nextStart @time 2000
   324 jump *label75 always
   325 label *label74
 
   329 label *label73
   330 jump *label76 equal :canStart false
   331 label *label79
-    * op greaterThan *tmp127 @time :nextStart
-    * jump *label76 equal *tmp127 false
+  332 jump *label76 lessThanEq @time :nextStart
   333 jump *label78 always
   334 label *label78
   335 jump *label80 equal FAST_START false
 
   345 jump *label77 always
   346 label *label76
   347 label *label77
-    * op greaterThanEq *tmp134 .REACTORS_ON :reactors
-    * jump *label82 equal *tmp134 false
+  348 jump *label82 lessThan .REACTORS_ON :reactors
   349 label *label86
-    * op greaterThan *tmp135 @time :nextStart
-    * jump *label82 equal *tmp135 false
+  350 jump *label82 lessThanEq @time :nextStart
   351 jump *label85 always
   352 label *label85
-    * op greaterThan *tmp136 .OUTPUT_2 0
-    * jump *label82 equal *tmp136 false
+  353 jump *label82 lessThanEq .OUTPUT_2 0
   354 jump *label84 always
   355 label *label84
   356 set .MODE 2
 
   369 jump *label89 equal .COOLANT_FLAG false
   370 label *label92
   371 sensor *tmp139 tank1 @totalLiquids
-    * op lessThan *tmp140 *tmp139 750
-    * jump *label89 equal *tmp140 false
+  372 jump *label89 greaterThanEq *tmp139 750
   373 jump *label91 always
   374 label *label91
   375 set .MODE 0
 
   381 jump *label93 equal .FUEL_FLAG false
   382 label *label96
   383 sensor *tmp144 vault1 @blast-compound
-    * op lessThan *tmp145 *tmp144 700
-    * jump *label93 equal *tmp145 false
+  384 jump *label93 greaterThanEq *tmp144 700
   385 jump *label95 always
   386 label *label95
   387 set .MODE 0
 
   393 jump *label99 notEqual .COOLANT_FLAG false
   394 label *label100
   395 sensor *tmp149 tank1 @totalLiquids
-    * op greaterThan *tmp150 *tmp149 1000
-    * jump *label97 equal *tmp150 false
+  396 jump *label97 lessThanEq *tmp149 1000
   397 label *label99
   398 set *tmp151 true
   399 jump *label98 always
 
   404 jump *label103 notEqual .FUEL_FLAG false
   405 label *label104
   406 sensor *tmp152 vault1 @blast-compound
-    * op greaterThan *tmp153 *tmp152 800
-    * jump *label101 equal *tmp153 false
+  407 jump *label101 lessThanEq *tmp152 800
   408 label *label103
   409 set *tmp154 true
   410 jump *label102 always
 
   422 set :commit_level 0
   423 jump *label109 equal .CAN_COMMIT false
   424 label *label113
-    * op lessThan *tmp158 :battery_change 0
-    * jump *label109 equal *tmp158 false
+  425 jump *label109 greaterThanEq :battery_change 0
   426 jump *label112 always
   427 label *label112
-    * op lessThan *tmp159 .REACTORS_ON :reactors
-    * jump *label109 equal *tmp159 false
+  428 jump *label109 greaterThanEq .REACTORS_ON :reactors
   429 jump *label111 always
   430 label *label111
   431 op sub *tmp161 :battery_change 1500
 
   441 jump *label110 always
   442 label *label109
   443 label *label110
-    * op equal *tmp169 :commit_level 0
-    * jump *label114 equal *tmp169 false
+  444 jump *label114 notEqual :commit_level 0
   445 op idiv *tmp171 :min_level 1000
   446 print "\nRestart threshold: [gold]"
   447 print *tmp171
 
   449 label *label114
   450 label *label115
   451 print "[] K"
-    * op lessThan *tmp172 :total_battery :min_level
-    * jump *label118 notEqual *tmp172 false
+  452 jump *label118 lessThan :total_battery :min_level
   453 label *label119
   454 op mul *tmp173 .REACTORS_ON -2500
-    * op lessThan *tmp174 :battery_change *tmp173
-    * jump *label116 equal *tmp174 false
+  455 jump *label116 greaterThanEq :battery_change *tmp173
   456 label *label118
   457 op equal *tmp176 .OVERDRIVE false
   458 op add .RESETS .RESETS *tmp176
 
   461 op add :nextDecommit @time 6000
   462 jump *label117 always
   463 label *label116
-    * op lessThan *tmp178 :battery_level 47500
-    * jump *label122 notEqual *tmp178 false
+  464 jump *label122 lessThan :battery_level 47500
   465 label *label123
-    * op lessThan *tmp179 :battery_change -100
-    * jump *label120 equal *tmp179 false
+  466 jump *label120 greaterThanEq :battery_change -100
   467 label *label122
   468 op add :nextDecommit @time 6000
   469 jump *label121 always
   470 label *label120
   471 label *label121
-    * op greaterThan *tmp182 @time :nextDecommit
-    * jump *label124 equal *tmp182 false
+  472 jump *label124 lessThanEq @time :nextDecommit
   473 jump *label126 equal .OVERDRIVE false
   474 set .OVERDRIVE false
   475 jump *label127 always
 
   481 op add :nextDecommit @time 6000
   482 jump *label125 always
   483 label *label124
-    * op lessThan *tmp188 :total_battery :commit_level
-    * jump *label128 equal *tmp188 false
+  484 jump *label128 greaterThanEq :total_battery :commit_level
   485 op add .REACTORS_ON .REACTORS_ON 1
   486 op add .COMMITS .COMMITS 1
   487 set .CAN_COMMIT false
 
   503 set .OVERDRIVE true
   504 label *label106
   505 op mul *tmp192 PLANT_PROTECTION 47500
-    * op lessThan *tmp193 :total_battery *tmp192
-    * jump *label132 equal *tmp193 false
+  506 jump *label132 greaterThanEq :total_battery *tmp192
   507 set .OUTPUT_2 0
   508 jump *label133 always
   509 label *label132
   510 label *label133
-    * op equal *tmp195 .OUTPUT_2 0
-    * jump *label134 equal *tmp195 false
-    * op greaterThan *tmp197 :total_battery 47500
-    * jump *label136 equal *tmp197 false
+  511 jump *label134 notEqual .OUTPUT_2 0
+  512 jump *label136 lessThanEq :total_battery 47500
   513 set .OUTPUT_2 1
   514 jump *label137 always
   515 label *label136
 
   576 op add :n :n 1
   577 jump *label138 always
   578 label *label140
-    * op notEqual *tmp221 cell2 null
-    * jump *label150 equal *tmp221 false
+  579 jump *label150 equal cell2 null
   580 write :reactors cell2 0
   581 write .REACTORS_ON cell2 2
   582 write .OVERDRIVE cell2 3
 
   588 label *label150
   589 label *label151
   590 op min .REACTORS_ON .REACTORS_ON :reactors
-    * op equal *tmp231 cell1 null
-    * jump *label152 equal *tmp231 false
+  591 jump *label152 notEqual cell1 null
   592 set .STARTUPS 0
   593 set .RESETS 0
   594 set .COMMITS 0

Modifications by Iterated phase, Single Step Elimination, pass 1, iteration 1 (-40 instructions):
 
    33 jump *label9 notEqual *tmp5 @armored-conveyor
    34 label *label10
    35 set .START :n
-    * jump *label6 always
    36 label *label9
    37 label *label6
    38 label *label4
 
    42 op add :reactors :reactors *tmp8
    43 jump *label11 notEqual :reactors 0
    44 print "No reactor."
-    * jump *label12 always
    45 label *label11
    46 label *label12
    47 printflush message1
 
   101 jump *label22 notEqual :battery_level 0
   102 label *label26
   103 jump *label22 lessThanEq :consumption 0
-    * jump *label25 always
   104 label *label25
   105 jump *label22 notEqual :production 0
-    * jump *label24 always
   106 label *label24
   107 set *tmp67 true
   108 jump *label23 always
 
   126 print "\nMin. consumption: "
   127 print :min_consumption
   128 printflush message2
-    * jump *label32 always
   129 label *label31
   130 label *label32
   131 jump *label28 always
 
   133 set :failure_cnt 0
   134 label *label28
   135 label *label21
-    * jump *label19 always
   136 label *label18
   137 label *label19
   138 jump *label34 notEqual .MODE 0
 
   170 print " ([gold]"
   171 print :multiplier
   172 print "x[])"
-    * jump *label41 always
   173 label *label40
   174 label *label41
   175 print "\n=================================="
   176 sensor *tmp84 tank1 @totalLiquids
   177 jump *label42 greaterThanEq *tmp84 750
   178 print "\n[salmon]Cryofluid level critical![]"
-    * jump *label43 always
   179 label *label42
   180 label *label43
   181 sensor *tmp87 vault1 @blast-compound
   182 jump *label44 greaterThanEq *tmp87 700
   183 print "\n[salmon]Blast compound level critical![]"
-    * jump *label45 always
   184 label *label44
   185 label *label45
   186 jump *label46 notEqual :enough_battery false
 
   191 print :missing_battery
   192 print " "
   193 print "K[] of additional storage to internal battery."
-    * jump *label47 always
   194 label *label46
   195 label *label47
   196 print "\n"
 
   236 set :failure_cnt 0
   237 set .GENERATOR true
   238 set .REASON "Unknown -- out of power?"
-    * jump *label52 always
   239 label *label51
   240 label *label52
   241 jump *label48 always
 
   277 print :neededPower
   278 print "["
   279 print "]"
-    * jump *label62 always
   280 label *label61
   281 label *label62
   282 jump *label63 lessThanEq :net_power 100
   283 set .OVERDRIVE true
-    * jump *label64 always
   284 label *label63
   285 label *label64
   286 jump *label65 greaterThanEq .REACTORS_ON :reactors
   287 label *label69
   288 jump *label65 lessThanEq :net_power 1000
-    * jump *label68 always
   289 label *label68
   290 jump *label65 lessThan :total_battery 25000
-    * jump *label67 always
   291 label *label67
   292 set *tmp117 true
   293 jump *label66 always
 
   298 jump *label70 lessThan :net_power :neededPower
   299 set .OUTPUT_2 .OUTPUT_1
   300 set .OUTPUT_1 1
-    * jump *label71 always
   301 label *label70
   302 label *label71
   303 jump *label72 notEqual .OUTPUT_1 0
 
   305 op div :ratio :neededPower :availablePower
   306 jump *label74 greaterThanEq :ratio 1
   307 op add :nextStart @time 2000
-    * jump *label75 always
   308 label *label74
   309 label *label75
-    * jump *label73 always
   310 label *label72
   311 label *label73
   312 jump *label76 equal :canStart false
   313 label *label79
   314 jump *label76 lessThanEq @time :nextStart
-    * jump *label78 always
   315 label *label78
   316 jump *label80 equal FAST_START false
   317 op idiv *tmp129 :total_battery 25000
 
   323 op add *tmp131 .REACTORS_ON :start_at_once
   324 op min .REACTORS_ON *tmp131 :reactors
   325 op add :nextStart @time 2000
-    * jump *label77 always
   326 label *label76
   327 label *label77
   328 jump *label82 lessThan .REACTORS_ON :reactors
   329 label *label86
   330 jump *label82 lessThanEq @time :nextStart
-    * jump *label85 always
   331 label *label85
   332 jump *label82 lessThanEq .OUTPUT_2 0
-    * jump *label84 always
   333 label *label84
   334 set .MODE 2
   335 op add :nextDecommit @time 6000
   336 set .COOLANT_FLAG 0
   337 set .FUEL_FLAG 0
   338 set .GENERATOR false
-    * jump *label83 always
   339 label *label82
   340 label *label83
   341 label *label58
 
   347 label *label92
   348 sensor *tmp139 tank1 @totalLiquids
   349 jump *label89 greaterThanEq *tmp139 750
-    * jump *label91 always
   350 label *label91
   351 set .MODE 0
   352 control enabled switch1 false
   353 set .REASON "Cryo level too low"
-    * jump *label90 always
   354 label *label89
   355 label *label90
   356 jump *label93 equal .FUEL_FLAG false
   357 label *label96
   358 sensor *tmp144 vault1 @blast-compound
   359 jump *label93 greaterThanEq *tmp144 700
-    * jump *label95 always
   360 label *label95
   361 set .MODE 0
   362 control enabled switch1 false
   363 set .REASON "Blast compound level too low"
-    * jump *label94 always
   364 label *label93
   365 label *label94
   366 jump *label99 notEqual .COOLANT_FLAG false
 
   389 label *label108
   390 sensor *tmp155 switch2 @enabled
   391 jump *label105 equal *tmp155 false
-    * jump *label107 always
   392 label *label107
   393 op mul :min_level 0.5 :required_capacity
   394 set :commit_level 0
   395 jump *label109 equal .CAN_COMMIT false
   396 label *label113
   397 jump *label109 greaterThanEq :battery_change 0
-    * jump *label112 always
   398 label *label112
   399 jump *label109 greaterThanEq .REACTORS_ON :reactors
-    * jump *label111 always
   400 label *label111
   401 op sub *tmp161 :battery_change 1500
   402 op sub :p *tmp161 1000
 
   408 op idiv *tmp168 :commit_level 1000
   409 print "\nCommit threshold:   [gold]"
   410 print *tmp168
-    * jump *label110 always
   411 label *label109
   412 label *label110
   413 jump *label114 notEqual :commit_level 0
   414 op idiv *tmp171 :min_level 1000
   415 print "\nRestart threshold: [gold]"
   416 print *tmp171
-    * jump *label115 always
   417 label *label114
   418 label *label115
   419 print "[] K"
 
   434 jump *label120 greaterThanEq :battery_change -100
   435 label *label122
   436 op add :nextDecommit @time 6000
-    * jump *label121 always
   437 label *label120
   438 label *label121
   439 jump *label124 lessThanEq @time :nextDecommit
 
   452 op add .REACTORS_ON .REACTORS_ON 1
   453 op add .COMMITS .COMMITS 1
   454 set .CAN_COMMIT false
-    * jump *label129 always
   455 label *label128
   456 label *label129
   457 label *label125
 
   471 op mul *tmp192 PLANT_PROTECTION 47500
   472 jump *label132 greaterThanEq :total_battery *tmp192
   473 set .OUTPUT_2 0
-    * jump *label133 always
   474 label *label132
   475 label *label133
   476 jump *label134 notEqual .OUTPUT_2 0
 
   480 label *label136
   481 print "\n*** [gold]Surge tower 2 offline[] ***"
   482 label *label137
-    * jump *label135 always
   483 label *label134
   484 label *label135
-    * jump *label48 always
   485 label *label87
   486 label *label48
   487 print "\n"
 
   512 jump *label144 equal :enabled false
   513 sensor *tmp216 :block @timescale
   514 op add :boosts :boosts *tmp216
-    * jump *label145 always
   515 label *label144
   516 label *label145
   517 jump *label141 always
 
   531 jump *label148 notEqual *tmp210 @armored-conveyor
   532 label *label149
   533 control enabled :block :startup
-    * jump *label141 always
   534 label *label148
   535 label *label141
   536 label *label139
 
   545 op add :reactors :reactors *tmp227
   546 read *tmp229 cell2 4
   547 op add :boosts :boosts *tmp229
-    * jump *label151 always
   548 label *label150
   549 label *label151
   550 op min .REACTORS_ON .REACTORS_ON :reactors

Modifications by Iterated phase, Expression Optimization, pass 1, iteration 1 (-1 instructions):
 
   250 label *label56
   251 set :nextBattery *tmp99
   252 sensor *tmp100 :nextBattery @powerNetOut
-    * op mul *tmp101 *tmp100 1.05
-    * op floor *tmp102 *tmp101
+  253 op idiv *tmp102 *tmp100 0.9523809523809523
   254 op max :neededPower *tmp102 1000
   255 jump *label57 notEqual .REACTORS_ON 0
   256 jump *label59 lessThan :total_battery 25000

Modifications by Iterated phase, Data Flow Optimization, pass 1, iteration 1 (-1 instructions):
 
    67 label *label14
    68 set *tmp33 switch1
    69 op notEqual *tmp35 .MODE 0
-    * control enabled *tmp33 *tmp35
+   70 control enabled switch1 *tmp35
    71 set :failure_cnt 0
    72 set :boosts 0
    73 set :nextStart 0
 
   112 set :failure2 *tmp67
   113 jump *label29 lessThan :consumption :min_consumption
   114 label *label30
-    * jump *label27 equal :failure2 false
+  115 jump *label27 equal *tmp67 false
   116 label *label29
   117 op add :failure_cnt :failure_cnt 1
   118 read *tmp71 cell2 1
 
   153 set *tmp76 null
   154 label *label33
   155 set .STR_MODE *tmp76
-    * print .STR_MODE
+  156 print *tmp76
   157 print ","
   158 print " reactors [green]"
   159 print .REACTORS_ON
 
   249 set *tmp99 battery2
   250 label *label56
   251 set :nextBattery *tmp99
-    * sensor *tmp100 :nextBattery @powerNetOut
+  252 sensor *tmp100 *tmp99 @powerNetOut
   253 op idiv *tmp102 *tmp100 0.9523809523809523
   254 op max :neededPower *tmp102 1000
   255 jump *label57 notEqual .REACTORS_ON 0
 
   308 label *label75
   309 label *label72
   310 label *label73
-    * jump *label76 equal :canStart false
+  311 jump *label76 equal *tmp117 false
   312 label *label79
   313 jump *label76 lessThanEq @time :nextStart
   314 label *label78
 
   319 set *tmp129 1
   320 label *label81
   321 set :start_at_once *tmp129
-    * op add *tmp131 .REACTORS_ON :start_at_once
+  322 op add *tmp131 .REACTORS_ON *tmp129
   323 op min .REACTORS_ON *tmp131 :reactors
   324 op add :nextStart @time 2000
   325 label *label76
 
   389 sensor *tmp155 switch2 @enabled
   390 jump *label105 equal *tmp155 false
   391 label *label107
-    * op mul :min_level 0.5 :required_capacity
+  392 op mul :min_level :reactors 50000
   393 set :commit_level 0
   394 jump *label109 equal .CAN_COMMIT false
   395 label *label113
 
   398 jump *label109 greaterThanEq .REACTORS_ON :reactors
   399 label *label111
   400 op sub *tmp161 :battery_change 1500
-    * op sub :p *tmp161 1000
+  401 op sub :p :battery_change 2500
   402 op mul *tmp163 :p 0.00472972972972973
   403 op add *tmp164 -5 *tmp163
   404 op mul *tmp165 :p *tmp164
 
   497 op equal :startup .MODE 1
   498 set :reactors 0
   499 set :boosts 0
-    * set :enabled true
   500 set :n .START
   501 label *label138
   502 jump *label140 greaterThanEq :n @links

Modifications by Iterated phase, Data Flow Optimization, pass 1, iteration 2 (-7 instructions):
 
    65 label *label13
    66 set .REASON "Reason unknown -- out of power?"
    67 label *label14
-    * set *tmp33 switch1
    68 op notEqual *tmp35 .MODE 0
    69 control enabled switch1 *tmp35
    70 set :failure_cnt 0
 
   108 label *label22
   109 set *tmp67 false
   110 label *label23
-    * set :failure2 *tmp67
   111 jump *label29 lessThan :consumption :min_consumption
   112 label *label30
   113 jump *label27 equal *tmp67 false
 
   150 label *label38
   151 set *tmp76 null
   152 label *label33
-    * set .STR_MODE *tmp76
   153 print *tmp76
   154 print ","
   155 print " reactors [green]"
 
   245 label *label55
   246 set *tmp99 battery2
   247 label *label56
-    * set :nextBattery *tmp99
   248 sensor *tmp100 *tmp99 @powerNetOut
   249 op idiv *tmp102 *tmp100 0.9523809523809523
   250 op max :neededPower *tmp102 1000
 
   289 label *label65
   290 set *tmp117 false
   291 label *label66
-    * set :canStart *tmp117
   292 jump *label70 lessThan :net_power :neededPower
   293 set .OUTPUT_2 .OUTPUT_1
   294 set .OUTPUT_1 1
 
   313 label *label80
   314 set *tmp129 1
   315 label *label81
-    * set :start_at_once *tmp129
   316 op add *tmp131 .REACTORS_ON *tmp129
   317 op min .REACTORS_ON *tmp131 :reactors
   318 op add :nextStart @time 2000
 
   391 label *label112
   392 jump *label109 greaterThanEq .REACTORS_ON :reactors
   393 label *label111
-    * op sub *tmp161 :battery_change 1500
   394 op sub :p :battery_change 2500
   395 op mul *tmp163 :p 0.00472972972972973
   396 op add *tmp164 -5 *tmp163

Modifications by Iterated phase, Loop Rotation, pass 1, iteration 1:
 
     6 set :reactors 0
     7 label *label0
     8 jump *label2 notEqual :reactors 0
+    9 label *label154
    10 set :reactors 0
    11 set :n @links
    12 label *label3
    13 jump *label5 lessThanEq :n 0
+   14 label *label155
    15 op sub :n :n 1
    16 getlink :block :n
    17 print "Found: "
 
    38 label *label9
    39 label *label6
    40 label *label4
-    * jump *label3 always
+   41 jump *label155 greaterThan :n 0
    42 label *label5
    43 read *tmp8 cell2 1
    44 op add :reactors :reactors *tmp8
 
    48 label *label12
    49 printflush message1
    50 label *label1
-    * jump *label0 always
+   51 jump *label154 equal :reactors 0
    52 label *label2
    53 read .MODE cell1 0
    54 read .OUTPUT_1 cell1 1
 
   495 set :n .START
   496 label *label138
   497 jump *label140 greaterThanEq :n @links
+  498 label *label156
   499 getlink :block :n
   500 sensor *tmp210 :block @type
   501 jump *label142 notEqual *tmp210 @impact-reactor
 
   529 label *label141
   530 label *label139
   531 op add :n :n 1
-    * jump *label138 always
+  532 jump *label156 lessThan :n @links
   533 label *label140
   534 jump *label150 equal cell2 null
   535 write :reactors cell2 0

Modifications by Iterated phase, Boolean Optimization, pass 1, iteration 1 (-14 instructions):
 
    61 read .RESETS cell1 8
    62 read .COMMITS cell1 9
    63 set :reactors .REACTORS_ON
-    * jump *label13 notEqual .MODE 0
-    * set .REASON "Processor reset"
-    * jump *label14 always
-    * label *label13
-    * set .REASON "Reason unknown -- out of power?"
-    * label *label14
+   64 select .REASON equal .MODE 0 "Processor reset" "Reason unknown -- out of power?"
    65 op notEqual *tmp35 .MODE 0
    66 control enabled switch1 *tmp35
    67 set :failure_cnt 0
 
    95 label *label20
    96 op mul :min_consumption .REACTORS_ON 1200
    97 jump *label22 notEqual :battery_level 0
-    * label *label26
    98 jump *label22 lessThanEq :consumption 0
-    * label *label25
-    * jump *label22 notEqual :production 0
-    * label *label24
-    * set *tmp67 true
+   99 op equal *tmp67 :production 0
   100 jump *label23 always
   101 label *label22
   102 set *tmp67 false
   103 label *label23
   104 jump *label29 lessThan :consumption :min_consumption
-    * label *label30
   105 jump *label27 equal *tmp67 false
   106 label *label29
   107 op add :failure_cnt :failure_cnt 1
 
   231 label *label49
   232 jump *label53 notEqual .MODE 1
   233 label *label54
-    * jump *label55 equal .OUTPUT_1 false
-    * set *tmp99 battery3
-    * jump *label56 always
-    * label *label55
-    * set *tmp99 battery2
-    * label *label56
+  234 select *tmp99 notEqual .OUTPUT_1 false battery3 battery2
   235 sensor *tmp100 *tmp99 @powerNetOut
   236 op idiv *tmp102 *tmp100 0.9523809523809523
   237 op max :neededPower *tmp102 1000
 
   261 print "]"
   262 label *label61
   263 label *label62
-    * jump *label63 lessThanEq :net_power 100
-    * set .OVERDRIVE true
-    * label *label63
-    * label *label64
+  264 select .OVERDRIVE greaterThan :net_power 100 true .OVERDRIVE
   265 jump *label65 greaterThanEq .REACTORS_ON :reactors
-    * label *label69
   266 jump *label65 lessThanEq :net_power 1000
-    * label *label68
-    * jump *label65 lessThan :total_battery 25000
-    * label *label67
-    * set *tmp117 true
+  267 op greaterThanEq *tmp117 :total_battery 25000
   268 jump *label66 always
   269 label *label65
   270 set *tmp117 false
 
   284 label *label72
   285 label *label73
   286 jump *label76 equal *tmp117 false
-    * label *label79
   287 jump *label76 lessThanEq @time :nextStart
-    * label *label78
-    * jump *label80 equal FAST_START false
-    * op idiv *tmp129 :total_battery 25000
-    * jump *label81 always
-    * label *label80
-    * set *tmp129 1
-    * label *label81
+  288 op idiv *tmp233 :total_battery 25000
+  289 select *tmp129 notEqual FAST_START false *tmp233 1
   290 op add *tmp131 .REACTORS_ON *tmp129
   291 op min .REACTORS_ON *tmp131 :reactors
   292 op add :nextStart @time 2000
   293 label *label76
   294 label *label77
   295 jump *label82 lessThan .REACTORS_ON :reactors
-    * label *label86
   296 jump *label82 lessThanEq @time :nextStart
-    * label *label85
   297 jump *label82 lessThanEq .OUTPUT_2 0
-    * label *label84
   298 set .MODE 2
   299 op add :nextDecommit @time 6000
   300 set .COOLANT_FLAG 0
 
   308 jump *label87 notEqual .MODE 2
   309 label *label88
   310 jump *label89 equal .COOLANT_FLAG false
-    * label *label92
   311 sensor *tmp139 tank1 @totalLiquids
   312 jump *label89 greaterThanEq *tmp139 750
-    * label *label91
   313 set .MODE 0
   314 control enabled switch1 false
   315 set .REASON "Cryo level too low"
   316 label *label89
   317 label *label90
   318 jump *label93 equal .FUEL_FLAG false
-    * label *label96
   319 sensor *tmp144 vault1 @blast-compound
   320 jump *label93 greaterThanEq *tmp144 700
-    * label *label95
   321 set .MODE 0
   322 control enabled switch1 false
   323 set .REASON "Blast compound level too low"
   324 label *label93
   325 label *label94
-    * jump *label99 notEqual .COOLANT_FLAG false
-    * label *label100
-    * sensor *tmp149 tank1 @totalLiquids
-    * jump *label97 lessThanEq *tmp149 1000
+  326 jump *label97 equal .COOLANT_FLAG false
   327 label *label99
   328 set *tmp151 true
   329 jump *label98 always
   330 label *label97
-    * set *tmp151 false
+  331 sensor *tmp149 tank1 @totalLiquids
+  332 op greaterThan *tmp151 *tmp149 1000
   333 label *label98
   334 set .COOLANT_FLAG *tmp151
-    * jump *label103 notEqual .FUEL_FLAG false
-    * label *label104
-    * sensor *tmp152 vault1 @blast-compound
-    * jump *label101 lessThanEq *tmp152 800
+  335 jump *label101 equal .FUEL_FLAG false
   336 label *label103
   337 set *tmp154 true
   338 jump *label102 always
   339 label *label101
-    * set *tmp154 false
+  340 sensor *tmp152 vault1 @blast-compound
+  341 op greaterThan *tmp154 *tmp152 800
   342 label *label102
   343 set .FUEL_FLAG *tmp154
   344 jump *label105 equal :enough_battery false
-    * label *label108
   345 sensor *tmp155 switch2 @enabled
   346 jump *label105 equal *tmp155 false
-    * label *label107
   347 op mul :min_level :reactors 50000
   348 set :commit_level 0
   349 jump *label109 equal .CAN_COMMIT false
-    * label *label113
   350 jump *label109 greaterThanEq :battery_change 0
-    * label *label112
   351 jump *label109 greaterThanEq .REACTORS_ON :reactors
-    * label *label111
   352 op sub :p :battery_change 2500
   353 op mul *tmp163 :p 0.00472972972972973
   354 op add *tmp164 -5 *tmp163
 
   368 label *label115
   369 print "[] K"
   370 jump *label118 lessThan :total_battery :min_level
-    * label *label119
   371 op mul *tmp173 .REACTORS_ON -2500
   372 jump *label116 greaterThanEq :battery_change *tmp173
   373 label *label118
 
   379 jump *label117 always
   380 label *label116
   381 jump *label122 lessThan :battery_level 47500
-    * label *label123
   382 jump *label120 greaterThanEq :battery_change -100
   383 label *label122
   384 op add :nextDecommit @time 6000
 
   416 set .REACTORS_ON :reactors
   417 set .OVERDRIVE true
   418 label *label106
-    * op mul *tmp192 PLANT_PROTECTION 47500
-    * jump *label132 greaterThanEq :total_battery *tmp192
-    * set .OUTPUT_2 0
-    * label *label132
-    * label *label133
+  419 op mul *tmp192 PLANT_PROTECTION 47500
+  420 select .OUTPUT_2 lessThan :total_battery *tmp192 0 .OUTPUT_2
   421 jump *label134 notEqual .OUTPUT_2 0
   422 jump *label136 lessThanEq :total_battery 47500
   423 set .OUTPUT_2 1

Modifications by Iterated phase, If Expression Optimization, pass 1, iteration 1 (-2 instructions):
 
    94 jump *label21 always
    95 label *label20
    96 op mul :min_consumption .REACTORS_ON 1200
-    * jump *label22 notEqual :battery_level 0
-    * jump *label22 lessThanEq :consumption 0
+   97 set *tmp67 false
+   98 jump *label23 notEqual :battery_level 0
+   99 jump *label23 lessThanEq :consumption 0
   100 op equal *tmp67 :production 0
   101 jump *label23 always
-    * label *label22
-    * set *tmp67 false
   102 label *label23
   103 jump *label29 lessThan :consumption :min_consumption
   104 jump *label27 equal *tmp67 false
 
   261 label *label61
   262 label *label62
   263 select .OVERDRIVE greaterThan :net_power 100 true .OVERDRIVE
-    * jump *label65 greaterThanEq .REACTORS_ON :reactors
-    * jump *label65 lessThanEq :net_power 1000
+  264 set *tmp117 false
+  265 jump *label66 greaterThanEq .REACTORS_ON :reactors
+  266 jump *label66 lessThanEq :net_power 1000
   267 op greaterThanEq *tmp117 :total_battery 25000
   268 jump *label66 always
-    * label *label65
-    * set *tmp117 false
   269 label *label66
   270 jump *label70 lessThan :net_power :neededPower
   271 set .OUTPUT_2 .OUTPUT_1
 
   322 label *label93
   323 label *label94
   324 jump *label97 equal .COOLANT_FLAG false
-    * set *tmp151 true
+  325 set .COOLANT_FLAG true
   326 jump *label98 always
   327 label *label97
   328 sensor *tmp149 tank1 @totalLiquids
-    * op greaterThan *tmp151 *tmp149 1000
+  329 op greaterThan .COOLANT_FLAG *tmp149 1000
   330 label *label98
-    * set .COOLANT_FLAG *tmp151
   331 jump *label101 equal .FUEL_FLAG false
-    * set *tmp154 true
+  332 set .FUEL_FLAG true
   333 jump *label102 always
   334 label *label101
   335 sensor *tmp152 vault1 @blast-compound
-    * op greaterThan *tmp154 *tmp152 800
+  336 op greaterThan .FUEL_FLAG *tmp152 800
   337 label *label102
-    * set .FUEL_FLAG *tmp154
   338 jump *label105 equal :enough_battery false
   339 sensor *tmp155 switch2 @enabled
   340 jump *label105 equal *tmp155 false

Modifications by Fast-dispatch case at line 127:9 (-7 instructions):
 
    18 print :block
    19 print "\n"
    20 sensor *tmp5 :block @type
-    * jump *label7 notEqual *tmp5 @impact-reactor
+   21 sensor *tmp234 *tmp5 @id
+   22 multijump *tmp234 0 0 (m:*label160)
+   23 multilabel *label164 (m:*label160)
+   24 multilabel *label161 (m:*label160)
+   25 label *label159
+   26 jump *label6 always
+   27 multilabel *label163 (m:*label160)
    28 label *label8
    29 set .START :n
    30 op add :reactors :reactors 1
    31 jump *label6 always
    32 label *label7
-    * jump *label10 equal *tmp5 @overdrive-projector
-    * jump *label10 equal *tmp5 @overdrive-dome
-    * jump *label10 equal *tmp5 @conduit
-    * jump *label10 equal *tmp5 @pulse-conduit
-    * jump *label10 equal *tmp5 @plated-conduit
-    * jump *label10 equal *tmp5 @conveyor
-    * jump *label10 equal *tmp5 @titanium-conveyor
-    * jump *label10 equal *tmp5 @plastanium-conveyor
-    * jump *label9 notEqual *tmp5 @armored-conveyor
+   33 multilabel *label162 (m:*label160)
    34 label *label10
    35 set .START :n
-    * label *label9
    36 label *label6
    37 label *label4
    38 jump *label155 greaterThan :n 0

Modifications by Iterated phase, Data Flow Optimization, pass 1, iteration 1:
 
     5 set .START null
     6 set :reactors 0
     7 label *label0
-    * jump *label2 notEqual :reactors 0
+    8 jump *label2 notEqual 0 0
     9 label *label154
    10 set :reactors 0
    11 set :n @links
 
   436 set :boosts 0
   437 set :n .START
   438 label *label138
-    * jump *label140 greaterThanEq :n @links
+  439 jump *label140 greaterThanEq .START @links
   440 label *label156
   441 getlink :block :n
   442 sensor *tmp210 :block @type

Modifications by Iterated phase, Data Flow Optimization, pass 1, iteration 2 (-1 instructions):
 
     3 set .COOLANT_FLAG null
     4 set .FUEL_FLAG null
     5 set .START null
-    * set :reactors 0
     6 label *label0
     7 jump *label2 notEqual 0 0
     8 label *label154

Modifications by Fast-dispatch case at line 425:9 (-7 instructions):
 
   439 label *label156
   440 getlink :block :n
   441 sensor *tmp210 :block @type
-    * jump *label142 notEqual *tmp210 @impact-reactor
+  442 sensor *tmp235 *tmp210 @id
+  443 multijump *tmp235 0 0 (m:*label166)
+  444 multilabel *label171 (m:*label166)
+  445 multilabel *label167 (m:*label166)
+  446 label *label165
+  447 jump *label141 always
+  448 multilabel *label170 (m:*label166)
   449 label *label143
   450 op add :reactors :reactors 1
   451 op lessThanEq :enabled :reactors .REACTORS_ON
 
   457 label *label145
   458 jump *label141 always
   459 label *label142
-    * jump *label147 equal *tmp210 @overdrive-projector
-    * jump *label146 notEqual *tmp210 @overdrive-dome
+  460 multilabel *label168 (m:*label166)
   461 label *label147
   462 control enabled :block .OVERDRIVE
   463 jump *label141 always
   464 label *label146
-    * jump *label149 equal *tmp210 @conduit
-    * jump *label149 equal *tmp210 @pulse-conduit
-    * jump *label149 equal *tmp210 @plated-conduit
-    * jump *label149 equal *tmp210 @conveyor
-    * jump *label149 equal *tmp210 @titanium-conveyor
-    * jump *label149 equal *tmp210 @plastanium-conveyor
-    * jump *label148 notEqual *tmp210 @armored-conveyor
+  465 multilabel *label169 (m:*label166)
   466 label *label149
   467 control enabled :block :startup
-    * label *label148
   468 label *label141
   469 label *label139
   470 op add :n :n 1

Modifications by Fast-dispatch case at line 219:16 (-2 instructions):
 
   120 label *label21
   121 label *label18
   122 label *label19
-    * jump *label34 notEqual .MODE 0
+  123 multijump .MODE 0 0 (m:*label173)
+  124 multilabel *label177 (m:*label173)
+  125 label *label172
+  126 set *tmp76 null
+  127 jump *label33 always
+  128 multilabel *label174 (m:*label173)
   129 label *label35
   130 set *tmp76 "[salmon]SHUTDOWN[]"
   131 jump *label33 always
   132 label *label34
-    * jump *label36 notEqual .MODE 1
+  133 multilabel *label175 (m:*label173)
   134 label *label37
   135 set *tmp76 "[gold]STARTUP[]"
   136 jump *label33 always
   137 label *label36
-    * jump *label38 notEqual .MODE 2
+  138 multilabel *label176 (m:*label173)
   139 label *label39
   140 set *tmp76 "[green]RUNNING[]"
-    * jump *label33 always
-    * label *label38
-    * set *tmp76 null
   141 label *label33
   142 print *tmp76
   143 print ","

Modifications by Fast-dispatch case at line 245:5 (-1 instructions):
 
   202 print :net_power
   203 print "["
   204 print "]"
-    * jump *label49 notEqual .MODE 0
+  205 multijump .MODE 0 0 (m:*label179)
+  206 multilabel *label183 (m:*label179)
+  207 label *label178
+  208 jump *label48 always
+  209 multilabel *label180 (m:*label179)
   210 label *label50
   211 set .REACTORS_ON 0
   212 set .OVERDRIVE 0
 
   230 label *label52
   231 jump *label48 always
   232 label *label49
-    * jump *label53 notEqual .MODE 1
+  233 multilabel *label181 (m:*label179)
   234 label *label54
   235 select *tmp99 notEqual .OUTPUT_1 false battery3 battery2
   236 sensor *tmp100 *tmp99 @powerNetOut
 
   305 label *label58
   306 jump *label48 always
   307 label *label53
-    * jump *label87 notEqual .MODE 2
+  308 multilabel *label182 (m:*label179)
   309 label *label88
   310 jump *label89 equal .COOLANT_FLAG false
   311 sensor *tmp139 tank1 @totalLiquids
 
   423 label *label137
   424 label *label134
   425 label *label135
-    * label *label87
   426 label *label48
   427 print "\n"
   428 print .STARTUPS

Modifications by Iterated phase, Jump Normalization, pass 2, iteration 1 (-1 instructions):
 
     4 set .FUEL_FLAG null
     5 set .START null
     6 label *label0
-    * jump *label2 notEqual 0 0
     7 label *label154
     8 set :reactors 0
     9 set :n @links

Modifications by Iterated phase, Condition Optimization, pass 2, iteration 1 (-1 instructions):
 
    77 sensor :total_capacity battery1 @powerNetCapacity
    78 op idiv :total_capacity_str :total_capacity 1000
    79 op mul :required_capacity 100000 :reactors
-    * op greaterThanEq :enough_battery :total_capacity :required_capacity
    80 op sub *tmp54 :required_capacity :total_capacity
    81 op div *tmp55 *tmp54 1000
    82 op ceil :missing_battery *tmp55
 
   167 print "\n[salmon]Blast compound level critical![]"
   168 label *label44
   169 label *label45
-    * jump *label46 notEqual :enough_battery false
+  170 jump *label46 greaterThanEq :total_capacity :required_capacity
   171 print "\n"
   172 print "[salmon]Insufficient battery storage![]"
   173 print "\n"
 
   335 sensor *tmp152 vault1 @blast-compound
   336 op greaterThan .FUEL_FLAG *tmp152 800
   337 label *label102
-    * jump *label105 equal :enough_battery false
+  338 jump *label105 lessThan :total_capacity :required_capacity
   339 sensor *tmp155 switch2 @enabled
   340 jump *label105 equal *tmp155 false
   341 op mul :min_level :reactors 50000
 
   453 op add :reactors :reactors 1
   454 op lessThanEq :enabled :reactors .REACTORS_ON
   455 control enabled :block :enabled
-    * jump *label144 equal :enabled false
+  456 jump *label144 greaterThan :reactors .REACTORS_ON
   457 sensor *tmp216 :block @timescale
   458 op add :boosts :boosts *tmp216
   459 label *label144

Modifications by Iterated phase, Single Step Elimination, pass 2, iteration 1 (-2 instructions):
 
    92 jump *label23 notEqual :battery_level 0
    93 jump *label23 lessThanEq :consumption 0
    94 op equal *tmp67 :production 0
-    * jump *label23 always
    95 label *label23
    96 jump *label29 lessThan :consumption :min_consumption
    97 jump *label27 equal *tmp67 false
 
   264 jump *label66 greaterThanEq .REACTORS_ON :reactors
   265 jump *label66 lessThanEq :net_power 1000
   266 op greaterThanEq *tmp117 :total_battery 25000
-    * jump *label66 always
   267 label *label66
   268 jump *label70 lessThan :net_power :neededPower
   269 set .OUTPUT_2 .OUTPUT_1

Modifications by Jumps phase, Unreachable Code Elimination, pass 4, iteration 1 (-1 instructions):
 
     3 set .COOLANT_FLAG null
     4 set .FUEL_FLAG null
     5 set .START null
-    * label *label0
     6 label *label154
     7 set :reactors 0
     8 set :n @links
-    * label *label3
     9 jump *label5 lessThanEq :n 0
    10 label *label155
    11 op sub :n :n 1
 
    18 multijump *tmp234 0 0 (m:*label160)
    19 multilabel *label164 (m:*label160)
    20 multilabel *label161 (m:*label160)
-    * label *label159
    21 jump *label6 always
    22 multilabel *label163 (m:*label160)
-    * label *label8
    23 set .START :n
    24 op add :reactors :reactors 1
    25 jump *label6 always
-    * label *label7
    26 multilabel *label162 (m:*label160)
-    * label *label10
    27 set .START :n
    28 label *label6
-    * label *label4
    29 jump *label155 greaterThan :n 0
    30 label *label5
    31 read *tmp8 cell2 1
 
    33 jump *label11 notEqual :reactors 0
    34 print "No reactor."
    35 label *label11
-    * label *label12
    36 printflush message1
-    * label *label1
    37 jump *label154 equal :reactors 0
-    * label *label2
    38 read .MODE cell1 0
    39 read .OUTPUT_1 cell1 1
    40 read .OUTPUT_2 cell1 2
 
    99 print :min_consumption
   100 printflush message2
   101 label *label31
-    * label *label32
   102 jump *label28 always
   103 label *label27
   104 set :failure_cnt 0
   105 label *label28
   106 label *label21
   107 label *label18
-    * label *label19
   108 multijump .MODE 0 0 (m:*label173)
   109 multilabel *label177 (m:*label173)
-    * label *label172
   110 set *tmp76 null
   111 jump *label33 always
   112 multilabel *label174 (m:*label173)
-    * label *label35
   113 set *tmp76 "[salmon]SHUTDOWN[]"
   114 jump *label33 always
-    * label *label34
   115 multilabel *label175 (m:*label173)
-    * label *label37
   116 set *tmp76 "[gold]STARTUP[]"
   117 jump *label33 always
-    * label *label36
   118 multilabel *label176 (m:*label173)
-    * label *label39
   119 set *tmp76 "[green]RUNNING[]"
   120 label *label33
   121 print *tmp76
 
   136 print :multiplier
   137 print "x[])"
   138 label *label40
-    * label *label41
   139 print "\n=================================="
   140 sensor *tmp84 tank1 @totalLiquids
   141 jump *label42 greaterThanEq *tmp84 750
   142 print "\n[salmon]Cryofluid level critical![]"
   143 label *label42
-    * label *label43
   144 sensor *tmp87 vault1 @blast-compound
   145 jump *label44 greaterThanEq *tmp87 700
   146 print "\n[salmon]Blast compound level critical![]"
   147 label *label44
-    * label *label45
   148 jump *label46 greaterThanEq :total_capacity :required_capacity
   149 print "\n"
   150 print "[salmon]Insufficient battery storage![]"
 
   154 print " "
   155 print "K[] of additional storage to internal battery."
   156 label *label46
-    * label *label47
   157 print "\n"
   158 print "Internal battery:    [gold]"
   159 print :battery_level_str
 
   179 print "]"
   180 multijump .MODE 0 0 (m:*label179)
   181 multilabel *label183 (m:*label179)
-    * label *label178
   182 jump *label48 always
   183 multilabel *label180 (m:*label179)
-    * label *label50
   184 set .REACTORS_ON 0
   185 set .OVERDRIVE 0
   186 set .OUTPUT_1 0
 
   200 set .GENERATOR true
   201 set .REASON "Unknown -- out of power?"
   202 label *label51
-    * label *label52
   203 jump *label48 always
-    * label *label49
   204 multilabel *label181 (m:*label179)
-    * label *label54
   205 select *tmp99 notEqual .OUTPUT_1 false battery3 battery2
   206 sensor *tmp100 *tmp99 @powerNetOut
   207 op idiv *tmp102 *tmp100 0.9523809523809523
 
   231 print "["
   232 print "]"
   233 label *label61
-    * label *label62
   234 select .OVERDRIVE greaterThan :net_power 100 true .OVERDRIVE
   235 set *tmp117 false
   236 jump *label66 greaterThanEq .REACTORS_ON :reactors
 
   241 set .OUTPUT_2 .OUTPUT_1
   242 set .OUTPUT_1 1
   243 label *label70
-    * label *label71
   244 jump *label72 notEqual .OUTPUT_1 0
   245 op mul :availablePower 6300 :boosts
   246 op div :ratio :neededPower :availablePower
   247 jump *label74 greaterThanEq :ratio 1
   248 op add :nextStart @time 2000
   249 label *label74
-    * label *label75
   250 label *label72
-    * label *label73
   251 jump *label76 equal *tmp117 false
   252 jump *label76 lessThanEq @time :nextStart
   253 op idiv *tmp233 :total_battery 25000
 
   256 op min .REACTORS_ON *tmp131 :reactors
   257 op add :nextStart @time 2000
   258 label *label76
-    * label *label77
   259 jump *label82 lessThan .REACTORS_ON :reactors
   260 jump *label82 lessThanEq @time :nextStart
   261 jump *label82 lessThanEq .OUTPUT_2 0
 
   265 set .FUEL_FLAG 0
   266 set .GENERATOR false
   267 label *label82
-    * label *label83
   268 label *label58
   269 jump *label48 always
-    * label *label53
   270 multilabel *label182 (m:*label179)
-    * label *label88
   271 jump *label89 equal .COOLANT_FLAG false
   272 sensor *tmp139 tank1 @totalLiquids
   273 jump *label89 greaterThanEq *tmp139 750
 
   275 control enabled switch1 false
   276 set .REASON "Cryo level too low"
   277 label *label89
-    * label *label90
   278 jump *label93 equal .FUEL_FLAG false
   279 sensor *tmp144 vault1 @blast-compound
   280 jump *label93 greaterThanEq *tmp144 700
 
   282 control enabled switch1 false
   283 set .REASON "Blast compound level too low"
   284 label *label93
-    * label *label94
   285 jump *label97 equal .COOLANT_FLAG false
   286 set .COOLANT_FLAG true
   287 jump *label98 always
 
   314 print "\nCommit threshold:   [gold]"
   315 print *tmp168
   316 label *label109
-    * label *label110
   317 jump *label114 notEqual :commit_level 0
   318 op idiv *tmp171 :min_level 1000
   319 print "\nRestart threshold: [gold]"
   320 print *tmp171
   321 label *label114
-    * label *label115
   322 print "[] K"
   323 jump *label118 lessThan :total_battery :min_level
   324 op mul *tmp173 .REACTORS_ON -2500
 
   336 label *label122
   337 op add :nextDecommit @time 6000
   338 label *label120
-    * label *label121
   339 jump *label124 lessThanEq @time :nextDecommit
   340 jump *label126 equal .OVERDRIVE false
   341 set .OVERDRIVE false
 
   353 op add .COMMITS .COMMITS 1
   354 set .CAN_COMMIT false
   355 label *label128
-    * label *label129
   356 label *label125
   357 label *label117
   358 jump *label106 always
 
   377 print "\n*** [gold]Surge tower 2 offline[] ***"
   378 label *label137
   379 label *label134
-    * label *label135
   380 label *label48
   381 print "\n"
   382 print .STARTUPS
 
   393 set :reactors 0
   394 set :boosts 0
   395 set :n .START
-    * label *label138
   396 jump *label140 greaterThanEq .START @links
   397 label *label156
   398 getlink :block :n
 
   401 multijump *tmp235 0 0 (m:*label166)
   402 multilabel *label171 (m:*label166)
   403 multilabel *label167 (m:*label166)
-    * label *label165
   404 jump *label141 always
   405 multilabel *label170 (m:*label166)
-    * label *label143
   406 op add :reactors :reactors 1
   407 op lessThanEq :enabled :reactors .REACTORS_ON
   408 control enabled :block :enabled
 
   410 sensor *tmp216 :block @timescale
   411 op add :boosts :boosts *tmp216
   412 label *label144
-    * label *label145
   413 jump *label141 always
-    * label *label142
   414 multilabel *label168 (m:*label166)
-    * label *label147
   415 control enabled :block .OVERDRIVE
   416 jump *label141 always
-    * label *label146
   417 multilabel *label169 (m:*label166)
-    * label *label149
   418 control enabled :block :startup
   419 label *label141
-    * label *label139
   420 op add :n :n 1
   421 jump *label156 lessThan :n @links
   422 label *label140
 
   429 read *tmp229 cell2 4
   430 op add :boosts :boosts *tmp229
   431 label *label150
-    * label *label151
   432 op min .REACTORS_ON .REACTORS_ON :reactors
   433 jump *label152 notEqual cell1 null
   434 set .STARTUPS 0
 
   447 write .RESETS cell1 8
   448 write .COMMITS cell1 9
   449 label *label153
-    * label *label16
   450 jump *label15 always
-    * label *label17
-    * end

Modifications by Jumps phase, Jump Threading, pass 4, iteration 1:
 
    89 op add :failure_cnt :failure_cnt 1
    90 read *tmp71 cell2 1
    91 op add *tmp70 10 *tmp71
-    * jump *label31 lessThanEq :failure_cnt *tmp70
+   92 jump *label28 lessThanEq :failure_cnt *tmp70
    93 set .MODE 0
    94 control enabled switch1 false
    95 set .REASON "Unknown -- out of power?"
 
   192 print .REASON
   193 print "[]"
   194 sensor *tmp97 switch1 @enabled
-    * jump *label51 equal *tmp97 false
+  195 jump *label48 equal *tmp97 false
   196 set .MODE 1
   197 op add .STARTUPS .STARTUPS 1
   198 set :nextStart 0
 
   210 jump *label59 lessThan :total_battery 25000
   211 set .REACTORS_ON 1
   212 op add :nextStart @time 2000
-    * jump *label60 always
+  213 jump *label48 always
   214 label *label59
   215 print "\nRequired startup energy: [gold]"
   216 print 25
   217 print " K[]"
   218 label *label60
-    * jump *label58 always
+  219 jump *label48 always
   220 label *label57
   221 op add :outputs .OUTPUT_1 .OUTPUT_2
   222 print "\n"
 
   256 op min .REACTORS_ON *tmp131 :reactors
   257 op add :nextStart @time 2000
   258 label *label76
-    * jump *label82 lessThan .REACTORS_ON :reactors
-    * jump *label82 lessThanEq @time :nextStart
-    * jump *label82 lessThanEq .OUTPUT_2 0
+  259 jump *label48 lessThan .REACTORS_ON :reactors
+  260 jump *label48 lessThanEq @time :nextStart
+  261 jump *label48 lessThanEq .OUTPUT_2 0
   262 set .MODE 2
   263 op add :nextDecommit @time 6000
   264 set .COOLANT_FLAG 0
 
   329 set .OVERDRIVE true
   330 set .REACTORS_ON :reactors
   331 op add :nextDecommit @time 6000
-    * jump *label117 always
+  332 jump *label106 always
   333 label *label116
   334 jump *label122 lessThan :battery_level 47500
   335 jump *label120 greaterThanEq :battery_change -100
 
   346 set .CAN_COMMIT true
   347 label *label127
   348 op add :nextDecommit @time 6000
-    * jump *label125 always
+  349 jump *label106 always
   350 label *label124
-    * jump *label128 greaterThanEq :total_battery :commit_level
+  351 jump *label106 greaterThanEq :total_battery :commit_level
   352 op add .REACTORS_ON .REACTORS_ON 1
   353 op add .COMMITS .COMMITS 1
   354 set .CAN_COMMIT false
 
   406 op add :reactors :reactors 1
   407 op lessThanEq :enabled :reactors .REACTORS_ON
   408 control enabled :block :enabled
-    * jump *label144 greaterThan :reactors .REACTORS_ON
+  409 jump *label141 greaterThan :reactors .REACTORS_ON
   410 sensor *tmp216 :block @timescale
   411 op add :boosts :boosts *tmp216
   412 label *label144
 
   434 set .STARTUPS 0
   435 set .RESETS 0
   436 set .COMMITS 0
-    * jump *label153 always
+  437 jump *label15 always
   438 label *label152
   439 write .MODE cell1 0
   440 write .OUTPUT_1 cell1 1

Modifications by Final phase, Print Merging, iteration 1 (-40 instructions):
 
    10 label *label155
    11 op sub :n :n 1
    12 getlink :block :n
-    * print "Found: "
-    * print :block
-    * print "\n"
+   13 print "Found: {0}\n"
+   14 format :block
    15 sensor *tmp5 :block @type
    16 sensor *tmp234 *tmp5 @id
    17 multijump *tmp234 0 0 (m:*label160)
 
    92 set .MODE 0
    93 control enabled switch1 false
    94 set .REASON "Unknown -- out of power?"
-    * print "Consumption: "
-    * print :consumption
-    * print "\nMin. consumption: "
+   95 print "Consumption: {0}\nMin. consumption: "
+   96 format :consumption
    97 print :min_consumption
    98 printflush message2
    99 jump *label28 always
 
   116 set *tmp76 "[green]RUNNING[]"
   117 label *label33
   118 print *tmp76
-    * print ","
-    * print " reactors [green]"
-    * print .REACTORS_ON
-    * print "/"
-    * print :reactors
-    * print "["
-    * print "]"
+  119 print ", reactors [green]{0}/{0}[]"
+  120 format .REACTORS_ON
+  121 format :reactors
   122 jump *label40 equal .OVERDRIVE false
   123 op mul *tmp79 100 :boosts
   124 op div *tmp80 *tmp79 .REACTORS_ON
   125 op add *tmp81 *tmp80 0.5
   126 op floor *tmp82 *tmp81
   127 op div :multiplier *tmp82 100
-    * print " ([gold]"
-    * print :multiplier
-    * print "x[])"
+  128 print " ([gold]{0}x[])"
+  129 format :multiplier
   130 label *label40
   131 print "\n=================================="
   132 sensor *tmp84 tank1 @totalLiquids
 
   138 print "\n[salmon]Blast compound level critical![]"
   139 label *label44
   140 jump *label46 greaterThanEq :total_capacity :required_capacity
-    * print "\n"
-    * print "[salmon]Insufficient battery storage![]"
-    * print "\n"
-    * print "Link [gold]"
-    * print :missing_battery
-    * print " "
-    * print "K[] of additional storage to internal battery."
+  141 print "\n[salmon]Insufficient battery storage![]\nLink [gold]{0} K[] of additional storage to internal battery."
+  142 format :missing_battery
   143 label *label46
-    * print "\n"
-    * print "Internal battery:    [gold]"
-    * print :battery_level_str
-    * print "["
-    * print "]/[green]50[] K"
-    * print "\n"
-    * print "Total battery:        [gold]"
-    * print :total_battery_str
-    * print "["
-    * print "]/[green]"
-    * print :total_capacity_str
-    * print "["
-    * print "] K"
-    * print "\n"
-    * print "Battery change:     [gold]"
-    * print :battery_change
-    * print "["
-    * print "]"
-    * print "\n"
-    * print "Power balance:       [gold]"
-    * print :net_power
-    * print "["
-    * print "]"
+  144 print "\nInternal battery:    [gold]{0}[]/[green]50[] K\nTotal battery:        [gold]{0}[]/[green]{0}[] K\nBattery change:     [gold]{0}[]\nPower balance:       [gold]{0}[]"
+  145 format :battery_level_str
+  146 format :total_battery_str
+  147 format :total_capacity_str
+  148 format :battery_change
+  149 format :net_power
   150 multijump .MODE 0 0 (m:*label179)
   151 multilabel *label183 (m:*label179)
   152 jump *label48 always
 
   158 op greaterThanEq *tmp94 :net_power -150
   159 op lessThan *tmp95 :total_battery 47500
   160 op land .GENERATOR *tmp94 *tmp95
-    * print "\nShutdown reason: [gold]"
-    * print .REASON
-    * print "[]"
+  161 print "\nShutdown reason: [gold]{0}[]"
+  162 format .REASON
   163 sensor *tmp97 switch1 @enabled
   164 jump *label48 equal *tmp97 false
   165 set .MODE 1
 
   180 op add :nextStart @time 2000
   181 jump *label48 always
   182 label *label59
-    * print "\nRequired startup energy: [gold]"
-    * print 25
-    * print " K[]"
+  183 print "\nRequired startup energy: [gold]25 K[]"
   184 jump *label48 always
   185 label *label57
   186 op add :outputs .OUTPUT_1 .OUTPUT_2
-    * print "\n"
-    * print "[gold]"
-    * print :outputs
-    * print "["
-    * print "] surge tower(s) online"
+  187 print "\n[gold]{0}[] surge tower(s) online"
+  188 format :outputs
   189 jump *label61 notEqual .OUTPUT_2 0
-    * print "\n"
-    * print "Required power level: [gold]"
-    * print :neededPower
-    * print "["
-    * print "]"
+  190 print "\nRequired power level: [gold]{0}[]"
+  191 format :neededPower
   192 label *label61
   193 select .OVERDRIVE greaterThan :net_power 100 true .OVERDRIVE
   194 set *tmp117 false
 
   332 label *label137
   333 label *label134
   334 label *label48
-    * print "\n"
-    * print .STARTUPS
-    * print "-"
-    * print .RESETS
-    * print "-"
+  335 print "\n{0}-{0}-"
+  336 format .STARTUPS
+  337 format .RESETS
   338 print .COMMITS
   339 printflush message1
   340 control enabled diode1 .OUTPUT_1

Code size and number of instantiations by function:
  Size  Times  AvgSize  Function
   331     1x    331,0  <no function>
Runtime error at instruction #21: 'jump 9 greaterThan :n 0':
Execution step limit of 100,000 exceeded.

Emulator output (100,000 steps):
Found: message
Found: message
Found: message
Found: message
Found: message
Found: message
Found: message
Found: message
Found: message
Found: logic-display
Found: logic-display
Found: logic-display
Found: logic-display
Found: logic-display
Found: large-logic-display
Found: large-logic-display
Found: large-logic-display
Found: large-logic-display
Found: memory-bank
Found: memory-bank
Found: memory-bank
Found: memory-bank
Found: memory-bank
Found: memory-bank
Found: memory-bank
Found: memory-bank
Found: memory-bank
Found: memory-cell
Found: memory-cell
Found: memory-cell
Found: memory-cell
Found: memory-cell
Found: memory-cell
Found: memory-cell
Found: memory-cell
Found: memory-cell
No reactor.
[--- Previous segment repeated 299,22 times ---]

