   309 instructions before optimizations.
    13 instructions eliminated by Temp Variables Elimination (10 iterations).
     1 instructions eliminated by Case Expression Optimization.
    18 instructions eliminated by Dead Code Elimination (7 iterations).
     3 instructions eliminated by Jump Normalization (2 passes, 9 iterations).
     9 instructions eliminated by Condition Optimization (2 passes, 11 iterations).
     7 instructions eliminated by Single Step Elimination (3 passes, 12 iterations).
   257 instructions eliminated by Expression Optimization (2 passes, 6 iterations).
     3 instructions eliminated by Boolean Optimization (10 iterations).
       1 fully-evaluated expressions optimized using selects.
   154 instructions eliminated by Data Flow Optimization (5 passes, 19 iterations).
       3 loop conditions were partially rotated.
   386 instructions added by Loop Unrolling (9 iterations).
     3 loops unrolled by Loop Unrolling.
     7 instructions eliminated by Array Optimization (9 iterations).
     2 instructions eliminated by Jump Straightening (10 iterations).
     3 instructions updated by Jump Threading.
     1 instructions eliminated by Unreachable Code Elimination (3 iterations).
    26 instructions eliminated by Print Merging.
   198 instructions after optimizations.

Pass 1: speed optimization selection (cost limit 828):
  * Unroll iteration loop at line 32:9                           size   -79, benefit     1975.0, efficiency   Infinity (-32 instructions)

Pass 2: speed optimization selection (cost limit 862):
  * Unroll loop at line 74:9                                     size   +96, benefit    20000.0, efficiency    208.333 (+224 instructions)
    Unroll loop at line 87:9                                     size   +96, benefit    20000.0, efficiency    208.333

Pass 2: speed optimization selection (cost limit 638):
  * Unroll loop at line 87:9                                     size   +96, benefit    20000.0, efficiency    208.333 (+224 instructions)

Code size and number of instantiations by function:
  Size  Times  AvgSize  Function
   144     1x    144,0  <no function>
    53     1x     53,0  void initialize()
