   240 instructions before optimizations.
    11 instructions eliminated by Temp Variables Elimination (8 iterations).
     1 instructions eliminated by Case Expression Optimization.
    16 instructions eliminated by Dead Code Elimination (7 iterations).
     3 instructions eliminated by Jump Normalization (2 passes, 7 iterations).
     8 instructions eliminated by Condition Optimization (2 passes, 9 iterations).
     6 instructions eliminated by Single Step Elimination (3 passes, 10 iterations).
   257 instructions eliminated by Expression Optimization (2 passes, 4 iterations).
    46 instructions eliminated by Data Flow Optimization (5 passes, 22 iterations).
       3 loop conditions were partially rotated.
   230 instructions added by Loop Unrolling (12 iterations).
     3 loops unrolled by Loop Unrolling.
    40 instructions added by Array Optimization (12 iterations).
     3 array(s) improved by Array Optimization.
     2 instructions eliminated by Jump Straightening (8 iterations).
     3 instructions updated by Jump Threading.
     1 instructions eliminated by Unreachable Code Elimination (3 iterations).
    21 instructions eliminated by Print Merging.
    98 instructions after optimizations.

Pass 1: speed optimization selection (cost limit 815):
    Inline shared table of array 'conv'                          size    +2, benefit     2562.5, efficiency   1281.250
    Inline shared table of array 'state1'                        size    +2, benefit     2562.5, efficiency   1281.250
  * Inline array access to 'state1' at line 74:13                size    -3, benefit     1281.3, efficiency   Infinity (-3 instructions)
    Inline shared table of array 'state2'                        size    +2, benefit     2562.5, efficiency   1281.250
    Inline array access to 'state2' at line 87:13                size    -3, benefit     1281.3, efficiency   Infinity
    Unroll iteration loop at line 32:9                           size   -19, benefit      475.0, efficiency   Infinity

Pass 1: speed optimization selection (cost limit 818):
    Inline shared table of array 'conv'                          size    +2, benefit     2562.5, efficiency   1281.250
    Inline shared table of array 'state1'                        size    +2, benefit     2562.5, efficiency   1281.250
    Inline shared table of array 'state2'                        size    +2, benefit     2562.5, efficiency   1281.250
  * Inline array access to 'state2' at line 87:13                size    -3, benefit     1281.3, efficiency   Infinity (-3 instructions)
    Unroll iteration loop at line 32:9                           size   -19, benefit      475.0, efficiency   Infinity

Pass 1: speed optimization selection (cost limit 821):
    Inline shared table of array 'conv'                          size    +2, benefit     2562.5, efficiency   1281.250
    Inline shared table of array 'state1'                        size    +2, benefit     2562.5, efficiency   1281.250
    Inline shared table of array 'state2'                        size    +2, benefit     2562.5, efficiency   1281.250
  * Unroll iteration loop at line 32:9                           size   -19, benefit      475.0, efficiency   Infinity (-8 instructions)

Pass 1: speed optimization selection (cost limit 829):
  * Inline shared table of array 'conv'                          size    +2, benefit     2562.5, efficiency   1281.250 (+2 instructions)
  o Inline shared table of array 'state1'                        size    +2, benefit     2562.5, efficiency   1281.250
  o Inline shared table of array 'state2'                        size    +2, benefit     2562.5, efficiency   1281.250

Pass 1: speed optimization selection (cost limit 827):
  * Inline shared table of array 'state1'                        size    +2, benefit     2562.5, efficiency   1281.250 (+2 instructions)
  o Inline shared table of array 'state2'                        size    +2, benefit     2562.5, efficiency   1281.250

Pass 1: speed optimization selection (cost limit 825):
  * Inline shared table of array 'state2'                        size    +2, benefit     2562.5, efficiency   1281.250 (+2 instructions)

Pass 2: speed optimization selection (cost limit 825):
  * Unroll loop at line 73:9                                     size   -14, benefit     5000.0, efficiency   Infinity (+114 instructions)
    Unroll loop at line 86:9                                     size   -14, benefit     5000.0, efficiency   Infinity

Pass 2: speed optimization selection (cost limit 711):
  * Unroll loop at line 86:9                                     size   -14, benefit     5000.0, efficiency   Infinity (+114 instructions)

Modifications by Initial phase, Case Expression Optimization, iteration 1 (-1 instructions):
 
    33 getlink *tmp2 :initialize:n
    34 set :initialize:block *tmp2
    35 sensor *tmp4 :initialize:block @type
-    * set *tmp5 *tmp4
-    * jump *label16 equal *tmp5 @memory-cell
-    * jump *label16 equal *tmp5 @memory-bank
+   36 jump *label16 equal *tmp4 @memory-cell
+   37 jump *label16 equal *tmp4 @memory-bank
    38 jump *label15 always
    39 label *label16
    40 set .memory :initialize:block
    41 set *tmp3 .memory
    42 jump *label14 always
    43 label *label15
-    * jump *label18 equal *tmp5 @plastanium-conveyor
+   44 jump *label18 equal *tmp4 @plastanium-conveyor
    45 jump *label17 always
    46 label *label18
    47 set .conv*3 .conv*2

Modifications by Initial phase, Dead Code Elimination, iteration 1 (-11 instructions):
 
    38 jump *label15 always
    39 label *label16
    40 set .memory :initialize:block
-    * set *tmp3 .memory
    41 jump *label14 always
    42 label *label15
    43 jump *label18 equal *tmp4 @plastanium-conveyor
 
    49 set .conv*0 :initialize:block
    50 set *tmp6 .found
    51 op add .found .found 1
-    * set *tmp3 *tmp6
    52 jump *label14 always
    53 label *label17
-    * set *tmp3 null
    54 label *label14
    55 label *label12
    56 op sub :initialize:n :initialize:n 1
 
    67 print .found
    68 print ")"
    69 printflush message1
-    * set *tmp8 null
    70 jump *label20 always
    71 label *label19
    72 op greaterThan *tmp9 .found 4
 
   107 label *label24
   108 set *tmp10 *tmp12
   109 label *label22
-    * set *tmp8 *tmp10
   110 label *label20
   111 label *label2
   112 jump *label1 always
 
   131 jump *label33 equal *tmp29 false
   132 op add *tmp31 .total 10
   133 set .total *tmp31
-    * set *tmp30 *tmp31
   134 jump *label34 always
   135 label *label33
-    * set *tmp30 null
   136 label *label34
   137 label *label31
   138 op add :i :i 1
 
   171 jump *label38 equal *tmp44 false
   172 op add *tmp46 .total 10
   173 set .total *tmp46
-    * set *tmp45 *tmp46
   174 jump *label39 always
   175 label *label38
-    * set *tmp45 null
   176 label *label39
   177 label *label36
   178 op add :i.1 :i.1 1
 
   190 op notEqual *tmp50 .links @links
   191 jump *label40 equal *tmp50 false
   192 end
-    * set *tmp51 null
   193 jump *label41 always
   194 label *label40
-    * set *tmp51 null
   195 label *label41
   196 label *label28
   197 sensor *tmp52 switch1 @enabled

Modifications by Initial phase, Dead Code Elimination, iteration 2 (-3 instructions):
 
    47 set .conv*2 .conv*1
    48 set .conv*1 .conv*0
    49 set .conv*0 :initialize:block
-    * set *tmp6 .found
    50 op add .found .found 1
    51 jump *label14 always
    52 label *label17
 
    79 print .found
    80 print ")"
    81 printflush message1
-    * set *tmp10 null
    82 jump *label22 always
    83 label *label21
    84 op equal *tmp11 .memory null
 
   103 jump *label3 always
   104 set *tmp12 null
   105 label *label24
-    * set *tmp10 *tmp12
   106 label *label22
   107 label *label20
   108 label *label2

Modifications by Initial phase, Dead Code Elimination, iteration 3 (-2 instructions):
 
    85 jump *label23 equal *tmp11 false
    86 print "$TITLE\n[salmon]No memory attached."
    87 printflush message1
-    * set *tmp12 null
    88 jump *label24 always
    89 label *label23
    90 sensor *tmp13 .memory @type
 
   100 read *tmp18 .memory *tmp16
   101 set .total *tmp18
   102 jump *label3 always
-    * set *tmp12 null
   103 label *label24
   104 label *label22
   105 label *label20

Modifications by Initial phase, Temp Variables Elimination, iteration 1 (-10 instructions):
 
    25 label *label6
    26 set .memory null
    27 set .found 0
-    * set *tmp1 @links
-    * set .links *tmp1
+   28 set .links @links
    29 op sub :initialize:n .links 1
    30 label *label11
    31 jump *label13 lessThan :initialize:n 0
-    * getlink *tmp2 :initialize:n
-    * set :initialize:block *tmp2
+   32 getlink :initialize:block :initialize:n
    33 sensor *tmp4 :initialize:block @type
    34 jump *label16 equal *tmp4 @memory-cell
    35 jump *label16 equal *tmp4 @memory-bank
 
    94 set *tmp15 511
    95 label *label26
    96 set .totalIndex *tmp15
-    * set *tmp16 .totalIndex
-    * read *tmp18 .memory *tmp16
-    * set .total *tmp18
+   97 read .total .memory .totalIndex
    98 jump *label3 always
    99 label *label24
   100 label *label22
 
   110 label *label30
   111 jump *label32 greaterThanEq :i 4
   112 set *tmp20 :i
-    * set *tmp22 :i
-    * readarr<internal:regular> *tmp23 .conv[] *tmp22
+  113 readarr<internal:regular> *tmp23 .conv[] :i
   114 sensor *tmp24 *tmp23 @totalItems
   115 writearr<internal:regular> *tmp24 .state1[] *tmp20
   116 set *tmp25 :i
 
   119 readarr<internal:regular> *tmp28 .state2[] *tmp27
   120 op lessThan *tmp29 *tmp26 *tmp28
   121 jump *label33 equal *tmp29 false
-    * op add *tmp31 .total 10
-    * set .total *tmp31
+  122 op add .total .total 10
   123 jump *label34 always
   124 label *label33
   125 label *label34
 
   128 jump *label30 always
   129 label *label32
   130 set *tmp32 .totalIndex
-    * set *tmp34 .total
-    * write *tmp34 .memory *tmp32
+  131 write .total .memory *tmp32
   132 print "[gold]Item Counter Micro[], version [gold]1.0[]"
   133 print " "
   134 print "           "
 
   147 label *label35
   148 jump *label37 greaterThanEq :i.1 4
   149 set *tmp35 :i.1
-    * set *tmp37 :i.1
-    * readarr<internal:regular> *tmp38 .conv[] *tmp37
+  150 readarr<internal:regular> *tmp38 .conv[] :i.1
   151 sensor *tmp39 *tmp38 @totalItems
   152 writearr<internal:regular> *tmp39 .state2[] *tmp35
   153 set *tmp40 :i.1
 
   156 readarr<internal:regular> *tmp43 .state1[] *tmp42
   157 op lessThan *tmp44 *tmp41 *tmp43
   158 jump *label38 equal *tmp44 false
-    * op add *tmp46 .total 10
-    * set .total *tmp46
+  159 op add .total .total 10
   160 jump *label39 always
   161 label *label38
   162 label *label39
 
   185 jump *label27 notEqual *tmp53 false
   186 label *label29
   187 set .total 0
-    * set *tmp54 .totalIndex
-    * write 0 .memory *tmp54
+  188 write 0 .memory .totalIndex
   189 end

Modifications by Initial phase, Temp Variables Elimination, iteration 2 (-1 instructions):
 
   127 op add :i :i 1
   128 jump *label30 always
   129 label *label32
-    * set *tmp32 .totalIndex
-    * write .total .memory *tmp32
+  130 write .total .memory .totalIndex
   131 print "[gold]Item Counter Micro[], version [gold]1.0[]"
   132 print " "
   133 print "           "

Modifications by Iterated phase, Jump Normalization, pass 1, iteration 1 (-1 instructions):
     0 label *label1
-    * jump *label3 equal true false
     1 set :initialize:c .conv*0
     2 setaddr *tmp0 *label7
     3 jump *label4 always

Modifications by Iterated phase, Jump Straightening, pass 1, iteration 1 (-2 instructions):
 
    31 getlink :initialize:block :initialize:n
    32 sensor *tmp4 :initialize:block @type
    33 jump *label16 equal *tmp4 @memory-cell
-    * jump *label16 equal *tmp4 @memory-bank
-    * jump *label15 always
+   34 jump *label15 notEqual *tmp4 @memory-bank
    35 label *label16
    36 set .memory :initialize:block
    37 jump *label14 always
    38 label *label15
-    * jump *label18 equal *tmp4 @plastanium-conveyor
-    * jump *label17 always
+   39 jump *label17 notEqual *tmp4 @plastanium-conveyor
    40 label *label18
    41 set .conv*3 .conv*2
    42 set .conv*2 .conv*1

Modifications by Iterated phase, Condition Optimization, pass 1, iteration 1 (-8 instructions):
 
    50 op sub :initialize:n :initialize:n 1
    51 jump *label11 always
    52 label *label13
-    * op equal *tmp7 .found 0
-    * jump *label19 equal *tmp7 false
+   53 jump *label19 notEqual .found 0
    54 print "[gold]Item Counter Micro[], version [gold]1.0[]"
    55 print "\"
    56 print "n[salmon]No plastanium conveyor attached (maximum: "
 
    62 printflush message1
    63 jump *label20 always
    64 label *label19
-    * op greaterThan *tmp9 .found 4
-    * jump *label21 equal *tmp9 false
+   65 jump *label21 lessThanEq .found 4
    66 print "[gold]Item Counter Micro[], version [gold]1.0[]"
    67 print "\"
    68 print "n[salmon]Too many plastanium conveyors attached (maximum: "
 
    74 printflush message1
    75 jump *label22 always
    76 label *label21
-    * op equal *tmp11 .memory null
-    * jump *label23 equal *tmp11 false
+   77 jump *label23 notEqual .memory null
    78 print "$TITLE\n[salmon]No memory attached."
    79 printflush message1
    80 jump *label24 always
    81 label *label23
    82 sensor *tmp13 .memory @type
-    * op equal *tmp14 *tmp13 @memory-cell
-    * jump *label25 equal *tmp14 false
+   83 jump *label25 notEqual *tmp13 @memory-cell
    84 set *tmp15 63
    85 jump *label26 always
    86 label *label25
 
   110 set *tmp27 :i
   111 readarr<internal:regular> *tmp26 .state1[] *tmp25
   112 readarr<internal:regular> *tmp28 .state2[] *tmp27
-    * op lessThan *tmp29 *tmp26 *tmp28
-    * jump *label33 equal *tmp29 false
+  113 jump *label33 greaterThanEq *tmp26 *tmp28
   114 op add .total .total 10
   115 jump *label34 always
   116 label *label33
 
   145 set *tmp42 :i.1
   146 readarr<internal:regular> *tmp41 .state2[] *tmp40
   147 readarr<internal:regular> *tmp43 .state1[] *tmp42
-    * op lessThan *tmp44 *tmp41 *tmp43
-    * jump *label38 equal *tmp44 false
+  148 jump *label38 greaterThanEq *tmp41 *tmp43
   149 op add .total .total 10
   150 jump *label39 always
   151 label *label38
 
   163 print "ms"
   164 print "\n"
   165 printflush message1
-    * op notEqual *tmp50 .links @links
-    * jump *label40 equal *tmp50 false
+  166 jump *label40 equal .links @links
   167 end
   168 jump *label41 always
   169 label *label40
   170 label *label41
   171 label *label28
   172 sensor *tmp52 switch1 @enabled
-    * op equal *tmp53 *tmp52 false
-    * jump *label27 notEqual *tmp53 false
+  173 jump *label27 equal *tmp52 false
   174 label *label29
   175 set .total 0
   176 write 0 .memory .totalIndex

Modifications by Iterated phase, Single Step Elimination, pass 1, iteration 1 (-4 instructions):
 
    43 set .conv*1 .conv*0
    44 set .conv*0 :initialize:block
    45 op add .found .found 1
-    * jump *label14 always
    46 label *label17
    47 label *label14
    48 label *label12
 
   111 readarr<internal:regular> *tmp28 .state2[] *tmp27
   112 jump *label33 greaterThanEq *tmp26 *tmp28
   113 op add .total .total 10
-    * jump *label34 always
   114 label *label33
   115 label *label34
   116 label *label31
 
   145 readarr<internal:regular> *tmp43 .state1[] *tmp42
   146 jump *label38 greaterThanEq *tmp41 *tmp43
   147 op add .total .total 10
-    * jump *label39 always
   148 label *label38
   149 label *label39
   150 label *label36
 
   162 printflush message1
   163 jump *label40 equal .links @links
   164 end
-    * jump *label41 always
   165 label *label40
   166 label *label41
   167 label *label28

Modifications by Iterated phase, Expression Optimization, pass 1, iteration 1 (-1 instructions):
 
   152 jump *label35 always
   153 label *label37
   154 op sub *tmp47 @time :start
-    * op div *tmp48 *tmp47 2
-    * op floor *tmp49 *tmp48
+  155 op idiv *tmp49 *tmp47 2
   156 print "[lightgray]Loop time: "
   157 print *tmp49
   158 print " "

Modifications by Iterated phase, Data Flow Optimization, pass 1, iteration 1 (-4 instructions):
     0 label *label1
-    * set :initialize:c .conv*0
     1 setaddr *tmp0 *label7
     2 jump *label4 always
     3 multilabel *label7 (m:marker0)
-    * set .conv*0 :initialize:c
-    * set :initialize:c .conv*1
+    4 set .conv*0 null
     5 setaddr *tmp0 *label8
     6 jump *label4 always
     7 multilabel *label8 (m:marker0)
-    * set .conv*1 :initialize:c
-    * set :initialize:c .conv*2
+    8 set .conv*1 null
     9 setaddr *tmp0 *label9
    10 jump *label4 always
    11 multilabel *label9 (m:marker0)
-    * set .conv*2 :initialize:c
-    * set :initialize:c .conv*3
+   12 set .conv*2 null
    13 setaddr *tmp0 *label10
    14 label *label4
    15 set :initialize:c null
    16 label *label5
    17 multijump *tmp0 0 0 (m:marker0)
    18 multilabel *label10 (m:marker0)
-    * set .conv*3 :initialize:c
+   19 set .conv*3 null
    20 label *label6
    21 set .memory null
    22 set .found 0
 
    82 set *tmp15 511
    83 label *label26
    84 set .totalIndex *tmp15
-    * read .total .memory .totalIndex
+   85 read .total .memory *tmp15
    86 jump *label3 always
    87 label *label24
    88 label *label22
 
   100 set *tmp20 :i
   101 readarr<internal:regular> *tmp23 .conv[] :i
   102 sensor *tmp24 *tmp23 @totalItems
-    * writearr<internal:regular> *tmp24 .state1[] *tmp20
+  103 writearr<internal:regular> *tmp24 .state1[] :i
   104 set *tmp25 :i
   105 set *tmp27 :i
-    * readarr<internal:regular> *tmp26 .state1[] *tmp25
-    * readarr<internal:regular> *tmp28 .state2[] *tmp27
+  106 readarr<internal:regular> *tmp26 .state1[] :i
+  107 readarr<internal:regular> *tmp28 .state2[] :i
   108 jump *label33 greaterThanEq *tmp26 *tmp28
   109 op add .total .total 10
   110 label *label33
 
   134 set *tmp35 :i.1
   135 readarr<internal:regular> *tmp38 .conv[] :i.1
   136 sensor *tmp39 *tmp38 @totalItems
-    * writearr<internal:regular> *tmp39 .state2[] *tmp35
+  137 writearr<internal:regular> *tmp39 .state2[] :i.1
   138 set *tmp40 :i.1
   139 set *tmp42 :i.1
-    * readarr<internal:regular> *tmp41 .state2[] *tmp40
-    * readarr<internal:regular> *tmp43 .state1[] *tmp42
+  140 readarr<internal:regular> *tmp41 .state2[] :i.1
+  141 readarr<internal:regular> *tmp43 .state1[] :i.1
   142 jump *label38 greaterThanEq *tmp41 *tmp43
   143 op add .total .total 10
   144 label *label38

Modifications by Iterated phase, Data Flow Optimization, pass 1, iteration 2 (-7 instructions):
 
    12 set .conv*2 null
    13 setaddr *tmp0 *label10
    14 label *label4
-    * set :initialize:c null
    15 label *label5
    16 multijump *tmp0 0 0 (m:marker0)
    17 multilabel *label10 (m:marker0)
 
    96 set :i 0
    97 label *label30
    98 jump *label32 greaterThanEq :i 4
-    * set *tmp20 :i
    99 readarr<internal:regular> *tmp23 .conv[] :i
   100 sensor *tmp24 *tmp23 @totalItems
   101 writearr<internal:regular> *tmp24 .state1[] :i
-    * set *tmp25 :i
-    * set *tmp27 :i
   102 readarr<internal:regular> *tmp26 .state1[] :i
   103 readarr<internal:regular> *tmp28 .state2[] :i
   104 jump *label33 greaterThanEq *tmp26 *tmp28
 
   127 set :i.1 0
   128 label *label35
   129 jump *label37 greaterThanEq :i.1 4
-    * set *tmp35 :i.1
   130 readarr<internal:regular> *tmp38 .conv[] :i.1
   131 sensor *tmp39 *tmp38 @totalItems
   132 writearr<internal:regular> *tmp39 .state2[] :i.1
-    * set *tmp40 :i.1
-    * set *tmp42 :i.1
   133 readarr<internal:regular> *tmp41 .state2[] :i.1
   134 readarr<internal:regular> *tmp43 .state1[] :i.1
   135 jump *label38 greaterThanEq *tmp41 *tmp43

Modifications by Iterated phase, Loop Rotation, pass 1, iteration 1:
 
    23 op sub :initialize:n .links 1
    24 label *label11
    25 jump *label13 lessThan :initialize:n 0
+   26 label *label42
    27 getlink :initialize:block :initialize:n
    28 sensor *tmp4 :initialize:block @type
    29 jump *label16 equal *tmp4 @memory-cell
 
    43 label *label14
    44 label *label12
    45 op sub :initialize:n :initialize:n 1
-    * jump *label11 always
+   46 jump *label42 greaterThanEq :initialize:n 0
    47 label *label13
    48 jump *label19 notEqual .found 0
    49 print "[gold]Item Counter Micro[], version [gold]1.0[]"
 
    97 set :i 0
    98 label *label30
    99 jump *label32 greaterThanEq :i 4
+  100 label *label43
   101 readarr<internal:regular> *tmp23 .conv[] :i
   102 sensor *tmp24 *tmp23 @totalItems
   103 writearr<internal:regular> *tmp24 .state1[] :i
 
   109 label *label34
   110 label *label31
   111 op add :i :i 1
-    * jump *label30 always
+  112 jump *label43 lessThan :i 4
   113 label *label32
   114 write .total .memory .totalIndex
   115 print "[gold]Item Counter Micro[], version [gold]1.0[]"
 
   129 set :i.1 0
   130 label *label35
   131 jump *label37 greaterThanEq :i.1 4
+  132 label *label44
   133 readarr<internal:regular> *tmp38 .conv[] :i.1
   134 sensor *tmp39 *tmp38 @totalItems
   135 writearr<internal:regular> *tmp39 .state2[] :i.1
 
   141 label *label39
   142 label *label36
   143 op add :i.1 :i.1 1
-    * jump *label35 always
+  144 jump *label44 lessThan :i.1 4
   145 label *label37
   146 op sub *tmp47 @time :start
   147 op idiv *tmp49 *tmp47 2

Modifications by Inline array access to 'state1' at line 74:13 (-3 instructions):
 
   100 label *label43
   101 readarr<internal:regular> *tmp23 .conv[] :i
   102 sensor *tmp24 *tmp23 @totalItems
-    * writearr<internal:regular> *tmp24 .state1[] :i
+  103 writearr<inlined:regular> *tmp24 .state1[] :i
   104 readarr<internal:regular> *tmp26 .state1[] :i
   105 readarr<internal:regular> *tmp28 .state2[] :i
   106 jump *label33 greaterThanEq *tmp26 *tmp28

Modifications by Iterated phase, Data Flow Optimization, pass 1, iteration 1:
 
    96 set :start @time
    97 set :i 0
    98 label *label30
-    * jump *label32 greaterThanEq :i 4
+   99 jump *label32 greaterThanEq 0 4
   100 label *label43
   101 readarr<internal:regular> *tmp23 .conv[] :i
   102 sensor *tmp24 *tmp23 @totalItems
 
   128 print "\n"
   129 set :i.1 0
   130 label *label35
-    * jump *label37 greaterThanEq :i.1 4
+  131 jump *label37 greaterThanEq 0 4
   132 label *label44
   133 readarr<internal:regular> *tmp38 .conv[] :i.1
   134 sensor *tmp39 *tmp38 @totalItems

Modifications by Inline array access to 'state2' at line 87:13 (-3 instructions):
 
   132 label *label44
   133 readarr<internal:regular> *tmp38 .conv[] :i.1
   134 sensor *tmp39 *tmp38 @totalItems
-    * writearr<internal:regular> *tmp39 .state2[] :i.1
+  135 writearr<inlined:regular> *tmp39 .state2[] :i.1
   136 readarr<internal:regular> *tmp41 .state2[] :i.1
   137 readarr<internal:regular> *tmp43 .state1[] :i.1
   138 jump *label38 greaterThanEq *tmp41 *tmp43

Modifications by Unroll iteration loop at line 32:9 (-8 instructions):
     0 label *label1
-    * setaddr *tmp0 *label7
-    * jump *label4 always
-    * multilabel *label7 (m:marker0)
-    * set .conv*0 null
-    * setaddr *tmp0 *label8
-    * jump *label4 always
-    * multilabel *label8 (m:marker0)
-    * set .conv*1 null
-    * setaddr *tmp0 *label9
-    * jump *label4 always
-    * multilabel *label9 (m:marker0)
-    * set .conv*2 null
-    * setaddr *tmp0 *label10
-    * label *label4
-    * label *label5
-    * multijump *tmp0 0 0 (m:marker0)
-    * multilabel *label10 (m:marker0)
-    * set .conv*3 null
-    * label *label6
+    1 label *label45
+    2 label *label46
+    3 set .conv*0 null
+    4 label *label49
+    5 label *label50
+    6 set .conv*1 null
+    7 label *label53
+    8 label *label54
+    9 set .conv*2 null
+   10 label *label57
+   11 label *label58
+   12 set .conv*3 null
+   13 label *label6
    14 set .memory null
    15 set .found 0
    16 set .links @links

Modifications by Inline shared table of array 'conv' (+2 instructions):
 
    92 label *label30
    93 jump *label32 greaterThanEq 0 4
    94 label *label43
-    * readarr<internal:regular> *tmp23 .conv[] :i
+   95 readarr<inlined:regular> *tmp23 .conv[] :i
    96 sensor *tmp24 *tmp23 @totalItems
    97 writearr<inlined:regular> *tmp24 .state1[] :i
    98 readarr<internal:regular> *tmp26 .state1[] :i
 
   124 label *label35
   125 jump *label37 greaterThanEq 0 4
   126 label *label44
-    * readarr<internal:regular> *tmp38 .conv[] :i.1
+  127 readarr<inlined:regular> *tmp38 .conv[] :i.1
   128 sensor *tmp39 *tmp38 @totalItems
   129 writearr<inlined:regular> *tmp39 .state2[] :i.1
   130 readarr<internal:regular> *tmp41 .state2[] :i.1

Modifications by Inline shared table of array 'state1' (+2 instructions):
 
    95 readarr<inlined:regular> *tmp23 .conv[] :i
    96 sensor *tmp24 *tmp23 @totalItems
    97 writearr<inlined:regular> *tmp24 .state1[] :i
-    * readarr<internal:regular> *tmp26 .state1[] :i
+   98 readarr<inlined:regular> *tmp26 .state1[] :i
    99 readarr<internal:regular> *tmp28 .state2[] :i
   100 jump *label33 greaterThanEq *tmp26 *tmp28
   101 op add .total .total 10
 
   128 sensor *tmp39 *tmp38 @totalItems
   129 writearr<inlined:regular> *tmp39 .state2[] :i.1
   130 readarr<internal:regular> *tmp41 .state2[] :i.1
-    * readarr<internal:regular> *tmp43 .state1[] :i.1
+  131 readarr<inlined:regular> *tmp43 .state1[] :i.1
   132 jump *label38 greaterThanEq *tmp41 *tmp43
   133 op add .total .total 10
   134 label *label38

Modifications by Inline shared table of array 'state2' (+2 instructions):
 
    96 sensor *tmp24 *tmp23 @totalItems
    97 writearr<inlined:regular> *tmp24 .state1[] :i
    98 readarr<inlined:regular> *tmp26 .state1[] :i
-    * readarr<internal:regular> *tmp28 .state2[] :i
+   99 readarr<inlined:regular> *tmp28 .state2[] :i
   100 jump *label33 greaterThanEq *tmp26 *tmp28
   101 op add .total .total 10
   102 label *label33
 
   127 readarr<inlined:regular> *tmp38 .conv[] :i.1
   128 sensor *tmp39 *tmp38 @totalItems
   129 writearr<inlined:regular> *tmp39 .state2[] :i.1
-    * readarr<internal:regular> *tmp41 .state2[] :i.1
+  130 readarr<inlined:regular> *tmp41 .state2[] :i.1
   131 readarr<inlined:regular> *tmp43 .state1[] :i.1
   132 jump *label38 greaterThanEq *tmp41 *tmp43
   133 op add .total .total 10

Modifications by Iterated phase, Jump Normalization, pass 2, iteration 1 (-2 instructions):
 
    90 set :start @time
    91 set :i 0
    92 label *label30
-    * jump *label32 greaterThanEq 0 4
    93 label *label43
    94 readarr<inlined:regular> *tmp23 .conv[] :i
    95 sensor *tmp24 *tmp23 @totalItems
 
   121 print "\n"
   122 set :i.1 0
   123 label *label35
-    * jump *label37 greaterThanEq 0 4
   124 label *label44
   125 readarr<inlined:regular> *tmp38 .conv[] :i.1
   126 sensor *tmp39 *tmp38 @totalItems

Modifications by Iterated phase, Condition Optimization, pass 2, iteration 1:
 
    16 set .links @links
    17 op sub :initialize:n .links 1
    18 label *label11
-    * jump *label13 lessThan :initialize:n 0
+   19 jump *label13 lessThan .links 1
    20 label *label42
    21 getlink :initialize:block :initialize:n
    22 sensor *tmp4 :initialize:block @type

Modifications by Unroll loop at line 73:9 (+119 instructions):
 
    88 control enabled switch1 false
    89 label *label27
    90 set :start @time
-    * set :i 0
-    * label *label30
-    * label *label43
-    * readarr<inlined:regular> *tmp23 .conv[] :i
-    * sensor *tmp24 *tmp23 @totalItems
-    * writearr<inlined:regular> *tmp24 .state1[] :i
-    * readarr<inlined:regular> *tmp26 .state1[] :i
-    * readarr<inlined:regular> *tmp28 .state2[] :i
-    * jump *label33 greaterThanEq *tmp26 *tmp28
-    * op add .total .total 10
-    * label *label33
-    * label *label34
-    * label *label31
-    * op add :i :i 1
-    * jump *label43 lessThan :i 4
-    * label *label32
+   91 set :i 0
+   92 label *label62
+   93 readarr<inlined:regular> *tmp23 .conv[] :i
+   94 sensor *tmp24 *tmp23 @totalItems
+   95 writearr<inlined:regular> *tmp24 .state1[] :i
+   96 readarr<inlined:regular> *tmp26 .state1[] :i
+   97 readarr<inlined:regular> *tmp28 .state2[] :i
+   98 jump *label63 greaterThanEq *tmp26 *tmp28
+   99 op add .total .total 10
+  100 label *label63
+  101 label *label64
+  102 label *label65
+  103 op add :i :i 1
+  104 readarr<inlined:regular> *tmp23 .conv[] :i
+  105 sensor *tmp24 *tmp23 @totalItems
+  106 writearr<inlined:regular> *tmp24 .state1[] :i
+  107 readarr<inlined:regular> *tmp26 .state1[] :i
+  108 readarr<inlined:regular> *tmp28 .state2[] :i
+  109 jump *label66 greaterThanEq *tmp26 *tmp28
+  110 op add .total .total 10
+  111 label *label66
+  112 label *label67
+  113 label *label68
+  114 op add :i :i 1
+  115 readarr<inlined:regular> *tmp23 .conv[] :i
+  116 sensor *tmp24 *tmp23 @totalItems
+  117 writearr<inlined:regular> *tmp24 .state1[] :i
+  118 readarr<inlined:regular> *tmp26 .state1[] :i
+  119 readarr<inlined:regular> *tmp28 .state2[] :i
+  120 jump *label69 greaterThanEq *tmp26 *tmp28
+  121 op add .total .total 10
+  122 label *label69
+  123 label *label70
+  124 label *label71
+  125 op add :i :i 1
+  126 readarr<inlined:regular> *tmp23 .conv[] :i
+  127 sensor *tmp24 *tmp23 @totalItems
+  128 writearr<inlined:regular> *tmp24 .state1[] :i
+  129 readarr<inlined:regular> *tmp26 .state1[] :i
+  130 readarr<inlined:regular> *tmp28 .state2[] :i
+  131 jump *label72 greaterThanEq *tmp26 *tmp28
+  132 op add .total .total 10
+  133 label *label72
+  134 label *label73
+  135 label *label74
+  136 op add :i :i 1
+  137 label *label32
   138 write .total .memory .totalIndex
   139 print "[gold]Item Counter Micro[], version [gold]1.0[]"
   140 print " "

Modifications by Iterated phase, Data Flow Optimization, pass 2, iteration 1:
 
    90 set :start @time
    91 set :i 0
    92 label *label62
-    * readarr<inlined:regular> *tmp23 .conv[] :i
+   93 readarr<inlined:regular> *tmp23 .conv[] 0
    94 sensor *tmp24 *tmp23 @totalItems
-    * writearr<inlined:regular> *tmp24 .state1[] :i
-    * readarr<inlined:regular> *tmp26 .state1[] :i
-    * readarr<inlined:regular> *tmp28 .state2[] :i
+   95 writearr<inlined:regular> *tmp24 .state1[] 0
+   96 readarr<inlined:regular> *tmp26 .state1[] 0
+   97 readarr<inlined:regular> *tmp28 .state2[] 0
    98 jump *label63 greaterThanEq *tmp26 *tmp28
    99 op add .total .total 10
   100 label *label63
   101 label *label64
   102 label *label65
-    * op add :i :i 1
-    * readarr<inlined:regular> *tmp23 .conv[] :i
+  103 op add :i 0 1
+  104 readarr<inlined:regular> *tmp23 .conv[] 1
   105 sensor *tmp24 *tmp23 @totalItems
-    * writearr<inlined:regular> *tmp24 .state1[] :i
-    * readarr<inlined:regular> *tmp26 .state1[] :i
-    * readarr<inlined:regular> *tmp28 .state2[] :i
+  106 writearr<inlined:regular> *tmp24 .state1[] 1
+  107 readarr<inlined:regular> *tmp26 .state1[] 1
+  108 readarr<inlined:regular> *tmp28 .state2[] 1
   109 jump *label66 greaterThanEq *tmp26 *tmp28
   110 op add .total .total 10
   111 label *label66
   112 label *label67
   113 label *label68
-    * op add :i :i 1
-    * readarr<inlined:regular> *tmp23 .conv[] :i
+  114 op add :i 1 1
+  115 readarr<inlined:regular> *tmp23 .conv[] 2
   116 sensor *tmp24 *tmp23 @totalItems
-    * writearr<inlined:regular> *tmp24 .state1[] :i
-    * readarr<inlined:regular> *tmp26 .state1[] :i
-    * readarr<inlined:regular> *tmp28 .state2[] :i
+  117 writearr<inlined:regular> *tmp24 .state1[] 2
+  118 readarr<inlined:regular> *tmp26 .state1[] 2
+  119 readarr<inlined:regular> *tmp28 .state2[] 2
   120 jump *label69 greaterThanEq *tmp26 *tmp28
   121 op add .total .total 10
   122 label *label69
   123 label *label70
   124 label *label71
-    * op add :i :i 1
-    * readarr<inlined:regular> *tmp23 .conv[] :i
+  125 op add :i 2 1
+  126 readarr<inlined:regular> *tmp23 .conv[] 3
   127 sensor *tmp24 *tmp23 @totalItems
-    * writearr<inlined:regular> *tmp24 .state1[] :i
-    * readarr<inlined:regular> *tmp26 .state1[] :i
-    * readarr<inlined:regular> *tmp28 .state2[] :i
+  128 writearr<inlined:regular> *tmp24 .state1[] 3
+  129 readarr<inlined:regular> *tmp26 .state1[] 3
+  130 readarr<inlined:regular> *tmp28 .state2[] 3
   131 jump *label72 greaterThanEq *tmp26 *tmp28
   132 op add .total .total 10
   133 label *label72
   134 label *label73
   135 label *label74
-    * op add :i :i 1
+  136 op add :i 3 1
   137 label *label32
   138 write .total .memory .totalIndex
   139 print "[gold]Item Counter Micro[], version [gold]1.0[]"

Modifications by Iterated phase, Data Flow Optimization, pass 2, iteration 2 (-5 instructions):
 
    88 control enabled switch1 false
    89 label *label27
    90 set :start @time
-    * set :i 0
    91 label *label62
    92 readarr<inlined:regular> *tmp23 .conv[] 0
    93 sensor *tmp24 *tmp23 @totalItems
 
    99 label *label63
   100 label *label64
   101 label *label65
-    * op add :i 0 1
   102 readarr<inlined:regular> *tmp23 .conv[] 1
   103 sensor *tmp24 *tmp23 @totalItems
   104 writearr<inlined:regular> *tmp24 .state1[] 1
 
   109 label *label66
   110 label *label67
   111 label *label68
-    * op add :i 1 1
   112 readarr<inlined:regular> *tmp23 .conv[] 2
   113 sensor *tmp24 *tmp23 @totalItems
   114 writearr<inlined:regular> *tmp24 .state1[] 2
 
   119 label *label69
   120 label *label70
   121 label *label71
-    * op add :i 2 1
   122 readarr<inlined:regular> *tmp23 .conv[] 3
   123 sensor *tmp24 *tmp23 @totalItems
   124 writearr<inlined:regular> *tmp24 .state1[] 3
 
   129 label *label72
   130 label *label73
   131 label *label74
-    * op add :i 3 1
   132 label *label32
   133 write .total .memory .totalIndex
   134 print "[gold]Item Counter Micro[], version [gold]1.0[]"

Modifications by Unroll loop at line 86:9 (+119 instructions):
 
   145 print "["
   146 print "]"
   147 print "\n"
-    * set :i.1 0
-    * label *label35
-    * label *label44
-    * readarr<inlined:regular> *tmp38 .conv[] :i.1
-    * sensor *tmp39 *tmp38 @totalItems
-    * writearr<inlined:regular> *tmp39 .state2[] :i.1
-    * readarr<inlined:regular> *tmp41 .state2[] :i.1
-    * readarr<inlined:regular> *tmp43 .state1[] :i.1
-    * jump *label38 greaterThanEq *tmp41 *tmp43
-    * op add .total .total 10
-    * label *label38
-    * label *label39
-    * label *label36
-    * op add :i.1 :i.1 1
-    * jump *label44 lessThan :i.1 4
-    * label *label37
+  148 set :i.1 0
+  149 label *label75
+  150 readarr<inlined:regular> *tmp38 .conv[] :i.1
+  151 sensor *tmp39 *tmp38 @totalItems
+  152 writearr<inlined:regular> *tmp39 .state2[] :i.1
+  153 readarr<inlined:regular> *tmp41 .state2[] :i.1
+  154 readarr<inlined:regular> *tmp43 .state1[] :i.1
+  155 jump *label76 greaterThanEq *tmp41 *tmp43
+  156 op add .total .total 10
+  157 label *label76
+  158 label *label77
+  159 label *label78
+  160 op add :i.1 :i.1 1
+  161 readarr<inlined:regular> *tmp38 .conv[] :i.1
+  162 sensor *tmp39 *tmp38 @totalItems
+  163 writearr<inlined:regular> *tmp39 .state2[] :i.1
+  164 readarr<inlined:regular> *tmp41 .state2[] :i.1
+  165 readarr<inlined:regular> *tmp43 .state1[] :i.1
+  166 jump *label79 greaterThanEq *tmp41 *tmp43
+  167 op add .total .total 10
+  168 label *label79
+  169 label *label80
+  170 label *label81
+  171 op add :i.1 :i.1 1
+  172 readarr<inlined:regular> *tmp38 .conv[] :i.1
+  173 sensor *tmp39 *tmp38 @totalItems
+  174 writearr<inlined:regular> *tmp39 .state2[] :i.1
+  175 readarr<inlined:regular> *tmp41 .state2[] :i.1
+  176 readarr<inlined:regular> *tmp43 .state1[] :i.1
+  177 jump *label82 greaterThanEq *tmp41 *tmp43
+  178 op add .total .total 10
+  179 label *label82
+  180 label *label83
+  181 label *label84
+  182 op add :i.1 :i.1 1
+  183 readarr<inlined:regular> *tmp38 .conv[] :i.1
+  184 sensor *tmp39 *tmp38 @totalItems
+  185 writearr<inlined:regular> *tmp39 .state2[] :i.1
+  186 readarr<inlined:regular> *tmp41 .state2[] :i.1
+  187 readarr<inlined:regular> *tmp43 .state1[] :i.1
+  188 jump *label85 greaterThanEq *tmp41 *tmp43
+  189 op add .total .total 10
+  190 label *label85
+  191 label *label86
+  192 label *label87
+  193 op add :i.1 :i.1 1
+  194 label *label37
   195 op sub *tmp47 @time :start
   196 op idiv *tmp49 *tmp47 2
   197 print "[lightgray]Loop time: "

Modifications by Iterated phase, Data Flow Optimization, pass 2, iteration 1:
 
   147 print "\n"
   148 set :i.1 0
   149 label *label75
-    * readarr<inlined:regular> *tmp38 .conv[] :i.1
+  150 readarr<inlined:regular> *tmp38 .conv[] 0
   151 sensor *tmp39 *tmp38 @totalItems
-    * writearr<inlined:regular> *tmp39 .state2[] :i.1
-    * readarr<inlined:regular> *tmp41 .state2[] :i.1
-    * readarr<inlined:regular> *tmp43 .state1[] :i.1
+  152 writearr<inlined:regular> *tmp39 .state2[] 0
+  153 readarr<inlined:regular> *tmp41 .state2[] 0
+  154 readarr<inlined:regular> *tmp43 .state1[] 0
   155 jump *label76 greaterThanEq *tmp41 *tmp43
   156 op add .total .total 10
   157 label *label76
   158 label *label77
   159 label *label78
-    * op add :i.1 :i.1 1
-    * readarr<inlined:regular> *tmp38 .conv[] :i.1
+  160 op add :i.1 0 1
+  161 readarr<inlined:regular> *tmp38 .conv[] 1
   162 sensor *tmp39 *tmp38 @totalItems
-    * writearr<inlined:regular> *tmp39 .state2[] :i.1
-    * readarr<inlined:regular> *tmp41 .state2[] :i.1
-    * readarr<inlined:regular> *tmp43 .state1[] :i.1
+  163 writearr<inlined:regular> *tmp39 .state2[] 1
+  164 readarr<inlined:regular> *tmp41 .state2[] 1
+  165 readarr<inlined:regular> *tmp43 .state1[] 1
   166 jump *label79 greaterThanEq *tmp41 *tmp43
   167 op add .total .total 10
   168 label *label79
   169 label *label80
   170 label *label81
-    * op add :i.1 :i.1 1
-    * readarr<inlined:regular> *tmp38 .conv[] :i.1
+  171 op add :i.1 1 1
+  172 readarr<inlined:regular> *tmp38 .conv[] 2
   173 sensor *tmp39 *tmp38 @totalItems
-    * writearr<inlined:regular> *tmp39 .state2[] :i.1
-    * readarr<inlined:regular> *tmp41 .state2[] :i.1
-    * readarr<inlined:regular> *tmp43 .state1[] :i.1
+  174 writearr<inlined:regular> *tmp39 .state2[] 2
+  175 readarr<inlined:regular> *tmp41 .state2[] 2
+  176 readarr<inlined:regular> *tmp43 .state1[] 2
   177 jump *label82 greaterThanEq *tmp41 *tmp43
   178 op add .total .total 10
   179 label *label82
   180 label *label83
   181 label *label84
-    * op add :i.1 :i.1 1
-    * readarr<inlined:regular> *tmp38 .conv[] :i.1
+  182 op add :i.1 2 1
+  183 readarr<inlined:regular> *tmp38 .conv[] 3
   184 sensor *tmp39 *tmp38 @totalItems
-    * writearr<inlined:regular> *tmp39 .state2[] :i.1
-    * readarr<inlined:regular> *tmp41 .state2[] :i.1
-    * readarr<inlined:regular> *tmp43 .state1[] :i.1
+  185 writearr<inlined:regular> *tmp39 .state2[] 3
+  186 readarr<inlined:regular> *tmp41 .state2[] 3
+  187 readarr<inlined:regular> *tmp43 .state1[] 3
   188 jump *label85 greaterThanEq *tmp41 *tmp43
   189 op add .total .total 10
   190 label *label85
   191 label *label86
   192 label *label87
-    * op add :i.1 :i.1 1
+  193 op add :i.1 3 1
   194 label *label37
   195 op sub *tmp47 @time :start
   196 op idiv *tmp49 *tmp47 2

Modifications by Iterated phase, Data Flow Optimization, pass 2, iteration 2 (-5 instructions):
 
   145 print "["
   146 print "]"
   147 print "\n"
-    * set :i.1 0
   148 label *label75
   149 readarr<inlined:regular> *tmp38 .conv[] 0
   150 sensor *tmp39 *tmp38 @totalItems
 
   156 label *label76
   157 label *label77
   158 label *label78
-    * op add :i.1 0 1
   159 readarr<inlined:regular> *tmp38 .conv[] 1
   160 sensor *tmp39 *tmp38 @totalItems
   161 writearr<inlined:regular> *tmp39 .state2[] 1
 
   166 label *label79
   167 label *label80
   168 label *label81
-    * op add :i.1 1 1
   169 readarr<inlined:regular> *tmp38 .conv[] 2
   170 sensor *tmp39 *tmp38 @totalItems
   171 writearr<inlined:regular> *tmp39 .state2[] 2
 
   176 label *label82
   177 label *label83
   178 label *label84
-    * op add :i.1 2 1
   179 readarr<inlined:regular> *tmp38 .conv[] 3
   180 sensor *tmp39 *tmp38 @totalItems
   181 writearr<inlined:regular> *tmp39 .state2[] 3
 
   186 label *label85
   187 label *label86
   188 label *label87
-    * op add :i.1 3 1
   189 label *label37
   190 op sub *tmp47 @time :start
   191 op idiv *tmp49 *tmp47 2

Modifications by Iterated phase, Expression Optimization, pass 3, iteration 1 (-256 instructions):
 
    89 label *label27
    90 set :start @time
    91 label *label62
-    * readarr<inlined:regular> *tmp23 .conv[] 0
+   92 set *tmp23 .conv*0
    93 sensor *tmp24 *tmp23 @totalItems
-    * writearr<inlined:regular> *tmp24 .state1[] 0
-    * readarr<inlined:regular> *tmp26 .state1[] 0
-    * readarr<inlined:regular> *tmp28 .state2[] 0
+   94 set .state1*0 *tmp24
+   95 set *tmp26 .state1*0
+   96 set *tmp28 .state2*0
    97 jump *label63 greaterThanEq *tmp26 *tmp28
    98 op add .total .total 10
    99 label *label63
   100 label *label64
   101 label *label65
-    * readarr<inlined:regular> *tmp23 .conv[] 1
+  102 set *tmp23 .conv*1
   103 sensor *tmp24 *tmp23 @totalItems
-    * writearr<inlined:regular> *tmp24 .state1[] 1
-    * readarr<inlined:regular> *tmp26 .state1[] 1
-    * readarr<inlined:regular> *tmp28 .state2[] 1
+  104 set .state1*1 *tmp24
+  105 set *tmp26 .state1*1
+  106 set *tmp28 .state2*1
   107 jump *label66 greaterThanEq *tmp26 *tmp28
   108 op add .total .total 10
   109 label *label66
   110 label *label67
   111 label *label68
-    * readarr<inlined:regular> *tmp23 .conv[] 2
+  112 set *tmp23 .conv*2
   113 sensor *tmp24 *tmp23 @totalItems
-    * writearr<inlined:regular> *tmp24 .state1[] 2
-    * readarr<inlined:regular> *tmp26 .state1[] 2
-    * readarr<inlined:regular> *tmp28 .state2[] 2
+  114 set .state1*2 *tmp24
+  115 set *tmp26 .state1*2
+  116 set *tmp28 .state2*2
   117 jump *label69 greaterThanEq *tmp26 *tmp28
   118 op add .total .total 10
   119 label *label69
   120 label *label70
   121 label *label71
-    * readarr<inlined:regular> *tmp23 .conv[] 3
+  122 set *tmp23 .conv*3
   123 sensor *tmp24 *tmp23 @totalItems
-    * writearr<inlined:regular> *tmp24 .state1[] 3
-    * readarr<inlined:regular> *tmp26 .state1[] 3
-    * readarr<inlined:regular> *tmp28 .state2[] 3
+  124 set .state1*3 *tmp24
+  125 set *tmp26 .state1*3
+  126 set *tmp28 .state2*3
   127 jump *label72 greaterThanEq *tmp26 *tmp28
   128 op add .total .total 10
   129 label *label72
 
   146 print "]"
   147 print "\n"
   148 label *label75
-    * readarr<inlined:regular> *tmp38 .conv[] 0
+  149 set *tmp38 .conv*0
   150 sensor *tmp39 *tmp38 @totalItems
-    * writearr<inlined:regular> *tmp39 .state2[] 0
-    * readarr<inlined:regular> *tmp41 .state2[] 0
-    * readarr<inlined:regular> *tmp43 .state1[] 0
+  151 set .state2*0 *tmp39
+  152 set *tmp41 .state2*0
+  153 set *tmp43 .state1*0
   154 jump *label76 greaterThanEq *tmp41 *tmp43
   155 op add .total .total 10
   156 label *label76
   157 label *label77
   158 label *label78
-    * readarr<inlined:regular> *tmp38 .conv[] 1
+  159 set *tmp38 .conv*1
   160 sensor *tmp39 *tmp38 @totalItems
-    * writearr<inlined:regular> *tmp39 .state2[] 1
-    * readarr<inlined:regular> *tmp41 .state2[] 1
-    * readarr<inlined:regular> *tmp43 .state1[] 1
+  161 set .state2*1 *tmp39
+  162 set *tmp41 .state2*1
+  163 set *tmp43 .state1*1
   164 jump *label79 greaterThanEq *tmp41 *tmp43
   165 op add .total .total 10
   166 label *label79
   167 label *label80
   168 label *label81
-    * readarr<inlined:regular> *tmp38 .conv[] 2
+  169 set *tmp38 .conv*2
   170 sensor *tmp39 *tmp38 @totalItems
-    * writearr<inlined:regular> *tmp39 .state2[] 2
-    * readarr<inlined:regular> *tmp41 .state2[] 2
-    * readarr<inlined:regular> *tmp43 .state1[] 2
+  171 set .state2*2 *tmp39
+  172 set *tmp41 .state2*2
+  173 set *tmp43 .state1*2
   174 jump *label82 greaterThanEq *tmp41 *tmp43
   175 op add .total .total 10
   176 label *label82
   177 label *label83
   178 label *label84
-    * readarr<inlined:regular> *tmp38 .conv[] 3
+  179 set *tmp38 .conv*3
   180 sensor *tmp39 *tmp38 @totalItems
-    * writearr<inlined:regular> *tmp39 .state2[] 3
-    * readarr<inlined:regular> *tmp41 .state2[] 3
-    * readarr<inlined:regular> *tmp43 .state1[] 3
+  181 set .state2*3 *tmp39
+  182 set *tmp41 .state2*3
+  183 set *tmp43 .state1*3
   184 jump *label85 greaterThanEq *tmp41 *tmp43
   185 op add .total .total 10
   186 label *label85

Modifications by Iterated phase, Data Flow Optimization, pass 3, iteration 1:
 
    90 set :start @time
    91 label *label62
    92 set *tmp23 .conv*0
-    * sensor *tmp24 *tmp23 @totalItems
+   93 sensor *tmp24 .conv*0 @totalItems
    94 set .state1*0 *tmp24
-    * set *tmp26 .state1*0
+   95 set *tmp26 *tmp24
    96 set *tmp28 .state2*0
-    * jump *label63 greaterThanEq *tmp26 *tmp28
+   97 jump *label63 greaterThanEq .state1*0 .state2*0
    98 op add .total .total 10
    99 label *label63
   100 label *label64
   101 label *label65
   102 set *tmp23 .conv*1
-    * sensor *tmp24 *tmp23 @totalItems
+  103 sensor *tmp24 .conv*1 @totalItems
   104 set .state1*1 *tmp24
-    * set *tmp26 .state1*1
+  105 set *tmp26 *tmp24
   106 set *tmp28 .state2*1
-    * jump *label66 greaterThanEq *tmp26 *tmp28
+  107 jump *label66 greaterThanEq .state1*1 .state2*1
   108 op add .total .total 10
   109 label *label66
   110 label *label67
   111 label *label68
   112 set *tmp23 .conv*2
-    * sensor *tmp24 *tmp23 @totalItems
+  113 sensor *tmp24 .conv*2 @totalItems
   114 set .state1*2 *tmp24
-    * set *tmp26 .state1*2
+  115 set *tmp26 *tmp24
   116 set *tmp28 .state2*2
-    * jump *label69 greaterThanEq *tmp26 *tmp28
+  117 jump *label69 greaterThanEq .state1*2 .state2*2
   118 op add .total .total 10
   119 label *label69
   120 label *label70
   121 label *label71
   122 set *tmp23 .conv*3
-    * sensor *tmp24 *tmp23 @totalItems
+  123 sensor *tmp24 .conv*3 @totalItems
   124 set .state1*3 *tmp24
-    * set *tmp26 .state1*3
+  125 set *tmp26 *tmp24
   126 set *tmp28 .state2*3
-    * jump *label72 greaterThanEq *tmp26 *tmp28
+  127 jump *label72 greaterThanEq .state1*3 .state2*3
   128 op add .total .total 10
   129 label *label72
   130 label *label73
 
   147 print "\n"
   148 label *label75
   149 set *tmp38 .conv*0
-    * sensor *tmp39 *tmp38 @totalItems
+  150 sensor *tmp39 .conv*0 @totalItems
   151 set .state2*0 *tmp39
-    * set *tmp41 .state2*0
+  152 set *tmp41 *tmp39
   153 set *tmp43 .state1*0
-    * jump *label76 greaterThanEq *tmp41 *tmp43
+  154 jump *label76 greaterThanEq .state2*0 .state1*0
   155 op add .total .total 10
   156 label *label76
   157 label *label77
   158 label *label78
   159 set *tmp38 .conv*1
-    * sensor *tmp39 *tmp38 @totalItems
+  160 sensor *tmp39 .conv*1 @totalItems
   161 set .state2*1 *tmp39
-    * set *tmp41 .state2*1
+  162 set *tmp41 *tmp39
   163 set *tmp43 .state1*1
-    * jump *label79 greaterThanEq *tmp41 *tmp43
+  164 jump *label79 greaterThanEq .state2*1 .state1*1
   165 op add .total .total 10
   166 label *label79
   167 label *label80
   168 label *label81
   169 set *tmp38 .conv*2
-    * sensor *tmp39 *tmp38 @totalItems
+  170 sensor *tmp39 .conv*2 @totalItems
   171 set .state2*2 *tmp39
-    * set *tmp41 .state2*2
+  172 set *tmp41 *tmp39
   173 set *tmp43 .state1*2
-    * jump *label82 greaterThanEq *tmp41 *tmp43
+  174 jump *label82 greaterThanEq .state2*2 .state1*2
   175 op add .total .total 10
   176 label *label82
   177 label *label83
   178 label *label84
   179 set *tmp38 .conv*3
-    * sensor *tmp39 *tmp38 @totalItems
+  180 sensor *tmp39 .conv*3 @totalItems
   181 set .state2*3 *tmp39
-    * set *tmp41 .state2*3
-    * set *tmp43 .state1*3
-    * jump *label85 greaterThanEq *tmp41 *tmp43
+  182 set *tmp41 *tmp39
+  183 set *tmp43 *tmp24
+  184 jump *label85 greaterThanEq .state2*3 .state1*3
   185 op add .total .total 10
   186 label *label85
   187 label *label86

Modifications by Iterated phase, Data Flow Optimization, pass 3, iteration 2 (-24 instructions):
 
    89 label *label27
    90 set :start @time
    91 label *label62
-    * set *tmp23 .conv*0
    92 sensor *tmp24 .conv*0 @totalItems
    93 set .state1*0 *tmp24
-    * set *tmp26 *tmp24
-    * set *tmp28 .state2*0
-    * jump *label63 greaterThanEq .state1*0 .state2*0
+   94 jump *label63 greaterThanEq *tmp24 .state2*0
    95 op add .total .total 10
    96 label *label63
    97 label *label64
    98 label *label65
-    * set *tmp23 .conv*1
    99 sensor *tmp24 .conv*1 @totalItems
   100 set .state1*1 *tmp24
-    * set *tmp26 *tmp24
-    * set *tmp28 .state2*1
-    * jump *label66 greaterThanEq .state1*1 .state2*1
+  101 jump *label66 greaterThanEq *tmp24 .state2*1
   102 op add .total .total 10
   103 label *label66
   104 label *label67
   105 label *label68
-    * set *tmp23 .conv*2
   106 sensor *tmp24 .conv*2 @totalItems
   107 set .state1*2 *tmp24
-    * set *tmp26 *tmp24
-    * set *tmp28 .state2*2
-    * jump *label69 greaterThanEq .state1*2 .state2*2
+  108 jump *label69 greaterThanEq *tmp24 .state2*2
   109 op add .total .total 10
   110 label *label69
   111 label *label70
   112 label *label71
-    * set *tmp23 .conv*3
   113 sensor *tmp24 .conv*3 @totalItems
   114 set .state1*3 *tmp24
-    * set *tmp26 *tmp24
-    * set *tmp28 .state2*3
-    * jump *label72 greaterThanEq .state1*3 .state2*3
+  115 jump *label72 greaterThanEq *tmp24 .state2*3
   116 op add .total .total 10
   117 label *label72
   118 label *label73
 
   134 print "]"
   135 print "\n"
   136 label *label75
-    * set *tmp38 .conv*0
   137 sensor *tmp39 .conv*0 @totalItems
   138 set .state2*0 *tmp39
-    * set *tmp41 *tmp39
-    * set *tmp43 .state1*0
-    * jump *label76 greaterThanEq .state2*0 .state1*0
+  139 jump *label76 greaterThanEq *tmp39 .state1*0
   140 op add .total .total 10
   141 label *label76
   142 label *label77
   143 label *label78
-    * set *tmp38 .conv*1
   144 sensor *tmp39 .conv*1 @totalItems
   145 set .state2*1 *tmp39
-    * set *tmp41 *tmp39
-    * set *tmp43 .state1*1
-    * jump *label79 greaterThanEq .state2*1 .state1*1
+  146 jump *label79 greaterThanEq *tmp39 .state1*1
   147 op add .total .total 10
   148 label *label79
   149 label *label80
   150 label *label81
-    * set *tmp38 .conv*2
   151 sensor *tmp39 .conv*2 @totalItems
   152 set .state2*2 *tmp39
-    * set *tmp41 *tmp39
-    * set *tmp43 .state1*2
-    * jump *label82 greaterThanEq .state2*2 .state1*2
+  153 jump *label82 greaterThanEq *tmp39 .state1*2
   154 op add .total .total 10
   155 label *label82
   156 label *label83
   157 label *label84
-    * set *tmp38 .conv*3
   158 sensor *tmp39 .conv*3 @totalItems
   159 set .state2*3 *tmp39
-    * set *tmp41 *tmp39
-    * set *tmp43 *tmp24
-    * jump *label85 greaterThanEq .state2*3 .state1*3
+  160 jump *label85 greaterThanEq *tmp39 *tmp24
   161 op add .total .total 10
   162 label *label85
   163 label *label86

Modifications by Iterated phase, Data Flow Optimization, pass 3, iteration 3 (-1 instructions):
 
   111 label *label70
   112 label *label71
   113 sensor *tmp24 .conv*3 @totalItems
-    * set .state1*3 *tmp24
   114 jump *label72 greaterThanEq *tmp24 .state2*3
   115 op add .total .total 10
   116 label *label72

Modifications by Jumps phase, Jump Threading, pass 5, iteration 1:
 
    37 print .found
    38 print ")"
    39 printflush message1
-    * jump *label20 always
+   40 jump *label1 always
    41 label *label19
    42 jump *label21 lessThanEq .found 4
    43 print "[gold]Item Counter Micro[], version [gold]1.0[]"
 
    49 print .found
    50 print ")"
    51 printflush message1
-    * jump *label22 always
+   52 jump *label1 always
    53 label *label21
    54 jump *label23 notEqual .memory null
    55 print "$TITLE\n[salmon]No memory attached."
    56 printflush message1
-    * jump *label24 always
+   57 jump *label1 always
    58 label *label23
    59 sensor *tmp13 .memory @type
    60 jump *label25 notEqual *tmp13 @memory-cell

Modifications by Jumps phase, Single Step Elimination, pass 5, iteration 1 (-1 instructions):
 
   140 jump *label27 equal *tmp52 false
   141 set .total 0
   142 write 0 .memory .totalIndex
-    * end

Modifications by Jumps phase, Unreachable Code Elimination, pass 6, iteration 1 (-1 instructions):
 
    66 set .totalIndex *tmp15
    67 read .total .memory *tmp15
    68 jump *label3 always
-    * jump *label1 always
    69 label *label3
    70 control enabled switch1 false
    71 label *label27

Modifications by Jumps phase, Single Step Elimination, pass 6, iteration 1 (-1 instructions):
 
    65 label *label26
    66 set .totalIndex *tmp15
    67 read .total .memory *tmp15
-    * jump *label3 always
    68 label *label3
    69 control enabled switch1 false
    70 label *label27

Modifications by Final phase, Print Merging, iteration 1 (-21 instructions):
 
    28 jump *label42 greaterThanEq :initialize:n 0
    29 label *label13
    30 jump *label19 notEqual .found 0
-    * print "[gold]Item Counter Micro[], version [gold]1.0[]"
-    * print "\"
-    * print "n[salmon]No plastanium conveyor attached (maximum: "
-    * print 4
-    * print ","
-    * print " found: "
+   31 print "[gold]Item Counter Micro[], version [gold]1.0[]\n[salmon]No plastanium conveyor attached (maximum: 4, found: "
    32 print .found
    33 print ")"
    34 printflush message1
    35 jump *label1 always
    36 label *label19
    37 jump *label21 lessThanEq .found 4
-    * print "[gold]Item Counter Micro[], version [gold]1.0[]"
-    * print "\"
-    * print "n[salmon]Too many plastanium conveyors attached (maximum: "
-    * print 4
-    * print ","
-    * print " found: "
+   38 print "[gold]Item Counter Micro[], version [gold]1.0[]\n[salmon]Too many plastanium conveyors attached (maximum: 4, found: "
    39 print .found
    40 print ")"
    41 printflush message1
 
    78 op add .total .total 10
    79 label *label72
    80 write .total .memory .totalIndex
-    * print "[gold]Item Counter Micro[], version [gold]1.0[]"
-    * print " "
-    * print "           "
-    * print "\n"
-    * print "Monitoring [green]"
+   81 print "[gold]Item Counter Micro[], version [gold]1.0[]            \nMonitoring [green]"
    82 print .found
-    * print "["
-    * print "] conveyors"
-    * print "\n"
-    * print "Total items: [gold]"
+   83 print "[] conveyors\nTotal items: [gold]"
    84 print .total
-    * print "["
-    * print "]"
-    * print "\n"
+   85 print "[]\n"
    86 sensor *tmp39 .conv*0 @totalItems
    87 set .state2*0 *tmp39
    88 jump *label76 greaterThanEq *tmp39 .state1*0
 
   107 op idiv *tmp49 *tmp47 2
   108 print "[lightgray]Loop time: "
   109 print *tmp49
-    * print " "
-    * print "ms"
-    * print "\n"
+  110 print " ms\n"
   111 printflush message1
   112 jump *label40 equal .links @links
   113 end

Final code before resolving virtual instructions:

        label *label1                                                while true do
    0:  set .conv*0 null                                             for var out c in conv do c = null; end;
    1:  set .conv*1 null                                             ...
    2:  set .conv*2 null                                             ...
    3:  set .conv*3 null                                             ...
    4:  set .memory null                                             memory = null;
    5:  set .found 0                                                 found = 0;
    6:  set .links @links                                            links = @links;
    7:  op sub :initialize:n .links 1                                for var n in 0 ... links descending do
    8:  jump *label13 lessThan .links 1                              ...
        label *label42                                               ...
    9:  getlink :initialize:block :initialize:n                      var block = getlink(n);
   10:  sensor *tmp4 :initialize:block @type                         case block.@type
   11:  jump *label16 equal *tmp4 @memory-cell                       ...
   12:  jump *label15 notEqual *tmp4 @memory-bank                    ...
        label *label16                                               ...
   13:  set .memory :initialize:block                                memory = block;
   14:  jump *label14 always 0 0                                     case block.@type
        label *label15                                               ...
   15:  jump *label17 notEqual *tmp4 @plastanium-conveyor            ...
   16:  set .conv*3 .conv*2                                          conv[1 ... MAX_LINKED] = conv[0 ... MAX_LINKED - 1];
   17:  set .conv*2 .conv*1                                          ...
   18:  set .conv*1 .conv*0                                          ...
   19:  set .conv*0 :initialize:block                                conv[0] = block;
   20:  op add .found .found 1                                       case block.@type
        label *label17                                               ...
        label *label14                                               ...
   21:  op sub :initialize:n :initialize:n 1                         for var n in 0 ... links descending do
   22:  jump *label42 greaterThanEq :initialize:n 0                  ...
        label *label13                                               ...
   23:  jump *label19 notEqual .found 0                              if found == 0 then
   24:  print "[gold]Item Counter Micro[], version [gold]1.0[]\n[sal print($"$TITLE\n[salmon]No plastanium conveyor attached (maximum: $MAX_LINKED, found: $found)");
   25:  print .found                                                 ...
   26:  print ")"                                                    ...
   27:  printflush message1                                          printflush(message1);
   28:  jump *label1 always 0 0                                      if found == 0 then
        label *label19                                               ...
   29:  jump *label21 lessThanEq .found 4                            elsif found > MAX_LINKED then
   30:  print "[gold]Item Counter Micro[], version [gold]1.0[]\n[sal print($"$TITLE\n[salmon]Too many plastanium conveyors attached (maximum: $MAX_LINKED, found: $found)");
   31:  print .found                                                 ...
   32:  print ")"                                                    ...
   33:  printflush message1                                          printflush(message1);
   34:  jump *label1 always 0 0                                      elsif found > MAX_LINKED then
        label *label21                                               ...
   35:  jump *label23 notEqual .memory null                          elsif memory == null then
   36:  print "$TITLE\n[salmon]No memory attached."                  print("$TITLE\n[salmon]No memory attached.");
   37:  printflush message1                                          printflush(message1);
   38:  jump *label1 always 0 0                                      elsif memory == null then
        label *label23                                               ...
   39:  sensor *tmp13 .memory @type                                  totalIndex = memory.@type == @memory-cell ? 63 : 511;
   40:  jump *label25 notEqual *tmp13 @memory-cell                   ...
   41:  set *tmp15 63                                                ...
   42:  jump *label26 always 0 0                                     ...
        label *label25                                               ...
   43:  set *tmp15 511                                               ...
        label *label26                                               ...
   44:  set .totalIndex *tmp15                                       ...
   45:  read .total .memory *tmp15                                   total = memory[totalIndex];
   46:  control enabled switch1 false 0 0 0                          switch1.enabled = false;
        label *label27                                               do
   47:  set :start @time                                             var start = @time;
   48:  sensor *tmp24 .conv*0 @totalItems                            state1[i] = conv[i].@totalItems;
   49:  set .state1*0 *tmp24                                         ...
   50:  jump *label63 greaterThanEq *tmp24 .state2*0                 if state1[i] < state2[i] then
   51:  op add .total .total 10                                      total += 10;
        label *label63                                               if state1[i] < state2[i] then
   52:  sensor *tmp24 .conv*1 @totalItems                            state1[i] = conv[i].@totalItems;
   53:  set .state1*1 *tmp24                                         ...
   54:  jump *label66 greaterThanEq *tmp24 .state2*1                 if state1[i] < state2[i] then
   55:  op add .total .total 10                                      total += 10;
        label *label66                                               if state1[i] < state2[i] then
   56:  sensor *tmp24 .conv*2 @totalItems                            state1[i] = conv[i].@totalItems;
   57:  set .state1*2 *tmp24                                         ...
   58:  jump *label69 greaterThanEq *tmp24 .state2*2                 if state1[i] < state2[i] then
   59:  op add .total .total 10                                      total += 10;
        label *label69                                               if state1[i] < state2[i] then
   60:  sensor *tmp24 .conv*3 @totalItems                            state1[i] = conv[i].@totalItems;
   61:  jump *label72 greaterThanEq *tmp24 .state2*3                 if state1[i] < state2[i] then
   62:  op add .total .total 10                                      total += 10;
        label *label72                                               if state1[i] < state2[i] then
   63:  write .total .memory .totalIndex                             memory[totalIndex] = total;
   64:  print "[gold]Item Counter Micro[], version [gold]1.0[]       println($"Monitoring [green]$found[] conveyors");
   65:  print .found                                                 ...
   66:  print "[] conveyors\nTotal items: [gold]"                    println($"Total items: [gold]$total[]");
   67:  print .total                                                 ...
   68:  print "[]\n"                                                 ...
   69:  sensor *tmp39 .conv*0 @totalItems                            state2[i] = conv[i].@totalItems;
   70:  set .state2*0 *tmp39                                         ...
   71:  jump *label76 greaterThanEq *tmp39 .state1*0                 if state2[i] < state1[i] then
   72:  op add .total .total 10                                      total += 10;
        label *label76                                               if state2[i] < state1[i] then
   73:  sensor *tmp39 .conv*1 @totalItems                            state2[i] = conv[i].@totalItems;
   74:  set .state2*1 *tmp39                                         ...
   75:  jump *label79 greaterThanEq *tmp39 .state1*1                 if state2[i] < state1[i] then
   76:  op add .total .total 10                                      total += 10;
        label *label79                                               if state2[i] < state1[i] then
   77:  sensor *tmp39 .conv*2 @totalItems                            state2[i] = conv[i].@totalItems;
   78:  set .state2*2 *tmp39                                         ...
   79:  jump *label82 greaterThanEq *tmp39 .state1*2                 if state2[i] < state1[i] then
   80:  op add .total .total 10                                      total += 10;
        label *label82                                               if state2[i] < state1[i] then
   81:  sensor *tmp39 .conv*3 @totalItems                            state2[i] = conv[i].@totalItems;
   82:  set .state2*3 *tmp39                                         ...
   83:  jump *label85 greaterThanEq *tmp39 *tmp24                    if state2[i] < state1[i] then
   84:  op add .total .total 10                                      total += 10;
        label *label85                                               if state2[i] < state1[i] then
   85:  op sub *tmp47 @time :start                                   println($"[lightgray]Loop time: $ ms", floor((@time - start) / 2));
   86:  op idiv *tmp49 *tmp47 2                                      ...
   87:  print "[lightgray]Loop time: "                               ...
   88:  print *tmp49                                                 ...
   89:  print " ms\n"                                                ...
   90:  printflush message1                                          printflush(message1);
   91:  jump *label40 equal .links @links                            if links != @links then
   92:  end                                                          end();
        label *label40                                               if links != @links then
   93:  sensor *tmp52 switch1 @enabled                               while !switch1.@enabled;
   94:  jump *label27 equal *tmp52 false                             do
   95:  set .total 0                                                 total = 0;
   96:  write 0 .memory .totalIndex                                  memory[totalIndex] = 0;


Code size and number of instantiations by function:
  Size  Times  AvgSize  Function
    51     1x     51,0  <no function>
    46     1x     46,0  void initialize()
