   254 instructions before optimizations.
    41 instructions eliminated by Temp Variables Elimination (6 iterations).
     2 instructions eliminated by Case Expression Optimization.
    28 instructions eliminated by Dead Code Elimination (6 iterations).
file:///C:/Home/golem/measurements/item-rate-meter-init.mnd:13:5 Variable 'minIndex' is not used.
    11 instructions eliminated by Condition Optimization (2 passes, 7 iterations).
     6 instructions eliminated by Single Step Elimination (2 passes, 7 iterations).
     1 instructions eliminated by Expression Optimization (3 iterations).
     1 instructions eliminated by Boolean Optimization (6 iterations).
       1 fully-evaluated expressions optimized using selects.
    10 instructions eliminated by Data Flow Optimization (3 passes, 10 iterations).
       3 loop conditions were partially rotated.
    10 instructions added by Function Inlining (5 iterations).
     3 function calls inlined by Function Inlining.
     1 instructions eliminated by Case Switching (5 iterations).
     1 case expressions converted to fast dispatch by Case Switching.
     6 instructions eliminated by Jump Straightening (2 passes, 7 iterations).
     2 instructions updated by Jump Threading.
    18 instructions eliminated by Print Merging.
   139 instructions after optimizations.

Pass 1: speed optimization selection (cost limit 843):
  * Inline function 'memorySize' defined at item-rate-meter-init.mnd:83:1 size   +15, benefit        5.3, efficiency      0.350 (+4 instructions)
    Inline function call at item-rate-meter-init.mnd:52:23       size    +8, benefit        1.8, efficiency      0.219
    Inline function call at item-rate-meter-init.mnd:64:27       size    +8, benefit        1.8, efficiency      0.219
    Inline function call at item-rate-meter-init.mnd:65:29       size    +8, benefit        1.8, efficiency      0.219
  o Fast-dispatch case at item-rate-meter-init.mnd:29:13         size    -2, benefit      312.5, efficiency   Infinity

Pass 1: speed optimization selection (cost limit 839):
  * Fast-dispatch case at item-rate-meter-init.mnd:29:13         size    -2, benefit      312.5, efficiency   Infinity (-1 instructions)

Code size and number of instantiations by function:
  Size  Times  AvgSize  Function
    63     1x     63,0  <no function>
    52     1x     52,0  void init()
    24     3x      8,0  def memorySize(in block)

