   304 instructions before optimizations.
    53 instructions eliminated by Temp Variables Elimination (6 iterations).
     2 instructions eliminated by Case Expression Optimization.
    24 instructions eliminated by Dead Code Elimination (5 iterations).
    11 instructions eliminated by Condition Optimization (2 passes, 7 iterations).
    10 instructions eliminated by Single Step Elimination (2 passes, 7 iterations).
     3 instructions eliminated by Expression Optimization (3 iterations).
     1 instructions eliminated by Boolean Optimization (6 iterations).
       1 fully-evaluated expressions optimized using selects.
    10 instructions eliminated by Data Flow Optimization (3 passes, 10 iterations).
       3 loop conditions were partially rotated.
    10 instructions added by Function Inlining (5 iterations).
     3 function calls inlined by Function Inlining.
     1 instructions eliminated by Case Switching (5 iterations).
     1 case expressions converted to fast dispatch by Case Switching.
     6 instructions eliminated by Jump Straightening (2 passes, 7 iterations).
     1 instructions updated by Jump Threading.
    32 instructions eliminated by Print Merging.
   161 instructions after optimizations.

Pass 1: speed optimization selection (cost limit 807):
  * Inline function 'memorySize' defined at item-rate-meter-init.mnd:83:1 size   +15, benefit        5.3, efficiency      0.350 (+4 instructions)
    Inline function call at item-rate-meter-init.mnd:52:23       size    +8, benefit        1.8, efficiency      0.219
    Inline function call at item-rate-meter-init.mnd:64:27       size    +8, benefit        1.8, efficiency      0.219
    Inline function call at item-rate-meter-init.mnd:65:29       size    +8, benefit        1.8, efficiency      0.219
  o Fast-dispatch case at item-rate-meter-init.mnd:29:13         size    -2, benefit      312.5, efficiency   Infinity

Pass 1: speed optimization selection (cost limit 803):
  * Fast-dispatch case at item-rate-meter-init.mnd:29:13         size    -2, benefit      312.5, efficiency   Infinity (-1 instructions)

Modifications by Initial phase, Case Expression Optimization, iteration 1 (-2 instructions):
 
    16 print :init:block
    17 print "\n"
    18 sensor *tmp2 :init:block @type
-    * set *tmp3 *tmp2
-    * jump *label11 equal *tmp3 @message
+   19 jump *label11 equal *tmp2 @message
    20 jump *label10 always
    21 label *label11
    22 set .message :init:block
    23 set *tmp1 .message
    24 jump *label9 always
    25 label *label10
-    * jump *label13 equal *tmp3 @switch
+   26 jump *label13 equal *tmp2 @switch
    27 jump *label12 always
    28 label *label13
    29 set .switch :init:block
    30 set *tmp1 .switch
    31 jump *label9 always
    32 label *label12
-    * jump *label15 equal *tmp3 @memory-bank
-    * jump *label15 equal *tmp3 @memory-cell
+   33 jump *label15 equal *tmp2 @memory-bank
+   34 jump *label15 equal *tmp2 @memory-cell
    35 jump *label14 always
    36 label *label15
    37 set .primaryMem .secondaryMem
 
   333 end
   334 label *label0
   335 sensor *tmp114 :memorySize:block @type
-    * set *tmp115 *tmp114
-    * jump *label49 equal *tmp115 @memory-cell
+  336 jump *label49 equal *tmp114 @memory-cell
   337 jump *label48 always
   338 label *label49
   339 set *tmp113 64
   340 jump *label47 always
   341 label *label48
-    * jump *label51 equal *tmp115 @memory-bank
+  342 jump *label51 equal *tmp114 @memory-bank
   343 jump *label50 always
   344 label *label51
   345 set *tmp113 512

Modifications by Initial phase, Dead Code Elimination, iteration 1 (-23 instructions):
 
    20 jump *label10 always
    21 label *label11
    22 set .message :init:block
-    * set *tmp1 .message
    23 jump *label9 always
    24 label *label10
    25 jump *label13 equal *tmp2 @switch
    26 jump *label12 always
    27 label *label13
    28 set .switch :init:block
-    * set *tmp1 .switch
    29 jump *label9 always
    30 label *label12
    31 jump *label15 equal *tmp2 @memory-bank
 
    34 label *label15
    35 set .primaryMem .secondaryMem
    36 set .secondaryMem :init:block
-    * set *tmp1 .secondaryMem
    37 jump *label9 always
    38 label *label14
-    * set *tmp1 null
    39 label *label9
    40 label *label7
    41 op sub :init:n :init:n 1
 
    57 jump *label16 equal *tmp4 false
    58 print "No memory."
    59 print "\n"
-    * set *tmp5 "No memory."
    60 jump *label17 always
    61 label *label16
-    * set *tmp5 null
    62 label *label17
    63 printflush .message
    64 label *label4
 
    92 set .valueIndex *tmp16
    93 op sub *tmp17 :init:memSize 1
    94 set .totalIndex *tmp17
-    * set *tmp8 .totalIndex
    95 jump *label19 always
    96 label *label18
    97 set :memorySize:block .primaryMem
 
   125 set .minIndex *tmp27
   126 op sub *tmp28 :init:secondarySize 3
   127 set .maxIndex *tmp28
-    * set *tmp8 .maxIndex
   128 label *label19
   129 set *tmp29 .bufferStartIndex
   130 write .bufferStart .secondaryMem *tmp29
 
   170 set *tmp50 .totalIndex
   171 read *tmp52 .primaryMem *tmp50
   172 set :prev *tmp52
-    * set *tmp48 :prev
   173 jump *label30 always
   174 label *label29
-    * set *tmp48 null
   175 label *label30
   176 set :waits 0
   177 label *label31
 
   180 op lessThan *tmp54 @tick :prevTick
   181 jump *label34 equal *tmp54 false
   182 jump *label28 always
-    * set *tmp55 null
   183 jump *label35 always
   184 label *label34
-    * set *tmp55 null
   185 label *label35
-    * set *tmp56 :waits
   186 op add :waits :waits 1
   187 wait 0.000000000000001
   188 label *label32
 
   210 jump *label36 equal *tmp71 false
   211 set *tmp73 :samples
   212 op add :samples :samples 1
-    * set *tmp72 *tmp73
   213 jump *label37 always
   214 label *label36
-    * set *tmp72 null
   215 label *label37
   216 op add :iteration :iteration MEASUREMENT
   217 op greaterThanEq *tmp74 :iteration UPDATE
 
   223 op greaterThanEq *tmp78 :head .bufferEnd
   224 jump *label40 equal *tmp78 false
   225 set :head .bufferStart
-    * set *tmp79 :head
   226 jump *label41 always
   227 label *label40
-    * set *tmp79 null
   228 label *label41
   229 jump *label42 equal :first false
   230 set *tmp81 .minIndex
 
   232 set *tmp83 .maxIndex
   233 write :rate .secondaryMem *tmp83
   234 set :first false
-    * set *tmp80 :first
   235 jump *label43 always
   236 label *label42
-    * set *tmp80 null
   237 label *label43
   238 set *tmp85 .valueIndex
   239 write :rate .primaryMem *tmp85
 
   261 jump *label44 equal *tmp103 false
   262 print "[salmon]Initializing...[]"
   263 print "\n"
-    * set *tmp104 null
   264 jump *label45 always
   265 label *label44
-    * set *tmp104 null
   266 label *label45
   267 print "Total items: [gold]"
   268 print :curr
 
   298 set :minWaits 10000000000
   299 printflush .message
   300 op sub :iteration :iteration UPDATE
-    * set *tmp75 :iteration
   301 jump *label39 always
   302 label *label38
-    * set *tmp75 null
   303 label *label39
   304 label *label27
   305 sensor *tmp111 .switch @enabled

Modifications by Initial phase, Dead Code Elimination, iteration 2 (-1 instructions):
 
   208 set :cacheHead *tmp70
   209 op lessThan *tmp71 :samples .cacheSize
   210 jump *label36 equal *tmp71 false
-    * set *tmp73 :samples
   211 op add :samples :samples 1
   212 jump *label37 always
   213 label *label36

Modifications by Initial phase, Temp Variables Elimination, iteration 1 (-53 instructions):
 
    10 op sub :init:n @links 1
    11 label *label6
    12 jump *label8 lessThan :init:n 0
-    * getlink *tmp0 :init:n
-    * set :init:block *tmp0
+   13 getlink :init:block :init:n
    14 print "Found: "
    15 print :init:block
    16 print "\n"
 
    71 setaddr :memorySize*retaddr *label20 (h:*label20)
    72 call *label0 *invalid :memorySize*retval (m:*label20) (h:*label20)
    73 label *label20
-    * set *tmp9 :memorySize*retval
-    * set :init:memSize *tmp9
+   74 set :init:memSize :memorySize*retval
    75 set .cacheSize 50
    76 set .bufferStart .cacheSize
-    * op sub *tmp10 :init:memSize 7
-    * set .bufferEnd *tmp10
-    * op sub *tmp11 :init:memSize 7
-    * set .bufferStartIndex *tmp11
-    * op sub *tmp12 :init:memSize 6
-    * set .bufferEndIndex *tmp12
-    * op sub *tmp13 :init:memSize 5
-    * set .headIndex *tmp13
-    * op sub *tmp14 :init:memSize 4
-    * set .minIndex *tmp14
-    * op sub *tmp15 :init:memSize 3
-    * set .maxIndex *tmp15
-    * op sub *tmp16 :init:memSize 2
-    * set .valueIndex *tmp16
-    * op sub *tmp17 :init:memSize 1
-    * set .totalIndex *tmp17
+   77 op sub .bufferEnd :init:memSize 7
+   78 op sub .bufferStartIndex :init:memSize 7
+   79 op sub .bufferEndIndex :init:memSize 6
+   80 op sub .headIndex :init:memSize 5
+   81 op sub .minIndex :init:memSize 4
+   82 op sub .maxIndex :init:memSize 3
+   83 op sub .valueIndex :init:memSize 2
+   84 op sub .totalIndex :init:memSize 1
    85 jump *label19 always
    86 label *label18
    87 set :memorySize:block .primaryMem
    88 setaddr :memorySize*retaddr *label21 (h:*label21)
    89 call *label0 *invalid :memorySize*retval (m:*label21) (h:*label21)
    90 label *label21
-    * set *tmp18 :memorySize*retval
-    * set :init:primarySize *tmp18
+   91 set :init:primarySize :memorySize*retval
    92 set :memorySize:block .secondaryMem
    93 setaddr :memorySize*retaddr *label22 (h:*label22)
    94 call *label0 *invalid :memorySize*retval (m:*label22) (h:*label22)
    95 label *label22
-    * set *tmp19 :memorySize*retval
-    * set :init:secondarySize *tmp19
-    * op sub *tmp20 :init:primarySize 2
-    * set .cacheSize *tmp20
-    * op sub *tmp21 :init:primarySize 2
-    * set .valueIndex *tmp21
-    * op sub *tmp22 :init:primarySize 1
-    * set .totalIndex *tmp22
+   96 set :init:secondarySize :memorySize*retval
+   97 op sub .cacheSize :init:primarySize 2
+   98 op sub .valueIndex :init:primarySize 2
+   99 op sub .totalIndex :init:primarySize 1
   100 set .bufferStart 0
-    * op sub *tmp23 :init:secondarySize 8
-    * set .bufferEnd *tmp23
-    * op sub *tmp24 :init:secondarySize 7
-    * set .bufferStartIndex *tmp24
-    * op sub *tmp25 :init:secondarySize 6
-    * set .bufferEndIndex *tmp25
-    * op sub *tmp26 :init:secondarySize 5
-    * set .headIndex *tmp26
-    * op sub *tmp27 :init:secondarySize 4
-    * set .minIndex *tmp27
-    * op sub *tmp28 :init:secondarySize 3
-    * set .maxIndex *tmp28
+  101 op sub .bufferEnd :init:secondarySize 8
+  102 op sub .bufferStartIndex :init:secondarySize 7
+  103 op sub .bufferEndIndex :init:secondarySize 6
+  104 op sub .headIndex :init:secondarySize 5
+  105 op sub .minIndex :init:secondarySize 4
+  106 op sub .maxIndex :init:secondarySize 3
   107 label *label19
-    * set *tmp29 .bufferStartIndex
-    * write .bufferStart .secondaryMem *tmp29
-    * set *tmp31 .bufferEndIndex
-    * write .bufferEnd .secondaryMem *tmp31
+  108 write .bufferStart .secondaryMem .bufferStartIndex
+  109 write .bufferEnd .secondaryMem .bufferEndIndex
   110 label *label2
-    * op min *tmp33 SMOOTHING .cacheSize
-    * set .cacheSize *tmp33
+  111 op min .cacheSize SMOOTHING .cacheSize
   112 set *tmp34 .cacheSize
   113 set :i 0
   114 label *label23
   115 jump *label25 greaterThanEq :i *tmp34
-    * set *tmp35 :i
-    * write 0 .primaryMem *tmp35
+  116 write 0 .primaryMem :i
   117 label *label24
   118 op add :i :i 1
   119 jump *label23 always
   120 label *label25
   121 set :cacheHead 0
   122 set :samples 0
-    * set *tmp37 .headIndex
-    * read *tmp40 .secondaryMem *tmp37
-    * op max *tmp39 .bufferStart *tmp40
-    * set :head *tmp39
+  123 read *tmp40 .secondaryMem .headIndex
+  124 op max :head .bufferStart *tmp40
   125 set :total 0
   126 set :iteration 0
-    * set *tmp41 .switch
-    * control enabled *tmp41 false
+  127 control enabled .switch false
   128 set :nextTick @tick
-    * set *tmp43 .totalIndex
-    * read *tmp45 .primaryMem *tmp43
-    * set :prev *tmp45
+  129 read :prev .primaryMem .totalIndex
   130 set :minWaits 10000000000
   131 set :first true
   132 label *label26
 
   135 op add *tmp46 :nextTick MEASUREMENT
   136 op greaterThan *tmp47 @tick *tmp46
   137 jump *label29 equal *tmp47 false
-    * op add *tmp49 @tick MEASUREMENT
-    * set :nextTick *tmp49
-    * set *tmp50 .totalIndex
-    * read *tmp52 .primaryMem *tmp50
-    * set :prev *tmp52
+  138 op add :nextTick @tick MEASUREMENT
+  139 read :prev .primaryMem .totalIndex
   140 jump *label30 always
   141 label *label29
   142 label *label30
 
   155 label *label32
   156 jump *label31 always
   157 label *label33
-    * op min *tmp57 :waits :minWaits
-    * set :minWaits *tmp57
-    * set *tmp58 .totalIndex
-    * read *tmp60 .primaryMem *tmp58
-    * set :curr *tmp60
-    * op sub *tmp61 :curr :prev
-    * set :amount *tmp61
+  158 op min :minWaits :waits :minWaits
+  159 read :curr .primaryMem .totalIndex
+  160 op sub :amount :curr :prev
   161 set :prev :curr
-    * set *tmp62 :cacheHead
-    * read *tmp65 .primaryMem *tmp62
+  162 read *tmp65 .primaryMem :cacheHead
   163 op sub *tmp64 :total *tmp65
-    * op add *tmp66 *tmp64 :amount
-    * set :total *tmp66
-    * set *tmp67 :cacheHead
-    * write :amount .primaryMem *tmp67
+  164 op add :total *tmp64 :amount
+  165 write :amount .primaryMem :cacheHead
   166 op add *tmp69 :cacheHead 1
-    * op mod *tmp70 *tmp69 .cacheSize
-    * set :cacheHead *tmp70
+  167 op mod :cacheHead *tmp69 .cacheSize
   168 op lessThan *tmp71 :samples .cacheSize
   169 jump *label36 equal *tmp71 false
   170 op add :samples :samples 1
 
   175 op greaterThanEq *tmp74 :iteration UPDATE
   176 jump *label38 equal *tmp74 false
   177 op div *tmp76 :total :samples
-    * op div *tmp77 *tmp76 MEASUREMENT
-    * set :rate *tmp77
+  178 op div :rate *tmp76 MEASUREMENT
   179 op add :head :head 1
   180 op greaterThanEq *tmp78 :head .bufferEnd
   181 jump *label40 equal *tmp78 false
 
   184 label *label40
   185 label *label41
   186 jump *label42 equal :first false
-    * set *tmp81 .minIndex
-    * write :rate .secondaryMem *tmp81
-    * set *tmp83 .maxIndex
-    * write :rate .secondaryMem *tmp83
+  187 write :rate .secondaryMem .minIndex
+  188 write :rate .secondaryMem .maxIndex
   189 set :first false
   190 jump *label43 always
   191 label *label42
   192 label *label43
-    * set *tmp85 .valueIndex
-    * write :rate .primaryMem *tmp85
-    * set *tmp87 .headIndex
-    * write :head .secondaryMem *tmp87
-    * set *tmp89 :head
-    * write :rate .secondaryMem *tmp89
-    * set *tmp91 .minIndex
-    * read *tmp94 .secondaryMem *tmp91
-    * op min *tmp93 *tmp94 :rate
-    * set :min *tmp93
-    * set *tmp95 .minIndex
-    * write :min .secondaryMem *tmp95
-    * set *tmp97 .maxIndex
-    * read *tmp100 .secondaryMem *tmp97
-    * op max *tmp99 *tmp100 :rate
-    * set :max *tmp99
-    * set *tmp101 .maxIndex
-    * write :max .secondaryMem *tmp101
+  193 write :rate .primaryMem .valueIndex
+  194 write :head .secondaryMem .headIndex
+  195 write :rate .secondaryMem :head
+  196 read *tmp94 .secondaryMem .minIndex
+  197 op min :min *tmp94 :rate
+  198 write :min .secondaryMem .minIndex
+  199 read *tmp100 .secondaryMem .maxIndex
+  200 op max :max *tmp100 :rate
+  201 write :max .secondaryMem .maxIndex
   202 print "[gold]Item Rate Meter[], version [gold]1.0[]"
   203 print " "
   204 print "           "

Modifications by Iterated phase, Jump Straightening, pass 1, iteration 1 (-5 instructions):
 
    15 print :init:block
    16 print "\n"
    17 sensor *tmp2 :init:block @type
-    * jump *label11 equal *tmp2 @message
-    * jump *label10 always
+   18 jump *label10 notEqual *tmp2 @message
    19 label *label11
    20 set .message :init:block
    21 jump *label9 always
    22 label *label10
-    * jump *label13 equal *tmp2 @switch
-    * jump *label12 always
+   23 jump *label12 notEqual *tmp2 @switch
    24 label *label13
    25 set .switch :init:block
    26 jump *label9 always
    27 label *label12
    28 jump *label15 equal *tmp2 @memory-bank
-    * jump *label15 equal *tmp2 @memory-cell
-    * jump *label14 always
+   29 jump *label14 notEqual *tmp2 @memory-cell
    30 label *label15
    31 set .primaryMem .secondaryMem
    32 set .secondaryMem :init:block
 
   253 end
   254 label *label0
   255 sensor *tmp114 :memorySize:block @type
-    * jump *label49 equal *tmp114 @memory-cell
-    * jump *label48 always
+  256 jump *label48 notEqual *tmp114 @memory-cell
   257 label *label49
   258 set *tmp113 64
   259 jump *label47 always
   260 label *label48
-    * jump *label51 equal *tmp114 @memory-bank
-    * jump *label50 always
+  261 jump *label50 notEqual *tmp114 @memory-bank
   262 label *label51
   263 set *tmp113 512
   264 jump *label47 always

Modifications by Iterated phase, Condition Optimization, pass 1, iteration 1 (-11 instructions):
 
    49 print "Target memory: "
    50 print .secondaryMem
    51 print "\n"
-    * op equal *tmp4 .primaryMem null
-    * jump *label16 equal *tmp4 false
+   52 jump *label16 notEqual .primaryMem null
    53 print "No memory."
    54 print "\n"
    55 jump *label17 always
 
    57 label *label17
    58 printflush .message
    59 label *label4
-    * op equal *tmp6 .secondaryMem null
-    * jump *label3 notEqual *tmp6 false
+   60 jump *label3 equal .secondaryMem null
    61 label *label5
-    * op equal *tmp7 .primaryMem null
-    * jump *label18 equal *tmp7 false
+   62 jump *label18 notEqual .primaryMem null
    63 set .primaryMem .secondaryMem
    64 set :memorySize:block .primaryMem
    65 setaddr :memorySize*retaddr *label20 (h:*label20)
 
   127 set :prevTick :nextTick
   128 op add :nextTick :nextTick MEASUREMENT
   129 op add *tmp46 :nextTick MEASUREMENT
-    * op greaterThan *tmp47 @tick *tmp46
-    * jump *label29 equal *tmp47 false
+  130 jump *label29 lessThanEq @tick *tmp46
   131 op add :nextTick @tick MEASUREMENT
   132 read :prev .primaryMem .totalIndex
   133 jump *label30 always
 
   135 label *label30
   136 set :waits 0
   137 label *label31
-    * op lessThan *tmp53 @tick :nextTick
-    * jump *label33 equal *tmp53 false
-    * op lessThan *tmp54 @tick :prevTick
-    * jump *label34 equal *tmp54 false
+  138 jump *label33 greaterThanEq @tick :nextTick
+  139 jump *label34 greaterThanEq @tick :prevTick
   140 jump *label28 always
   141 jump *label35 always
   142 label *label34
 
   156 write :amount .primaryMem :cacheHead
   157 op add *tmp69 :cacheHead 1
   158 op mod :cacheHead *tmp69 .cacheSize
-    * op lessThan *tmp71 :samples .cacheSize
-    * jump *label36 equal *tmp71 false
+  159 jump *label36 greaterThanEq :samples .cacheSize
   160 op add :samples :samples 1
   161 jump *label37 always
   162 label *label36
   163 label *label37
   164 op add :iteration :iteration MEASUREMENT
-    * op greaterThanEq *tmp74 :iteration UPDATE
-    * jump *label38 equal *tmp74 false
+  165 jump *label38 lessThan :iteration UPDATE
   166 op div *tmp76 :total :samples
   167 op div :rate *tmp76 MEASUREMENT
   168 op add :head :head 1
-    * op greaterThanEq *tmp78 :head .bufferEnd
-    * jump *label40 equal *tmp78 false
+  169 jump *label40 lessThan :head .bufferEnd
   170 set :head .bufferStart
   171 jump *label41 always
   172 label *label40
 
   191 print " "
   192 print "           "
   193 print "\n"
-    * op lessThan *tmp103 :samples .cacheSize
-    * jump *label44 equal *tmp103 false
+  194 jump *label44 greaterThanEq :samples .cacheSize
   195 print "[salmon]Initializing...[]"
   196 print "\n"
   197 jump *label45 always
 
   236 label *label39
   237 label *label27
   238 sensor *tmp111 .switch @enabled
-    * op equal *tmp112 *tmp111 false
-    * jump *label26 notEqual *tmp112 false
+  239 jump *label26 equal *tmp111 false
   240 label *label28
   241 label *label1
   242 end

Modifications by Iterated phase, Single Step Elimination, pass 1, iteration 1 (-9 instructions):
 
    30 label *label15
    31 set .primaryMem .secondaryMem
    32 set .secondaryMem :init:block
-    * jump *label9 always
    33 label *label14
    34 label *label9
    35 label *label7
 
    51 jump *label16 notEqual .primaryMem null
    52 print "No memory."
    53 print "\n"
-    * jump *label17 always
    54 label *label16
    55 label *label17
    56 printflush .message
 
   128 jump *label29 lessThanEq @tick *tmp46
   129 op add :nextTick @tick MEASUREMENT
   130 read :prev .primaryMem .totalIndex
-    * jump *label30 always
   131 label *label29
   132 label *label30
   133 set :waits 0
 
   135 jump *label33 greaterThanEq @tick :nextTick
   136 jump *label34 greaterThanEq @tick :prevTick
   137 jump *label28 always
-    * jump *label35 always
   138 label *label34
   139 label *label35
   140 op add :waits :waits 1
 
   154 op mod :cacheHead *tmp69 .cacheSize
   155 jump *label36 greaterThanEq :samples .cacheSize
   156 op add :samples :samples 1
-    * jump *label37 always
   157 label *label36
   158 label *label37
   159 op add :iteration :iteration MEASUREMENT
 
   163 op add :head :head 1
   164 jump *label40 lessThan :head .bufferEnd
   165 set :head .bufferStart
-    * jump *label41 always
   166 label *label40
   167 label *label41
   168 jump *label42 equal :first false
   169 write :rate .secondaryMem .minIndex
   170 write :rate .secondaryMem .maxIndex
   171 set :first false
-    * jump *label43 always
   172 label *label42
   173 label *label43
   174 write :rate .primaryMem .valueIndex
 
   187 jump *label44 greaterThanEq :samples .cacheSize
   188 print "[salmon]Initializing...[]"
   189 print "\n"
-    * jump *label45 always
   190 label *label44
   191 label *label45
   192 print "Total items: [gold]"
 
   223 set :minWaits 10000000000
   224 printflush .message
   225 op sub :iteration :iteration UPDATE
-    * jump *label39 always
   226 label *label38
   227 label *label39
   228 label *label27

Modifications by Iterated phase, Data Flow Optimization, pass 1, iteration 1:
 
    59 label *label5
    60 jump *label18 notEqual .primaryMem null
    61 set .primaryMem .secondaryMem
-    * set :memorySize:block .primaryMem
+   62 set :memorySize:block .secondaryMem
    63 setaddr :memorySize*retaddr *label20 (h:*label20)
    64 call *label0 *invalid :memorySize*retval (m:*label20) (h:*label20)
    65 label *label20
    66 set :init:memSize :memorySize*retval
    67 set .cacheSize 50
-    * set .bufferStart .cacheSize
-    * op sub .bufferEnd :init:memSize 7
-    * op sub .bufferStartIndex :init:memSize 7
-    * op sub .bufferEndIndex :init:memSize 6
-    * op sub .headIndex :init:memSize 5
-    * op sub .minIndex :init:memSize 4
-    * op sub .maxIndex :init:memSize 3
-    * op sub .valueIndex :init:memSize 2
-    * op sub .totalIndex :init:memSize 1
+   68 set .bufferStart 50
+   69 op sub .bufferEnd :memorySize*retval 7
+   70 op sub .bufferStartIndex :memorySize*retval 7
+   71 op sub .bufferEndIndex :memorySize*retval 6
+   72 op sub .headIndex :memorySize*retval 5
+   73 op sub .minIndex :memorySize*retval 4
+   74 op sub .maxIndex :memorySize*retval 3
+   75 op sub .valueIndex :memorySize*retval 2
+   76 op sub .totalIndex :memorySize*retval 1
    77 jump *label19 always
    78 label *label18
    79 set :memorySize:block .primaryMem
 
    90 op sub .valueIndex :init:primarySize 2
    91 op sub .totalIndex :init:primarySize 1
    92 set .bufferStart 0
-    * op sub .bufferEnd :init:secondarySize 8
-    * op sub .bufferStartIndex :init:secondarySize 7
-    * op sub .bufferEndIndex :init:secondarySize 6
-    * op sub .headIndex :init:secondarySize 5
-    * op sub .minIndex :init:secondarySize 4
-    * op sub .maxIndex :init:secondarySize 3
+   93 op sub .bufferEnd :memorySize*retval 8
+   94 op sub .bufferStartIndex :memorySize*retval 7
+   95 op sub .bufferEndIndex :memorySize*retval 6
+   96 op sub .headIndex :memorySize*retval 5
+   97 op sub .minIndex :memorySize*retval 4
+   98 op sub .maxIndex :memorySize*retval 3
    99 label *label19
   100 write .bufferStart .secondaryMem .bufferStartIndex
   101 write .bufferEnd .secondaryMem .bufferEndIndex
 
   104 set *tmp34 .cacheSize
   105 set :i 0
   106 label *label23
-    * jump *label25 greaterThanEq :i *tmp34
+  107 jump *label25 greaterThanEq :i .cacheSize
   108 write 0 .primaryMem :i
   109 label *label24
   110 op add :i :i 1

Modifications by Iterated phase, Data Flow Optimization, pass 1, iteration 2 (-3 instructions):
 
    63 setaddr :memorySize*retaddr *label20 (h:*label20)
    64 call *label0 *invalid :memorySize*retval (m:*label20) (h:*label20)
    65 label *label20
-    * set :init:memSize :memorySize*retval
    66 set .cacheSize 50
    67 set .bufferStart 50
    68 op sub .bufferEnd :memorySize*retval 7
 
    84 setaddr :memorySize*retaddr *label22 (h:*label22)
    85 call *label0 *invalid :memorySize*retval (m:*label22) (h:*label22)
    86 label *label22
-    * set :init:secondarySize :memorySize*retval
    87 op sub .cacheSize :init:primarySize 2
    88 op sub .valueIndex :init:primarySize 2
    89 op sub .totalIndex :init:primarySize 1
 
    99 write .bufferEnd .secondaryMem .bufferEndIndex
   100 label *label2
   101 op min .cacheSize SMOOTHING .cacheSize
-    * set *tmp34 .cacheSize
   102 set :i 0
   103 label *label23
   104 jump *label25 greaterThanEq :i .cacheSize

Modifications by Iterated phase, Expression Optimization, pass 1, iteration 1 (-3 instructions):
 
   191 print "["
   192 print "]"
   193 print "\n"
-    * op mul *tmp105 :rate 3600
-    * op floor *tmp106 *tmp105
+  194 op idiv *tmp106 :rate 0.0002777777777777778
   195 print "Current rate: [green]"
   196 print *tmp106
   197 print "["
   198 print "]/min"
   199 print "\n"
-    * op mul *tmp107 :min 3600
-    * op floor *tmp108 *tmp107
+  200 op idiv *tmp108 :min 0.0002777777777777778
   201 print "Minimum: [gold]"
   202 print *tmp108
   203 print "["
   204 print "]/min"
   205 print "\n"
-    * op mul *tmp109 :max 3600
-    * op floor *tmp110 *tmp109
+  206 op idiv *tmp110 :max 0.0002777777777777778
   207 print "Maximum: [gold]"
   208 print *tmp110
   209 print "["

Modifications by Iterated phase, Loop Rotation, pass 1, iteration 1:
 
    10 op sub :init:n @links 1
    11 label *label6
    12 jump *label8 lessThan :init:n 0
+   13 label *label52
    14 getlink :init:block :init:n
    15 print "Found: "
    16 print :init:block
 
    35 label *label9
    36 label *label7
    37 op sub :init:n :init:n 1
-    * jump *label6 always
+   38 jump *label52 greaterThanEq :init:n 0
    39 label *label8
    40 print "Message: "
    41 print .message
 
   103 set :i 0
   104 label *label23
   105 jump *label25 greaterThanEq :i .cacheSize
+  106 label *label53
   107 write 0 .primaryMem :i
   108 label *label24
   109 op add :i :i 1
-    * jump *label23 always
+  110 jump *label53 lessThan :i .cacheSize
   111 label *label25
   112 set :cacheHead 0
   113 set :samples 0
 
   132 set :waits 0
   133 label *label31
   134 jump *label33 greaterThanEq @tick :nextTick
+  135 label *label54
   136 jump *label34 greaterThanEq @tick :prevTick
   137 jump *label28 always
   138 label *label34
 
   140 op add :waits :waits 1
   141 wait 0.000000000000001
   142 label *label32
-    * jump *label31 always
+  143 jump *label54 lessThan @tick :nextTick
   144 label *label33
   145 op min :minWaits :waits :minWaits
   146 read :curr .primaryMem .totalIndex

Modifications by Iterated phase, Boolean Optimization, pass 1, iteration 1 (-1 instructions):
 
   160 jump *label38 lessThan :iteration UPDATE
   161 op div *tmp76 :total :samples
   162 op div :rate *tmp76 MEASUREMENT
-    * op add :head :head 1
-    * jump *label40 lessThan :head .bufferEnd
-    * set :head .bufferStart
-    * label *label40
-    * label *label41
+  163 op add :head :head 1
+  164 select :head greaterThanEq :head .bufferEnd .bufferStart :head
   165 jump *label42 equal :first false
   166 write :rate .secondaryMem .minIndex
   167 write :rate .secondaryMem .maxIndex

Modifications by Inline function 'memorySize' defined at item-rate-meter-init.mnd:83:1 (+10 instructions):
 
    61 jump *label18 notEqual .primaryMem null
    62 set .primaryMem .secondaryMem
    63 set :memorySize:block .secondaryMem
-    * setaddr :memorySize*retaddr *label20 (h:*label20)
-    * call *label0 *invalid :memorySize*retval (m:*label20) (h:*label20)
-    * label *label20
+   64 label *label55
+   65 sensor *tmp114 :memorySize:block @type
+   66 jump *label57 notEqual *tmp114 @memory-cell
+   67 label *label56
+   68 set *tmp113 64
+   69 jump *label60 always
+   70 label *label57
+   71 jump *label59 notEqual *tmp114 @memory-bank
+   72 label *label58
+   73 set *tmp113 512
+   74 jump *label60 always
+   75 label *label59
+   76 set *tmp113 null
+   77 label *label60
+   78 set :memorySize*retval *tmp113
+   79 label *label61
    80 set .cacheSize 50
    81 set .bufferStart 50
    82 op sub .bufferEnd :memorySize*retval 7
 
    90 jump *label19 always
    91 label *label18
    92 set :memorySize:block .primaryMem
-    * setaddr :memorySize*retaddr *label21 (h:*label21)
-    * call *label0 *invalid :memorySize*retval (m:*label21) (h:*label21)
-    * label *label21
+   93 label *label62
+   94 sensor *tmp114 :memorySize:block @type
+   95 jump *label64 notEqual *tmp114 @memory-cell
+   96 label *label63
+   97 set *tmp113 64
+   98 jump *label67 always
+   99 label *label64
+  100 jump *label66 notEqual *tmp114 @memory-bank
+  101 label *label65
+  102 set *tmp113 512
+  103 jump *label67 always
+  104 label *label66
+  105 set *tmp113 null
+  106 label *label67
+  107 set :memorySize*retval *tmp113
+  108 label *label68
   109 set :init:primarySize :memorySize*retval
   110 set :memorySize:block .secondaryMem
-    * setaddr :memorySize*retaddr *label22 (h:*label22)
-    * call *label0 *invalid :memorySize*retval (m:*label22) (h:*label22)
-    * label *label22
+  111 label *label69
+  112 sensor *tmp114 :memorySize:block @type
+  113 jump *label71 notEqual *tmp114 @memory-cell
+  114 label *label70
+  115 set *tmp113 64
+  116 jump *label74 always
+  117 label *label71
+  118 jump *label73 notEqual *tmp114 @memory-bank
+  119 label *label72
+  120 set *tmp113 512
+  121 jump *label74 always
+  122 label *label73
+  123 set *tmp113 null
+  124 label *label74
+  125 set :memorySize*retval *tmp113
+  126 label *label75
   127 op sub .cacheSize :init:primarySize 2
   128 op sub .valueIndex :init:primarySize 2
   129 op sub .totalIndex :init:primarySize 1
 
   264 label *label28
   265 label *label1
   266 end
-    * label *label0
-    * sensor *tmp114 :memorySize:block @type
-    * jump *label48 notEqual *tmp114 @memory-cell
-    * label *label49
-    * set *tmp113 64
-    * jump *label47 always
-    * label *label48
-    * jump *label50 notEqual *tmp114 @memory-bank
-    * label *label51
-    * set *tmp113 512
-    * jump *label47 always
-    * label *label50
-    * set *tmp113 null
-    * label *label47
-    * set :memorySize*retval *tmp113
-    * label *label46
-    * return :memorySize*retaddr
-    * end

Modifications by Iterated phase, Data Flow Optimization, pass 1, iteration 1:
 
    62 set .primaryMem .secondaryMem
    63 set :memorySize:block .secondaryMem
    64 label *label55
-    * sensor *tmp114 :memorySize:block @type
+   65 sensor *tmp114 .secondaryMem @type
    66 jump *label57 notEqual *tmp114 @memory-cell
    67 label *label56
    68 set *tmp113 64
 
    79 label *label61
    80 set .cacheSize 50
    81 set .bufferStart 50
-    * op sub .bufferEnd :memorySize*retval 7
-    * op sub .bufferStartIndex :memorySize*retval 7
-    * op sub .bufferEndIndex :memorySize*retval 6
-    * op sub .headIndex :memorySize*retval 5
-    * op sub .minIndex :memorySize*retval 4
-    * op sub .maxIndex :memorySize*retval 3
-    * op sub .valueIndex :memorySize*retval 2
-    * op sub .totalIndex :memorySize*retval 1
+   82 op sub .bufferEnd *tmp113 7
+   83 op sub .bufferStartIndex *tmp113 7
+   84 op sub .bufferEndIndex *tmp113 6
+   85 op sub .headIndex *tmp113 5
+   86 op sub .minIndex *tmp113 4
+   87 op sub .maxIndex *tmp113 3
+   88 op sub .valueIndex *tmp113 2
+   89 op sub .totalIndex *tmp113 1
    90 jump *label19 always
    91 label *label18
    92 set :memorySize:block .primaryMem
    93 label *label62
-    * sensor *tmp114 :memorySize:block @type
+   94 sensor *tmp114 .primaryMem @type
    95 jump *label64 notEqual *tmp114 @memory-cell
    96 label *label63
    97 set *tmp113 64
 
   106 label *label67
   107 set :memorySize*retval *tmp113
   108 label *label68
-    * set :init:primarySize :memorySize*retval
+  109 set :init:primarySize *tmp113
   110 set :memorySize:block .secondaryMem
   111 label *label69
-    * sensor *tmp114 :memorySize:block @type
+  112 sensor *tmp114 .secondaryMem @type
   113 jump *label71 notEqual *tmp114 @memory-cell
   114 label *label70
   115 set *tmp113 64
 
   128 op sub .valueIndex :init:primarySize 2
   129 op sub .totalIndex :init:primarySize 1
   130 set .bufferStart 0
-    * op sub .bufferEnd :memorySize*retval 8
-    * op sub .bufferStartIndex :memorySize*retval 7
-    * op sub .bufferEndIndex :memorySize*retval 6
-    * op sub .headIndex :memorySize*retval 5
-    * op sub .minIndex :memorySize*retval 4
-    * op sub .maxIndex :memorySize*retval 3
+  131 op sub .bufferEnd *tmp113 8
+  132 op sub .bufferStartIndex *tmp113 7
+  133 op sub .bufferEndIndex *tmp113 6
+  134 op sub .headIndex *tmp113 5
+  135 op sub .minIndex *tmp113 4
+  136 op sub .maxIndex *tmp113 3
   137 label *label19
   138 write .bufferStart .secondaryMem .bufferStartIndex
   139 write .bufferEnd .secondaryMem .bufferEndIndex
 
   141 op min .cacheSize SMOOTHING .cacheSize
   142 set :i 0
   143 label *label23
-    * jump *label25 greaterThanEq :i .cacheSize
+  144 jump *label25 greaterThanEq 0 .cacheSize
   145 label *label53
   146 write 0 .primaryMem :i
   147 label *label24

Modifications by Iterated phase, Data Flow Optimization, pass 1, iteration 2 (-6 instructions):
 
    60 label *label5
    61 jump *label18 notEqual .primaryMem null
    62 set .primaryMem .secondaryMem
-    * set :memorySize:block .secondaryMem
    63 label *label55
    64 sensor *tmp114 .secondaryMem @type
    65 jump *label57 notEqual *tmp114 @memory-cell
 
    74 label *label59
    75 set *tmp113 null
    76 label *label60
-    * set :memorySize*retval *tmp113
    77 label *label61
    78 set .cacheSize 50
    79 set .bufferStart 50
 
    87 op sub .totalIndex *tmp113 1
    88 jump *label19 always
    89 label *label18
-    * set :memorySize:block .primaryMem
    90 label *label62
    91 sensor *tmp114 .primaryMem @type
    92 jump *label64 notEqual *tmp114 @memory-cell
 
   101 label *label66
   102 set *tmp113 null
   103 label *label67
-    * set :memorySize*retval *tmp113
   104 label *label68
   105 set :init:primarySize *tmp113
-    * set :memorySize:block .secondaryMem
   106 label *label69
   107 sensor *tmp114 .secondaryMem @type
   108 jump *label71 notEqual *tmp114 @memory-cell
 
   117 label *label73
   118 set *tmp113 null
   119 label *label74
-    * set :memorySize*retval *tmp113
   120 label *label75
   121 op sub .cacheSize :init:primarySize 2
   122 op sub .valueIndex :init:primarySize 2

Modifications by Fast-dispatch case at item-rate-meter-init.mnd:29:13 (-1 instructions):
 
    16 print :init:block
    17 print "\n"
    18 sensor *tmp2 :init:block @type
-    * jump *label10 notEqual *tmp2 @message
+   19 sensor *tmp116 *tmp2 @id
+   20 multijump *tmp116 0 0 (m:*label77)
+   21 multilabel *label82 (m:*label77)
+   22 multilabel *label78 (m:*label77)
+   23 label *label76
+   24 jump *label9 always
+   25 multilabel *label79 (m:*label77)
    26 label *label11
    27 set .message :init:block
    28 jump *label9 always
    29 label *label10
-    * jump *label12 notEqual *tmp2 @switch
+   30 multilabel *label80 (m:*label77)
    31 label *label13
    32 set .switch :init:block
    33 jump *label9 always
    34 label *label12
-    * jump *label15 equal *tmp2 @memory-bank
-    * jump *label14 notEqual *tmp2 @memory-cell
+   35 multilabel *label81 (m:*label77)
    36 label *label15
    37 set .primaryMem .secondaryMem
    38 set .secondaryMem :init:block
-    * label *label14
    39 label *label9
    40 label *label7
    41 op sub :init:n :init:n 1

Modifications by Iterated phase, Condition Optimization, pass 2, iteration 1:
 
     9 print "\n"
    10 op sub :init:n @links 1
    11 label *label6
-    * jump *label8 lessThan :init:n 0
+   12 jump *label8 lessThan @links 1
    13 label *label52
    14 getlink :init:block :init:n
    15 print "Found: "

Modifications by Iterated phase, Data Flow Optimization, pass 2, iteration 1 (-1 instructions):
 
    95 sensor *tmp114 .primaryMem @type
    96 jump *label64 notEqual *tmp114 @memory-cell
    97 label *label63
-    * set *tmp113 64
+   98 set :init:primarySize 64
    99 jump *label67 always
   100 label *label64
   101 jump *label66 notEqual *tmp114 @memory-bank
   102 label *label65
-    * set *tmp113 512
+  103 set :init:primarySize 512
   104 jump *label67 always
   105 label *label66
-    * set *tmp113 null
+  106 set :init:primarySize null
   107 label *label67
   108 label *label68
-    * set :init:primarySize *tmp113
   109 label *label69
   110 sensor *tmp114 .secondaryMem @type
   111 jump *label71 notEqual *tmp114 @memory-cell

Modifications by Jumps phase, Jump Straightening, pass 4, iteration 1 (-1 instructions):
 
   141 set :waits 0
   142 jump *label33 greaterThanEq @tick :nextTick
   143 label *label54
-    * jump *label34 greaterThanEq @tick :prevTick
-    * jump *label28 always
+  144 jump *label28 lessThan @tick :prevTick
   145 label *label34
   146 op add :waits :waits 1
   147 wait 0.000000000000001

Modifications by Jumps phase, Jump Threading, pass 4, iteration 1:
+    0 label __start__
     1 set MEASUREMENT 15
     2 set UPDATE 60
     3 set SMOOTHING 20
 
   142 set :waits 0
   143 jump *label33 greaterThanEq @tick :nextTick
   144 label *label54
-    * jump *label28 lessThan @tick :prevTick
+  145 jump __start__ lessThan @tick :prevTick
   146 op add :waits :waits 1
   147 wait 0.000000000000001
   148 jump *label54 lessThan @tick :nextTick

Modifications by Jumps phase, Single Step Elimination, pass 4, iteration 1 (-1 instructions):
 
   222 label *label38
   223 sensor *tmp111 .switch @enabled
   224 jump *label26 equal *tmp111 false
-    * end

Modifications by Final phase, Print Merging, iteration 1 (-32 instructions):
 
     6 set .message null
     7 set .primaryMem null
     8 set .secondaryMem null
-    * print "[salmon]Initializing...[]"
-    * print "\n"
+    9 print "[salmon]Initializing...[]\n"
    10 op sub :init:n @links 1
    11 jump *label8 lessThan @links 1
    12 label *label52
    13 getlink :init:block :init:n
-    * print "Found: "
-    * print :init:block
-    * print "\n"
+   14 print "Found: {0}\n"
+   15 format :init:block
    16 sensor *tmp2 :init:block @type
    17 sensor *tmp116 *tmp2 @id
    18 multijump *tmp116 0 0 (m:*label77)
 
    32 op sub :init:n :init:n 1
    33 jump *label52 greaterThanEq :init:n 0
    34 label *label8
-    * print "Message: "
-    * print .message
-    * print "\n"
-    * print "Switch: "
-    * print .switch
-    * print "\n"
-    * print "Source memory: "
-    * print .primaryMem
-    * print "\n"
-    * print "Target memory: "
-    * print .secondaryMem
-    * print "\n"
+   35 print "Message: {0}\nSwitch: {0}\nSource memory: {0}\nTarget memory: {0}\n"
+   36 format .message
+   37 format .switch
+   38 format .primaryMem
+   39 format .secondaryMem
    40 jump *label16 notEqual .primaryMem null
-    * print "No memory."
-    * print "\n"
+   41 print "No memory.\n"
    42 label *label16
    43 printflush .message
    44 jump *label3 equal .secondaryMem null
 
   170 read *tmp100 .secondaryMem .maxIndex
   171 op max :max *tmp100 :rate
   172 write :max .secondaryMem .maxIndex
-    * print "[gold]Item Rate Meter[], version [gold]1.0[]"
-    * print " "
-    * print "           "
-    * print "\n"
+  173 print "[gold]Item Rate Meter[], version [gold]1.0[]            \n"
   174 jump *label44 greaterThanEq :samples .cacheSize
-    * print "[salmon]Initializing...[]"
-    * print "\n"
+  175 print "[salmon]Initializing...[]\n"
   176 label *label44
-    * print "Total items: [gold]"
-    * print :curr
-    * print "["
-    * print "]"
-    * print "\n"
+  177 print "Total items: [gold]{0}[]\nCurrent rate: [green]{0}[]/min\nMinimum: [gold]{0}[]/min\nMaximum: [gold]{0}[]/min\nSmoothing: {0}\n[lightgray]Waits: "
+  178 format :curr
   179 op idiv *tmp106 :rate 0.0002777777777777778
-    * print "Current rate: [green]"
-    * print *tmp106
-    * print "["
-    * print "]/min"
-    * print "\n"
+  180 format *tmp106
   181 op idiv *tmp108 :min 0.0002777777777777778
-    * print "Minimum: [gold]"
-    * print *tmp108
-    * print "["
-    * print "]/min"
-    * print "\n"
+  182 format *tmp108
   183 op idiv *tmp110 :max 0.0002777777777777778
-    * print "Maximum: [gold]"
-    * print *tmp110
-    * print "["
-    * print "]/min"
-    * print "\n"
-    * print "Smoothing: "
-    * print .cacheSize
-    * print "\n"
-    * print "[lightgray]Waits: "
+  184 format *tmp110
+  185 format .cacheSize
   186 print :minWaits
   187 set :minWaits 10000000000
   188 printflush .message

Final code before resolving virtual instructions:

        label __start__
    0:  set MEASUREMENT 15                                           item-rate-meter.mnd: param MEASUREMENT = 15;         // Measurement interval in ticks
    1:  set UPDATE 60                                                item-rate-meter.mnd: param UPDATE = 60;              // Update interval in ticks
    2:  set SMOOTHING 20                                             item-rate-meter.mnd: param SMOOTHING = 20;           // Size of averaging window
        label *label3                                                item-rate-meter-init.mnd: do
    3:  set .switch null                                             item-rate-meter-init.mnd: switch = null;
    4:  set .message null                                            item-rate-meter-init.mnd: message = null;
    5:  set .primaryMem null                                         item-rate-meter-init.mnd: primaryMem = null;
    6:  set .secondaryMem null                                       item-rate-meter-init.mnd: secondaryMem = null;
    7:  print "[salmon]Initializing...[]\n"                          item-rate-meter-init.mnd: println("[salmon]Initializing...[]");
    8:  op sub :init:n @links 1                                      item-rate-meter-init.mnd: for var n in 0 ... @links descending do
    9:  jump *label8 lessThan @links 1                               ...
        label *label52                                               ...
   10:  getlink :init:block :init:n                                  item-rate-meter-init.mnd: var block = getlink(n);
   11:  print "Found: {0}\n"                                         item-rate-meter-init.mnd: println("Found: ", block);
   12:  format :init:block                                           ...
   13:  sensor *tmp0 :init:block @type                               item-rate-meter-init.mnd: case block.@type
   14:  sensor *tmp15 *tmp0 @id                                      item-rate-meter-init.mnd: for var n in 0 ... @links descending do
   15:  multijump *tmp15 0 0                                         item-rate-meter-init.mnd: case block.@type
        multilabel *label82                                          ...
        multilabel *label78                                          ...
   16:  jump *label9 always 0 0                                      ...
        multilabel *label79                                          ...
   17:  set .message :init:block                                     item-rate-meter-init.mnd: message = block;
   18:  jump *label9 always 0 0                                      item-rate-meter-init.mnd: case block.@type
        multilabel *label80                                          ...
   19:  set .switch :init:block                                      item-rate-meter-init.mnd: switch = block;
   20:  jump *label9 always 0 0                                      item-rate-meter-init.mnd: case block.@type
        multilabel *label81                                          ...
   21:  set .primaryMem .secondaryMem                                item-rate-meter-init.mnd: primaryMem = secondaryMem;
   22:  set .secondaryMem :init:block                                item-rate-meter-init.mnd: secondaryMem = block;
        label *label9                                                item-rate-meter-init.mnd: case block.@type
   23:  op sub :init:n :init:n 1                                     item-rate-meter-init.mnd: for var n in 0 ... @links descending do
   24:  jump *label52 greaterThanEq :init:n 0                        ...
        label *label8                                                ...
   25:  print "Message: {0}\nSwitch: {0}\nSource memory: {0}\nTarget item-rate-meter-init.mnd: println("Message: ", message);
   26:  format .message                                              ...
   27:  format .switch                                               item-rate-meter-init.mnd: println("Switch: ", switch);
   28:  format .primaryMem                                           item-rate-meter-init.mnd: println("Source memory: ", primaryMem);
   29:  format .secondaryMem                                         item-rate-meter-init.mnd: println("Target memory: ", secondaryMem);
   30:  jump *label16 notEqual .primaryMem null                      item-rate-meter-init.mnd: if primaryMem == null then
   31:  print "No memory.\n"                                         item-rate-meter-init.mnd: println("No memory.");
        label *label16                                               item-rate-meter-init.mnd: if primaryMem == null then
   32:  printflush .message                                          item-rate-meter-init.mnd: printflush(message);
   33:  jump *label3 equal .secondaryMem null                        item-rate-meter-init.mnd: do
   34:  jump *label18 notEqual .primaryMem null                      item-rate-meter-init.mnd: if primaryMem == null then
   35:  set .primaryMem .secondaryMem                                item-rate-meter-init.mnd: primaryMem = secondaryMem;
   36:  sensor *tmp14 .secondaryMem @type                            item-rate-meter-init.mnd: case block.@type
   37:  jump *label57 notEqual *tmp14 @memory-cell                   ...
   38:  set *tmp13 64                                                ...
   39:  jump *label60 always 0 0                                     ...
        label *label57                                               ...
   40:  jump *label59 notEqual *tmp14 @memory-bank                   ...
   41:  set *tmp13 512                                               ...
   42:  jump *label60 always 0 0                                     ...
        label *label59                                               ...
   43:  set *tmp13 null                                              ...
        label *label60                                               ...
   44:  set .cacheSize 50                                            item-rate-meter-init.mnd: cacheSize = 50;
   45:  set .bufferStart 50                                          item-rate-meter-init.mnd: bufferStart = cacheSize;
   46:  op sub .bufferEnd *tmp13 7                                   item-rate-meter-init.mnd: bufferEnd = memSize - 7;
   47:  op sub .bufferStartIndex *tmp13 7                            item-rate-meter-init.mnd: bufferStartIndex = memSize - 7;
   48:  op sub .bufferEndIndex *tmp13 6                              item-rate-meter-init.mnd: bufferEndIndex = memSize - 6;
   49:  op sub .headIndex *tmp13 5                                   item-rate-meter-init.mnd: headIndex = memSize - 5;
   50:  op sub .minIndex *tmp13 4                                    item-rate-meter-init.mnd: minIndex = memSize - 4;
   51:  op sub .maxIndex *tmp13 3                                    item-rate-meter-init.mnd: maxIndex = memSize - 3;
   52:  op sub .valueIndex *tmp13 2                                  item-rate-meter-init.mnd: valueIndex = memSize - 2;
   53:  op sub .totalIndex *tmp13 1                                  item-rate-meter-init.mnd: totalIndex = memSize - 1;
   54:  jump *label19 always 0 0                                     item-rate-meter-init.mnd: if primaryMem == null then
        label *label18                                               ...
   55:  sensor *tmp14 .primaryMem @type                              item-rate-meter-init.mnd: case block.@type
   56:  jump *label64 notEqual *tmp14 @memory-cell                   ...
   57:  set :init:primarySize 64                                     ...
   58:  jump *label67 always 0 0                                     ...
        label *label64                                               ...
   59:  jump *label66 notEqual *tmp14 @memory-bank                   ...
   60:  set :init:primarySize 512                                    ...
   61:  jump *label67 always 0 0                                     ...
        label *label66                                               ...
   62:  set :init:primarySize null                                   ...
        label *label67                                               ...
   63:  sensor *tmp14 .secondaryMem @type                            ...
   64:  jump *label71 notEqual *tmp14 @memory-cell                   ...
   65:  set *tmp13 64                                                ...
   66:  jump *label74 always 0 0                                     ...
        label *label71                                               ...
   67:  jump *label73 notEqual *tmp14 @memory-bank                   ...
   68:  set *tmp13 512                                               ...
   69:  jump *label74 always 0 0                                     ...
        label *label73                                               ...
   70:  set *tmp13 null                                              ...
        label *label74                                               ...
   71:  op sub .cacheSize :init:primarySize 2                        item-rate-meter-init.mnd: cacheSize = primarySize - 2;
   72:  op sub .valueIndex :init:primarySize 2                       item-rate-meter-init.mnd: valueIndex = primarySize - 2;
   73:  op sub .totalIndex :init:primarySize 1                       item-rate-meter-init.mnd: totalIndex = primarySize - 1;
   74:  set .bufferStart 0                                           item-rate-meter-init.mnd: bufferStart = 0;
   75:  op sub .bufferEnd *tmp13 8                                   item-rate-meter-init.mnd: bufferEnd = secondarySize - 8;
   76:  op sub .bufferStartIndex *tmp13 7                            item-rate-meter-init.mnd: bufferStartIndex = secondarySize - 7;
   77:  op sub .bufferEndIndex *tmp13 6                              item-rate-meter-init.mnd: bufferEndIndex = secondarySize - 6;
   78:  op sub .headIndex *tmp13 5                                   item-rate-meter-init.mnd: headIndex = secondarySize - 5;
   79:  op sub .minIndex *tmp13 4                                    item-rate-meter-init.mnd: minIndex = secondarySize - 4;
   80:  op sub .maxIndex *tmp13 3                                    item-rate-meter-init.mnd: maxIndex = secondarySize - 3;
        label *label19                                               item-rate-meter-init.mnd: if primaryMem == null then
   81:  write .bufferStart .secondaryMem .bufferStartIndex           item-rate-meter-init.mnd: secondaryMem[bufferStartIndex] = bufferStart;
   82:  write .bufferEnd .secondaryMem .bufferEndIndex               item-rate-meter-init.mnd: secondaryMem[bufferEndIndex] = bufferEnd;
   83:  op min .cacheSize SMOOTHING .cacheSize                       item-rate-meter.mnd: cacheSize = min(SMOOTHING, cacheSize);
   84:  set :i 0                                                     item-rate-meter.mnd: for var i in 0 ... cacheSize do primaryMem[i] = 0; end;
   85:  jump *label25 greaterThanEq 0 .cacheSize                     ...
        label *label53                                               ...
   86:  write 0 .primaryMem :i                                       ...
   87:  op add :i :i 1                                               ...
   88:  jump *label53 lessThan :i .cacheSize                         ...
        label *label25                                               ...
   89:  set :cacheHead 0                                             item-rate-meter.mnd: var cacheHead = 0;
   90:  set :samples 0                                               item-rate-meter.mnd: var samples = 0;
   91:  read *tmp1 .secondaryMem .headIndex                          item-rate-meter.mnd: var head = max(bufferStart, secondaryMem[headIndex]);
   92:  op max :head .bufferStart *tmp1                              ...
   93:  set :total 0                                                 item-rate-meter.mnd: var total = 0;
   94:  set :iteration 0                                             item-rate-meter.mnd: var iteration = 0;
   95:  control enabled .switch false 0 0 0                          item-rate-meter.mnd: switch.enabled = false;
   96:  set :nextTick @tick                                          item-rate-meter.mnd: var nextTick = @tick;
   97:  read :prev .primaryMem .totalIndex                           item-rate-meter.mnd: var prev = primaryMem[totalIndex];
   98:  set :minWaits 10000000000                                    item-rate-meter.mnd: var minWaits = 1e10;
   99:  set :first true                                              item-rate-meter.mnd: var first = true;
        label *label26                                               item-rate-meter.mnd: MainLoop:
  100:  set :prevTick :nextTick                                      item-rate-meter.mnd: prevTick = nextTick;
  101:  op add :nextTick :nextTick MEASUREMENT                       item-rate-meter.mnd: nextTick += MEASUREMENT;
  102:  op add *tmp2 :nextTick MEASUREMENT                           item-rate-meter.mnd: if @tick > nextTick + MEASUREMENT then
  103:  jump *label29 lessThanEq @tick *tmp2                         ...
  104:  op add :nextTick @tick MEASUREMENT                           item-rate-meter.mnd: nextTick = @tick + MEASUREMENT;
  105:  read :prev .primaryMem .totalIndex                           item-rate-meter.mnd: prev = primaryMem[totalIndex];
        label *label29                                               item-rate-meter.mnd: if @tick > nextTick + MEASUREMENT then
  106:  set :waits 0                                                 item-rate-meter.mnd: var waits = 0;
  107:  jump *label33 greaterThanEq @tick :nextTick                  item-rate-meter.mnd: while @tick < nextTick do
        label *label54                                               ...
  108:  jump __start__ lessThan @tick :prevTick                      item-rate-meter.mnd: if @tick < prevTick then
  109:  op add :waits :waits 1                                       item-rate-meter.mnd: while @tick < nextTick do
  110:  wait 0.000000000000001                                       item-rate-meter.mnd: wait(1e-15);
  111:  jump *label54 lessThan @tick :nextTick                       item-rate-meter.mnd: while @tick < nextTick do
        label *label33                                               ...
  112:  op min :minWaits :waits :minWaits                            item-rate-meter.mnd: minWaits = min(waits, minWaits);
  113:  read :curr .primaryMem .totalIndex                           item-rate-meter.mnd: var curr = primaryMem[totalIndex];
  114:  op sub :amount :curr :prev                                   item-rate-meter.mnd: var amount = curr - prev;
  115:  set :prev :curr                                              item-rate-meter.mnd: prev = curr;
  116:  read *tmp4 .primaryMem :cacheHead                            item-rate-meter.mnd: total = total - primaryMem[cacheHead] + amount;
  117:  op sub *tmp3 :total *tmp4                                    ...
  118:  op add :total *tmp3 :amount                                  ...
  119:  write :amount .primaryMem :cacheHead                         item-rate-meter.mnd: primaryMem[cacheHead] = amount;
  120:  op add *tmp5 :cacheHead 1                                    item-rate-meter.mnd: cacheHead = (cacheHead + 1) % cacheSize;
  121:  op mod :cacheHead *tmp5 .cacheSize                           ...
  122:  jump *label36 greaterThanEq :samples .cacheSize              item-rate-meter.mnd: if samples < cacheSize then samples++; end;
  123:  op add :samples :samples 1                                   ...
        label *label36                                               ...
  124:  op add :iteration :iteration MEASUREMENT                     item-rate-meter.mnd: iteration += MEASUREMENT;
  125:  jump *label38 lessThan :iteration UPDATE                     item-rate-meter.mnd: if iteration >= UPDATE then
  126:  op div *tmp6 :total :samples                                 item-rate-meter.mnd: var rate = total / samples / MEASUREMENT;   // items per tick
  127:  op div :rate *tmp6 MEASUREMENT                               ...
  128:  op add :head :head 1                                         item-rate-meter.mnd: if ++head >= bufferEnd then
  129:  select :head greaterThanEq :head .bufferEnd .bufferStart :he ...
  130:  jump *label42 equal :first false                             item-rate-meter.mnd: if first then
  131:  write :rate .secondaryMem .minIndex                          item-rate-meter.mnd: secondaryMem[minIndex] = rate;
  132:  write :rate .secondaryMem .maxIndex                          item-rate-meter.mnd: secondaryMem[maxIndex] = rate;
  133:  set :first false                                             item-rate-meter.mnd: first = false;
        label *label42                                               item-rate-meter.mnd: if first then
  134:  write :rate .primaryMem .valueIndex                          item-rate-meter.mnd: primaryMem[valueIndex] = rate;
  135:  write :head .secondaryMem .headIndex                         item-rate-meter.mnd: secondaryMem[headIndex] = head;
  136:  write :rate .secondaryMem :head                              item-rate-meter.mnd: secondaryMem[head] = rate;
  137:  read *tmp7 .secondaryMem .minIndex                           item-rate-meter.mnd: var min = min(secondaryMem[minIndex], rate);
  138:  op min :min *tmp7 :rate                                      ...
  139:  write :min .secondaryMem .minIndex                           item-rate-meter.mnd: secondaryMem[minIndex] = min;
  140:  read *tmp8 .secondaryMem .maxIndex                           item-rate-meter.mnd: var max = max(secondaryMem[maxIndex], rate);
  141:  op max :max *tmp8 :rate                                      ...
  142:  write :max .secondaryMem .maxIndex                           item-rate-meter.mnd: secondaryMem[maxIndex] = max;
  143:  print "[gold]Item Rate Meter[], version [gold]1.0[]          item-rate-meter.mnd: println($"$TITLE            ");
  144:  jump *label44 greaterThanEq :samples .cacheSize              item-rate-meter.mnd: if samples < cacheSize then
  145:  print "[salmon]Initializing...[]\n"                          item-rate-meter.mnd: println($"[salmon]Initializing...[]");
        label *label44                                               item-rate-meter.mnd: if samples < cacheSize then
  146:  print "Total items: [gold]{0}[]\nCurrent rate: [green]{0}[]/ item-rate-meter.mnd: println($"Total items: [gold]$curr[]");
  147:  format :curr                                                 ...
  148:  op idiv *tmp9 :rate 0.0002777777777777778                    item-rate-meter.mnd: println($"Current rate: [green]$[]/min", floor(rate * 3600));
  149:  format *tmp9                                                 ...
  150:  op idiv *tmp10 :min 0.0002777777777777778                    item-rate-meter.mnd: println($"Minimum: [gold]$[]/min", floor(min * 3600));
  151:  format *tmp10                                                ...
  152:  op idiv *tmp11 :max 0.0002777777777777778                    item-rate-meter.mnd: println($"Maximum: [gold]$[]/min", floor(max * 3600));
  153:  format *tmp11                                                ...
  154:  format .cacheSize                                            item-rate-meter.mnd: println($"Smoothing: $cacheSize");
  155:  print :minWaits                                              item-rate-meter.mnd: print($"[lightgray]Waits: $minWaits");
  156:  set :minWaits 10000000000                                    item-rate-meter.mnd: minWaits = 1e10;
  157:  printflush .message                                          item-rate-meter.mnd: printflush(message);
  158:  op sub :iteration :iteration UPDATE                          item-rate-meter.mnd: iteration -= UPDATE;
        label *label38                                               item-rate-meter.mnd: if iteration >= UPDATE then
  159:  sensor *tmp12 .switch @enabled                               item-rate-meter.mnd: while !switch.@enabled;
  160:  jump *label26 equal *tmp12 false                             item-rate-meter.mnd: MainLoop:


Code size and number of instantiations by function:
  Size  Times  AvgSize  Function
    81     1x     81,0  <no function>
    56     1x     56,0  void init()
    24     3x      8,0  def memorySize(in block)

