   207 instructions before optimizations.
    36 instructions eliminated by Temp Variables Elimination (7 iterations).
    16 instructions eliminated by Dead Code Elimination (4 iterations).
     4 instructions eliminated by Jump Normalization (6 iterations).
    12 instructions eliminated by Condition Optimization (7 iterations).
    11 instructions eliminated by Single Step Elimination (3 passes, 9 iterations).
     3 instructions modified by Expression Optimization (2 passes, 4 iterations).
   140 instructions eliminated by Data Flow Optimization (7 passes, 21 iterations).
     1 instructions added by Loop Rotation (4 iterations).
       6 loop conditions were partially rotated.
   680 instructions added by Loop Unrolling (9 iterations).
     4 loops unrolled by Loop Unrolling.
    16 instructions eliminated by Print Merging.
   653 instructions after optimizations.

Pass 1: speed optimization selection (cost limit 874):
  * Full loop rotation at line 34:1                              size    +1, benefit       26.0, efficiency     26.000 (+1 instructions)

Pass 2: speed optimization selection (cost limit 877):
    Unroll loop at line 26:1                                     size  +137, benefit     1450.0, efficiency     10.584
  * Unroll loop at line 38:9                                     size    -3, benefit      625.0, efficiency   Infinity (-3 instructions)
    Unroll loop at line 57:5                                     size    +7, benefit     3750.0, efficiency    535.714
    Unroll loop at line 67:5                                     size  +473, benefit    36250.0, efficiency     76.638

Pass 2: speed optimization selection (cost limit 880):
    Unroll loop at line 26:1                                     size  +137, benefit     1450.0, efficiency     10.584
  * Unroll loop at line 57:5                                     size    +7, benefit     3750.0, efficiency    535.714 (+6 instructions)
    Unroll loop at line 67:5                                     size  +473, benefit    36250.0, efficiency     76.638

Pass 2: speed optimization selection (cost limit 874):
    Unroll loop at line 26:1                                     size  +137, benefit     1450.0, efficiency     10.584
  * Unroll loop at line 67:5                                     size  +473, benefit    36250.0, efficiency     76.638 (+411 instructions)

Pass 2: speed optimization selection (cost limit 463):
  * Unroll loop at line 26:1                                     size  +137, benefit     1450.0, efficiency     10.584 (+137 instructions)

Code size and number of instantiations by function:
  Size  Times  AvgSize  Function
   653     1x    653,0  <no function>
