   254 instructions before optimizations.
    41 instructions eliminated by Temp Variables Elimination (6 iterations).
     2 instructions eliminated by Case Expression Optimization.
    28 instructions eliminated by Dead Code Elimination (6 iterations).
file:///C:/Home/golem/measurements/item-rate-meter-init.mnd:13:5 Variable 'minIndex' is not used.
    11 instructions eliminated by Condition Optimization (2 passes, 7 iterations).
     6 instructions eliminated by Single Step Elimination (2 passes, 7 iterations).
     1 instructions eliminated by Expression Optimization (3 iterations).
     1 instructions eliminated by Boolean Optimization (6 iterations).
       1 fully-evaluated expressions optimized using selects.
    10 instructions eliminated by Data Flow Optimization (3 passes, 10 iterations).
       3 loop conditions were partially rotated.
    10 instructions added by Function Inlining (5 iterations).
     3 function calls inlined by Function Inlining.
     1 instructions eliminated by Case Switching (5 iterations).
     1 case expressions converted to fast dispatch by Case Switching.
     6 instructions eliminated by Jump Straightening (2 passes, 7 iterations).
     2 instructions updated by Jump Threading.
    18 instructions eliminated by Print Merging.
   139 instructions after optimizations.

Pass 1: speed optimization selection (cost limit 843):
  * Inline function 'memorySize' defined at item-rate-meter-init.mnd:83:1 size   +15, benefit        5.3, efficiency      0.350 (+4 instructions)
    Inline function call at item-rate-meter-init.mnd:52:23       size    +8, benefit        1.8, efficiency      0.219
    Inline function call at item-rate-meter-init.mnd:64:27       size    +8, benefit        1.8, efficiency      0.219
    Inline function call at item-rate-meter-init.mnd:65:29       size    +8, benefit        1.8, efficiency      0.219
  o Fast-dispatch case at item-rate-meter-init.mnd:29:13         size    -2, benefit      312.5, efficiency   Infinity

Pass 1: speed optimization selection (cost limit 839):
  * Fast-dispatch case at item-rate-meter-init.mnd:29:13         size    -2, benefit      312.5, efficiency   Infinity (-1 instructions)

Modifications by Initial phase, Case Expression Optimization, iteration 1 (-2 instructions):
 
    15 print :init:block
    16 print "\n"
    17 sensor *tmp2 :init:block @type
-    * set *tmp3 *tmp2
-    * jump *label11 equal *tmp3 @message
+   18 jump *label11 equal *tmp2 @message
    19 jump *label10 always
    20 label *label11
    21 set .message :init:block
    22 set *tmp1 .message
    23 jump *label9 always
    24 label *label10
-    * jump *label13 equal *tmp3 @switch
+   25 jump *label13 equal *tmp2 @switch
    26 jump *label12 always
    27 label *label13
    28 set .switch :init:block
    29 set *tmp1 .switch
    30 jump *label9 always
    31 label *label12
-    * jump *label15 equal *tmp3 @memory-bank
-    * jump *label15 equal *tmp3 @memory-cell
+   32 jump *label15 equal *tmp2 @memory-bank
+   33 jump *label15 equal *tmp2 @memory-cell
    34 jump *label14 always
    35 label *label15
    36 set .primaryMem .secondaryMem
 
   281 end
   282 label *label0
   283 sensor *tmp90 :memorySize:block @type
-    * set *tmp91 *tmp90
-    * jump *label47 equal *tmp91 @memory-cell
+  284 jump *label47 equal *tmp90 @memory-cell
   285 jump *label46 always
   286 label *label47
   287 set *tmp89 64
   288 jump *label45 always
   289 label *label46
-    * jump *label49 equal *tmp91 @memory-bank
+  290 jump *label49 equal *tmp90 @memory-bank
   291 jump *label48 always
   292 label *label49
   293 set *tmp89 512

Modifications by Initial phase, Dead Code Elimination, iteration 1 (-18 instructions):
 
    19 jump *label10 always
    20 label *label11
    21 set .message :init:block
-    * set *tmp1 .message
    22 jump *label9 always
    23 label *label10
    24 jump *label13 equal *tmp2 @switch
    25 jump *label12 always
    26 label *label13
    27 set .switch :init:block
-    * set *tmp1 .switch
    28 jump *label9 always
    29 label *label12
    30 jump *label15 equal *tmp2 @memory-bank
 
    33 label *label15
    34 set .primaryMem .secondaryMem
    35 set .secondaryMem :init:block
-    * set *tmp1 .secondaryMem
    36 jump *label9 always
    37 label *label14
-    * set *tmp1 null
    38 label *label9
    39 label *label7
    40 op sub :init:n :init:n 1
 
    56 jump *label16 equal *tmp4 false
    57 print "No memory."
    58 print "\n"
-    * set *tmp5 "No memory."
    59 jump *label17 always
    60 label *label16
-    * set *tmp5 null
    61 label *label17
    62 printflush .message
    63 label *label4
 
    84 op sub *tmp13 :init:memSize 5
    85 set .headIndex *tmp13
    86 op sub *tmp14 :init:memSize 4
-    * set .minIndex *tmp14
    87 op sub *tmp15 :init:memSize 3
    88 set .maxIndex *tmp15
    89 op sub *tmp16 :init:memSize 2
    90 set .valueIndex *tmp16
    91 op sub *tmp17 :init:memSize 1
    92 set .totalIndex *tmp17
-    * set *tmp8 .totalIndex
    93 jump *label19 always
    94 label *label18
    95 set :memorySize:block .primaryMem
 
   120 op sub *tmp26 :init:secondarySize 5
   121 set .headIndex *tmp26
   122 op sub *tmp27 :init:secondarySize 4
-    * set .minIndex *tmp27
   123 op sub *tmp28 :init:secondarySize 3
   124 set .maxIndex *tmp28
-    * set *tmp8 .maxIndex
   125 label *label19
   126 set *tmp29 .bufferStartIndex
   127 write .bufferStart .secondaryMem *tmp29
 
   168 set *tmp51 .totalIndex
   169 read *tmp53 .primaryMem *tmp51
   170 set :prev *tmp53
-    * set *tmp49 :prev
   171 jump *label30 always
   172 label *label29
-    * set *tmp49 null
   173 label *label30
   174 label *label31
   175 op lessThan *tmp54 @tick :nextTick
 
   177 op lessThan *tmp55 @tick :prevTick
   178 jump *label34 equal *tmp55 false
   179 jump *label28 always
-    * set *tmp56 null
   180 jump *label35 always
   181 label *label34
-    * set *tmp56 null
   182 label *label35
   183 op add :waits :waits :step
   184 wait 0.000000000000001
 
   212 op greaterThanEq *tmp75 :head .bufferEnd
   213 jump *label40 equal *tmp75 false
   214 set :head .bufferStart
-    * set *tmp76 :head
   215 jump *label41 always
   216 label *label40
-    * set *tmp76 null
   217 label *label41
   218 set *tmp77 .headIndex
   219 write :head .secondaryMem *tmp77
 
   234 print "Current rate [green]"
   235 set *tmp73 "Current rate [green]"
   236 label *label39
-    * set *tmp71 *tmp73
   237 jump *label37 always
   238 label *label36
   239 op equal *tmp83 :step 1000
 
   253 set :step 1
   254 set *tmp84 :step
   255 label *label43
-    * set *tmp71 *tmp84
   256 label *label37
   257 label *label27
   258 sensor *tmp87 .switch @enabled

Modifications by Initial phase, Dead Code Elimination, iteration 2 (-8 instructions):
 
    83 set .bufferEndIndex *tmp12
    84 op sub *tmp13 :init:memSize 5
    85 set .headIndex *tmp13
-    * op sub *tmp14 :init:memSize 4
    86 op sub *tmp15 :init:memSize 3
-    * set .maxIndex *tmp15
    87 op sub *tmp16 :init:memSize 2
    88 set .valueIndex *tmp16
    89 op sub *tmp17 :init:memSize 1
 
   117 set .bufferEndIndex *tmp25
   118 op sub *tmp26 :init:secondarySize 5
   119 set .headIndex *tmp26
-    * op sub *tmp27 :init:secondarySize 4
   120 op sub *tmp28 :init:secondarySize 3
-    * set .maxIndex *tmp28
   121 label *label19
   122 set *tmp29 .bufferStartIndex
   123 write .bufferStart .secondaryMem *tmp29
 
   215 write :head .secondaryMem *tmp77
   216 set *tmp79 :head
   217 write :rate .secondaryMem *tmp79
-    * set *tmp73 :rate
   218 jump *label39 always
   219 label *label38
   220 set *tmp81 .valueIndex
 
   227 print "]"
   228 print "\n"
   229 print "Current rate [green]"
-    * set *tmp73 "Current rate [green]"
   230 label *label39
   231 jump *label37 always
   232 label *label36
 
   238 print "[]/min"
   239 print "\n"
   240 print "[lightgray]Waits: "
-    * set *tmp84 "[lightgray]Waits: "
   241 jump *label43 always
   242 label *label42
   243 print :waits
   244 printflush .message
   245 set :waits 0
   246 set :step 1
-    * set *tmp84 :step
   247 label *label43
   248 label *label37
   249 label *label27

Modifications by Initial phase, Dead Code Elimination, iteration 3 (-2 instructions):
 
    83 set .bufferEndIndex *tmp12
    84 op sub *tmp13 :init:memSize 5
    85 set .headIndex *tmp13
-    * op sub *tmp15 :init:memSize 3
    86 op sub *tmp16 :init:memSize 2
    87 set .valueIndex *tmp16
    88 op sub *tmp17 :init:memSize 1
 
   116 set .bufferEndIndex *tmp25
   117 op sub *tmp26 :init:secondarySize 5
   118 set .headIndex *tmp26
-    * op sub *tmp28 :init:secondarySize 3
   119 label *label19
   120 set *tmp29 .bufferStartIndex
   121 write .bufferStart .secondaryMem *tmp29

Modifications by Initial phase, Temp Variables Elimination, iteration 1 (-41 instructions):
 
     9 op sub :init:n @links 1
    10 label *label6
    11 jump *label8 lessThan :init:n 0
-    * getlink *tmp0 :init:n
-    * set :init:block *tmp0
+   12 getlink :init:block :init:n
    13 print "Found: "
    14 print :init:block
    15 print "\n"
 
    70 setaddr :memorySize*retaddr *label20 (h:*label20)
    71 call *label0 *invalid :memorySize*retval (m:*label20) (h:*label20)
    72 label *label20
-    * set *tmp9 :memorySize*retval
-    * set :init:memSize *tmp9
+   73 set :init:memSize :memorySize*retval
    74 set .cacheSize 50
    75 set .bufferStart .cacheSize
-    * op sub *tmp10 :init:memSize 7
-    * set .bufferEnd *tmp10
-    * op sub *tmp11 :init:memSize 7
-    * set .bufferStartIndex *tmp11
-    * op sub *tmp12 :init:memSize 6
-    * set .bufferEndIndex *tmp12
-    * op sub *tmp13 :init:memSize 5
-    * set .headIndex *tmp13
-    * op sub *tmp16 :init:memSize 2
-    * set .valueIndex *tmp16
-    * op sub *tmp17 :init:memSize 1
-    * set .totalIndex *tmp17
+   76 op sub .bufferEnd :init:memSize 7
+   77 op sub .bufferStartIndex :init:memSize 7
+   78 op sub .bufferEndIndex :init:memSize 6
+   79 op sub .headIndex :init:memSize 5
+   80 op sub .valueIndex :init:memSize 2
+   81 op sub .totalIndex :init:memSize 1
    82 jump *label19 always
    83 label *label18
    84 set :memorySize:block .primaryMem
    85 setaddr :memorySize*retaddr *label21 (h:*label21)
    86 call *label0 *invalid :memorySize*retval (m:*label21) (h:*label21)
    87 label *label21
-    * set *tmp18 :memorySize*retval
-    * set :init:primarySize *tmp18
+   88 set :init:primarySize :memorySize*retval
    89 set :memorySize:block .secondaryMem
    90 setaddr :memorySize*retaddr *label22 (h:*label22)
    91 call *label0 *invalid :memorySize*retval (m:*label22) (h:*label22)
    92 label *label22
-    * set *tmp19 :memorySize*retval
-    * set :init:secondarySize *tmp19
-    * op sub *tmp20 :init:primarySize 2
-    * set .cacheSize *tmp20
-    * op sub *tmp21 :init:primarySize 2
-    * set .valueIndex *tmp21
-    * op sub *tmp22 :init:primarySize 1
-    * set .totalIndex *tmp22
+   93 set :init:secondarySize :memorySize*retval
+   94 op sub .cacheSize :init:primarySize 2
+   95 op sub .valueIndex :init:primarySize 2
+   96 op sub .totalIndex :init:primarySize 1
    97 set .bufferStart 0
-    * op sub *tmp23 :init:secondarySize 8
-    * set .bufferEnd *tmp23
-    * op sub *tmp24 :init:secondarySize 7
-    * set .bufferStartIndex *tmp24
-    * op sub *tmp25 :init:secondarySize 6
-    * set .bufferEndIndex *tmp25
-    * op sub *tmp26 :init:secondarySize 5
-    * set .headIndex *tmp26
+   98 op sub .bufferEnd :init:secondarySize 8
+   99 op sub .bufferStartIndex :init:secondarySize 7
+  100 op sub .bufferEndIndex :init:secondarySize 6
+  101 op sub .headIndex :init:secondarySize 5
   102 label *label19
-    * set *tmp29 .bufferStartIndex
-    * write .bufferStart .secondaryMem *tmp29
-    * set *tmp31 .bufferEndIndex
-    * write .bufferEnd .secondaryMem *tmp31
+  103 write .bufferStart .secondaryMem .bufferStartIndex
+  104 write .bufferEnd .secondaryMem .bufferEndIndex
   105 label *label2
-    * op min *tmp33 SMOOTHING .cacheSize
-    * set .cacheSize *tmp33
-    * op mul *tmp34 .cacheSize 15
-    * set :divisor *tmp34
+  106 op min .cacheSize SMOOTHING .cacheSize
+  107 op mul :divisor .cacheSize 15
   108 set *tmp35 .cacheSize
   109 set :i 0
   110 label *label23
   111 jump *label25 greaterThanEq :i *tmp35
-    * set *tmp36 :i
-    * write 0 .primaryMem *tmp36
+  112 write 0 .primaryMem :i
   113 label *label24
   114 op add :i :i 1
   115 jump *label23 always
   116 label *label25
   117 set :cacheHead 0
-    * set *tmp38 .headIndex
-    * read *tmp41 .secondaryMem *tmp38
-    * op max *tmp40 .bufferStart *tmp41
-    * set :head *tmp40
+  118 read *tmp41 .secondaryMem .headIndex
+  119 op max :head .bufferStart *tmp41
   120 set :step 1
   121 set :total 0
   122 set :rate 0
-    * set *tmp42 .switch
-    * control enabled *tmp42 false
+  123 control enabled .switch false
   124 set :nextTick @tick
-    * set *tmp44 .totalIndex
-    * read *tmp46 .primaryMem *tmp44
-    * set :prev *tmp46
+  125 read :prev .primaryMem .totalIndex
   126 set :waits 0
   127 label *label26
   128 set :prevTick :nextTick
 
   130 op add *tmp47 :nextTick 15
   131 op greaterThan *tmp48 @tick *tmp47
   132 jump *label29 equal *tmp48 false
-    * op add *tmp50 @tick 15
-    * set :nextTick *tmp50
-    * set *tmp51 .totalIndex
-    * read *tmp53 .primaryMem *tmp51
-    * set :prev *tmp53
+  133 op add :nextTick @tick 15
+  134 read :prev .primaryMem .totalIndex
   135 jump *label30 always
   136 label *label29
   137 label *label30
 
   149 label *label32
   150 jump *label31 always
   151 label *label33
-    * set *tmp57 .totalIndex
-    * read *tmp59 .primaryMem *tmp57
-    * set :curr *tmp59
-    * op sub *tmp60 :curr :prev
-    * set :amount *tmp60
+  152 read :curr .primaryMem .totalIndex
+  153 op sub :amount :curr :prev
   154 set :prev :curr
-    * set *tmp61 :cacheHead
-    * read *tmp64 .primaryMem *tmp61
+  155 read *tmp64 .primaryMem :cacheHead
   156 op sub *tmp63 :total *tmp64
-    * op add *tmp65 *tmp63 :amount
-    * set :total *tmp65
-    * set *tmp66 :cacheHead
-    * write :amount .primaryMem *tmp66
+  157 op add :total *tmp63 :amount
+  158 write :amount .primaryMem :cacheHead
   159 op add *tmp68 :cacheHead 1
-    * op mod *tmp69 *tmp68 .cacheSize
-    * set :cacheHead *tmp69
+  160 op mod :cacheHead *tmp68 .cacheSize
   161 op mul :step :step 10
   162 op lessThanEq *tmp70 :step 100
   163 jump *label36 equal *tmp70 false
   164 op equal *tmp72 :step 10
   165 jump *label38 equal *tmp72 false
-    * op div *tmp74 :total :divisor
-    * set :rate *tmp74
+  166 op div :rate :total :divisor
   167 op add :head :head 1
   168 op greaterThanEq *tmp75 :head .bufferEnd
   169 jump *label40 equal *tmp75 false
 
   171 jump *label41 always
   172 label *label40
   173 label *label41
-    * set *tmp77 .headIndex
-    * write :head .secondaryMem *tmp77
-    * set *tmp79 :head
-    * write :rate .secondaryMem *tmp79
+  174 write :head .secondaryMem .headIndex
+  175 write :rate .secondaryMem :head
   176 jump *label39 always
   177 label *label38
-    * set *tmp81 .valueIndex
-    * write :rate .primaryMem *tmp81
+  178 write :rate .primaryMem .valueIndex
   179 print "[gold]Item Rate Meter Micro[], version [gold]1.0[]"
   180 print "\n"
   181 print "Total items: [gold]"

Modifications by Iterated phase, Jump Straightening, pass 1, iteration 1 (-5 instructions):
 
    14 print :init:block
    15 print "\n"
    16 sensor *tmp2 :init:block @type
-    * jump *label11 equal *tmp2 @message
-    * jump *label10 always
+   17 jump *label10 notEqual *tmp2 @message
    18 label *label11
    19 set .message :init:block
    20 jump *label9 always
    21 label *label10
-    * jump *label13 equal *tmp2 @switch
-    * jump *label12 always
+   22 jump *label12 notEqual *tmp2 @switch
    23 label *label13
    24 set .switch :init:block
    25 jump *label9 always
    26 label *label12
    27 jump *label15 equal *tmp2 @memory-bank
-    * jump *label15 equal *tmp2 @memory-cell
-    * jump *label14 always
+   28 jump *label14 notEqual *tmp2 @memory-cell
    29 label *label15
    30 set .primaryMem .secondaryMem
    31 set .secondaryMem :init:block
 
   209 end
   210 label *label0
   211 sensor *tmp90 :memorySize:block @type
-    * jump *label47 equal *tmp90 @memory-cell
-    * jump *label46 always
+  212 jump *label46 notEqual *tmp90 @memory-cell
   213 label *label47
   214 set *tmp89 64
   215 jump *label45 always
   216 label *label46
-    * jump *label49 equal *tmp90 @memory-bank
-    * jump *label48 always
+  217 jump *label48 notEqual *tmp90 @memory-bank
   218 label *label49
   219 set *tmp89 512
   220 jump *label45 always

Modifications by Iterated phase, Condition Optimization, pass 1, iteration 1 (-11 instructions):
 
    48 print "Target memory: "
    49 print .secondaryMem
    50 print "\n"
-    * op equal *tmp4 .primaryMem null
-    * jump *label16 equal *tmp4 false
+   51 jump *label16 notEqual .primaryMem null
    52 print "No memory."
    53 print "\n"
    54 jump *label17 always
 
    56 label *label17
    57 printflush .message
    58 label *label4
-    * op equal *tmp6 .secondaryMem null
-    * jump *label3 notEqual *tmp6 false
+   59 jump *label3 equal .secondaryMem null
    60 label *label5
-    * op equal *tmp7 .primaryMem null
-    * jump *label18 equal *tmp7 false
+   61 jump *label18 notEqual .primaryMem null
    62 set .primaryMem .secondaryMem
    63 set :memorySize:block .primaryMem
    64 setaddr :memorySize*retaddr *label20 (h:*label20)
 
   122 set :prevTick :nextTick
   123 op add :nextTick :nextTick 15
   124 op add *tmp47 :nextTick 15
-    * op greaterThan *tmp48 @tick *tmp47
-    * jump *label29 equal *tmp48 false
+  125 jump *label29 lessThanEq @tick *tmp47
   126 op add :nextTick @tick 15
   127 read :prev .primaryMem .totalIndex
   128 jump *label30 always
   129 label *label29
   130 label *label30
   131 label *label31
-    * op lessThan *tmp54 @tick :nextTick
-    * jump *label33 equal *tmp54 false
-    * op lessThan *tmp55 @tick :prevTick
-    * jump *label34 equal *tmp55 false
+  132 jump *label33 greaterThanEq @tick :nextTick
+  133 jump *label34 greaterThanEq @tick :prevTick
   134 jump *label28 always
   135 jump *label35 always
   136 label *label34
 
   150 op add *tmp68 :cacheHead 1
   151 op mod :cacheHead *tmp68 .cacheSize
   152 op mul :step :step 10
-    * op lessThanEq *tmp70 :step 100
-    * jump *label36 equal *tmp70 false
-    * op equal *tmp72 :step 10
-    * jump *label38 equal *tmp72 false
+  153 jump *label36 greaterThan :step 100
+  154 jump *label38 notEqual :step 10
   155 op div :rate :total :divisor
   156 op add :head :head 1
-    * op greaterThanEq *tmp75 :head .bufferEnd
-    * jump *label40 equal *tmp75 false
+  157 jump *label40 lessThan :head .bufferEnd
   158 set :head .bufferStart
   159 jump *label41 always
   160 label *label40
 
   175 label *label39
   176 jump *label37 always
   177 label *label36
-    * op equal *tmp83 :step 1000
-    * jump *label42 equal *tmp83 false
+  178 jump *label42 notEqual :step 1000
   179 op mul *tmp85 :rate 3600
   180 op floor *tmp86 *tmp85
   181 print *tmp86
 
   192 label *label37
   193 label *label27
   194 sensor *tmp87 .switch @enabled
-    * op equal *tmp88 *tmp87 false
-    * jump *label26 notEqual *tmp88 false
+  195 jump *label26 equal *tmp87 false
   196 label *label28
   197 label *label1
   198 end

Modifications by Iterated phase, Single Step Elimination, pass 1, iteration 1 (-5 instructions):
 
    29 label *label15
    30 set .primaryMem .secondaryMem
    31 set .secondaryMem :init:block
-    * jump *label9 always
    32 label *label14
    33 label *label9
    34 label *label7
 
    50 jump *label16 notEqual .primaryMem null
    51 print "No memory."
    52 print "\n"
-    * jump *label17 always
    53 label *label16
    54 label *label17
    55 printflush .message
 
   123 jump *label29 lessThanEq @tick *tmp47
   124 op add :nextTick @tick 15
   125 read :prev .primaryMem .totalIndex
-    * jump *label30 always
   126 label *label29
   127 label *label30
   128 label *label31
   129 jump *label33 greaterThanEq @tick :nextTick
   130 jump *label34 greaterThanEq @tick :prevTick
   131 jump *label28 always
-    * jump *label35 always
   132 label *label34
   133 label *label35
   134 op add :waits :waits :step
 
   152 op add :head :head 1
   153 jump *label40 lessThan :head .bufferEnd
   154 set :head .bufferStart
-    * jump *label41 always
   155 label *label40
   156 label *label41
   157 write :head .secondaryMem .headIndex

Modifications by Iterated phase, Data Flow Optimization, pass 1, iteration 1:
 
    58 label *label5
    59 jump *label18 notEqual .primaryMem null
    60 set .primaryMem .secondaryMem
-    * set :memorySize:block .primaryMem
+   61 set :memorySize:block .secondaryMem
    62 setaddr :memorySize*retaddr *label20 (h:*label20)
    63 call *label0 *invalid :memorySize*retval (m:*label20) (h:*label20)
    64 label *label20
    65 set :init:memSize :memorySize*retval
    66 set .cacheSize 50
-    * set .bufferStart .cacheSize
-    * op sub .bufferEnd :init:memSize 7
-    * op sub .bufferStartIndex :init:memSize 7
-    * op sub .bufferEndIndex :init:memSize 6
-    * op sub .headIndex :init:memSize 5
-    * op sub .valueIndex :init:memSize 2
-    * op sub .totalIndex :init:memSize 1
+   67 set .bufferStart 50
+   68 op sub .bufferEnd :memorySize*retval 7
+   69 op sub .bufferStartIndex :memorySize*retval 7
+   70 op sub .bufferEndIndex :memorySize*retval 6
+   71 op sub .headIndex :memorySize*retval 5
+   72 op sub .valueIndex :memorySize*retval 2
+   73 op sub .totalIndex :memorySize*retval 1
    74 jump *label19 always
    75 label *label18
    76 set :memorySize:block .primaryMem
 
    87 op sub .valueIndex :init:primarySize 2
    88 op sub .totalIndex :init:primarySize 1
    89 set .bufferStart 0
-    * op sub .bufferEnd :init:secondarySize 8
-    * op sub .bufferStartIndex :init:secondarySize 7
-    * op sub .bufferEndIndex :init:secondarySize 6
-    * op sub .headIndex :init:secondarySize 5
+   90 op sub .bufferEnd :memorySize*retval 8
+   91 op sub .bufferStartIndex :memorySize*retval 7
+   92 op sub .bufferEndIndex :memorySize*retval 6
+   93 op sub .headIndex :memorySize*retval 5
    94 label *label19
    95 write .bufferStart .secondaryMem .bufferStartIndex
    96 write .bufferEnd .secondaryMem .bufferEndIndex
 
   100 set *tmp35 .cacheSize
   101 set :i 0
   102 label *label23
-    * jump *label25 greaterThanEq :i *tmp35
+  103 jump *label25 greaterThanEq :i .cacheSize
   104 write 0 .primaryMem :i
   105 label *label24
   106 op add :i :i 1

Modifications by Iterated phase, Data Flow Optimization, pass 1, iteration 2 (-3 instructions):
 
    62 setaddr :memorySize*retaddr *label20 (h:*label20)
    63 call *label0 *invalid :memorySize*retval (m:*label20) (h:*label20)
    64 label *label20
-    * set :init:memSize :memorySize*retval
    65 set .cacheSize 50
    66 set .bufferStart 50
    67 op sub .bufferEnd :memorySize*retval 7
 
    81 setaddr :memorySize*retaddr *label22 (h:*label22)
    82 call *label0 *invalid :memorySize*retval (m:*label22) (h:*label22)
    83 label *label22
-    * set :init:secondarySize :memorySize*retval
    84 op sub .cacheSize :init:primarySize 2
    85 op sub .valueIndex :init:primarySize 2
    86 op sub .totalIndex :init:primarySize 1
 
    95 label *label2
    96 op min .cacheSize SMOOTHING .cacheSize
    97 op mul :divisor .cacheSize 15
-    * set *tmp35 .cacheSize
    98 set :i 0
    99 label *label23
   100 jump *label25 greaterThanEq :i .cacheSize

Modifications by Iterated phase, Expression Optimization, pass 1, iteration 1 (-1 instructions):
 
   168 jump *label37 always
   169 label *label36
   170 jump *label42 notEqual :step 1000
-    * op mul *tmp85 :rate 3600
-    * op floor *tmp86 *tmp85
+  171 op idiv *tmp86 :rate 0.0002777777777777778
   172 print *tmp86
   173 print "[]/min"
   174 print "\n"

Modifications by Iterated phase, Loop Rotation, pass 1, iteration 1:
 
     9 op sub :init:n @links 1
    10 label *label6
    11 jump *label8 lessThan :init:n 0
+   12 label *label50
    13 getlink :init:block :init:n
    14 print "Found: "
    15 print :init:block
 
    34 label *label9
    35 label *label7
    36 op sub :init:n :init:n 1
-    * jump *label6 always
+   37 jump *label50 greaterThanEq :init:n 0
    38 label *label8
    39 print "Message: "
    40 print .message
 
    99 set :i 0
   100 label *label23
   101 jump *label25 greaterThanEq :i .cacheSize
+  102 label *label51
   103 write 0 .primaryMem :i
   104 label *label24
   105 op add :i :i 1
-    * jump *label23 always
+  106 jump *label51 lessThan :i .cacheSize
   107 label *label25
   108 set :cacheHead 0
   109 read *tmp41 .secondaryMem .headIndex
 
   126 label *label30
   127 label *label31
   128 jump *label33 greaterThanEq @tick :nextTick
+  129 label *label52
   130 jump *label34 greaterThanEq @tick :prevTick
   131 jump *label28 always
   132 label *label34
 
   134 op add :waits :waits :step
   135 wait 0.000000000000001
   136 label *label32
-    * jump *label31 always
+  137 jump *label52 lessThan @tick :nextTick
   138 label *label33
   139 read :curr .primaryMem .totalIndex
   140 op sub :amount :curr :prev

Modifications by Iterated phase, Boolean Optimization, pass 1, iteration 1 (-1 instructions):
 
   149 jump *label36 greaterThan :step 100
   150 jump *label38 notEqual :step 10
   151 op div :rate :total :divisor
-    * op add :head :head 1
-    * jump *label40 lessThan :head .bufferEnd
-    * set :head .bufferStart
-    * label *label40
-    * label *label41
+  152 op add :head :head 1
+  153 select :head greaterThanEq :head .bufferEnd .bufferStart :head
   154 write :head .secondaryMem .headIndex
   155 write :rate .secondaryMem :head
   156 jump *label39 always

Modifications by Inline function 'memorySize' defined at item-rate-meter-init.mnd:83:1 (+10 instructions):
 
    60 jump *label18 notEqual .primaryMem null
    61 set .primaryMem .secondaryMem
    62 set :memorySize:block .secondaryMem
-    * setaddr :memorySize*retaddr *label20 (h:*label20)
-    * call *label0 *invalid :memorySize*retval (m:*label20) (h:*label20)
-    * label *label20
+   63 label *label53
+   64 sensor *tmp90 :memorySize:block @type
+   65 jump *label55 notEqual *tmp90 @memory-cell
+   66 label *label54
+   67 set *tmp89 64
+   68 jump *label58 always
+   69 label *label55
+   70 jump *label57 notEqual *tmp90 @memory-bank
+   71 label *label56
+   72 set *tmp89 512
+   73 jump *label58 always
+   74 label *label57
+   75 set *tmp89 null
+   76 label *label58
+   77 set :memorySize*retval *tmp89
+   78 label *label59
    79 set .cacheSize 50
    80 set .bufferStart 50
    81 op sub .bufferEnd :memorySize*retval 7
 
    87 jump *label19 always
    88 label *label18
    89 set :memorySize:block .primaryMem
-    * setaddr :memorySize*retaddr *label21 (h:*label21)
-    * call *label0 *invalid :memorySize*retval (m:*label21) (h:*label21)
-    * label *label21
+   90 label *label60
+   91 sensor *tmp90 :memorySize:block @type
+   92 jump *label62 notEqual *tmp90 @memory-cell
+   93 label *label61
+   94 set *tmp89 64
+   95 jump *label65 always
+   96 label *label62
+   97 jump *label64 notEqual *tmp90 @memory-bank
+   98 label *label63
+   99 set *tmp89 512
+  100 jump *label65 always
+  101 label *label64
+  102 set *tmp89 null
+  103 label *label65
+  104 set :memorySize*retval *tmp89
+  105 label *label66
   106 set :init:primarySize :memorySize*retval
   107 set :memorySize:block .secondaryMem
-    * setaddr :memorySize*retaddr *label22 (h:*label22)
-    * call *label0 *invalid :memorySize*retval (m:*label22) (h:*label22)
-    * label *label22
+  108 label *label67
+  109 sensor *tmp90 :memorySize:block @type
+  110 jump *label69 notEqual *tmp90 @memory-cell
+  111 label *label68
+  112 set *tmp89 64
+  113 jump *label72 always
+  114 label *label69
+  115 jump *label71 notEqual *tmp90 @memory-bank
+  116 label *label70
+  117 set *tmp89 512
+  118 jump *label72 always
+  119 label *label71
+  120 set *tmp89 null
+  121 label *label72
+  122 set :memorySize*retval *tmp89
+  123 label *label73
   124 op sub .cacheSize :init:primarySize 2
   125 op sub .valueIndex :init:primarySize 2
   126 op sub .totalIndex :init:primarySize 1
 
   226 label *label28
   227 label *label1
   228 end
-    * label *label0
-    * sensor *tmp90 :memorySize:block @type
-    * jump *label46 notEqual *tmp90 @memory-cell
-    * label *label47
-    * set *tmp89 64
-    * jump *label45 always
-    * label *label46
-    * jump *label48 notEqual *tmp90 @memory-bank
-    * label *label49
-    * set *tmp89 512
-    * jump *label45 always
-    * label *label48
-    * set *tmp89 null
-    * label *label45
-    * set :memorySize*retval *tmp89
-    * label *label44
-    * return :memorySize*retaddr
-    * end

Modifications by Iterated phase, Data Flow Optimization, pass 1, iteration 1:
 
    61 set .primaryMem .secondaryMem
    62 set :memorySize:block .secondaryMem
    63 label *label53
-    * sensor *tmp90 :memorySize:block @type
+   64 sensor *tmp90 .secondaryMem @type
    65 jump *label55 notEqual *tmp90 @memory-cell
    66 label *label54
    67 set *tmp89 64
 
    78 label *label59
    79 set .cacheSize 50
    80 set .bufferStart 50
-    * op sub .bufferEnd :memorySize*retval 7
-    * op sub .bufferStartIndex :memorySize*retval 7
-    * op sub .bufferEndIndex :memorySize*retval 6
-    * op sub .headIndex :memorySize*retval 5
-    * op sub .valueIndex :memorySize*retval 2
-    * op sub .totalIndex :memorySize*retval 1
+   81 op sub .bufferEnd *tmp89 7
+   82 op sub .bufferStartIndex *tmp89 7
+   83 op sub .bufferEndIndex *tmp89 6
+   84 op sub .headIndex *tmp89 5
+   85 op sub .valueIndex *tmp89 2
+   86 op sub .totalIndex *tmp89 1
    87 jump *label19 always
    88 label *label18
    89 set :memorySize:block .primaryMem
    90 label *label60
-    * sensor *tmp90 :memorySize:block @type
+   91 sensor *tmp90 .primaryMem @type
    92 jump *label62 notEqual *tmp90 @memory-cell
    93 label *label61
    94 set *tmp89 64
 
   103 label *label65
   104 set :memorySize*retval *tmp89
   105 label *label66
-    * set :init:primarySize :memorySize*retval
+  106 set :init:primarySize *tmp89
   107 set :memorySize:block .secondaryMem
   108 label *label67
-    * sensor *tmp90 :memorySize:block @type
+  109 sensor *tmp90 .secondaryMem @type
   110 jump *label69 notEqual *tmp90 @memory-cell
   111 label *label68
   112 set *tmp89 64
 
   125 op sub .valueIndex :init:primarySize 2
   126 op sub .totalIndex :init:primarySize 1
   127 set .bufferStart 0
-    * op sub .bufferEnd :memorySize*retval 8
-    * op sub .bufferStartIndex :memorySize*retval 7
-    * op sub .bufferEndIndex :memorySize*retval 6
-    * op sub .headIndex :memorySize*retval 5
+  128 op sub .bufferEnd *tmp89 8
+  129 op sub .bufferStartIndex *tmp89 7
+  130 op sub .bufferEndIndex *tmp89 6
+  131 op sub .headIndex *tmp89 5
   132 label *label19
   133 write .bufferStart .secondaryMem .bufferStartIndex
   134 write .bufferEnd .secondaryMem .bufferEndIndex
 
   137 op mul :divisor .cacheSize 15
   138 set :i 0
   139 label *label23
-    * jump *label25 greaterThanEq :i .cacheSize
+  140 jump *label25 greaterThanEq 0 .cacheSize
   141 label *label51
   142 write 0 .primaryMem :i
   143 label *label24

Modifications by Iterated phase, Data Flow Optimization, pass 1, iteration 2 (-6 instructions):
 
    59 label *label5
    60 jump *label18 notEqual .primaryMem null
    61 set .primaryMem .secondaryMem
-    * set :memorySize:block .secondaryMem
    62 label *label53
    63 sensor *tmp90 .secondaryMem @type
    64 jump *label55 notEqual *tmp90 @memory-cell
 
    73 label *label57
    74 set *tmp89 null
    75 label *label58
-    * set :memorySize*retval *tmp89
    76 label *label59
    77 set .cacheSize 50
    78 set .bufferStart 50
 
    84 op sub .totalIndex *tmp89 1
    85 jump *label19 always
    86 label *label18
-    * set :memorySize:block .primaryMem
    87 label *label60
    88 sensor *tmp90 .primaryMem @type
    89 jump *label62 notEqual *tmp90 @memory-cell
 
    98 label *label64
    99 set *tmp89 null
   100 label *label65
-    * set :memorySize*retval *tmp89
   101 label *label66
   102 set :init:primarySize *tmp89
-    * set :memorySize:block .secondaryMem
   103 label *label67
   104 sensor *tmp90 .secondaryMem @type
   105 jump *label69 notEqual *tmp90 @memory-cell
 
   114 label *label71
   115 set *tmp89 null
   116 label *label72
-    * set :memorySize*retval *tmp89
   117 label *label73
   118 op sub .cacheSize :init:primarySize 2
   119 op sub .valueIndex :init:primarySize 2

Modifications by Fast-dispatch case at item-rate-meter-init.mnd:29:13 (-1 instructions):
 
    15 print :init:block
    16 print "\n"
    17 sensor *tmp2 :init:block @type
-    * jump *label10 notEqual *tmp2 @message
+   18 sensor *tmp92 *tmp2 @id
+   19 multijump *tmp92 0 0 (m:*label75)
+   20 multilabel *label80 (m:*label75)
+   21 multilabel *label76 (m:*label75)
+   22 label *label74
+   23 jump *label9 always
+   24 multilabel *label77 (m:*label75)
    25 label *label11
    26 set .message :init:block
    27 jump *label9 always
    28 label *label10
-    * jump *label12 notEqual *tmp2 @switch
+   29 multilabel *label78 (m:*label75)
    30 label *label13
    31 set .switch :init:block
    32 jump *label9 always
    33 label *label12
-    * jump *label15 equal *tmp2 @memory-bank
-    * jump *label14 notEqual *tmp2 @memory-cell
+   34 multilabel *label79 (m:*label75)
    35 label *label15
    36 set .primaryMem .secondaryMem
    37 set .secondaryMem :init:block
-    * label *label14
    38 label *label9
    39 label *label7
    40 op sub :init:n :init:n 1

Modifications by Iterated phase, Condition Optimization, pass 2, iteration 1:
 
     8 print "\n"
     9 op sub :init:n @links 1
    10 label *label6
-    * jump *label8 lessThan :init:n 0
+   11 jump *label8 lessThan @links 1
    12 label *label50
    13 getlink :init:block :init:n
    14 print "Found: "

Modifications by Iterated phase, Data Flow Optimization, pass 2, iteration 1 (-1 instructions):
 
    92 sensor *tmp90 .primaryMem @type
    93 jump *label62 notEqual *tmp90 @memory-cell
    94 label *label61
-    * set *tmp89 64
+   95 set :init:primarySize 64
    96 jump *label65 always
    97 label *label62
    98 jump *label64 notEqual *tmp90 @memory-bank
    99 label *label63
-    * set *tmp89 512
+  100 set :init:primarySize 512
   101 jump *label65 always
   102 label *label64
-    * set *tmp89 null
+  103 set :init:primarySize null
   104 label *label65
   105 label *label66
-    * set :init:primarySize *tmp89
   106 label *label67
   107 sensor *tmp90 .secondaryMem @type
   108 jump *label69 notEqual *tmp90 @memory-cell

Modifications by Jumps phase, Jump Straightening, pass 4, iteration 1 (-1 instructions):
 
   135 label *label29
   136 jump *label33 greaterThanEq @tick :nextTick
   137 label *label52
-    * jump *label34 greaterThanEq @tick :prevTick
-    * jump *label28 always
+  138 jump *label28 lessThan @tick :prevTick
   139 label *label34
   140 op add :waits :waits :step
   141 wait 0.000000000000001

Modifications by Jumps phase, Jump Threading, pass 4, iteration 1:
+    0 label __start__
     1 set SMOOTHING 20
     2 printflush null
     3 label *label3
 
   136 label *label29
   137 jump *label33 greaterThanEq @tick :nextTick
   138 label *label52
-    * jump *label28 lessThan @tick :prevTick
+  139 jump __start__ lessThan @tick :prevTick
   140 op add :waits :waits :step
   141 wait 0.000000000000001
   142 jump *label52 lessThan @tick :nextTick
 
   158 select :head greaterThanEq :head .bufferEnd .bufferStart :head
   159 write :head .secondaryMem .headIndex
   160 write :rate .secondaryMem :head
-    * jump *label39 always
+  161 jump *label37 always
   162 label *label38
   163 write :rate .primaryMem .valueIndex
   164 print "[gold]Item Rate Meter Micro[], version [gold]1.0[]"

Modifications by Jumps phase, Single Step Elimination, pass 4, iteration 1 (-1 instructions):
 
   187 label *label37
   188 sensor *tmp87 .switch @enabled
   189 jump *label26 equal *tmp87 false
-    * end

Modifications by Final phase, Print Merging, iteration 1 (-18 instructions):
 
     5 set .message null
     6 set .primaryMem null
     7 set .secondaryMem null
-    * print "[salmon]Initializing...[]"
-    * print "\n"
+    8 print "[salmon]Initializing...[]\n"
     9 op sub :init:n @links 1
    10 jump *label8 lessThan @links 1
    11 label *label50
    12 getlink :init:block :init:n
-    * print "Found: "
-    * print :init:block
-    * print "\n"
+   13 print "Found: {0}\n"
+   14 format :init:block
    15 sensor *tmp2 :init:block @type
    16 sensor *tmp92 *tmp2 @id
    17 multijump *tmp92 0 0 (m:*label75)
 
    31 op sub :init:n :init:n 1
    32 jump *label50 greaterThanEq :init:n 0
    33 label *label8
-    * print "Message: "
-    * print .message
-    * print "\n"
-    * print "Switch: "
-    * print .switch
-    * print "\n"
-    * print "Source memory: "
-    * print .primaryMem
-    * print "\n"
-    * print "Target memory: "
-    * print .secondaryMem
-    * print "\n"
+   34 print "Message: {0}\nSwitch: {0}\nSource memory: {0}\nTarget memory: {0}\n"
+   35 format .message
+   36 format .switch
+   37 format .primaryMem
+   38 format .secondaryMem
    39 jump *label16 notEqual .primaryMem null
-    * print "No memory."
-    * print "\n"
+   40 print "No memory.\n"
    41 label *label16
    42 printflush .message
    43 jump *label3 equal .secondaryMem null
 
   151 jump *label37 always
   152 label *label38
   153 write :rate .primaryMem .valueIndex
-    * print "[gold]Item Rate Meter Micro[], version [gold]1.0[]"
-    * print "\n"
-    * print "Total items: [gold]"
-    * print :curr
-    * print "["
-    * print "]"
-    * print "\n"
-    * print "Current rate [green]"
+  154 print "[gold]Item Rate Meter Micro[], version [gold]1.0[]\nTotal items: [gold]{0}[]\nCurrent rate [green]"
+  155 format :curr
   156 jump *label37 always
   157 label *label36
   158 jump *label42 notEqual :step 1000
   159 op idiv *tmp86 :rate 0.0002777777777777778
   160 print *tmp86
-    * print "[]/min"
-    * print "\n"
-    * print "[lightgray]Waits: "
+  161 print "[]/min\n[lightgray]Waits: "
   162 jump *label43 always
   163 label *label42
   164 print :waits

Final code before resolving virtual instructions:

        label __start__
    0:  set SMOOTHING 20                                             item-rate-meter-micro.mnd: param SMOOTHING = 20;
    1:  printflush null                                              item-rate-meter-micro.mnd: printflush(null);
        label *label3                                                item-rate-meter-init.mnd: do
    2:  set .switch null                                             item-rate-meter-init.mnd: switch = null;
    3:  set .message null                                            item-rate-meter-init.mnd: message = null;
    4:  set .primaryMem null                                         item-rate-meter-init.mnd: primaryMem = null;
    5:  set .secondaryMem null                                       item-rate-meter-init.mnd: secondaryMem = null;
    6:  print "[salmon]Initializing...[]\n"                          item-rate-meter-init.mnd: println("[salmon]Initializing...[]");
    7:  op sub :init:n @links 1                                      item-rate-meter-init.mnd: for var n in 0 ... @links descending do
    8:  jump *label8 lessThan @links 1                               ...
        label *label50                                               ...
    9:  getlink :init:block :init:n                                  item-rate-meter-init.mnd: var block = getlink(n);
   10:  print "Found: {0}\n"                                         item-rate-meter-init.mnd: println("Found: ", block);
   11:  format :init:block                                           ...
   12:  sensor *tmp0 :init:block @type                               item-rate-meter-init.mnd: case block.@type
   13:  sensor *tmp10 *tmp0 @id                                      item-rate-meter-init.mnd: for var n in 0 ... @links descending do
   14:  multijump *tmp10 0 0                                         item-rate-meter-init.mnd: case block.@type
        multilabel *label80                                          ...
        multilabel *label76                                          ...
   15:  jump *label9 always 0 0                                      ...
        multilabel *label77                                          ...
   16:  set .message :init:block                                     item-rate-meter-init.mnd: message = block;
   17:  jump *label9 always 0 0                                      item-rate-meter-init.mnd: case block.@type
        multilabel *label78                                          ...
   18:  set .switch :init:block                                      item-rate-meter-init.mnd: switch = block;
   19:  jump *label9 always 0 0                                      item-rate-meter-init.mnd: case block.@type
        multilabel *label79                                          ...
   20:  set .primaryMem .secondaryMem                                item-rate-meter-init.mnd: primaryMem = secondaryMem;
   21:  set .secondaryMem :init:block                                item-rate-meter-init.mnd: secondaryMem = block;
        label *label9                                                item-rate-meter-init.mnd: case block.@type
   22:  op sub :init:n :init:n 1                                     item-rate-meter-init.mnd: for var n in 0 ... @links descending do
   23:  jump *label50 greaterThanEq :init:n 0                        ...
        label *label8                                                ...
   24:  print "Message: {0}\nSwitch: {0}\nSource memory: {0}\nTarget item-rate-meter-init.mnd: println("Message: ", message);
   25:  format .message                                              ...
   26:  format .switch                                               item-rate-meter-init.mnd: println("Switch: ", switch);
   27:  format .primaryMem                                           item-rate-meter-init.mnd: println("Source memory: ", primaryMem);
   28:  format .secondaryMem                                         item-rate-meter-init.mnd: println("Target memory: ", secondaryMem);
   29:  jump *label16 notEqual .primaryMem null                      item-rate-meter-init.mnd: if primaryMem == null then
   30:  print "No memory.\n"                                         item-rate-meter-init.mnd: println("No memory.");
        label *label16                                               item-rate-meter-init.mnd: if primaryMem == null then
   31:  printflush .message                                          item-rate-meter-init.mnd: printflush(message);
   32:  jump *label3 equal .secondaryMem null                        item-rate-meter-init.mnd: do
   33:  jump *label18 notEqual .primaryMem null                      item-rate-meter-init.mnd: if primaryMem == null then
   34:  set .primaryMem .secondaryMem                                item-rate-meter-init.mnd: primaryMem = secondaryMem;
   35:  sensor *tmp9 .secondaryMem @type                             item-rate-meter-init.mnd: case block.@type
   36:  jump *label55 notEqual *tmp9 @memory-cell                    ...
   37:  set *tmp8 64                                                 ...
   38:  jump *label58 always 0 0                                     ...
        label *label55                                               ...
   39:  jump *label57 notEqual *tmp9 @memory-bank                    ...
   40:  set *tmp8 512                                                ...
   41:  jump *label58 always 0 0                                     ...
        label *label57                                               ...
   42:  set *tmp8 null                                               ...
        label *label58                                               ...
   43:  set .cacheSize 50                                            item-rate-meter-init.mnd: cacheSize = 50;
   44:  set .bufferStart 50                                          item-rate-meter-init.mnd: bufferStart = cacheSize;
   45:  op sub .bufferEnd *tmp8 7                                    item-rate-meter-init.mnd: bufferEnd = memSize - 7;
   46:  op sub .bufferStartIndex *tmp8 7                             item-rate-meter-init.mnd: bufferStartIndex = memSize - 7;
   47:  op sub .bufferEndIndex *tmp8 6                               item-rate-meter-init.mnd: bufferEndIndex = memSize - 6;
   48:  op sub .headIndex *tmp8 5                                    item-rate-meter-init.mnd: headIndex = memSize - 5;
   49:  op sub .valueIndex *tmp8 2                                   item-rate-meter-init.mnd: valueIndex = memSize - 2;
   50:  op sub .totalIndex *tmp8 1                                   item-rate-meter-init.mnd: totalIndex = memSize - 1;
   51:  jump *label19 always 0 0                                     item-rate-meter-init.mnd: if primaryMem == null then
        label *label18                                               ...
   52:  sensor *tmp9 .primaryMem @type                               item-rate-meter-init.mnd: case block.@type
   53:  jump *label62 notEqual *tmp9 @memory-cell                    ...
   54:  set :init:primarySize 64                                     ...
   55:  jump *label65 always 0 0                                     ...
        label *label62                                               ...
   56:  jump *label64 notEqual *tmp9 @memory-bank                    ...
   57:  set :init:primarySize 512                                    ...
   58:  jump *label65 always 0 0                                     ...
        label *label64                                               ...
   59:  set :init:primarySize null                                   ...
        label *label65                                               ...
   60:  sensor *tmp9 .secondaryMem @type                             ...
   61:  jump *label69 notEqual *tmp9 @memory-cell                    ...
   62:  set *tmp8 64                                                 ...
   63:  jump *label72 always 0 0                                     ...
        label *label69                                               ...
   64:  jump *label71 notEqual *tmp9 @memory-bank                    ...
   65:  set *tmp8 512                                                ...
   66:  jump *label72 always 0 0                                     ...
        label *label71                                               ...
   67:  set *tmp8 null                                               ...
        label *label72                                               ...
   68:  op sub .cacheSize :init:primarySize 2                        item-rate-meter-init.mnd: cacheSize = primarySize - 2;
   69:  op sub .valueIndex :init:primarySize 2                       item-rate-meter-init.mnd: valueIndex = primarySize - 2;
   70:  op sub .totalIndex :init:primarySize 1                       item-rate-meter-init.mnd: totalIndex = primarySize - 1;
   71:  set .bufferStart 0                                           item-rate-meter-init.mnd: bufferStart = 0;
   72:  op sub .bufferEnd *tmp8 8                                    item-rate-meter-init.mnd: bufferEnd = secondarySize - 8;
   73:  op sub .bufferStartIndex *tmp8 7                             item-rate-meter-init.mnd: bufferStartIndex = secondarySize - 7;
   74:  op sub .bufferEndIndex *tmp8 6                               item-rate-meter-init.mnd: bufferEndIndex = secondarySize - 6;
   75:  op sub .headIndex *tmp8 5                                    item-rate-meter-init.mnd: headIndex = secondarySize - 5;
        label *label19                                               item-rate-meter-init.mnd: if primaryMem == null then
   76:  write .bufferStart .secondaryMem .bufferStartIndex           item-rate-meter-init.mnd: secondaryMem[bufferStartIndex] = bufferStart;
   77:  write .bufferEnd .secondaryMem .bufferEndIndex               item-rate-meter-init.mnd: secondaryMem[bufferEndIndex] = bufferEnd;
   78:  op min .cacheSize SMOOTHING .cacheSize                       item-rate-meter-micro.mnd: cacheSize = min(SMOOTHING, cacheSize);
   79:  op mul :divisor .cacheSize 15                                item-rate-meter-micro.mnd: var divisor = cacheSize * MEASUREMENT;
   80:  set :i 0                                                     item-rate-meter-micro.mnd: for var i in 0 ... cacheSize do primaryMem[i] = 0; end;
   81:  jump *label25 greaterThanEq 0 .cacheSize                     ...
        label *label51                                               ...
   82:  write 0 .primaryMem :i                                       ...
   83:  op add :i :i 1                                               ...
   84:  jump *label51 lessThan :i .cacheSize                         ...
        label *label25                                               ...
   85:  set :cacheHead 0                                             item-rate-meter-micro.mnd: var cacheHead = 0;
   86:  read *tmp1 .secondaryMem .headIndex                          item-rate-meter-micro.mnd: var head = max(bufferStart, secondaryMem[headIndex]);
   87:  op max :head .bufferStart *tmp1                              ...
   88:  set :step 1                                                  item-rate-meter-micro.mnd: var step = 1;
   89:  set :total 0                                                 item-rate-meter-micro.mnd: var total = 0;
   90:  set :rate 0                                                  item-rate-meter-micro.mnd: var rate = 0;
   91:  control enabled .switch false 0 0 0                          item-rate-meter-micro.mnd: switch.enabled = false;
   92:  set :nextTick @tick                                          item-rate-meter-micro.mnd: var nextTick = @tick;
   93:  read :prev .primaryMem .totalIndex                           item-rate-meter-micro.mnd: var prev = primaryMem[totalIndex];
   94:  set :waits 0                                                 item-rate-meter-micro.mnd: var waits = 0;
        label *label26                                               item-rate-meter-micro.mnd: MainLoop:
   95:  set :prevTick :nextTick                                      item-rate-meter-micro.mnd: prevTick = nextTick;
   96:  op add :nextTick :nextTick 15                                item-rate-meter-micro.mnd: nextTick += MEASUREMENT;
   97:  op add *tmp2 :nextTick 15                                    item-rate-meter-micro.mnd: if @tick > nextTick + MEASUREMENT then
   98:  jump *label29 lessThanEq @tick *tmp2                         ...
   99:  op add :nextTick @tick 15                                    item-rate-meter-micro.mnd: nextTick = @tick + MEASUREMENT;
  100:  read :prev .primaryMem .totalIndex                           item-rate-meter-micro.mnd: prev = primaryMem[totalIndex];
        label *label29                                               item-rate-meter-micro.mnd: if @tick > nextTick + MEASUREMENT then
  101:  jump *label33 greaterThanEq @tick :nextTick                  item-rate-meter-micro.mnd: while @tick < nextTick do
        label *label52                                               ...
  102:  jump __start__ lessThan @tick :prevTick                      item-rate-meter-micro.mnd: if @tick < prevTick then
  103:  op add :waits :waits :step                                   item-rate-meter-micro.mnd: waits += step;
  104:  wait 0.000000000000001                                       item-rate-meter-micro.mnd: wait(1e-15);
  105:  jump *label52 lessThan @tick :nextTick                       item-rate-meter-micro.mnd: while @tick < nextTick do
        label *label33                                               ...
  106:  read :curr .primaryMem .totalIndex                           item-rate-meter-micro.mnd: var curr = primaryMem[totalIndex];
  107:  op sub :amount :curr :prev                                   item-rate-meter-micro.mnd: var amount = curr - prev;
  108:  set :prev :curr                                              item-rate-meter-micro.mnd: prev = curr;
  109:  read *tmp4 .primaryMem :cacheHead                            item-rate-meter-micro.mnd: total = total - primaryMem[cacheHead] + amount;
  110:  op sub *tmp3 :total *tmp4                                    ...
  111:  op add :total *tmp3 :amount                                  ...
  112:  write :amount .primaryMem :cacheHead                         item-rate-meter-micro.mnd: primaryMem[cacheHead] = amount;
  113:  op add *tmp5 :cacheHead 1                                    item-rate-meter-micro.mnd: cacheHead = (cacheHead + 1) % cacheSize;
  114:  op mod :cacheHead *tmp5 .cacheSize                           ...
  115:  op mul :step :step 10                                        item-rate-meter-micro.mnd: step *= 10;
  116:  jump *label36 greaterThan :step 100                          item-rate-meter-micro.mnd: if step <= 100 then
  117:  jump *label38 notEqual :step 10                              item-rate-meter-micro.mnd: if step == 10 then
  118:  op div :rate :total :divisor                                 item-rate-meter-micro.mnd: rate = total / divisor;
  119:  op add :head :head 1                                         item-rate-meter-micro.mnd: if ++head >= bufferEnd then
  120:  select :head greaterThanEq :head .bufferEnd .bufferStart :he ...
  121:  write :head .secondaryMem .headIndex                         item-rate-meter-micro.mnd: secondaryMem[headIndex] = head;
  122:  write :rate .secondaryMem :head                              item-rate-meter-micro.mnd: secondaryMem[head] = rate;
  123:  jump *label37 always 0 0                                     item-rate-meter-micro.mnd: if step == 10 then
        label *label38                                               ...
  124:  write :rate .primaryMem .valueIndex                          item-rate-meter-micro.mnd: primaryMem[valueIndex] = rate;
  125:  print "[gold]Item Rate Meter Micro[], version [gold]1.0[]\nT item-rate-meter-micro.mnd: println($"$TITLE");
  126:  format :curr                                                 item-rate-meter-micro.mnd: println($"Total items: [gold]$curr[]");
  127:  jump *label37 always 0 0                                     item-rate-meter-micro.mnd: if step <= 100 then
        label *label36                                               ...
  128:  jump *label42 notEqual :step 1000                            item-rate-meter-micro.mnd: if step == 1000 then
  129:  op idiv *tmp6 :rate 0.0002777777777777778                    item-rate-meter-micro.mnd: println(floor(rate * 3600), "[]/min");
  130:  print *tmp6                                                  ...
  131:  print "[]/min\n[lightgray]Waits: "                           ...
  132:  jump *label43 always 0 0                                     item-rate-meter-micro.mnd: if step == 1000 then
        label *label42                                               ...
  133:  print :waits                                                 item-rate-meter-micro.mnd: print(waits);
  134:  printflush .message                                          item-rate-meter-micro.mnd: printflush(message);
  135:  set :waits 0                                                 item-rate-meter-micro.mnd: waits = 0;
  136:  set :step 1                                                  item-rate-meter-micro.mnd: step = 1;
        label *label43                                               item-rate-meter-micro.mnd: if step == 1000 then
        label *label37                                               item-rate-meter-micro.mnd: if step <= 100 then
  137:  sensor *tmp7 .switch @enabled                                item-rate-meter-micro.mnd: while !switch.@enabled;
  138:  jump *label26 equal *tmp7 false                              item-rate-meter-micro.mnd: MainLoop:


Code size and number of instantiations by function:
  Size  Times  AvgSize  Function
    63     1x     63,0  <no function>
    52     1x     52,0  void init()
    24     3x      8,0  def memorySize(in block)

