   306 instructions before optimizations.
    53 instructions eliminated by Temp Variables Elimination (6 iterations).
     2 instructions eliminated by Case Expression Optimization.
    24 instructions eliminated by Dead Code Elimination (5 iterations).
    11 instructions eliminated by Condition Optimization (6 iterations).
    10 instructions eliminated by Single Step Elimination (2 passes, 7 iterations).
     3 instructions eliminated by Expression Optimization (3 iterations).
     1 instructions eliminated by Boolean Optimization (6 iterations).
       1 fully-evaluated expressions optimized using selects.
    10 instructions eliminated by Data Flow Optimization (3 passes, 10 iterations).
       3 loop conditions were partially rotated.
    10 instructions added by Function Inlining (5 iterations).
     3 function calls inlined by Function Inlining.
     1 instructions eliminated by Case Switching (5 iterations).
     1 case expressions converted to fast dispatch by Case Switching.
     6 instructions eliminated by Jump Straightening (2 passes, 7 iterations).
     1 instructions updated by Jump Threading.
    34 instructions eliminated by Print Merging.
   161 instructions after optimizations.

Pass 1: speed optimization selection (cost limit 805):
  * Inline function 'memorySize' defined at item-rate-meter-init.mnd:84:1 size   +15, benefit        5.3, efficiency      0.350 (+4 instructions)
    Inline function call at item-rate-meter-init.mnd:53:23       size    +8, benefit        1.8, efficiency      0.219
    Inline function call at item-rate-meter-init.mnd:65:27       size    +8, benefit        1.8, efficiency      0.219
    Inline function call at item-rate-meter-init.mnd:66:29       size    +8, benefit        1.8, efficiency      0.219
  o Fast-dispatch case at item-rate-meter-init.mnd:30:13         size    -2, benefit      312.5, efficiency   Infinity

Pass 1: speed optimization selection (cost limit 801):
  * Fast-dispatch case at item-rate-meter-init.mnd:30:13         size    -2, benefit      312.5, efficiency   Infinity (-1 instructions)

Code size and number of instantiations by function:
  Size  Times  AvgSize  Function
    81     1x     81,0  <no function>
    56     1x     56,0  void init()
    24     3x      8,0  def memorySize(in block)
