   214 instructions before optimizations.
    11 instructions eliminated by Temp Variables Elimination (9 iterations).
     1 instructions eliminated by Case Expression Optimization.
    16 instructions eliminated by Dead Code Elimination (7 iterations).
     3 instructions eliminated by Jump Normalization (2 passes, 8 iterations).
     8 instructions eliminated by Condition Optimization (2 passes, 10 iterations).
     6 instructions eliminated by Single Step Elimination (3 passes, 11 iterations).
    65 instructions eliminated by Expression Optimization (2 passes, 5 iterations).
     3 instructions eliminated by Boolean Optimization (9 iterations).
       1 fully-evaluated expressions optimized using selects.
    46 instructions eliminated by Data Flow Optimization (5 passes, 18 iterations).
       3 loop conditions were partially rotated.
    74 instructions added by Loop Unrolling (8 iterations).
     3 loops unrolled by Loop Unrolling.
     6 instructions eliminated by Array Optimization (8 iterations).
     2 instructions eliminated by Jump Straightening (9 iterations).
     3 instructions updated by Jump Threading.
     1 instructions eliminated by Unreachable Code Elimination (3 iterations).
    26 instructions eliminated by Print Merging.
    90 instructions after optimizations.

Pass 1: speed optimization selection (cost limit 868):
  * Unroll iteration loop at line 32:9                           size   -19, benefit      475.0, efficiency   Infinity (-8 instructions)

Pass 2: speed optimization selection (cost limit 878):
  * Unroll loop at line 73:9                                     size   +12, benefit     5000.0, efficiency    416.667 (+44 instructions)
    Unroll loop at line 86:9                                     size   +12, benefit     5000.0, efficiency    416.667

Pass 2: speed optimization selection (cost limit 834):
  * Unroll loop at line 86:9                                     size   +12, benefit     5000.0, efficiency    416.667 (+44 instructions)

Code size and number of instantiations by function:
  Size  Times  AvgSize  Function
    48     1x     48,0  <no function>
    41     1x     41,0  void initialize()

