   248 instructions before optimizations.
    34 instructions eliminated by Temp Variables Elimination (5 iterations).
     1 instructions eliminated by Case Expression Optimization.
    17 instructions eliminated by Dead Code Elimination (5 iterations).
     1 instructions eliminated by Jump Normalization (5 iterations).
     6 instructions eliminated by Condition Optimization (6 iterations).
     6 instructions eliminated by Single Step Elimination (3 passes, 8 iterations).
     1 instructions eliminated by Expression Optimization (2 iterations).
     1 instructions eliminated by Boolean Optimization (6 iterations).
       1 fully-evaluated expressions optimized using selects.
    10 instructions eliminated by Data Flow Optimization (6 iterations).
     1 instructions added by Loop Rotation (2 iterations).
       3 loop conditions were partially rotated.
    10 instructions eliminated by Case Switching (4 iterations).
     1 case expressions converted to fast dispatch by Case Switching.
     8 instructions eliminated by Jump Straightening (6 iterations).
     2 instructions updated by Jump Threading.
     1 instructions eliminated by Unreachable Code Elimination (3 iterations).
    13 instructions eliminated by Print Merging.
   140 instructions after optimizations.

Pass 1: speed optimization selection (cost limit 835):
  * Full loop rotation at line 119:1                             size    +1, benefit       26.0, efficiency     26.000 (+1 instructions)
  o Fast-dispatch case at line 31:9                              size   -11, benefit     3125.0, efficiency   Infinity

Pass 1: speed optimization selection (cost limit 834):
  * Fast-dispatch case at line 31:9                              size   -11, benefit     3125.0, efficiency   Infinity (-10 instructions)

Modifications by Initial phase, Case Expression Optimization, iteration 1 (-1 instructions):
 
    45 print "\nFound: "
    46 print :block
    47 sensor *tmp13 :block @type
-    * set *tmp14 *tmp13
-    * jump *label8 equal *tmp14 @message
+   48 jump *label8 equal *tmp13 @message
    49 jump *label7 always
    50 label *label8
    51 set .MESSAGE :block
    52 set *tmp12 .MESSAGE
    53 jump *label6 always
    54 label *label7
-    * jump *label10 equal *tmp14 @switch
+   55 jump *label10 equal *tmp13 @switch
    56 jump *label9 always
    57 label *label10
    58 set .SWITCH :block
    59 set *tmp12 .SWITCH
    60 jump *label6 always
    61 label *label9
-    * jump *label12 equal *tmp14 @memory-bank
+   62 jump *label12 equal *tmp13 @memory-bank
    63 jump *label11 always
    64 label *label12
    65 set .MEMORY :block
 
    69 set *tmp12 .SIZE
    70 jump *label6 always
    71 label *label11
-    * jump *label14 equal *tmp14 @memory-cell
+   72 jump *label14 equal *tmp13 @memory-cell
    73 jump *label13 always
    74 label *label14
    75 set .MEMORY :block
 
    79 set *tmp12 .SIZE
    80 jump *label6 always
    81 label *label13
-    * jump *label16 equal *tmp14 @vault
-    * jump *label16 equal *tmp14 @container
+   82 jump *label16 equal *tmp13 @vault
+   83 jump *label16 equal *tmp13 @container
    84 jump *label15 always
    85 label *label16
    86 set .CONTAINER :block
 
    95 set *tmp12 .B1
    96 jump *label6 always
    97 label *label15
-    * jump *label18 equal *tmp14 @battery
-    * jump *label18 equal *tmp14 @battery-large
+   98 jump *label18 equal *tmp13 @battery
+   99 jump *label18 equal *tmp13 @battery-large
   100 jump *label17 always
   101 label *label18
   102 set .CONTAINER :block
 
   111 set *tmp12 .B1
   112 jump *label6 always
   113 label *label17
-    * jump *label20 equal *tmp14 @liquid-tank
-    * jump *label20 equal *tmp14 @liquid-container
+  114 jump *label20 equal *tmp13 @liquid-tank
+  115 jump *label20 equal *tmp13 @liquid-container
   116 jump *label19 always
   117 label *label20
   118 set .CONTAINER :block
 
   127 set *tmp12 .B1
   128 jump *label6 always
   129 label *label19
-    * jump *label22 equal *tmp14 @power-node
-    * jump *label22 equal *tmp14 @power-node-large
-    * jump *label22 equal *tmp14 @surge-tower
+  130 jump *label22 equal *tmp13 @power-node
+  131 jump *label22 equal *tmp13 @power-node-large
+  132 jump *label22 equal *tmp13 @surge-tower
   133 jump *label21 always
   134 label *label22
   135 set .CONTAINER :block

Modifications by Initial phase, Dead Code Elimination, iteration 1 (-17 instructions):
 
    49 jump *label7 always
    50 label *label8
    51 set .MESSAGE :block
-    * set *tmp12 .MESSAGE
    52 jump *label6 always
    53 label *label7
    54 jump *label10 equal *tmp13 @switch
    55 jump *label9 always
    56 label *label10
    57 set .SWITCH :block
-    * set *tmp12 .SWITCH
    58 jump *label6 always
    59 label *label9
    60 jump *label12 equal *tmp13 @memory-bank
 
    64 set .START_INDEX 264
    65 set .END_INDEX 511
    66 set .SIZE 248
-    * set *tmp12 .SIZE
    67 jump *label6 always
    68 label *label11
    69 jump *label14 equal *tmp13 @memory-cell
 
    73 set .START_INDEX 40
    74 set .END_INDEX 63
    75 set .SIZE 24
-    * set *tmp12 .SIZE
    76 jump *label6 always
    77 label *label13
    78 jump *label16 equal *tmp13 @vault
 
    88 set .R1 80
    89 set .G1 255
    90 set .B1 80
-    * set *tmp12 .B1
    91 jump *label6 always
    92 label *label15
    93 jump *label18 equal *tmp13 @battery
 
   103 set .R1 255
   104 set .G1 255
   105 set .B1 80
-    * set *tmp12 .B1
   106 jump *label6 always
   107 label *label17
   108 jump *label20 equal *tmp13 @liquid-tank
 
   118 set .R1 192
   119 set .G1 192
   120 set .B1 255
-    * set *tmp12 .B1
   121 jump *label6 always
   122 label *label19
   123 jump *label22 equal *tmp13 @power-node
 
   134 set .R1 255
   135 set .G1 255
   136 set .B1 80
-    * set *tmp12 .B1
   137 jump *label6 always
   138 label *label21
-    * set *tmp12 null
   139 label *label6
   140 label *label4
   141 jump *label3 always
 
   154 jump *label23 equal *tmp17 false
   155 print "\nNo memory or container."
   156 printflush .MESSAGE
-    * set *tmp18 null
   157 jump *label24 always
   158 label *label23
   159 printflush .MESSAGE
   160 jump *label2 always
-    * set *tmp18 null
   161 label *label24
   162 label *label1
   163 jump *label0 always
 
   203 set :prevTick *tmp50
   204 op add *tmp51 :prevTick .TICKS
   205 set :nextTick *tmp51
-    * set *tmp49 :nextTick
   206 jump *label29 always
   207 label *label28
-    * set *tmp49 null
   208 label *label29
   209 label *label30
   210 op lessThan *tmp52 @tick :nextTick
 
   212 op lessThan *tmp53 @tick :prevTick
   213 jump *label33 equal *tmp53 false
   214 end
-    * set *tmp54 null
   215 jump *label34 always
   216 label *label33
-    * set *tmp54 null
   217 label *label34
   218 label *label31
   219 jump *label30 always
 
   231 op greaterThan *tmp61 :index .END_INDEX
   232 jump *label35 equal *tmp61 false
   233 set :index .START_INDEX
-    * set *tmp62 :index
   234 jump *label36 always
   235 label *label35
-    * set *tmp62 null
   236 label *label36
   237 set *tmp63 .M_START_INDEX
   238 write :index .MEMORY *tmp63

Modifications by Initial phase, Temp Variables Elimination, iteration 1 (-34 instructions):
     0 set .TICKS 60
     1 set .M_START_INDEX 0
-    * op add *tmp0 .M_START_INDEX 1
-    * set .M_CURRENT_INDEX *tmp0
-    * op add *tmp1 .M_CURRENT_INDEX 1
-    * set .M_END_INDEX *tmp1
-    * op add *tmp2 .M_END_INDEX 1
-    * set .M_R0 *tmp2
-    * op add *tmp3 .M_R0 1
-    * set .M_G0 *tmp3
-    * op add *tmp4 .M_G0 1
-    * set .M_B0 *tmp4
-    * op add *tmp5 .M_B0 1
-    * set .M_R1 *tmp5
-    * op add *tmp6 .M_R1 1
-    * set .M_G1 *tmp6
-    * op add *tmp7 .M_G1 1
-    * set .M_B1 *tmp7
+    2 op add .M_CURRENT_INDEX .M_START_INDEX 1
+    3 op add .M_END_INDEX .M_CURRENT_INDEX 1
+    4 op add .M_R0 .M_END_INDEX 1
+    5 op add .M_G0 .M_R0 1
+    6 op add .M_B0 .M_G0 1
+    7 op add .M_R1 .M_B0 1
+    8 op add .M_G1 .M_R1 1
+    9 op add .M_B1 .M_G1 1
    10 set .B0 null
    11 set .B1 null
    12 set .END_INDEX null
 
    25 print "Item/Liquid/Energy Level Meter"
    26 set .CONTAINER null
    27 set .MEMORY null
-    * set *tmp8 @links
-    * set :n *tmp8
+   28 set :n @links
    29 label *label3
    30 op greaterThan *tmp9 :n 0
    31 jump *label5 equal *tmp9 false
-    * op sub *tmp10 :n 1
-    * set :n *tmp10
-    * getlink *tmp11 :n
-    * set :block *tmp11
+   32 op sub :n :n 1
+   33 getlink :block :n
    34 print "\nFound: "
    35 print :block
    36 sensor *tmp13 :block @type
 
   151 label *label1
   152 jump *label0 always
   153 label *label2
-    * set *tmp19 .M_START_INDEX
-    * write .START_INDEX .MEMORY *tmp19
-    * set *tmp21 .M_END_INDEX
-    * write .END_INDEX .MEMORY *tmp21
-    * set *tmp23 .M_R0
-    * write .R0 .MEMORY *tmp23
-    * set *tmp25 .M_G0
-    * write .G0 .MEMORY *tmp25
-    * set *tmp27 .M_B0
-    * write .B0 .MEMORY *tmp27
-    * set *tmp29 .M_R1
-    * write .R1 .MEMORY *tmp29
-    * set *tmp31 .M_G1
-    * write .G1 .MEMORY *tmp31
-    * set *tmp33 .M_B1
-    * write .B1 .MEMORY *tmp33
-    * set *tmp35 .M_CURRENT_INDEX
-    * read *tmp38 .MEMORY *tmp35
+  154 write .START_INDEX .MEMORY .M_START_INDEX
+  155 write .END_INDEX .MEMORY .M_END_INDEX
+  156 write .R0 .MEMORY .M_R0
+  157 write .G0 .MEMORY .M_G0
+  158 write .B0 .MEMORY .M_B0
+  159 write .R1 .MEMORY .M_R1
+  160 write .G1 .MEMORY .M_G1
+  161 write .B1 .MEMORY .M_B1
+  162 read *tmp38 .MEMORY .M_CURRENT_INDEX
   163 op max *tmp37 .START_INDEX *tmp38
-    * op min *tmp39 *tmp37 .END_INDEX
-    * set :index *tmp39
-    * set *tmp40 @tick
-    * set :nextTick *tmp40
-    * set *tmp41 .SWITCH
-    * control enabled *tmp41 0
+  164 op min :index *tmp37 .END_INDEX
+  165 set :nextTick @tick
+  166 control enabled .SWITCH 0
   167 label *label25
   168 sensor *tmp43 .SWITCH @enabled
   169 op equal *tmp44 *tmp43 0
   170 jump *label27 equal *tmp44 false
-    * set *tmp45 @time
-    * set :startTime *tmp45
+  171 set :startTime @time
   172 set :prevTick :nextTick
-    * op add *tmp46 :nextTick .TICKS
-    * set :nextTick *tmp46
+  173 op add :nextTick :nextTick .TICKS
   174 op add *tmp47 :nextTick .TICKS
   175 op greaterThan *tmp48 @tick *tmp47
   176 jump *label28 equal *tmp48 false
-    * set *tmp50 @tick
-    * set :prevTick *tmp50
-    * op add *tmp51 :prevTick .TICKS
-    * set :nextTick *tmp51
+  177 set :prevTick @tick
+  178 op add :nextTick :prevTick .TICKS
   179 jump *label29 always
   180 label *label28
   181 label *label29
 
   191 label *label31
   192 jump *label30 always
   193 label *label32
-    * sensor *tmp55 .CONTAINER .SENSOR
-    * set :amount *tmp55
-    * sensor *tmp56 .CONTAINER .MAXIMUM
-    * set :max *tmp56
+  194 sensor :amount .CONTAINER .SENSOR
+  195 sensor :max .CONTAINER .MAXIMUM
   196 op mul *tmp57 :amount 150
   197 op div *tmp58 *tmp57 :max
-    * op add *tmp59 10 *tmp58
-    * set :scaled *tmp59
-    * op add *tmp60 :index 1
-    * set :index *tmp60
+  198 op add :scaled 10 *tmp58
+  199 op add :index :index 1
   200 op greaterThan *tmp61 :index .END_INDEX
   201 jump *label35 equal *tmp61 false
   202 set :index .START_INDEX
   203 jump *label36 always
   204 label *label35
   205 label *label36
-    * set *tmp63 .M_START_INDEX
-    * write :index .MEMORY *tmp63
-    * set *tmp65 :index
-    * write :scaled .MEMORY *tmp65
+  206 write :index .MEMORY .M_START_INDEX
+  207 write :scaled .MEMORY :index
   208 op sub *tmp67 :index .SIZE
-    * set *tmp68 *tmp67
-    * write :scaled .MEMORY *tmp68
+  209 write :scaled .MEMORY *tmp67
   210 print "Item/Liquid/Energy Level Meter\n"
   211 print "StartIndex: "
   212 print .START_INDEX

Modifications by Iterated phase, Jump Normalization, pass 1, iteration 1 (-1 instructions):
 
    21 set .START_INDEX null
    22 set .SWITCH null
    23 label *label0
-    * jump *label2 equal true false
    24 print "Item/Liquid/Energy Level Meter"
    25 set .CONTAINER null
    26 set .MEMORY null

Modifications by Iterated phase, Jump Straightening, pass 1, iteration 1 (-8 instructions):
 
    33 print "\nFound: "
    34 print :block
    35 sensor *tmp13 :block @type
-    * jump *label8 equal *tmp13 @message
-    * jump *label7 always
+   36 jump *label7 notEqual *tmp13 @message
    37 label *label8
    38 set .MESSAGE :block
    39 jump *label6 always
    40 label *label7
-    * jump *label10 equal *tmp13 @switch
-    * jump *label9 always
+   41 jump *label9 notEqual *tmp13 @switch
    42 label *label10
    43 set .SWITCH :block
    44 jump *label6 always
    45 label *label9
-    * jump *label12 equal *tmp13 @memory-bank
-    * jump *label11 always
+   46 jump *label11 notEqual *tmp13 @memory-bank
    47 label *label12
    48 set .MEMORY :block
    49 set .START_INDEX 264
 
    51 set .SIZE 248
    52 jump *label6 always
    53 label *label11
-    * jump *label14 equal *tmp13 @memory-cell
-    * jump *label13 always
+   54 jump *label13 notEqual *tmp13 @memory-cell
    55 label *label14
    56 set .MEMORY :block
    57 set .START_INDEX 40
 
    60 jump *label6 always
    61 label *label13
    62 jump *label16 equal *tmp13 @vault
-    * jump *label16 equal *tmp13 @container
-    * jump *label15 always
+   63 jump *label15 notEqual *tmp13 @container
    64 label *label16
    65 set .CONTAINER :block
    66 set .SENSOR @totalItems
 
    74 jump *label6 always
    75 label *label15
    76 jump *label18 equal *tmp13 @battery
-    * jump *label18 equal *tmp13 @battery-large
-    * jump *label17 always
+   77 jump *label17 notEqual *tmp13 @battery-large
    78 label *label18
    79 set .CONTAINER :block
    80 set .SENSOR @totalPower
 
    88 jump *label6 always
    89 label *label17
    90 jump *label20 equal *tmp13 @liquid-tank
-    * jump *label20 equal *tmp13 @liquid-container
-    * jump *label19 always
+   91 jump *label19 notEqual *tmp13 @liquid-container
    92 label *label20
    93 set .CONTAINER :block
    94 set .SENSOR @totalLiquids
 
   103 label *label19
   104 jump *label22 equal *tmp13 @power-node
   105 jump *label22 equal *tmp13 @power-node-large
-    * jump *label22 equal *tmp13 @surge-tower
-    * jump *label21 always
+  106 jump *label21 notEqual *tmp13 @surge-tower
   107 label *label22
   108 set .CONTAINER :block
   109 set .SENSOR @powerNetStored

Modifications by Iterated phase, Condition Optimization, pass 1, iteration 1 (-6 instructions):
 
    26 set .MEMORY null
    27 set :n @links
    28 label *label3
-    * op greaterThan *tmp9 :n 0
-    * jump *label5 equal *tmp9 false
+   29 jump *label5 lessThanEq :n 0
    30 op sub :n :n 1
    31 getlink :block :n
    32 print "\nFound: "
 
   156 control enabled .SWITCH 0
   157 label *label25
   158 sensor *tmp43 .SWITCH @enabled
-    * op equal *tmp44 *tmp43 0
-    * jump *label27 equal *tmp44 false
+  159 jump *label27 notEqual *tmp43 0
   160 set :startTime @time
   161 set :prevTick :nextTick
   162 op add :nextTick :nextTick .TICKS
   163 op add *tmp47 :nextTick .TICKS
-    * op greaterThan *tmp48 @tick *tmp47
-    * jump *label28 equal *tmp48 false
+  164 jump *label28 lessThanEq @tick *tmp47
   165 set :prevTick @tick
   166 op add :nextTick :prevTick .TICKS
   167 jump *label29 always
   168 label *label28
   169 label *label29
   170 label *label30
-    * op lessThan *tmp52 @tick :nextTick
-    * jump *label32 equal *tmp52 false
-    * op lessThan *tmp53 @tick :prevTick
-    * jump *label33 equal *tmp53 false
+  171 jump *label32 greaterThanEq @tick :nextTick
+  172 jump *label33 greaterThanEq @tick :prevTick
   173 end
   174 jump *label34 always
   175 label *label33
 
   183 op div *tmp58 *tmp57 :max
   184 op add :scaled 10 *tmp58
   185 op add :index :index 1
-    * op greaterThan *tmp61 :index .END_INDEX
-    * jump *label35 equal *tmp61 false
+  186 jump *label35 lessThanEq :index .END_INDEX
   187 set :index .START_INDEX
   188 jump *label36 always
   189 label *label35

Modifications by Iterated phase, Single Step Elimination, pass 1, iteration 1 (-4 instructions):
 
   113 set .R1 255
   114 set .G1 255
   115 set .B1 80
-    * jump *label6 always
   116 label *label21
   117 label *label6
   118 label *label4
 
   163 jump *label28 lessThanEq @tick *tmp47
   164 set :prevTick @tick
   165 op add :nextTick :prevTick .TICKS
-    * jump *label29 always
   166 label *label28
   167 label *label29
   168 label *label30
   169 jump *label32 greaterThanEq @tick :nextTick
   170 jump *label33 greaterThanEq @tick :prevTick
   171 end
-    * jump *label34 always
   172 label *label33
   173 label *label34
   174 label *label31
 
   182 op add :index :index 1
   183 jump *label35 lessThanEq :index .END_INDEX
   184 set :index .START_INDEX
-    * jump *label36 always
   185 label *label35
   186 label *label36
   187 write :index .MEMORY .M_START_INDEX

Modifications by Iterated phase, Data Flow Optimization, pass 1, iteration 1:
     0 set .TICKS 60
     1 set .M_START_INDEX 0
-    * op add .M_CURRENT_INDEX .M_START_INDEX 1
-    * op add .M_END_INDEX .M_CURRENT_INDEX 1
-    * op add .M_R0 .M_END_INDEX 1
-    * op add .M_G0 .M_R0 1
-    * op add .M_B0 .M_G0 1
-    * op add .M_R1 .M_B0 1
-    * op add .M_G1 .M_R1 1
-    * op add .M_B1 .M_G1 1
+    2 op add .M_CURRENT_INDEX 0 1
+    3 op add .M_END_INDEX 1 1
+    4 op add .M_R0 2 1
+    5 op add .M_G0 3 1
+    6 op add .M_B0 4 1
+    7 op add .M_R1 5 1
+    8 op add .M_G1 6 1
+    9 op add .M_B1 7 1
    10 set .B0 null
    11 set .B1 null
    12 set .END_INDEX null
 
   140 label *label1
   141 jump *label0 always
   142 label *label2
-    * write .START_INDEX .MEMORY .M_START_INDEX
-    * write .END_INDEX .MEMORY .M_END_INDEX
-    * write .R0 .MEMORY .M_R0
-    * write .G0 .MEMORY .M_G0
-    * write .B0 .MEMORY .M_B0
-    * write .R1 .MEMORY .M_R1
-    * write .G1 .MEMORY .M_G1
-    * write .B1 .MEMORY .M_B1
-    * read *tmp38 .MEMORY .M_CURRENT_INDEX
+  143 write .START_INDEX .MEMORY 0
+  144 write .END_INDEX .MEMORY 2
+  145 write .R0 .MEMORY 3
+  146 write .G0 .MEMORY 4
+  147 write .B0 .MEMORY 5
+  148 write .R1 .MEMORY 6
+  149 write .G1 .MEMORY 7
+  150 write .B1 .MEMORY 8
+  151 read *tmp38 .MEMORY 1
   152 op max *tmp37 .START_INDEX *tmp38
   153 op min :index *tmp37 .END_INDEX
   154 set :nextTick @tick
 
   158 jump *label27 notEqual *tmp43 0
   159 set :startTime @time
   160 set :prevTick :nextTick
-    * op add :nextTick :nextTick .TICKS
-    * op add *tmp47 :nextTick .TICKS
+  161 op add :nextTick :nextTick 60
+  162 op add *tmp47 :nextTick 60
   163 jump *label28 lessThanEq @tick *tmp47
   164 set :prevTick @tick
-    * op add :nextTick :prevTick .TICKS
+  165 op add :nextTick :prevTick 60
   166 label *label28
   167 label *label29
   168 label *label30
 
   184 set :index .START_INDEX
   185 label *label35
   186 label *label36
-    * write :index .MEMORY .M_START_INDEX
+  187 write :index .MEMORY 0
   188 write :scaled .MEMORY :index
   189 op sub *tmp67 :index .SIZE
   190 write :scaled .MEMORY *tmp67

Modifications by Iterated phase, Data Flow Optimization, pass 1, iteration 2 (-10 instructions):
-    * set .TICKS 60
-    * set .M_START_INDEX 0
-    * op add .M_CURRENT_INDEX 0 1
-    * op add .M_END_INDEX 1 1
-    * op add .M_R0 2 1
-    * op add .M_G0 3 1
-    * op add .M_B0 4 1
-    * op add .M_R1 5 1
-    * op add .M_G1 6 1
-    * op add .M_B1 7 1
     0 set .B0 null
     1 set .B1 null
     2 set .END_INDEX null

Modifications by Iterated phase, Expression Optimization, pass 1, iteration 1 (-1 instructions):
 
   118 print .CONTAINER
   119 op equal *tmp15 .CONTAINER null
   120 op equal *tmp16 .MEMORY null
-    * op lor *tmp17 *tmp15 *tmp16
+  121 op or *tmp17 *tmp15 *tmp16
   122 jump *label23 equal *tmp17 false
   123 print "\nNo memory or container."
   124 printflush .MESSAGE

Modifications by Iterated phase, Loop Rotation, pass 1, iteration 1:
 
    17 set :n @links
    18 label *label3
    19 jump *label5 lessThanEq :n 0
+   20 label *label37
    21 op sub :n :n 1
    22 getlink :block :n
    23 print "\nFound: "
 
   107 label *label21
   108 label *label6
   109 label *label4
-    * jump *label3 always
+  110 jump *label37 greaterThan :n 0
   111 label *label5
   112 print "\nMessage: "
   113 print .MESSAGE
 
   158 label *label29
   159 label *label30
   160 jump *label32 greaterThanEq @tick :nextTick
+  161 label *label38
   162 jump *label33 greaterThanEq @tick :prevTick
   163 end
   164 label *label33
   165 label *label34
   166 label *label31
-    * jump *label30 always
+  167 jump *label38 lessThan @tick :nextTick
   168 label *label32
   169 sensor :amount .CONTAINER .SENSOR
   170 sensor :max .CONTAINER .MAXIMUM

Modifications by Iterated phase, Boolean Optimization, pass 1, iteration 1 (-1 instructions):
 
   172 op div *tmp58 *tmp57 :max
   173 op add :scaled 10 *tmp58
   174 op add :index :index 1
-    * jump *label35 lessThanEq :index .END_INDEX
-    * set :index .START_INDEX
-    * label *label35
-    * label *label36
+  175 select :index greaterThan :index .END_INDEX .START_INDEX :index
   176 write :index .MEMORY 0
   177 write :scaled .MEMORY :index
   178 op sub *tmp67 :index .SIZE

Modifications by Full loop rotation at line 119:1 (+1 instructions):
 
   147 label *label25
   148 sensor *tmp43 .SWITCH @enabled
   149 jump *label27 notEqual *tmp43 0
+  150 label *label39
   151 set :startTime @time
   152 set :prevTick :nextTick
   153 op add :nextTick :nextTick 60
 
   197 print "\n"
   198 printflush .MESSAGE
   199 label *label26
-    * jump *label25 always
+  200 sensor *tmp43 .SWITCH @enabled
+  201 jump *label39 equal *tmp43 0
   202 label *label27
   203 end

Modifications by Fast-dispatch case at line 31:9 (-10 instructions):
 
    23 print "\nFound: "
    24 print :block
    25 sensor *tmp13 :block @type
-    * jump *label7 notEqual *tmp13 @message
+   26 sensor *tmp71 *tmp13 @id
+   27 multijump *tmp71 0 0 (m:*label41)
+   28 multilabel *label51 (m:*label41)
+   29 multilabel *label42 (m:*label41)
+   30 label *label40
+   31 jump *label6 always
+   32 multilabel *label47 (m:*label41)
    33 label *label8
    34 set .MESSAGE :block
    35 jump *label6 always
    36 label *label7
-    * jump *label9 notEqual *tmp13 @switch
+   37 multilabel *label48 (m:*label41)
    38 label *label10
    39 set .SWITCH :block
    40 jump *label6 always
    41 label *label9
-    * jump *label11 notEqual *tmp13 @memory-bank
+   42 multilabel *label50 (m:*label41)
    43 label *label12
    44 set .MEMORY :block
    45 set .START_INDEX 264
 
    47 set .SIZE 248
    48 jump *label6 always
    49 label *label11
-    * jump *label13 notEqual *tmp13 @memory-cell
+   50 multilabel *label49 (m:*label41)
    51 label *label14
    52 set .MEMORY :block
    53 set .START_INDEX 40
 
    55 set .SIZE 24
    56 jump *label6 always
    57 label *label13
-    * jump *label16 equal *tmp13 @vault
-    * jump *label15 notEqual *tmp13 @container
+   58 multilabel *label46 (m:*label41)
    59 label *label16
    60 set .CONTAINER :block
    61 set .SENSOR @totalItems
 
    68 set .B1 80
    69 jump *label6 always
    70 label *label15
-    * jump *label18 equal *tmp13 @battery
-    * jump *label17 notEqual *tmp13 @battery-large
+   71 multilabel *label45 (m:*label41)
    72 label *label18
    73 set .CONTAINER :block
    74 set .SENSOR @totalPower
 
    81 set .B1 80
    82 jump *label6 always
    83 label *label17
-    * jump *label20 equal *tmp13 @liquid-tank
-    * jump *label19 notEqual *tmp13 @liquid-container
+   84 multilabel *label43 (m:*label41)
    85 label *label20
    86 set .CONTAINER :block
    87 set .SENSOR @totalLiquids
 
    94 set .B1 255
    95 jump *label6 always
    96 label *label19
-    * jump *label22 equal *tmp13 @power-node
-    * jump *label22 equal *tmp13 @power-node-large
-    * jump *label21 notEqual *tmp13 @surge-tower
+   97 multilabel *label44 (m:*label41)
    98 label *label22
    99 set .CONTAINER :block
   100 set .SENSOR @powerNetStored
 
   105 set .R1 255
   106 set .G1 255
   107 set .B1 80
-    * label *label21
   108 label *label6
   109 label *label4
   110 jump *label37 greaterThan :n 0

Modifications by Jumps phase, Jump Threading, pass 3, iteration 1:
+    0 label __start__
     1 set .B0 null
     2 set .B1 null
     3 set .END_INDEX null
 
   106 jump *label23 equal *tmp17 false
   107 print "\nNo memory or container."
   108 printflush .MESSAGE
-    * jump *label24 always
+  109 jump *label0 always
   110 label *label23
   111 printflush .MESSAGE
   112 jump *label2 always
 
   127 set :nextTick @tick
   128 control enabled .SWITCH 0
   129 sensor *tmp43 .SWITCH @enabled
-    * jump *label27 notEqual *tmp43 0
+  130 jump __start__ notEqual *tmp43 0
   131 label *label39
   132 set :startTime @time
   133 set :prevTick :nextTick

Modifications by Jumps phase, Single Step Elimination, pass 3, iteration 1 (-1 instructions):
 
   174 printflush .MESSAGE
   175 sensor *tmp43 .SWITCH @enabled
   176 jump *label39 equal *tmp43 0
-    * end

Modifications by Jumps phase, Unreachable Code Elimination, pass 4, iteration 1 (-1 instructions):
 
   110 label *label23
   111 printflush .MESSAGE
   112 jump *label2 always
-    * jump *label0 always
   113 label *label2
   114 write .START_INDEX .MEMORY 0
   115 write .END_INDEX .MEMORY 2

Modifications by Jumps phase, Single Step Elimination, pass 4, iteration 1 (-1 instructions):
 
   109 jump *label0 always
   110 label *label23
   111 printflush .MESSAGE
-    * jump *label2 always
   112 label *label2
   113 write .START_INDEX .MEMORY 0
   114 write .END_INDEX .MEMORY 2

Modifications by Final phase, Print Merging, iteration 1 (-13 instructions):
 
    92 label *label6
    93 jump *label37 greaterThan :n 0
    94 label *label5
-    * print "\nMessage: "
-    * print .MESSAGE
-    * print "\nSwitch: "
-    * print .SWITCH
-    * print "\nMemory: "
-    * print .MEMORY
-    * print "\nContainer: "
+   95 print "\nMessage: {0}\nSwitch: {0}\nMemory: {0}\nContainer: "
+   96 format .MESSAGE
+   97 format .SWITCH
+   98 format .MEMORY
    99 print .CONTAINER
   100 op equal *tmp15 .CONTAINER null
   101 op equal *tmp16 .MEMORY null
 
   148 write :scaled .MEMORY :index
   149 op sub *tmp67 :index .SIZE
   150 write :scaled .MEMORY *tmp67
-    * print "Item/Liquid/Energy Level Meter\n"
-    * print "StartIndex: "
-    * print .START_INDEX
-    * print "\n"
-    * print "Index: "
-    * print :index
-    * print "\n"
-    * print "Amount: "
-    * print :amount
-    * print "\n"
-    * print "Scaled: "
-    * print :scaled
-    * print "\n"
+  151 print "Item/Liquid/Energy Level Meter\nStartIndex: {0}\nIndex: {0}\nAmount: {0}\nScaled: {0}\nElapsed: {0}\n"
+  152 format .START_INDEX
+  153 format :index
+  154 format :amount
+  155 format :scaled
   156 op sub *tmp70 @time :startTime
-    * print "Elapsed: "
-    * print *tmp70
-    * print "\n"
+  157 format *tmp70
   158 printflush .MESSAGE
   159 sensor *tmp43 .SWITCH @enabled
   160 jump *label39 equal *tmp43 0

Final code before resolving virtual instructions:

        label __start__
    0:  set .B0 null                                                 B0 = null; B1 = null; END_INDEX = null; G0 = null; G1 = null; MAXIMUM = null; MESSAGE = null;
    1:  set .B1 null                                                 ...
    2:  set .END_INDEX null                                          ...
    3:  set .G0 null                                                 ...
    4:  set .G1 null                                                 ...
    5:  set .MAXIMUM null                                            ...
    6:  set .MESSAGE null                                            ...
    7:  set .R0 null                                                 R0 = null; R1 = null; SENSOR = null; SIZE = null; START_INDEX = null; SWITCH = null;
    8:  set .R1 null                                                 ...
    9:  set .SENSOR null                                             ...
   10:  set .SIZE null                                               ...
   11:  set .START_INDEX null                                        ...
   12:  set .SWITCH null                                             ...
        label *label0                                                while true do
   13:  print "Item/Liquid/Energy Level Meter"                       print("Item/Liquid/Energy Level Meter");
   14:  set .CONTAINER null                                          CONTAINER = null;
   15:  set .MEMORY null                                             MEMORY = null;
   16:  set :n @links                                                n = @links;
   17:  jump *label5 lessThanEq :n 0                                 while n > 0 do
        label *label37                                               ...
   18:  op sub :n :n 1                                               n = n - 1;
   19:  getlink :block :n                                            block = getlink(n);
   20:  print "\nFound: "                                            print("\nFound: ", block);
   21:  print :block                                                 ...
   22:  sensor *tmp0 :block @type                                    case block.@type
   23:  sensor *tmp12 *tmp0 @id                                      while n > 0 do
   24:  multijump *tmp12 0 0                                         case block.@type
        multilabel *label51                                          ...
        multilabel *label42                                          ...
   25:  jump *label6 always 0 0                                      ...
        multilabel *label47                                          ...
   26:  set .MESSAGE :block                                          MESSAGE = block;
   27:  jump *label6 always 0 0                                      case block.@type
        multilabel *label48                                          ...
   28:  set .SWITCH :block                                           SWITCH = block;
   29:  jump *label6 always 0 0                                      case block.@type
        multilabel *label50                                          ...
   30:  set .MEMORY :block                                           MEMORY = block;
   31:  set .START_INDEX 264                                         START_INDEX = 264;
   32:  set .END_INDEX 511                                           END_INDEX = 511;
   33:  set .SIZE 248                                                SIZE = 248;
   34:  jump *label6 always 0 0                                      case block.@type
        multilabel *label49                                          ...
   35:  set .MEMORY :block                                           MEMORY = block;
   36:  set .START_INDEX 40                                          START_INDEX = 40;
   37:  set .END_INDEX 63                                            END_INDEX = 63;
   38:  set .SIZE 24                                                 SIZE = 24;
   39:  jump *label6 always 0 0                                      case block.@type
        multilabel *label46                                          ...
   40:  set .CONTAINER :block                                        CONTAINER = block;
   41:  set .SENSOR @totalItems                                      SENSOR = @totalItems;
   42:  set .MAXIMUM @itemCapacity                                   MAXIMUM = @itemCapacity;
   43:  set .R0 0                                                    R0 = 0;
   44:  set .G0 80                                                   G0 = 80;
   45:  set .B0 0                                                    B0 = 0;
   46:  set .R1 80                                                   R1 = 80;
   47:  set .G1 255                                                  G1 = 255;
   48:  set .B1 80                                                   B1 = 80;
   49:  jump *label6 always 0 0                                      case block.@type
        multilabel *label45                                          ...
   50:  set .CONTAINER :block                                        CONTAINER = block;
   51:  set .SENSOR @totalPower                                      SENSOR = @totalPower;
   52:  set .MAXIMUM @powerCapacity                                  MAXIMUM = @powerCapacity;
   53:  set .R0 80                                                   R0 = 80;
   54:  set .G0 80                                                   G0 = 80;
   55:  set .B0 0                                                    B0 = 0;
   56:  set .R1 255                                                  R1 = 255;
   57:  set .G1 255                                                  G1 = 255;
   58:  set .B1 80                                                   B1 = 80;
   59:  jump *label6 always 0 0                                      case block.@type
        multilabel *label43                                          ...
   60:  set .CONTAINER :block                                        CONTAINER = block;
   61:  set .SENSOR @totalLiquids                                    SENSOR = @totalLiquids;
   62:  set .MAXIMUM @liquidCapacity                                 MAXIMUM = @liquidCapacity;
   63:  set .R0 0                                                    R0 = 0;
   64:  set .G0 0                                                    G0 = 0;
   65:  set .B0 192                                                  B0 = 192;
   66:  set .R1 192                                                  R1 = 192;
   67:  set .G1 192                                                  G1 = 192;
   68:  set .B1 255                                                  B1 = 255;
   69:  jump *label6 always 0 0                                      case block.@type
        multilabel *label44                                          ...
   70:  set .CONTAINER :block                                        CONTAINER = block;
   71:  set .SENSOR @powerNetStored                                  SENSOR = @powerNetStored;
   72:  set .MAXIMUM @powerNetCapacity                               MAXIMUM = @powerNetCapacity;
   73:  set .R0 80                                                   R0 = 80;
   74:  set .G0 80                                                   G0 = 80;
   75:  set .B0 0                                                    B0 = 0;
   76:  set .R1 255                                                  R1 = 255;
   77:  set .G1 255                                                  G1 = 255;
   78:  set .B1 80                                                   B1 = 80;
        label *label6                                                case block.@type
   79:  jump *label37 greaterThan :n 0                               while n > 0 do
        label *label5                                                ...
   80:  print "\nMessage: {0}\nSwitch: {0}\nMemory: {0}\nContainer:  print("\nMessage: ", MESSAGE);
   81:  format .MESSAGE                                              ...
   82:  format .SWITCH                                               print("\nSwitch: ", SWITCH);
   83:  format .MEMORY                                               print("\nMemory: ", MEMORY);
   84:  print .CONTAINER                                             print("\nContainer: ", CONTAINER);
   85:  op equal *tmp1 .CONTAINER null                               if CONTAINER == null || MEMORY == null then
   86:  op equal *tmp2 .MEMORY null                                  ...
   87:  op or *tmp3 *tmp1 *tmp2                                      ...
   88:  jump *label23 equal *tmp3 false                              ...
   89:  print "\nNo memory or container."                            print("\nNo memory or container.");
   90:  printflush .MESSAGE                                          printflush(MESSAGE);
   91:  jump *label0 always 0 0                                      if CONTAINER == null || MEMORY == null then
        label *label23                                               ...
   92:  printflush .MESSAGE                                          printflush(MESSAGE);
   93:  write .START_INDEX .MEMORY 0                                 MEMORY[M_START_INDEX] = START_INDEX;
   94:  write .END_INDEX .MEMORY 2                                   MEMORY[M_END_INDEX] = END_INDEX;
   95:  write .R0 .MEMORY 3                                          MEMORY[M_R0] = R0;
   96:  write .G0 .MEMORY 4                                          MEMORY[M_G0] = G0;
   97:  write .B0 .MEMORY 5                                          MEMORY[M_B0] = B0;
   98:  write .R1 .MEMORY 6                                          MEMORY[M_R1] = R1;
   99:  write .G1 .MEMORY 7                                          MEMORY[M_G1] = G1;
  100:  write .B1 .MEMORY 8                                          MEMORY[M_B1] = B1;
  101:  read *tmp5 .MEMORY 1                                         index = min(max(START_INDEX, MEMORY[M_CURRENT_INDEX]), END_INDEX);
  102:  op max *tmp4 .START_INDEX *tmp5                              ...
  103:  op min :index *tmp4 .END_INDEX                               ...
  104:  set :nextTick @tick                                          nextTick = @tick;
  105:  control enabled .SWITCH 0 0 0 0                              SWITCH.enabled = 0;
  106:  sensor *tmp6 .SWITCH @enabled                                while SWITCH.@enabled == 0 do
  107:  jump __start__ notEqual *tmp6 0                              ...
        label *label39                                               ...
  108:  set :startTime @time                                         startTime = @time;
  109:  set :prevTick :nextTick                                      prevTick = nextTick;
  110:  op add :nextTick :nextTick 60                                nextTick = nextTick + TICKS;
  111:  op add *tmp7 :nextTick 60                                    if @tick > nextTick + TICKS then
  112:  jump *label28 lessThanEq @tick *tmp7                         ...
  113:  set :prevTick @tick                                          prevTick = @tick;
  114:  op add :nextTick :prevTick 60                                nextTick = prevTick + TICKS;
        label *label28                                               if @tick > nextTick + TICKS then
  115:  jump *label32 greaterThanEq @tick :nextTick                  while @tick < nextTick do
        label *label38                                               ...
  116:  jump *label33 greaterThanEq @tick :prevTick                  if @tick < prevTick then        // can happen after loading game
  117:  end                                                          end();
        label *label33                                               if @tick < prevTick then        // can happen after loading game
  118:  jump *label38 lessThan @tick :nextTick                       while @tick < nextTick do
        label *label32                                               ...
  119:  sensor :amount .CONTAINER .SENSOR                            amount = CONTAINER.sensor(SENSOR);
  120:  sensor :max .CONTAINER .MAXIMUM                              max = CONTAINER.sensor(MAXIMUM);
  121:  op mul *tmp8 :amount 150                                     scaled = 10 + amount * 150 / max;
  122:  op div *tmp9 *tmp8 :max                                      ...
  123:  op add :scaled 10 *tmp9                                      ...
  124:  op add :index :index 1                                       index = index + 1;
  125:  select :index greaterThan :index .END_INDEX .START_INDEX :in if index > END_INDEX then index = START_INDEX; end;
  126:  write :index .MEMORY 0                                       MEMORY[M_START_INDEX] = index;
  127:  write :scaled .MEMORY :index                                 MEMORY[index] = scaled;
  128:  op sub *tmp10 :index .SIZE                                   MEMORY[index - SIZE] = scaled;
  129:  write :scaled .MEMORY *tmp10                                 ...
  130:  print "Item/Liquid/Energy Level Meter\nStartIndex: {0}\nInde print("Item/Liquid/Energy Level Meter\n");
  131:  format .START_INDEX                                          print("StartIndex: ", START_INDEX, "\n");
  132:  format :index                                                print("Index: ", index, "\n");
  133:  format :amount                                               print("Amount: ", amount, "\n");
  134:  format :scaled                                               print("Scaled: ", scaled, "\n");
  135:  op sub *tmp11 @time :startTime                               print("Elapsed: ", @time - startTime, "\n");
  136:  format *tmp11                                                ...
  137:  printflush .MESSAGE                                          printflush(MESSAGE);
  138:  sensor *tmp6 .SWITCH @enabled                                while SWITCH.@enabled == 0 do
  139:  jump *label39 equal *tmp6 0                                  ...


Code size and number of instantiations by function:
  Size  Times  AvgSize  Function
   140     1x    140,0  <no function>

