   162 instructions before optimizations.
    34 instructions eliminated by Temp Variables Elimination (6 iterations).
     1 instructions eliminated by Case Expression Optimization.
     7 instructions eliminated by Dead Code Elimination (4 iterations).
     2 instructions eliminated by Jump Normalization (5 iterations).
     4 instructions eliminated by Condition Optimization (6 iterations).
     3 instructions eliminated by Single Step Elimination (2 passes, 7 iterations).
     2 instructions eliminated by Expression Optimization (3 iterations).
    16 instructions eliminated by Data Flow Optimization (3 passes, 11 iterations).
     4 instructions added by Loop Rotation (3 iterations).
       5 loop conditions were partially rotated.
     2 instructions eliminated by Case Switching (6 iterations).
     1 case expressions converted to fast dispatch by Case Switching.
     4 instructions eliminated by Jump Straightening (6 iterations).
     9 instructions eliminated by Print Merging.
    82 instructions after optimizations.

Pass 1: speed optimization selection (cost limit 902):
    Full loop rotation at line 17:1                              size    +3, benefit       26.0, efficiency      8.667
  * Full loop rotation at line 49:1                              size    +1, benefit       26.0, efficiency     26.000 (+1 instructions)
  o Fast-dispatch case at line 24:9                              size    -3, benefit      625.0, efficiency   Infinity

Pass 1: speed optimization selection (cost limit 901):
  * Full loop rotation at line 17:1                              size    +3, benefit       26.0, efficiency      8.667 (-3 instructions)
  o Fast-dispatch case at line 24:9                              size    -3, benefit      625.0, efficiency   Infinity

Pass 1: speed optimization selection (cost limit 904):
  * Fast-dispatch case at line 24:9                              size    -3, benefit      625.0, efficiency   Infinity (-2 instructions)

Modifications by Initial phase, Case Expression Optimization, iteration 1 (-1 instructions):
 
    37 print "\nFound: "
    38 print :block
    39 sensor *tmp16 :block @type
-    * set *tmp17 *tmp16
-    * jump *label8 equal *tmp17 @large-logic-display
+   40 jump *label8 equal *tmp16 @large-logic-display
    41 jump *label7 always
    42 label *label8
    43 set .DISPLAY :block
    44 set *tmp15 .DISPLAY
    45 jump *label6 always
    46 label *label7
-    * jump *label10 equal *tmp17 @message
+   47 jump *label10 equal *tmp16 @message
    48 jump *label9 always
    49 label *label10
    50 set .MESSAGE :block
    51 set *tmp15 .MESSAGE
    52 jump *label6 always
    53 label *label9
-    * jump *label12 equal *tmp17 @switch
+   54 jump *label12 equal *tmp16 @switch
    55 jump *label11 always
    56 label *label12
    57 set .SWITCH :block
    58 set *tmp15 .SWITCH
    59 jump *label6 always
    60 label *label11
-    * jump *label14 equal *tmp17 @memory-bank
-    * jump *label14 equal *tmp17 @memory-cell
+   61 jump *label14 equal *tmp16 @memory-bank
+   62 jump *label14 equal *tmp16 @memory-cell
    63 jump *label13 always
    64 label *label14
    65 set .MEMORY :block

Modifications by Initial phase, Dead Code Elimination, iteration 1 (-7 instructions):
 
    41 jump *label7 always
    42 label *label8
    43 set .DISPLAY :block
-    * set *tmp15 .DISPLAY
    44 jump *label6 always
    45 label *label7
    46 jump *label10 equal *tmp16 @message
    47 jump *label9 always
    48 label *label10
    49 set .MESSAGE :block
-    * set *tmp15 .MESSAGE
    50 jump *label6 always
    51 label *label9
    52 jump *label12 equal *tmp16 @switch
    53 jump *label11 always
    54 label *label12
    55 set .SWITCH :block
-    * set *tmp15 .SWITCH
    56 jump *label6 always
    57 label *label11
    58 jump *label14 equal *tmp16 @memory-bank
 
    60 jump *label13 always
    61 label *label14
    62 set .MEMORY :block
-    * set *tmp15 .MEMORY
    63 jump *label6 always
    64 label *label13
-    * set *tmp15 null
    65 label *label6
    66 label *label4
    67 jump *label3 always
 
    83 op lor *tmp20 *tmp18 *tmp19
    84 jump *label15 equal *tmp20 false
    85 print "\nNo memory or display."
-    * set *tmp21 "\nNo memory or display."
    86 jump *label16 always
    87 label *label15
-    * set *tmp21 null
    88 label *label16
    89 printflush .MESSAGE
    90 label *label1

Modifications by Initial phase, Temp Variables Elimination, iteration 1 (-34 instructions):
 
     3 set .MESSAGE null
     4 set .SWITCH null
     5 set .M_START_INDEX 0
-    * op add *tmp0 .M_START_INDEX 1
-    * set .M_CURRENT_INDEX *tmp0
-    * op add *tmp1 .M_CURRENT_INDEX 1
-    * set .M_END_INDEX *tmp1
-    * op add *tmp2 .M_END_INDEX 1
-    * set .M_R0 *tmp2
-    * op add *tmp3 .M_R0 1
-    * set .M_G0 *tmp3
-    * op add *tmp4 .M_G0 1
-    * set .M_B0 *tmp4
-    * op add *tmp5 .M_B0 1
-    * set .M_R1 *tmp5
-    * op add *tmp6 .M_R1 1
-    * set .M_G1 *tmp6
-    * op add *tmp7 .M_G1 1
-    * set .M_B1 *tmp7
+    6 op add .M_CURRENT_INDEX .M_START_INDEX 1
+    7 op add .M_END_INDEX .M_CURRENT_INDEX 1
+    8 op add .M_R0 .M_END_INDEX 1
+    9 op add .M_G0 .M_R0 1
+   10 op add .M_B0 .M_G0 1
+   11 op add .M_R1 .M_B0 1
+   12 op add .M_G1 .M_R1 1
+   13 op add .M_B1 .M_G1 1
    14 label *label0
    15 op equal *tmp8 .MEMORY null
    16 op equal *tmp9 .DISPLAY null
    17 op lor *tmp10 *tmp8 *tmp9
    18 jump *label2 equal *tmp10 false
    19 print "Item/Liquid/Energy Level Display"
-    * set *tmp11 @links
-    * set :n *tmp11
+   20 set :n @links
    21 label *label3
    22 op greaterThan *tmp12 :n 0
    23 jump *label5 equal *tmp12 false
-    * op sub *tmp13 :n 1
-    * set :n *tmp13
-    * getlink *tmp14 :n
-    * set :block *tmp14
+   24 op sub :n :n 1
+   25 getlink :block :n
    26 print "\nFound: "
    27 print :block
    28 sensor *tmp16 :block @type
 
    79 label *label1
    80 jump *label0 always
    81 label *label2
-    * set *tmp22 .M_CURRENT_INDEX
-    * read *tmp24 .MEMORY *tmp22
-    * set .CURRENT_INDEX *tmp24
-    * set *tmp25 .M_R0
-    * read *tmp27 .MEMORY *tmp25
-    * set .R0 *tmp27
-    * set *tmp28 .M_G0
-    * read *tmp30 .MEMORY *tmp28
-    * set .G0 *tmp30
-    * set *tmp31 .M_B0
-    * read *tmp33 .MEMORY *tmp31
-    * set .B0 *tmp33
-    * set *tmp34 .M_R1
-    * read *tmp36 .MEMORY *tmp34
-    * set .R1 *tmp36
-    * set *tmp37 .M_G1
-    * read *tmp39 .MEMORY *tmp37
-    * set .G1 *tmp39
-    * set *tmp40 .M_B1
-    * read *tmp42 .MEMORY *tmp40
-    * set .B1 *tmp42
+   82 read .CURRENT_INDEX .MEMORY .M_CURRENT_INDEX
+   83 read .R0 .MEMORY .M_R0
+   84 read .G0 .MEMORY .M_G0
+   85 read .B0 .MEMORY .M_B0
+   86 read .R1 .MEMORY .M_R1
+   87 read .G1 .MEMORY .M_G1
+   88 read .B1 .MEMORY .M_B1
    89 draw stroke 1
    90 label *label17
    91 sensor *tmp43 .SWITCH @enabled
    92 op equal *tmp44 *tmp43 0
    93 jump *label19 equal *tmp44 false
-    * set *tmp45 @time
-    * set :start *tmp45
+   94 set :start @time
    95 print "Item/Liquid/Energy Level Display"
    96 draw clear 0 0 80
    97 draw color .R0 .G0 .B0 255
    98 draw rect 10 10 156 156
-    * set *tmp46 .CURRENT_INDEX
-    * read *tmp48 .MEMORY *tmp46
-    * set :head *tmp48
-    * set *tmp49 :head
-    * read *tmp51 .MEMORY *tmp49
-    * set :last *tmp51
+   99 read :head .MEMORY .CURRENT_INDEX
+  100 read :last .MEMORY :head
   101 print "\nIndex: "
   102 print :head
   103 print "\nValue: "
 
   108 op greaterThan *tmp52 :x 10
   109 jump *label22 equal *tmp52 false
   110 op sub :head :head 1
-    * set *tmp53 :head
-    * read *tmp55 .MEMORY *tmp53
-    * set :value *tmp55
-    * op sub *tmp56 :x 5
-    * set :x1 *tmp56
+  111 read :value .MEMORY :head
+  112 op sub :x1 :x 5
   113 draw line :x :last :x1 :value
   114 set :x :x1
   115 set :last :value
 
   123 print *tmp57
   124 op div *tmp58 @time .FREQ
   125 op ceil *tmp59 *tmp58
-    * op mul *tmp60 .FREQ *tmp59
-    * set :wait *tmp60
+  126 op mul :wait .FREQ *tmp59
   127 set :loops 0
   128 label *label23
   129 op lessThan *tmp61 @time :wait

Modifications by Iterated phase, Jump Straightening, pass 1, iteration 1 (-4 instructions):
 
    26 print "\nFound: "
    27 print :block
    28 sensor *tmp16 :block @type
-    * jump *label8 equal *tmp16 @large-logic-display
-    * jump *label7 always
+   29 jump *label7 notEqual *tmp16 @large-logic-display
    30 label *label8
    31 set .DISPLAY :block
    32 jump *label6 always
    33 label *label7
-    * jump *label10 equal *tmp16 @message
-    * jump *label9 always
+   34 jump *label9 notEqual *tmp16 @message
    35 label *label10
    36 set .MESSAGE :block
    37 jump *label6 always
    38 label *label9
-    * jump *label12 equal *tmp16 @switch
-    * jump *label11 always
+   39 jump *label11 notEqual *tmp16 @switch
    40 label *label12
    41 set .SWITCH :block
    42 jump *label6 always
    43 label *label11
    44 jump *label14 equal *tmp16 @memory-bank
-    * jump *label14 equal *tmp16 @memory-cell
-    * jump *label13 always
+   45 jump *label13 notEqual *tmp16 @memory-cell
    46 label *label14
    47 set .MEMORY :block
    48 jump *label6 always

Modifications by Iterated phase, Condition Optimization, pass 1, iteration 1 (-4 instructions):
 
    19 print "Item/Liquid/Energy Level Display"
    20 set :n @links
    21 label *label3
-    * op greaterThan *tmp12 :n 0
-    * jump *label5 equal *tmp12 false
+   22 jump *label5 lessThanEq :n 0
    23 op sub :n :n 1
    24 getlink :block :n
    25 print "\nFound: "
 
    84 draw stroke 1
    85 label *label17
    86 sensor *tmp43 .SWITCH @enabled
-    * op equal *tmp44 *tmp43 0
-    * jump *label19 equal *tmp44 false
+   87 jump *label19 notEqual *tmp43 0
    88 set :start @time
    89 print "Item/Liquid/Energy Level Display"
    90 draw clear 0 0 80
 
    99 draw color .R1 .G1 .B1 255
   100 set :x 159
   101 label *label20
-    * op greaterThan *tmp52 :x 10
-    * jump *label22 equal *tmp52 false
+  102 jump *label22 lessThanEq :x 10
   103 op sub :head :head 1
   104 read :value .MEMORY :head
   105 op sub :x1 :x 5
 
   119 op mul :wait .FREQ *tmp59
   120 set :loops 0
   121 label *label23
-    * op lessThan *tmp61 @time :wait
-    * jump *label25 equal *tmp61 false
+  122 jump *label25 greaterThanEq @time :wait
   123 op add :loops :loops 1
   124 label *label24
   125 jump *label23 always

Modifications by Iterated phase, Single Step Elimination, pass 1, iteration 1 (-2 instructions):
 
    44 jump *label13 notEqual *tmp16 @memory-cell
    45 label *label14
    46 set .MEMORY :block
-    * jump *label6 always
    47 label *label13
    48 label *label6
    49 label *label4
 
    66 op lor *tmp20 *tmp18 *tmp19
    67 jump *label15 equal *tmp20 false
    68 print "\nNo memory or display."
-    * jump *label16 always
    69 label *label15
    70 label *label16
    71 printflush .MESSAGE

Modifications by Iterated phase, Data Flow Optimization, pass 1, iteration 1:
 
     3 set .MESSAGE null
     4 set .SWITCH null
     5 set .M_START_INDEX 0
-    * op add .M_CURRENT_INDEX .M_START_INDEX 1
-    * op add .M_END_INDEX .M_CURRENT_INDEX 1
-    * op add .M_R0 .M_END_INDEX 1
-    * op add .M_G0 .M_R0 1
-    * op add .M_B0 .M_G0 1
-    * op add .M_R1 .M_B0 1
-    * op add .M_G1 .M_R1 1
-    * op add .M_B1 .M_G1 1
+    6 op add .M_CURRENT_INDEX 0 1
+    7 op add .M_END_INDEX 1 1
+    8 op add .M_R0 2 1
+    9 op add .M_G0 3 1
+   10 op add .M_B0 4 1
+   11 op add .M_R1 5 1
+   12 op add .M_G1 6 1
+   13 op add .M_B1 7 1
    14 label *label0
    15 op equal *tmp8 .MEMORY null
    16 op equal *tmp9 .DISPLAY null
 
    72 label *label1
    73 jump *label0 always
    74 label *label2
-    * read .CURRENT_INDEX .MEMORY .M_CURRENT_INDEX
-    * read .R0 .MEMORY .M_R0
-    * read .G0 .MEMORY .M_G0
-    * read .B0 .MEMORY .M_B0
-    * read .R1 .MEMORY .M_R1
-    * read .G1 .MEMORY .M_G1
-    * read .B1 .MEMORY .M_B1
+   75 read .CURRENT_INDEX .MEMORY 1
+   76 read .R0 .MEMORY 3
+   77 read .G0 .MEMORY 4
+   78 read .B0 .MEMORY 5
+   79 read .R1 .MEMORY 6
+   80 read .G1 .MEMORY 7
+   81 read .B1 .MEMORY 8
    82 draw stroke 1
    83 label *label17
    84 sensor *tmp43 .SWITCH @enabled
 
   112 op sub *tmp57 @time :start
   113 print "\nTime: "
   114 print *tmp57
-    * op div *tmp58 @time .FREQ
+  115 op div *tmp58 @time 100
   116 op ceil *tmp59 *tmp58
-    * op mul :wait .FREQ *tmp59
+  117 op mul :wait 100 *tmp59
   118 set :loops 0
   119 label *label23
   120 jump *label25 greaterThanEq @time :wait

Modifications by Iterated phase, Data Flow Optimization, pass 1, iteration 2 (-10 instructions):
-    * set .FREQ 100
     0 set .DISPLAY null
     1 set .MEMORY null
     2 set .MESSAGE null
     3 set .SWITCH null
-    * set .M_START_INDEX 0
-    * op add .M_CURRENT_INDEX 0 1
-    * op add .M_END_INDEX 1 1
-    * op add .M_R0 2 1
-    * op add .M_G0 3 1
-    * op add .M_B0 4 1
-    * op add .M_R1 5 1
-    * op add .M_G1 6 1
-    * op add .M_B1 7 1
     4 label *label0
     5 op equal *tmp8 .MEMORY null
     6 op equal *tmp9 .DISPLAY null

Modifications by Iterated phase, Expression Optimization, pass 1, iteration 1 (-2 instructions):
 
     4 label *label0
     5 op equal *tmp8 .MEMORY null
     6 op equal *tmp9 .DISPLAY null
-    * op lor *tmp10 *tmp8 *tmp9
+    7 op or *tmp10 *tmp8 *tmp9
     8 jump *label2 equal *tmp10 false
     9 print "Item/Liquid/Energy Level Display"
    10 set :n @links
 
    53 print .DISPLAY
    54 op equal *tmp18 .MEMORY null
    55 op equal *tmp19 .DISPLAY null
-    * op lor *tmp20 *tmp18 *tmp19
+   56 op or *tmp20 *tmp18 *tmp19
    57 jump *label15 equal *tmp20 false
    58 print "\nNo memory or display."
    59 label *label15

Modifications by Iterated phase, Loop Rotation, pass 1, iteration 1:
 
    10 set :n @links
    11 label *label3
    12 jump *label5 lessThanEq :n 0
+   13 label *label26
    14 op sub :n :n 1
    15 getlink :block :n
    16 print "\nFound: "
 
    38 label *label13
    39 label *label6
    40 label *label4
-    * jump *label3 always
+   41 jump *label26 greaterThan :n 0
    42 label *label5
    43 print "\n"
    44 print "Message: "
 
    89 set :x 159
    90 label *label20
    91 jump *label22 lessThanEq :x 10
+   92 label *label27
    93 op sub :head :head 1
    94 read :value .MEMORY :head
    95 op sub :x1 :x 5
 
    97 set :x :x1
    98 set :last :value
    99 label *label21
-    * jump *label20 always
+  100 jump *label27 greaterThan :x 10
   101 label *label22
   102 draw color 255 255 255 255
   103 draw lineRect 10 10 156 156
 
   110 set :loops 0
   111 label *label23
   112 jump *label25 greaterThanEq @time :wait
+  113 label *label28
   114 op add :loops :loops 1
   115 label *label24
-    * jump *label23 always
+  116 jump *label28 lessThan @time :wait
   117 label *label25
   118 drawflush .DISPLAY
   119 print "\nWait loops: "

Modifications by Full loop rotation at line 49:1 (+1 instructions):
 
    74 label *label17
    75 sensor *tmp43 .SWITCH @enabled
    76 jump *label19 notEqual *tmp43 0
+   77 label *label29
    78 set :start @time
    79 print "Item/Liquid/Energy Level Display"
    80 draw clear 0 0 80
 
   121 print :loops
   122 printflush .MESSAGE
   123 label *label18
-    * jump *label17 always
+  124 sensor *tmp43 .SWITCH @enabled
+  125 jump *label29 equal *tmp43 0
   126 label *label19
   127 control enabled switch1 0
   128 end

Modifications by Iterated phase, Data Flow Optimization, pass 1, iteration 1:
 
    89 draw color .R1 .G1 .B1 255
    90 set :x 159
    91 label *label20
-    * jump *label22 lessThanEq :x 10
+   92 jump *label22 lessThanEq 159 10
    93 label *label27
    94 op sub :head :head 1
    95 read :value .MEMORY :head
 
    98 set :x :x1
    99 set :last :value
   100 label *label21
-    * jump *label27 greaterThan :x 10
+  101 jump *label27 greaterThan :x1 10
   102 label *label22
   103 draw color 255 255 255 255
   104 draw lineRect 10 10 156 156

Modifications by Full loop rotation at line 17:1 (+3 instructions):
 
     6 op equal *tmp9 .DISPLAY null
     7 op or *tmp10 *tmp8 *tmp9
     8 jump *label2 equal *tmp10 false
+    9 label *label30
    10 print "Item/Liquid/Energy Level Display"
    11 set :n @links
    12 label *label3
 
    62 label *label16
    63 printflush .MESSAGE
    64 label *label1
-    * jump *label0 always
+   65 op equal *tmp8 .MEMORY null
+   66 op equal *tmp9 .DISPLAY null
+   67 op or *tmp10 *tmp8 *tmp9
+   68 jump *label30 notEqual *tmp10 false
    69 label *label2
    70 read .CURRENT_INDEX .MEMORY 1
    71 read .R0 .MEMORY 3

Modifications by Iterated phase, Data Flow Optimization, pass 1, iteration 1:
 
     2 set .MESSAGE null
     3 set .SWITCH null
     4 label *label0
-    * op equal *tmp8 .MEMORY null
-    * op equal *tmp9 .DISPLAY null
-    * op or *tmp10 *tmp8 *tmp9
-    * jump *label2 equal *tmp10 false
+    5 op equal *tmp8 null null
+    6 op equal *tmp9 null null
+    7 op or *tmp10 true true
+    8 jump *label2 equal 1 false
     9 label *label30
    10 print "Item/Liquid/Energy Level Display"
    11 set :n @links
 
    64 label *label1
    65 op equal *tmp8 .MEMORY null
    66 op equal *tmp9 .DISPLAY null
-    * op or *tmp10 *tmp8 *tmp9
-    * jump *label30 notEqual *tmp10 false
+   67 op or *tmp10 *tmp18 *tmp19
+   68 jump *label30 notEqual *tmp20 false
    69 label *label2
    70 read .CURRENT_INDEX .MEMORY 1
    71 read .R0 .MEMORY 3

Modifications by Iterated phase, Data Flow Optimization, pass 1, iteration 2 (-6 instructions):
 
     2 set .MESSAGE null
     3 set .SWITCH null
     4 label *label0
-    * op equal *tmp8 null null
-    * op equal *tmp9 null null
-    * op or *tmp10 true true
     5 jump *label2 equal 1 false
     6 label *label30
     7 print "Item/Liquid/Energy Level Display"
 
    59 label *label16
    60 printflush .MESSAGE
    61 label *label1
-    * op equal *tmp8 .MEMORY null
-    * op equal *tmp9 .DISPLAY null
-    * op or *tmp10 *tmp18 *tmp19
    62 jump *label30 notEqual *tmp20 false
    63 label *label2
    64 read .CURRENT_INDEX .MEMORY 1

Modifications by Fast-dispatch case at line 24:9 (-2 instructions):
 
    14 print "\nFound: "
    15 print :block
    16 sensor *tmp16 :block @type
-    * jump *label7 notEqual *tmp16 @large-logic-display
+   17 sensor *tmp63 *tmp16 @id
+   18 multijump *tmp63 0 0 (m:*label32)
+   19 multilabel *label38 (m:*label32)
+   20 multilabel *label33 (m:*label32)
+   21 label *label31
+   22 jump *label6 always
+   23 multilabel *label37 (m:*label32)
    24 label *label8
    25 set .DISPLAY :block
    26 jump *label6 always
    27 label *label7
-    * jump *label9 notEqual *tmp16 @message
+   28 multilabel *label34 (m:*label32)
    29 label *label10
    30 set .MESSAGE :block
    31 jump *label6 always
    32 label *label9
-    * jump *label11 notEqual *tmp16 @switch
+   33 multilabel *label35 (m:*label32)
    34 label *label12
    35 set .SWITCH :block
    36 jump *label6 always
    37 label *label11
-    * jump *label14 equal *tmp16 @memory-bank
-    * jump *label13 notEqual *tmp16 @memory-cell
+   38 multilabel *label36 (m:*label32)
    39 label *label14
    40 set .MEMORY :block
-    * label *label13
    41 label *label6
    42 label *label4
    43 jump *label26 greaterThan :n 0

Modifications by Iterated phase, Jump Normalization, pass 2, iteration 1 (-2 instructions):
 
     2 set .MESSAGE null
     3 set .SWITCH null
     4 label *label0
-    * jump *label2 equal 1 false
     5 label *label30
     6 print "Item/Liquid/Energy Level Display"
     7 set :n @links
 
    90 draw color .R1 .G1 .B1 255
    91 set :x 159
    92 label *label20
-    * jump *label22 lessThanEq 159 10
    93 label *label27
    94 op sub :head :head 1
    95 read :value .MEMORY :head

Modifications by Jumps phase, Single Step Elimination, pass 4, iteration 1 (-1 instructions):
 
   104 jump *label29 equal *tmp43 0
   105 label *label19
   106 control enabled switch1 0
-    * end

Modifications by Final phase, Print Merging, iteration 1 (-9 instructions):
 
    30 label *label6
    31 jump *label26 greaterThan :n 0
    32 label *label5
-    * print "\n"
-    * print "Message: "
-    * print .MESSAGE
-    * print "\"
-    * print "nSwitch: "
-    * print .SWITCH
-    * print "\"
-    * print "nMemory: "
-    * print .MEMORY
-    * print "\"
-    * print "nDisplay: "
+   33 print "\nMessage: {0}\nSwitch: {0}\nMemory: {0}\nDisplay: "
+   34 format .MESSAGE
+   35 format .SWITCH
+   36 format .MEMORY
    37 print .DISPLAY
    38 op equal *tmp18 .MEMORY null
    39 op equal *tmp19 .DISPLAY null
 
    55 jump *label19 notEqual *tmp43 0
    56 label *label29
    57 set :start @time
-    * print "Item/Liquid/Energy Level Display"
+   58 print "Item/Liquid/Energy Level Display\nIndex: {0}\nValue: "
    59 draw clear 0 0 80
    60 draw color .R0 .G0 .B0 255
    61 draw rect 10 10 156 156
    62 read :head .MEMORY .CURRENT_INDEX
    63 read :last .MEMORY :head
-    * print "\nIndex: "
-    * print :head
-    * print "\nValue: "
+   64 format :head
    65 print :last
    66 draw color .R1 .G1 .B1 255
    67 set :x 159

Final code before resolving virtual instructions:

    0:  set .DISPLAY null                                            DISPLAY = null;
    1:  set .MEMORY null                                             MEMORY = null;
    2:  set .MESSAGE null                                            MESSAGE = null;
    3:  set .SWITCH null                                             SWITCH = null;
        label *label30                                               while MEMORY == null || DISPLAY == null do
    4:  print "Item/Liquid/Energy Level Display"                     print("Item/Liquid/Energy Level Display");
    5:  set :n @links                                                n = @links;
    6:  jump *label5 lessThanEq :n 0                                 while n > 0 do
        label *label26                                               ...
    7:  op sub :n :n 1                                               n = n - 1;
    8:  getlink :block :n                                            block = getlink(n);
    9:  print "\nFound: "                                            print("\nFound: ", block);
   10:  print :block                                                 ...
   11:  sensor *tmp0 :block @type                                    case block.@type
   12:  sensor *tmp8 *tmp0 @id                                       while n > 0 do
   13:  multijump *tmp8 0 0                                          case block.@type
        multilabel *label38                                          ...
        multilabel *label33                                          ...
   14:  jump *label6 always 0 0                                      ...
        multilabel *label37                                          ...
   15:  set .DISPLAY :block                                          when @large-logic-display       then DISPLAY = block;
   16:  jump *label6 always 0 0                                      case block.@type
        multilabel *label34                                          ...
   17:  set .MESSAGE :block                                          when @message                   then MESSAGE = block;
   18:  jump *label6 always 0 0                                      case block.@type
        multilabel *label35                                          ...
   19:  set .SWITCH :block                                           when @switch                    then SWITCH = block;
   20:  jump *label6 always 0 0                                      case block.@type
        multilabel *label36                                          ...
   21:  set .MEMORY :block                                           when @memory-bank, @memory-cell then MEMORY = block;
        label *label6                                                case block.@type
   22:  jump *label26 greaterThan :n 0                               while n > 0 do
        label *label5                                                ...
   23:  print "\nMessage: {0}\nSwitch: {0}\nMemory: {0}\nDisplay: "  print($"\nMessage: $MESSAGE\nSwitch: $SWITCH\nMemory: $MEMORY\nDisplay: $DISPLAY");
   24:  format .MESSAGE                                              ...
   25:  format .SWITCH                                               ...
   26:  format .MEMORY                                               ...
   27:  print .DISPLAY                                               ...
   28:  op equal *tmp1 .MEMORY null                                  if MEMORY == null || DISPLAY == null then
   29:  op equal *tmp2 .DISPLAY null                                 ...
   30:  op or *tmp3 *tmp1 *tmp2                                      ...
   31:  jump *label15 equal *tmp3 false                              ...
   32:  print "\nNo memory or display."                              print("\nNo memory or display.");
        label *label15                                               if MEMORY == null || DISPLAY == null then
   33:  printflush .MESSAGE                                          printflush(MESSAGE);
   34:  jump *label30 notEqual *tmp3 false                           while MEMORY == null || DISPLAY == null do
   35:  read .CURRENT_INDEX .MEMORY 1                                CURRENT_INDEX = MEMORY[M_CURRENT_INDEX];
   36:  read .R0 .MEMORY 3                                           R0 = MEMORY[M_R0];
   37:  read .G0 .MEMORY 4                                           G0 = MEMORY[M_G0];
   38:  read .B0 .MEMORY 5                                           B0 = MEMORY[M_B0];
   39:  read .R1 .MEMORY 6                                           R1 = MEMORY[M_R1];
   40:  read .G1 .MEMORY 7                                           G1 = MEMORY[M_G1];
   41:  read .B1 .MEMORY 8                                           B1 = MEMORY[M_B1];
   42:  draw stroke 1 0 0 0 0 0                                      stroke(1);
   43:  sensor *tmp4 .SWITCH @enabled                                while SWITCH.@enabled == 0 do
   44:  jump *label19 notEqual *tmp4 0                               ...
        label *label29                                               ...
   45:  set :start @time                                             start = @time;
   46:  print "Item/Liquid/Energy Level Display\nIndex: {0}\nValue:  print("Item/Liquid/Energy Level Display");
   47:  draw clear 0 0 80 0 0 0                                      clear(0,0,80);
   48:  draw color .R0 .G0 .B0 255 0 0                               color(R0,G0,B0,255);
   49:  draw rect 10 10 156 156 0 0                                  rect(10,10,156,156);
   50:  read :head .MEMORY .CURRENT_INDEX                            head = MEMORY[CURRENT_INDEX];
   51:  read :last .MEMORY :head                                     last = MEMORY[head];
   52:  format :head                                                 print("\nIndex: ", head);
   53:  print :last                                                  print("\nValue: ", last);
   54:  draw color .R1 .G1 .B1 255 0 0                               color(R1,G1,B1,255);
   55:  set :x 159                                                   x = 159;
        label *label27                                               while x > 10 do
   56:  op sub :head :head 1                                         head -= 1;
   57:  read :value .MEMORY :head                                    value = MEMORY[head];
   58:  op sub :x1 :x 5                                              x1 = x - 5;
   59:  draw line :x :last :x1 :value 0 0                            line(x, last, x1, value);
   60:  set :x :x1                                                   x = x1;
   61:  set :last :value                                             last = value;
   62:  jump *label27 greaterThan :x1 10                             while x > 10 do
   63:  draw color 255 255 255 255 0 0                               color(255,255,255,255);
   64:  draw lineRect 10 10 156 156 0 0                              lineRect(10,10,156,156);
   65:  op sub *tmp5 @time :start                                    print("\nTime: ", @time - start);
   66:  print "\nTime: "                                             ...
   67:  print *tmp5                                                  ...
   68:  op div *tmp6 @time 100                                       wait = FREQ * ceil(@time / FREQ);
   69:  op ceil *tmp7 *tmp6 0                                        ...
   70:  op mul :wait 100 *tmp7                                       ...
   71:  set :loops 0                                                 loops = 0;
   72:  jump *label25 greaterThanEq @time :wait                      while @time < wait do
        label *label28                                               ...
   73:  op add :loops :loops 1                                       loops += 1;
   74:  jump *label28 lessThan @time :wait                           while @time < wait do
        label *label25                                               ...
   75:  drawflush .DISPLAY                                           drawflush(DISPLAY);
   76:  print "\nWait loops: "                                       print("\nWait loops: ", loops);
   77:  print :loops                                                 ...
   78:  printflush .MESSAGE                                          printflush(MESSAGE);
   79:  sensor *tmp4 .SWITCH @enabled                                while SWITCH.@enabled == 0 do
   80:  jump *label29 equal *tmp4 0                                  ...
        label *label19                                               ...
   81:  control enabled switch1 0 0 0 0                              switch1.enabled = 0;


Code size and number of instantiations by function:
  Size  Times  AvgSize  Function
    82     1x     82,0  <no function>

