   116 instructions before optimizations.
     5 instructions eliminated by Temp Variables Elimination (7 iterations).
     1 instruction eliminated by Case Expression Optimization.
     1 instruction modified by Expression Optimization (4 iterations).
    36 instructions eliminated by Data Flow Optimization (5 passes, 15 iterations).
    18 instructions eliminated by Loop Unrolling (7 iterations).
     2 loops unrolled by Loop Unrolling.
    10 instructions eliminated by Case Switching (7 iterations).
     1 case expression converted to value translation by Case Switching.
     4 instructions eliminated by Jump Straightening (7 iterations).
     1 instruction eliminated by Unreachable Code Elimination (2 iterations).
    41 instructions after optimizations.

Pass 1: size optimization selection (cost limit 904):
    Unroll iteration loop at line 18:9                           size   -39, benefit    11750.0, efficiency   Infinity
    Unroll iteration loop at line 26:5                           size   -23, benefit      775.0, efficiency   Infinity
  * Translate case at line 31:21                                 size   -11, benefit       49.8, efficiency     11.000 (-10 instructions)

Pass 1: speed optimization selection (cost limit 914):
  * Unroll iteration loop at line 18:9                           size   -39, benefit    11750.0, efficiency   Infinity (-18 instructions)
    Unroll iteration loop at line 26:5                           size   -23, benefit      775.0, efficiency   Infinity

Pass 1: speed optimization selection (cost limit 932):
  * Unroll iteration loop at line 26:5                           size   -23, benefit      775.0, efficiency   Infinity (-18 instructions)

Code size and number of instantiations by function:
  Size  Times  AvgSize  Function
    42     1x     42,0  <no function>

