    85 instructions before optimizations.
     9 instructions eliminated by Temp Variables Elimination (7 iterations).
     2 instructions eliminated by Dead Code Elimination (4 iterations).
    17 instructions eliminated by Jump Normalization (2 passes, 6 iterations).
     5 instructions eliminated by Condition Optimization (7 iterations).
     3 instructions eliminated by Single Step Elimination (2 passes, 8 iterations).
    17 instructions modified by Expression Optimization (4 iterations).
     2 instructions eliminated by Boolean Optimization (7 iterations).
       1 fully-evaluated expressions optimized using selects.
     1 instructions eliminated by If Expression Optimization (4 iterations).
    44 instructions eliminated by Data Flow Optimization (3 passes, 12 iterations).
   102 instructions added by Loop Unrolling (5 iterations).
     1 loops unrolled by Loop Unrolling.
     2 instructions eliminated by Jump Straightening (2 passes, 8 iterations).
     1 instructions updated by Jump Threading.
     1 instructions eliminated by Unreachable Code Elimination (2 iterations).
   101 instructions after optimizations.

Pass 1: speed optimization selection (cost limit 940):
  * Unroll iteration loop at line 31:9                           size  +100, benefit      875.0, efficiency      8.750 (+85 instructions)

Modifications by Initial phase, Dead Code Elimination, iteration 1 (-2 instructions):
 
    17 op equal *tmp6 :localCore null
    18 jump *label10 equal *tmp6 false
    19 jump *label5 always
-    * set *tmp7 null
    20 jump *label11 always
    21 label *label10
-    * set *tmp7 null
    22 label *label11
    23 set :accumulator 0
    24 set :item @thorium

Modifications by Initial phase, Temp Variables Elimination, iteration 1 (-9 instructions):
 
    12 jump *label7 notEqual *tmp3 false
    13 label *label9
    14 op add .nextTime .nextTime 1800
-    * read *tmp5 processor1 ".core"
-    * set :localCore *tmp5
+   15 read :localCore processor1 ".core"
    16 op equal *tmp6 :localCore null
    17 jump *label10 equal *tmp6 false
    18 jump *label5 always
 
    66 jump *label25 always
    67 label *label24
    68 sensor *tmp12 :item @name
-    * read *tmp13 processor1 *tmp12
-    * set *tmp11 *tmp13
+   69 read *tmp11 processor1 *tmp12
    70 label *label25
    71 set :target *tmp11
    72 op equal *tmp14 :item @sand
    73 jump *label28 equal *tmp14 false
-    * read *tmp16 processor1 ".sandContainer"
-    * set *tmp15 *tmp16
+   74 read *tmp15 processor1 ".sandContainer"
    75 jump *label29 always
    76 label *label28
    77 set *tmp15 :localCore
    78 label *label29
    79 set :container *tmp15
-    * sensor *tmp17 :container :item
-    * set :actual *tmp17
+   80 sensor :actual :container :item
    81 op sub *tmp18 :actual :target
-    * op idiv *tmp19 *tmp18 10
-    * set :measure *tmp19
+   82 op idiv :measure *tmp18 10
    83 op min *tmp20 :measure 9
    84 op max *tmp21 *tmp20 -9
-    * op add *tmp22 9 *tmp21
-    * set :measure *tmp22
+   85 op add :measure 9 *tmp21
    86 op shl *tmp23 :accumulator 5
-    * op or *tmp24 *tmp23 :measure
-    * set :accumulator *tmp24
+   87 op or :accumulator *tmp23 :measure
    88 label *label13
    89 multijump *tmp8 0 0 (m:marker0)
    90 multilabel *label23 (m:marker0)
    91 label *label14
-    * op add *tmp25 .tail 1
-    * set :newTail *tmp25
-    * set *tmp26 :newTail
-    * write :accumulator bank1 *tmp26
+   92 op add :newTail .tail 1
+   93 write :accumulator bank1 :newTail
    94 set .tail :newTail
    95 write .tail bank1 510
    96 label *label5

Modifications by Iterated phase, Jump Normalization, pass 1, iteration 1 (-1 instructions):
 
     4 write .tail bank1 510
     5 set .nextTime 1800
     6 label *label4
-    * jump *label6 equal true false
     7 label *label7
     8 label *label8
     9 read *tmp4 processor2 "time"

Modifications by Iterated phase, Jump Straightening, pass 1, iteration 1 (-1 instructions):
 
    58 jump *label26 notEqual *tmp9 false
    59 label *label27
    60 op equal *tmp10 :item @coal
-    * jump *label26 notEqual *tmp10 false
-    * jump *label24 always
+   61 jump *label24 equal *tmp10 false
    62 label *label26
    63 set *tmp11 100
    64 jump *label25 always

Modifications by Iterated phase, Condition Optimization, pass 1, iteration 1 (-5 instructions):
 
     7 label *label7
     8 label *label8
     9 read *tmp4 processor2 "time"
-    * op lessThan *tmp3 *tmp4 .nextTime
-    * jump *label7 notEqual *tmp3 false
+   10 jump *label7 lessThan *tmp4 .nextTime
    11 label *label9
    12 op add .nextTime .nextTime 1800
    13 read :localCore processor1 ".core"
-    * op equal *tmp6 :localCore null
-    * jump *label10 equal *tmp6 false
+   14 jump *label10 notEqual :localCore null
    15 jump *label5 always
    16 jump *label11 always
    17 label *label10
 
    52 set :item @copper
    53 setaddr *tmp8 *label23
    54 label *label12
-    * op equal *tmp9 :item @sand
-    * jump *label26 notEqual *tmp9 false
+   55 jump *label26 equal :item @sand
    56 label *label27
-    * op equal *tmp10 :item @coal
-    * jump *label24 equal *tmp10 false
+   57 jump *label24 notEqual :item @coal
    58 label *label26
    59 set *tmp11 100
    60 jump *label25 always
 
    63 read *tmp11 processor1 *tmp12
    64 label *label25
    65 set :target *tmp11
-    * op equal *tmp14 :item @sand
-    * jump *label28 equal *tmp14 false
+   66 jump *label28 notEqual :item @sand
    67 read *tmp15 processor1 ".sandContainer"
    68 jump *label29 always
    69 label *label28

Modifications by Iterated phase, Single Step Elimination, pass 1, iteration 1 (-1 instructions):
 
    13 read :localCore processor1 ".core"
    14 jump *label10 notEqual :localCore null
    15 jump *label5 always
-    * jump *label11 always
    16 label *label10
    17 label *label11
    18 set :accumulator 0

Modifications by Iterated phase, Data Flow Optimization, pass 1, iteration 1:
     0 set *id "id: Measurements"
     1 set .head 0
-    * write .head bank1 511
+    2 write 0 bank1 511
     3 set .tail -1
-    * write .tail bank1 510
+    4 write -1 bank1 510
     5 set .nextTime 1800
     6 label *label4
     7 label *label7
 
    69 set *tmp15 :localCore
    70 label *label29
    71 set :container *tmp15
-    * sensor :actual :container :item
-    * op sub *tmp18 :actual :target
+   72 sensor :actual *tmp15 :item
+   73 op sub *tmp18 :actual *tmp11
    74 op idiv :measure *tmp18 10
    75 op min *tmp20 :measure 9
    76 op max *tmp21 *tmp20 -9
 
    84 op add :newTail .tail 1
    85 write :accumulator bank1 :newTail
    86 set .tail :newTail
-    * write .tail bank1 510
+   87 write :newTail bank1 510
    88 label *label5
    89 jump *label4 always
    90 label *label6

Modifications by Iterated phase, Data Flow Optimization, pass 1, iteration 2 (-3 instructions):
     0 set *id "id: Measurements"
-    * set .head 0
     1 write 0 bank1 511
     2 set .tail -1
     3 write -1 bank1 510
 
    60 sensor *tmp12 :item @name
    61 read *tmp11 processor1 *tmp12
    62 label *label25
-    * set :target *tmp11
    63 jump *label28 notEqual :item @sand
    64 read *tmp15 processor1 ".sandContainer"
    65 jump *label29 always
    66 label *label28
    67 set *tmp15 :localCore
    68 label *label29
-    * set :container *tmp15
    69 sensor :actual *tmp15 :item
    70 op sub *tmp18 :actual *tmp11
    71 op idiv :measure *tmp18 10

Modifications by Iterated phase, Boolean Optimization, pass 1, iteration 1 (-2 instructions):
 
    51 setaddr *tmp8 *label23
    52 label *label12
    53 jump *label26 equal :item @sand
-    * label *label27
    54 jump *label24 notEqual :item @coal
    55 label *label26
    56 set *tmp11 100
 
    59 sensor *tmp12 :item @name
    60 read *tmp11 processor1 *tmp12
    61 label *label25
-    * jump *label28 notEqual :item @sand
-    * read *tmp15 processor1 ".sandContainer"
-    * jump *label29 always
-    * label *label28
-    * set *tmp15 :localCore
-    * label *label29
+   62 read *tmp28 processor1 ".sandContainer"
+   63 select *tmp15 equal :item @sand *tmp28 :localCore
    64 sensor :actual *tmp15 :item
    65 op sub *tmp18 :actual *tmp11
    66 op idiv :measure *tmp18 10

Modifications by Iterated phase, If Expression Optimization, pass 1, iteration 1 (-1 instructions):
 
    50 set :item @copper
    51 setaddr *tmp8 *label23
    52 label *label12
-    * jump *label26 equal :item @sand
-    * jump *label24 notEqual :item @coal
+   53 set *tmp11 100
+   54 jump *label25 equal :item @sand
+   55 jump *label25 equal :item @coal
    56 label *label26
-    * set *tmp11 100
-    * jump *label25 always
    57 label *label24
    58 sensor *tmp12 :item @name
    59 read *tmp11 processor1 *tmp12

Modifications by Unroll iteration loop at line 31:9 (+102 instructions):
 
    15 label *label10
    16 label *label11
    17 set :accumulator 0
-    * set :item @thorium
-    * setaddr *tmp8 *label15
-    * jump *label12 always
-    * multilabel *label15 (m:marker0)
-    * set :item @metaglass
-    * setaddr *tmp8 *label16
-    * jump *label12 always
-    * multilabel *label16 (m:marker0)
-    * set :item @titanium
-    * setaddr *tmp8 *label17
-    * jump *label12 always
-    * multilabel *label17 (m:marker0)
-    * set :item @silicon
-    * setaddr *tmp8 *label18
-    * jump *label12 always
-    * multilabel *label18 (m:marker0)
-    * set :item @graphite
-    * setaddr *tmp8 *label19
-    * jump *label12 always
-    * multilabel *label19 (m:marker0)
-    * set :item @coal
-    * setaddr *tmp8 *label20
-    * jump *label12 always
-    * multilabel *label20 (m:marker0)
-    * set :item @sand
-    * setaddr *tmp8 *label21
-    * jump *label12 always
-    * multilabel *label21 (m:marker0)
-    * set :item @lead
-    * setaddr *tmp8 *label22
-    * jump *label12 always
-    * multilabel *label22 (m:marker0)
-    * set :item @copper
-    * setaddr *tmp8 *label23
-    * label *label12
-    * set *tmp11 100
-    * jump *label25 equal :item @sand
-    * jump *label25 equal :item @coal
-    * label *label26
-    * label *label24
-    * sensor *tmp12 :item @name
-    * read *tmp11 processor1 *tmp12
-    * label *label25
-    * read *tmp28 processor1 ".sandContainer"
-    * select *tmp15 equal :item @sand *tmp28 :localCore
-    * sensor :actual *tmp15 :item
-    * op sub *tmp18 :actual *tmp11
-    * op idiv :measure *tmp18 10
-    * op min *tmp20 :measure 9
-    * op max *tmp21 *tmp20 -9
-    * op add :measure 9 *tmp21
-    * op shl *tmp23 :accumulator 5
-    * op or :accumulator *tmp23 :measure
-    * label *label13
-    * multijump *tmp8 0 0 (m:marker0)
-    * multilabel *label23 (m:marker0)
-    * label *label14
+   18 set :item @thorium
+   19 label *label30
+   20 set *tmp11 100
+   21 jump *label33 equal :item @sand
+   22 jump *label33 equal :item @coal
+   23 label *label31
+   24 label *label32
+   25 sensor *tmp12 :item @name
+   26 read *tmp11 processor1 *tmp12
+   27 label *label33
+   28 read *tmp28 processor1 ".sandContainer"
+   29 select *tmp15 equal :item @sand *tmp28 :localCore
+   30 sensor :actual *tmp15 :item
+   31 op sub *tmp18 :actual *tmp11
+   32 op idiv :measure *tmp18 10
+   33 op min *tmp20 :measure 9
+   34 op max *tmp21 *tmp20 -9
+   35 op add :measure 9 *tmp21
+   36 op shl *tmp23 :accumulator 5
+   37 op or :accumulator *tmp23 :measure
+   38 label *label34
+   39 set :item @metaglass
+   40 label *label37
+   41 set *tmp11 100
+   42 jump *label40 equal :item @sand
+   43 jump *label40 equal :item @coal
+   44 label *label38
+   45 label *label39
+   46 sensor *tmp12 :item @name
+   47 read *tmp11 processor1 *tmp12
+   48 label *label40
+   49 read *tmp28 processor1 ".sandContainer"
+   50 select *tmp15 equal :item @sand *tmp28 :localCore
+   51 sensor :actual *tmp15 :item
+   52 op sub *tmp18 :actual *tmp11
+   53 op idiv :measure *tmp18 10
+   54 op min *tmp20 :measure 9
+   55 op max *tmp21 *tmp20 -9
+   56 op add :measure 9 *tmp21
+   57 op shl *tmp23 :accumulator 5
+   58 op or :accumulator *tmp23 :measure
+   59 label *label41
+   60 set :item @titanium
+   61 label *label44
+   62 set *tmp11 100
+   63 jump *label47 equal :item @sand
+   64 jump *label47 equal :item @coal
+   65 label *label45
+   66 label *label46
+   67 sensor *tmp12 :item @name
+   68 read *tmp11 processor1 *tmp12
+   69 label *label47
+   70 read *tmp28 processor1 ".sandContainer"
+   71 select *tmp15 equal :item @sand *tmp28 :localCore
+   72 sensor :actual *tmp15 :item
+   73 op sub *tmp18 :actual *tmp11
+   74 op idiv :measure *tmp18 10
+   75 op min *tmp20 :measure 9
+   76 op max *tmp21 *tmp20 -9
+   77 op add :measure 9 *tmp21
+   78 op shl *tmp23 :accumulator 5
+   79 op or :accumulator *tmp23 :measure
+   80 label *label48
+   81 set :item @silicon
+   82 label *label51
+   83 set *tmp11 100
+   84 jump *label54 equal :item @sand
+   85 jump *label54 equal :item @coal
+   86 label *label52
+   87 label *label53
+   88 sensor *tmp12 :item @name
+   89 read *tmp11 processor1 *tmp12
+   90 label *label54
+   91 read *tmp28 processor1 ".sandContainer"
+   92 select *tmp15 equal :item @sand *tmp28 :localCore
+   93 sensor :actual *tmp15 :item
+   94 op sub *tmp18 :actual *tmp11
+   95 op idiv :measure *tmp18 10
+   96 op min *tmp20 :measure 9
+   97 op max *tmp21 *tmp20 -9
+   98 op add :measure 9 *tmp21
+   99 op shl *tmp23 :accumulator 5
+  100 op or :accumulator *tmp23 :measure
+  101 label *label55
+  102 set :item @graphite
+  103 label *label58
+  104 set *tmp11 100
+  105 jump *label61 equal :item @sand
+  106 jump *label61 equal :item @coal
+  107 label *label59
+  108 label *label60
+  109 sensor *tmp12 :item @name
+  110 read *tmp11 processor1 *tmp12
+  111 label *label61
+  112 read *tmp28 processor1 ".sandContainer"
+  113 select *tmp15 equal :item @sand *tmp28 :localCore
+  114 sensor :actual *tmp15 :item
+  115 op sub *tmp18 :actual *tmp11
+  116 op idiv :measure *tmp18 10
+  117 op min *tmp20 :measure 9
+  118 op max *tmp21 *tmp20 -9
+  119 op add :measure 9 *tmp21
+  120 op shl *tmp23 :accumulator 5
+  121 op or :accumulator *tmp23 :measure
+  122 label *label62
+  123 set :item @coal
+  124 label *label65
+  125 set *tmp11 100
+  126 jump *label68 equal :item @sand
+  127 jump *label68 equal :item @coal
+  128 label *label66
+  129 label *label67
+  130 sensor *tmp12 :item @name
+  131 read *tmp11 processor1 *tmp12
+  132 label *label68
+  133 read *tmp28 processor1 ".sandContainer"
+  134 select *tmp15 equal :item @sand *tmp28 :localCore
+  135 sensor :actual *tmp15 :item
+  136 op sub *tmp18 :actual *tmp11
+  137 op idiv :measure *tmp18 10
+  138 op min *tmp20 :measure 9
+  139 op max *tmp21 *tmp20 -9
+  140 op add :measure 9 *tmp21
+  141 op shl *tmp23 :accumulator 5
+  142 op or :accumulator *tmp23 :measure
+  143 label *label69
+  144 set :item @sand
+  145 label *label72
+  146 set *tmp11 100
+  147 jump *label75 equal :item @sand
+  148 jump *label75 equal :item @coal
+  149 label *label73
+  150 label *label74
+  151 sensor *tmp12 :item @name
+  152 read *tmp11 processor1 *tmp12
+  153 label *label75
+  154 read *tmp28 processor1 ".sandContainer"
+  155 select *tmp15 equal :item @sand *tmp28 :localCore
+  156 sensor :actual *tmp15 :item
+  157 op sub *tmp18 :actual *tmp11
+  158 op idiv :measure *tmp18 10
+  159 op min *tmp20 :measure 9
+  160 op max *tmp21 *tmp20 -9
+  161 op add :measure 9 *tmp21
+  162 op shl *tmp23 :accumulator 5
+  163 op or :accumulator *tmp23 :measure
+  164 label *label76
+  165 set :item @lead
+  166 label *label79
+  167 set *tmp11 100
+  168 jump *label82 equal :item @sand
+  169 jump *label82 equal :item @coal
+  170 label *label80
+  171 label *label81
+  172 sensor *tmp12 :item @name
+  173 read *tmp11 processor1 *tmp12
+  174 label *label82
+  175 read *tmp28 processor1 ".sandContainer"
+  176 select *tmp15 equal :item @sand *tmp28 :localCore
+  177 sensor :actual *tmp15 :item
+  178 op sub *tmp18 :actual *tmp11
+  179 op idiv :measure *tmp18 10
+  180 op min *tmp20 :measure 9
+  181 op max *tmp21 *tmp20 -9
+  182 op add :measure 9 *tmp21
+  183 op shl *tmp23 :accumulator 5
+  184 op or :accumulator *tmp23 :measure
+  185 label *label83
+  186 set :item @copper
+  187 label *label86
+  188 set *tmp11 100
+  189 jump *label89 equal :item @sand
+  190 jump *label89 equal :item @coal
+  191 label *label87
+  192 label *label88
+  193 sensor *tmp12 :item @name
+  194 read *tmp11 processor1 *tmp12
+  195 label *label89
+  196 read *tmp28 processor1 ".sandContainer"
+  197 select *tmp15 equal :item @sand *tmp28 :localCore
+  198 sensor :actual *tmp15 :item
+  199 op sub *tmp18 :actual *tmp11
+  200 op idiv :measure *tmp18 10
+  201 op min *tmp20 :measure 9
+  202 op max *tmp21 *tmp20 -9
+  203 op add :measure 9 *tmp21
+  204 op shl *tmp23 :accumulator 5
+  205 op or :accumulator *tmp23 :measure
+  206 label *label90
+  207 label *label14
   208 op add :newTail .tail 1
   209 write :accumulator bank1 :newTail
   210 set .tail :newTail

Modifications by Iterated phase, Data Flow Optimization, pass 1, iteration 1:
 
    18 set :item @thorium
    19 label *label30
    20 set *tmp11 100
-    * jump *label33 equal :item @sand
-    * jump *label33 equal :item @coal
+   21 jump *label33 equal @thorium @sand
+   22 jump *label33 equal @thorium @coal
    23 label *label31
    24 label *label32
-    * sensor *tmp12 :item @name
+   25 sensor *tmp12 @thorium @name
    26 read *tmp11 processor1 *tmp12
    27 label *label33
    28 read *tmp28 processor1 ".sandContainer"
-    * select *tmp15 equal :item @sand *tmp28 :localCore
-    * sensor :actual *tmp15 :item
+   29 select *tmp15 equal @thorium @sand *tmp28 :localCore
+   30 sensor :actual *tmp15 @thorium
    31 op sub *tmp18 :actual *tmp11
    32 op idiv :measure *tmp18 10
    33 op min *tmp20 :measure 9
    34 op max *tmp21 *tmp20 -9
    35 op add :measure 9 *tmp21
-    * op shl *tmp23 :accumulator 5
-    * op or :accumulator *tmp23 :measure
+   36 op shl *tmp23 0 5
+   37 op or :accumulator 0 :measure
    38 label *label34
    39 set :item @metaglass
    40 label *label37
    41 set *tmp11 100
-    * jump *label40 equal :item @sand
-    * jump *label40 equal :item @coal
+   42 jump *label40 equal @metaglass @sand
+   43 jump *label40 equal @metaglass @coal
    44 label *label38
    45 label *label39
-    * sensor *tmp12 :item @name
+   46 sensor *tmp12 @metaglass @name
    47 read *tmp11 processor1 *tmp12
    48 label *label40
    49 read *tmp28 processor1 ".sandContainer"
-    * select *tmp15 equal :item @sand *tmp28 :localCore
-    * sensor :actual *tmp15 :item
+   50 select *tmp15 equal @metaglass @sand *tmp28 :localCore
+   51 sensor :actual *tmp15 @metaglass
    52 op sub *tmp18 :actual *tmp11
    53 op idiv :measure *tmp18 10
    54 op min *tmp20 :measure 9
 
    60 set :item @titanium
    61 label *label44
    62 set *tmp11 100
-    * jump *label47 equal :item @sand
-    * jump *label47 equal :item @coal
+   63 jump *label47 equal @titanium @sand
+   64 jump *label47 equal @titanium @coal
    65 label *label45
    66 label *label46
-    * sensor *tmp12 :item @name
+   67 sensor *tmp12 @titanium @name
    68 read *tmp11 processor1 *tmp12
    69 label *label47
    70 read *tmp28 processor1 ".sandContainer"
-    * select *tmp15 equal :item @sand *tmp28 :localCore
-    * sensor :actual *tmp15 :item
+   71 select *tmp15 equal @titanium @sand *tmp28 :localCore
+   72 sensor :actual *tmp15 @titanium
    73 op sub *tmp18 :actual *tmp11
    74 op idiv :measure *tmp18 10
    75 op min *tmp20 :measure 9
 
    81 set :item @silicon
    82 label *label51
    83 set *tmp11 100
-    * jump *label54 equal :item @sand
-    * jump *label54 equal :item @coal
+   84 jump *label54 equal @silicon @sand
+   85 jump *label54 equal @silicon @coal
    86 label *label52
    87 label *label53
-    * sensor *tmp12 :item @name
+   88 sensor *tmp12 @silicon @name
    89 read *tmp11 processor1 *tmp12
    90 label *label54
    91 read *tmp28 processor1 ".sandContainer"
-    * select *tmp15 equal :item @sand *tmp28 :localCore
-    * sensor :actual *tmp15 :item
+   92 select *tmp15 equal @silicon @sand *tmp28 :localCore
+   93 sensor :actual *tmp15 @silicon
    94 op sub *tmp18 :actual *tmp11
    95 op idiv :measure *tmp18 10
    96 op min *tmp20 :measure 9
 
   102 set :item @graphite
   103 label *label58
   104 set *tmp11 100
-    * jump *label61 equal :item @sand
-    * jump *label61 equal :item @coal
+  105 jump *label61 equal @graphite @sand
+  106 jump *label61 equal @graphite @coal
   107 label *label59
   108 label *label60
-    * sensor *tmp12 :item @name
+  109 sensor *tmp12 @graphite @name
   110 read *tmp11 processor1 *tmp12
   111 label *label61
   112 read *tmp28 processor1 ".sandContainer"
-    * select *tmp15 equal :item @sand *tmp28 :localCore
-    * sensor :actual *tmp15 :item
+  113 select *tmp15 equal @graphite @sand *tmp28 :localCore
+  114 sensor :actual *tmp15 @graphite
   115 op sub *tmp18 :actual *tmp11
   116 op idiv :measure *tmp18 10
   117 op min *tmp20 :measure 9
 
   123 set :item @coal
   124 label *label65
   125 set *tmp11 100
-    * jump *label68 equal :item @sand
-    * jump *label68 equal :item @coal
+  126 jump *label68 equal @coal @sand
+  127 jump *label68 equal @coal @coal
   128 label *label66
   129 label *label67
-    * sensor *tmp12 :item @name
+  130 sensor *tmp12 @coal @name
   131 read *tmp11 processor1 *tmp12
   132 label *label68
   133 read *tmp28 processor1 ".sandContainer"
-    * select *tmp15 equal :item @sand *tmp28 :localCore
-    * sensor :actual *tmp15 :item
+  134 select *tmp15 equal @coal @sand *tmp28 :localCore
+  135 sensor :actual *tmp15 @coal
   136 op sub *tmp18 :actual *tmp11
   137 op idiv :measure *tmp18 10
   138 op min *tmp20 :measure 9
 
   144 set :item @sand
   145 label *label72
   146 set *tmp11 100
-    * jump *label75 equal :item @sand
-    * jump *label75 equal :item @coal
+  147 jump *label75 equal @sand @sand
+  148 jump *label75 equal @sand @coal
   149 label *label73
   150 label *label74
-    * sensor *tmp12 :item @name
+  151 sensor *tmp12 @sand @name
   152 read *tmp11 processor1 *tmp12
   153 label *label75
   154 read *tmp28 processor1 ".sandContainer"
-    * select *tmp15 equal :item @sand *tmp28 :localCore
-    * sensor :actual *tmp15 :item
+  155 select *tmp15 equal @sand @sand *tmp28 :localCore
+  156 sensor :actual *tmp15 @sand
   157 op sub *tmp18 :actual *tmp11
   158 op idiv :measure *tmp18 10
   159 op min *tmp20 :measure 9
 
   165 set :item @lead
   166 label *label79
   167 set *tmp11 100
-    * jump *label82 equal :item @sand
-    * jump *label82 equal :item @coal
+  168 jump *label82 equal @lead @sand
+  169 jump *label82 equal @lead @coal
   170 label *label80
   171 label *label81
-    * sensor *tmp12 :item @name
+  172 sensor *tmp12 @lead @name
   173 read *tmp11 processor1 *tmp12
   174 label *label82
   175 read *tmp28 processor1 ".sandContainer"
-    * select *tmp15 equal :item @sand *tmp28 :localCore
-    * sensor :actual *tmp15 :item
+  176 select *tmp15 equal @lead @sand *tmp28 :localCore
+  177 sensor :actual *tmp15 @lead
   178 op sub *tmp18 :actual *tmp11
   179 op idiv :measure *tmp18 10
   180 op min *tmp20 :measure 9
 
   186 set :item @copper
   187 label *label86
   188 set *tmp11 100
-    * jump *label89 equal :item @sand
-    * jump *label89 equal :item @coal
+  189 jump *label89 equal @copper @sand
+  190 jump *label89 equal @copper @coal
   191 label *label87
   192 label *label88
-    * sensor *tmp12 :item @name
+  193 sensor *tmp12 @copper @name
   194 read *tmp11 processor1 *tmp12
   195 label *label89
   196 read *tmp28 processor1 ".sandContainer"
-    * select *tmp15 equal :item @sand *tmp28 :localCore
-    * sensor :actual *tmp15 :item
+  197 select *tmp15 equal @copper @sand *tmp28 :localCore
+  198 sensor :actual *tmp15 @copper
   199 op sub *tmp18 :actual *tmp11
   200 op idiv :measure *tmp18 10
   201 op min *tmp20 :measure 9

Modifications by Iterated phase, Data Flow Optimization, pass 1, iteration 2 (-13 instructions):
 
    14 jump *label5 always
    15 label *label10
    16 label *label11
-    * set :accumulator 0
-    * set :item @thorium
    17 label *label30
    18 set *tmp11 100
    19 jump *label33 equal @thorium @sand
 
    31 op min *tmp20 :measure 9
    32 op max *tmp21 *tmp20 -9
    33 op add :measure 9 *tmp21
-    * op shl *tmp23 0 5
    34 op or :accumulator 0 :measure
    35 label *label34
-    * set :item @metaglass
    36 label *label37
    37 set *tmp11 100
    38 jump *label40 equal @metaglass @sand
 
    53 op shl *tmp23 :accumulator 5
    54 op or :accumulator *tmp23 :measure
    55 label *label41
-    * set :item @titanium
    56 label *label44
    57 set *tmp11 100
    58 jump *label47 equal @titanium @sand
 
    73 op shl *tmp23 :accumulator 5
    74 op or :accumulator *tmp23 :measure
    75 label *label48
-    * set :item @silicon
    76 label *label51
    77 set *tmp11 100
    78 jump *label54 equal @silicon @sand
 
    93 op shl *tmp23 :accumulator 5
    94 op or :accumulator *tmp23 :measure
    95 label *label55
-    * set :item @graphite
    96 label *label58
    97 set *tmp11 100
    98 jump *label61 equal @graphite @sand
 
   113 op shl *tmp23 :accumulator 5
   114 op or :accumulator *tmp23 :measure
   115 label *label62
-    * set :item @coal
   116 label *label65
   117 set *tmp11 100
   118 jump *label68 equal @coal @sand
 
   120 label *label66
   121 label *label67
   122 sensor *tmp12 @coal @name
-    * read *tmp11 processor1 *tmp12
   123 label *label68
   124 read *tmp28 processor1 ".sandContainer"
   125 select *tmp15 equal @coal @sand *tmp28 :localCore
   126 sensor :actual *tmp15 @coal
-    * op sub *tmp18 :actual *tmp11
+  127 op sub *tmp18 :actual 100
   128 op idiv :measure *tmp18 10
   129 op min *tmp20 :measure 9
   130 op max *tmp21 *tmp20 -9
 
   132 op shl *tmp23 :accumulator 5
   133 op or :accumulator *tmp23 :measure
   134 label *label69
-    * set :item @sand
   135 label *label72
   136 set *tmp11 100
   137 jump *label75 equal @sand @sand
 
   139 label *label73
   140 label *label74
   141 sensor *tmp12 @sand @name
-    * read *tmp11 processor1 *tmp12
   142 label *label75
   143 read *tmp28 processor1 ".sandContainer"
   144 select *tmp15 equal @sand @sand *tmp28 :localCore
   145 sensor :actual *tmp15 @sand
-    * op sub *tmp18 :actual *tmp11
+  146 op sub *tmp18 :actual 100
   147 op idiv :measure *tmp18 10
   148 op min *tmp20 :measure 9
   149 op max *tmp21 *tmp20 -9
 
   151 op shl *tmp23 :accumulator 5
   152 op or :accumulator *tmp23 :measure
   153 label *label76
-    * set :item @lead
   154 label *label79
   155 set *tmp11 100
   156 jump *label82 equal @lead @sand
 
   171 op shl *tmp23 :accumulator 5
   172 op or :accumulator *tmp23 :measure
   173 label *label83
-    * set :item @copper
   174 label *label86
   175 set *tmp11 100
   176 jump *label89 equal @copper @sand

Modifications by Iterated phase, Data Flow Optimization, pass 1, iteration 3 (-4 instructions):
 
   114 op or :accumulator *tmp23 :measure
   115 label *label62
   116 label *label65
-    * set *tmp11 100
   117 jump *label68 equal @coal @sand
   118 jump *label68 equal @coal @coal
   119 label *label66
   120 label *label67
-    * sensor *tmp12 @coal @name
   121 label *label68
   122 read *tmp28 processor1 ".sandContainer"
   123 select *tmp15 equal @coal @sand *tmp28 :localCore
 
   131 op or :accumulator *tmp23 :measure
   132 label *label69
   133 label *label72
-    * set *tmp11 100
   134 jump *label75 equal @sand @sand
   135 jump *label75 equal @sand @coal
   136 label *label73
   137 label *label74
-    * sensor *tmp12 @sand @name
   138 label *label75
   139 read *tmp28 processor1 ".sandContainer"
   140 select *tmp15 equal @sand @sand *tmp28 :localCore

Modifications by Iterated phase, Jump Normalization, pass 2, iteration 1 (-16 instructions):
 
    16 label *label11
    17 label *label30
    18 set *tmp11 100
-    * jump *label33 equal @thorium @sand
-    * jump *label33 equal @thorium @coal
    19 label *label31
    20 label *label32
    21 sensor *tmp12 @thorium @name
 
    33 label *label34
    34 label *label37
    35 set *tmp11 100
-    * jump *label40 equal @metaglass @sand
-    * jump *label40 equal @metaglass @coal
    36 label *label38
    37 label *label39
    38 sensor *tmp12 @metaglass @name
 
    51 label *label41
    52 label *label44
    53 set *tmp11 100
-    * jump *label47 equal @titanium @sand
-    * jump *label47 equal @titanium @coal
    54 label *label45
    55 label *label46
    56 sensor *tmp12 @titanium @name
 
    69 label *label48
    70 label *label51
    71 set *tmp11 100
-    * jump *label54 equal @silicon @sand
-    * jump *label54 equal @silicon @coal
    72 label *label52
    73 label *label53
    74 sensor *tmp12 @silicon @name
 
    87 label *label55
    88 label *label58
    89 set *tmp11 100
-    * jump *label61 equal @graphite @sand
-    * jump *label61 equal @graphite @coal
    90 label *label59
    91 label *label60
    92 sensor *tmp12 @graphite @name
 
   104 op or :accumulator *tmp23 :measure
   105 label *label62
   106 label *label65
-    * jump *label68 equal @coal @sand
-    * jump *label68 equal @coal @coal
+  107 jump *label68 always
   108 label *label66
   109 label *label67
   110 label *label68
 
   120 op or :accumulator *tmp23 :measure
   121 label *label69
   122 label *label72
-    * jump *label75 equal @sand @sand
-    * jump *label75 equal @sand @coal
+  123 jump *label75 always
   124 label *label73
   125 label *label74
   126 label *label75
 
   137 label *label76
   138 label *label79
   139 set *tmp11 100
-    * jump *label82 equal @lead @sand
-    * jump *label82 equal @lead @coal
   140 label *label80
   141 label *label81
   142 sensor *tmp12 @lead @name
 
   155 label *label83
   156 label *label86
   157 set *tmp11 100
-    * jump *label89 equal @copper @sand
-    * jump *label89 equal @copper @coal
   158 label *label87
   159 label *label88
   160 sensor *tmp12 @copper @name

Modifications by Iterated phase, Single Step Elimination, pass 2, iteration 1 (-2 instructions):
 
   104 op or :accumulator *tmp23 :measure
   105 label *label62
   106 label *label65
-    * jump *label68 always
   107 label *label66
   108 label *label67
   109 label *label68
 
   119 op or :accumulator *tmp23 :measure
   120 label *label69
   121 label *label72
-    * jump *label75 always
   122 label *label73
   123 label *label74
   124 label *label75

Modifications by Iterated phase, Expression Optimization, pass 2, iteration 1:
 
    18 set *tmp11 100
    19 label *label31
    20 label *label32
-    * sensor *tmp12 @thorium @name
+   21 set *tmp12 "thorium"
    22 read *tmp11 processor1 *tmp12
    23 label *label33
    24 read *tmp28 processor1 ".sandContainer"
-    * select *tmp15 equal @thorium @sand *tmp28 :localCore
+   25 set *tmp15 :localCore
    26 sensor :actual *tmp15 @thorium
    27 op sub *tmp18 :actual *tmp11
    28 op idiv :measure *tmp18 10
    29 op min *tmp20 :measure 9
    30 op max *tmp21 *tmp20 -9
    31 op add :measure 9 *tmp21
-    * op or :accumulator 0 :measure
+   32 set :accumulator :measure
    33 label *label34
    34 label *label37
    35 set *tmp11 100
    36 label *label38
    37 label *label39
-    * sensor *tmp12 @metaglass @name
+   38 set *tmp12 "metaglass"
    39 read *tmp11 processor1 *tmp12
    40 label *label40
    41 read *tmp28 processor1 ".sandContainer"
-    * select *tmp15 equal @metaglass @sand *tmp28 :localCore
+   42 set *tmp15 :localCore
    43 sensor :actual *tmp15 @metaglass
    44 op sub *tmp18 :actual *tmp11
    45 op idiv :measure *tmp18 10
 
    53 set *tmp11 100
    54 label *label45
    55 label *label46
-    * sensor *tmp12 @titanium @name
+   56 set *tmp12 "titanium"
    57 read *tmp11 processor1 *tmp12
    58 label *label47
    59 read *tmp28 processor1 ".sandContainer"
-    * select *tmp15 equal @titanium @sand *tmp28 :localCore
+   60 set *tmp15 :localCore
    61 sensor :actual *tmp15 @titanium
    62 op sub *tmp18 :actual *tmp11
    63 op idiv :measure *tmp18 10
 
    71 set *tmp11 100
    72 label *label52
    73 label *label53
-    * sensor *tmp12 @silicon @name
+   74 set *tmp12 "silicon"
    75 read *tmp11 processor1 *tmp12
    76 label *label54
    77 read *tmp28 processor1 ".sandContainer"
-    * select *tmp15 equal @silicon @sand *tmp28 :localCore
+   78 set *tmp15 :localCore
    79 sensor :actual *tmp15 @silicon
    80 op sub *tmp18 :actual *tmp11
    81 op idiv :measure *tmp18 10
 
    89 set *tmp11 100
    90 label *label59
    91 label *label60
-    * sensor *tmp12 @graphite @name
+   92 set *tmp12 "graphite"
    93 read *tmp11 processor1 *tmp12
    94 label *label61
    95 read *tmp28 processor1 ".sandContainer"
-    * select *tmp15 equal @graphite @sand *tmp28 :localCore
+   96 set *tmp15 :localCore
    97 sensor :actual *tmp15 @graphite
    98 op sub *tmp18 :actual *tmp11
    99 op idiv :measure *tmp18 10
 
   108 label *label67
   109 label *label68
   110 read *tmp28 processor1 ".sandContainer"
-    * select *tmp15 equal @coal @sand *tmp28 :localCore
+  111 set *tmp15 :localCore
   112 sensor :actual *tmp15 @coal
   113 op sub *tmp18 :actual 100
   114 op idiv :measure *tmp18 10
 
   123 label *label74
   124 label *label75
   125 read *tmp28 processor1 ".sandContainer"
-    * select *tmp15 equal @sand @sand *tmp28 :localCore
+  126 set *tmp15 *tmp28
   127 sensor :actual *tmp15 @sand
   128 op sub *tmp18 :actual 100
   129 op idiv :measure *tmp18 10
 
   137 set *tmp11 100
   138 label *label80
   139 label *label81
-    * sensor *tmp12 @lead @name
+  140 set *tmp12 "lead"
   141 read *tmp11 processor1 *tmp12
   142 label *label82
   143 read *tmp28 processor1 ".sandContainer"
-    * select *tmp15 equal @lead @sand *tmp28 :localCore
+  144 set *tmp15 :localCore
   145 sensor :actual *tmp15 @lead
   146 op sub *tmp18 :actual *tmp11
   147 op idiv :measure *tmp18 10
 
   155 set *tmp11 100
   156 label *label87
   157 label *label88
-    * sensor *tmp12 @copper @name
+  158 set *tmp12 "copper"
   159 read *tmp11 processor1 *tmp12
   160 label *label89
   161 read *tmp28 processor1 ".sandContainer"
-    * select *tmp15 equal @copper @sand *tmp28 :localCore
+  162 set *tmp15 :localCore
   163 sensor :actual *tmp15 @copper
   164 op sub *tmp18 :actual *tmp11
   165 op idiv :measure *tmp18 10

Modifications by Iterated phase, Data Flow Optimization, pass 3, iteration 1 (-8 instructions):
 
    19 label *label31
    20 label *label32
    21 set *tmp12 "thorium"
-    * read *tmp11 processor1 *tmp12
+   22 read *tmp11 processor1 "thorium"
    23 label *label33
-    * read *tmp28 processor1 ".sandContainer"
    24 set *tmp15 :localCore
-    * sensor :actual *tmp15 @thorium
+   25 sensor :actual :localCore @thorium
    26 op sub *tmp18 :actual *tmp11
    27 op idiv :measure *tmp18 10
    28 op min *tmp20 :measure 9
 
    35 label *label38
    36 label *label39
    37 set *tmp12 "metaglass"
-    * read *tmp11 processor1 *tmp12
+   38 read *tmp11 processor1 "metaglass"
    39 label *label40
-    * read *tmp28 processor1 ".sandContainer"
    40 set *tmp15 :localCore
-    * sensor :actual *tmp15 @metaglass
+   41 sensor :actual :localCore @metaglass
    42 op sub *tmp18 :actual *tmp11
    43 op idiv :measure *tmp18 10
    44 op min *tmp20 :measure 9
 
    52 label *label45
    53 label *label46
    54 set *tmp12 "titanium"
-    * read *tmp11 processor1 *tmp12
+   55 read *tmp11 processor1 "titanium"
    56 label *label47
-    * read *tmp28 processor1 ".sandContainer"
    57 set *tmp15 :localCore
-    * sensor :actual *tmp15 @titanium
+   58 sensor :actual :localCore @titanium
    59 op sub *tmp18 :actual *tmp11
    60 op idiv :measure *tmp18 10
    61 op min *tmp20 :measure 9
 
    69 label *label52
    70 label *label53
    71 set *tmp12 "silicon"
-    * read *tmp11 processor1 *tmp12
+   72 read *tmp11 processor1 "silicon"
    73 label *label54
-    * read *tmp28 processor1 ".sandContainer"
    74 set *tmp15 :localCore
-    * sensor :actual *tmp15 @silicon
+   75 sensor :actual :localCore @silicon
    76 op sub *tmp18 :actual *tmp11
    77 op idiv :measure *tmp18 10
    78 op min *tmp20 :measure 9
 
    86 label *label59
    87 label *label60
    88 set *tmp12 "graphite"
-    * read *tmp11 processor1 *tmp12
+   89 read *tmp11 processor1 "graphite"
    90 label *label61
-    * read *tmp28 processor1 ".sandContainer"
    91 set *tmp15 :localCore
-    * sensor :actual *tmp15 @graphite
+   92 sensor :actual :localCore @graphite
    93 op sub *tmp18 :actual *tmp11
    94 op idiv :measure *tmp18 10
    95 op min *tmp20 :measure 9
 
   102 label *label66
   103 label *label67
   104 label *label68
-    * read *tmp28 processor1 ".sandContainer"
   105 set *tmp15 :localCore
-    * sensor :actual *tmp15 @coal
+  106 sensor :actual :localCore @coal
   107 op sub *tmp18 :actual 100
   108 op idiv :measure *tmp18 10
   109 op min *tmp20 :measure 9
 
   118 label *label75
   119 read *tmp28 processor1 ".sandContainer"
   120 set *tmp15 *tmp28
-    * sensor :actual *tmp15 @sand
+  121 sensor :actual *tmp28 @sand
   122 op sub *tmp18 :actual 100
   123 op idiv :measure *tmp18 10
   124 op min *tmp20 :measure 9
 
   132 label *label80
   133 label *label81
   134 set *tmp12 "lead"
-    * read *tmp11 processor1 *tmp12
+  135 read *tmp11 processor1 "lead"
   136 label *label82
-    * read *tmp28 processor1 ".sandContainer"
   137 set *tmp15 :localCore
-    * sensor :actual *tmp15 @lead
+  138 sensor :actual :localCore @lead
   139 op sub *tmp18 :actual *tmp11
   140 op idiv :measure *tmp18 10
   141 op min *tmp20 :measure 9
 
   149 label *label87
   150 label *label88
   151 set *tmp12 "copper"
-    * read *tmp11 processor1 *tmp12
+  152 read *tmp11 processor1 "copper"
   153 label *label89
-    * read *tmp28 processor1 ".sandContainer"
   154 set *tmp15 :localCore
-    * sensor :actual *tmp15 @copper
+  155 sensor :actual :localCore @copper
   156 op sub *tmp18 :actual *tmp11
   157 op idiv :measure *tmp18 10
   158 op min *tmp20 :measure 9

Modifications by Iterated phase, Data Flow Optimization, pass 3, iteration 2 (-16 instructions):
 
    18 set *tmp11 100
    19 label *label31
    20 label *label32
-    * set *tmp12 "thorium"
    21 read *tmp11 processor1 "thorium"
    22 label *label33
-    * set *tmp15 :localCore
    23 sensor :actual :localCore @thorium
    24 op sub *tmp18 :actual *tmp11
    25 op idiv :measure *tmp18 10
 
    32 set *tmp11 100
    33 label *label38
    34 label *label39
-    * set *tmp12 "metaglass"
    35 read *tmp11 processor1 "metaglass"
    36 label *label40
-    * set *tmp15 :localCore
    37 sensor :actual :localCore @metaglass
    38 op sub *tmp18 :actual *tmp11
    39 op idiv :measure *tmp18 10
 
    47 set *tmp11 100
    48 label *label45
    49 label *label46
-    * set *tmp12 "titanium"
    50 read *tmp11 processor1 "titanium"
    51 label *label47
-    * set *tmp15 :localCore
    52 sensor :actual :localCore @titanium
    53 op sub *tmp18 :actual *tmp11
    54 op idiv :measure *tmp18 10
 
    62 set *tmp11 100
    63 label *label52
    64 label *label53
-    * set *tmp12 "silicon"
    65 read *tmp11 processor1 "silicon"
    66 label *label54
-    * set *tmp15 :localCore
    67 sensor :actual :localCore @silicon
    68 op sub *tmp18 :actual *tmp11
    69 op idiv :measure *tmp18 10
 
    77 set *tmp11 100
    78 label *label59
    79 label *label60
-    * set *tmp12 "graphite"
    80 read *tmp11 processor1 "graphite"
    81 label *label61
-    * set *tmp15 :localCore
    82 sensor :actual :localCore @graphite
    83 op sub *tmp18 :actual *tmp11
    84 op idiv :measure *tmp18 10
 
    92 label *label66
    93 label *label67
    94 label *label68
-    * set *tmp15 :localCore
    95 sensor :actual :localCore @coal
    96 op sub *tmp18 :actual 100
    97 op idiv :measure *tmp18 10
 
   106 label *label74
   107 label *label75
   108 read *tmp28 processor1 ".sandContainer"
-    * set *tmp15 *tmp28
   109 sensor :actual *tmp28 @sand
   110 op sub *tmp18 :actual 100
   111 op idiv :measure *tmp18 10
 
   119 set *tmp11 100
   120 label *label80
   121 label *label81
-    * set *tmp12 "lead"
   122 read *tmp11 processor1 "lead"
   123 label *label82
-    * set *tmp15 :localCore
   124 sensor :actual :localCore @lead
   125 op sub *tmp18 :actual *tmp11
   126 op idiv :measure *tmp18 10
 
   134 set *tmp11 100
   135 label *label87
   136 label *label88
-    * set *tmp12 "copper"
   137 read *tmp11 processor1 "copper"
   138 label *label89
-    * set *tmp15 :localCore
   139 sensor :actual :localCore @copper
   140 op sub *tmp18 :actual *tmp11
   141 op idiv :measure *tmp18 10

Modifications by Jumps phase, Unreachable Code Elimination, pass 5, iteration 1 (-1 instructions):
 
     4 set .nextTime 1800
     5 label *label4
     6 label *label7
-    * label *label8
     7 read *tmp4 processor2 "time"
     8 jump *label7 lessThan *tmp4 .nextTime
-    * label *label9
     9 op add .nextTime .nextTime 1800
    10 read :localCore processor1 ".core"
    11 jump *label10 notEqual :localCore null
    12 jump *label5 always
    13 label *label10
-    * label *label11
-    * label *label30
    14 set *tmp11 100
-    * label *label31
-    * label *label32
    15 read *tmp11 processor1 "thorium"
-    * label *label33
    16 sensor :actual :localCore @thorium
    17 op sub *tmp18 :actual *tmp11
    18 op idiv :measure *tmp18 10
 
    20 op max *tmp21 *tmp20 -9
    21 op add :measure 9 *tmp21
    22 set :accumulator :measure
-    * label *label34
-    * label *label37
    23 set *tmp11 100
-    * label *label38
-    * label *label39
    24 read *tmp11 processor1 "metaglass"
-    * label *label40
    25 sensor :actual :localCore @metaglass
    26 op sub *tmp18 :actual *tmp11
    27 op idiv :measure *tmp18 10
 
    30 op add :measure 9 *tmp21
    31 op shl *tmp23 :accumulator 5
    32 op or :accumulator *tmp23 :measure
-    * label *label41
-    * label *label44
    33 set *tmp11 100
-    * label *label45
-    * label *label46
    34 read *tmp11 processor1 "titanium"
-    * label *label47
    35 sensor :actual :localCore @titanium
    36 op sub *tmp18 :actual *tmp11
    37 op idiv :measure *tmp18 10
 
    40 op add :measure 9 *tmp21
    41 op shl *tmp23 :accumulator 5
    42 op or :accumulator *tmp23 :measure
-    * label *label48
-    * label *label51
    43 set *tmp11 100
-    * label *label52
-    * label *label53
    44 read *tmp11 processor1 "silicon"
-    * label *label54
    45 sensor :actual :localCore @silicon
    46 op sub *tmp18 :actual *tmp11
    47 op idiv :measure *tmp18 10
 
    50 op add :measure 9 *tmp21
    51 op shl *tmp23 :accumulator 5
    52 op or :accumulator *tmp23 :measure
-    * label *label55
-    * label *label58
    53 set *tmp11 100
-    * label *label59
-    * label *label60
    54 read *tmp11 processor1 "graphite"
-    * label *label61
    55 sensor :actual :localCore @graphite
    56 op sub *tmp18 :actual *tmp11
    57 op idiv :measure *tmp18 10
 
    60 op add :measure 9 *tmp21
    61 op shl *tmp23 :accumulator 5
    62 op or :accumulator *tmp23 :measure
-    * label *label62
-    * label *label65
-    * label *label66
-    * label *label67
-    * label *label68
    63 sensor :actual :localCore @coal
    64 op sub *tmp18 :actual 100
    65 op idiv :measure *tmp18 10
 
    68 op add :measure 9 *tmp21
    69 op shl *tmp23 :accumulator 5
    70 op or :accumulator *tmp23 :measure
-    * label *label69
-    * label *label72
-    * label *label73
-    * label *label74
-    * label *label75
    71 read *tmp28 processor1 ".sandContainer"
    72 sensor :actual *tmp28 @sand
    73 op sub *tmp18 :actual 100
 
    77 op add :measure 9 *tmp21
    78 op shl *tmp23 :accumulator 5
    79 op or :accumulator *tmp23 :measure
-    * label *label76
-    * label *label79
    80 set *tmp11 100
-    * label *label80
-    * label *label81
    81 read *tmp11 processor1 "lead"
-    * label *label82
    82 sensor :actual :localCore @lead
    83 op sub *tmp18 :actual *tmp11
    84 op idiv :measure *tmp18 10
 
    87 op add :measure 9 *tmp21
    88 op shl *tmp23 :accumulator 5
    89 op or :accumulator *tmp23 :measure
-    * label *label83
-    * label *label86
    90 set *tmp11 100
-    * label *label87
-    * label *label88
    91 read *tmp11 processor1 "copper"
-    * label *label89
    92 sensor :actual :localCore @copper
    93 op sub *tmp18 :actual *tmp11
    94 op idiv :measure *tmp18 10
 
    97 op add :measure 9 *tmp21
    98 op shl *tmp23 :accumulator 5
    99 op or :accumulator *tmp23 :measure
-    * label *label90
-    * label *label14
   100 op add :newTail .tail 1
   101 write :accumulator bank1 :newTail
   102 set .tail :newTail
   103 write :newTail bank1 510
   104 label *label5
   105 jump *label4 always
-    * label *label6
-    * label *label3
-    * end

Modifications by Jumps phase, Jump Straightening, pass 5, iteration 1 (-1 instructions):
 
     8 jump *label7 lessThan *tmp4 .nextTime
     9 op add .nextTime .nextTime 1800
    10 read :localCore processor1 ".core"
-    * jump *label10 notEqual :localCore null
-    * jump *label5 always
+   11 jump *label5 equal :localCore null
    12 label *label10
    13 set *tmp11 100
    14 read *tmp11 processor1 "thorium"

Modifications by Jumps phase, Jump Threading, pass 5, iteration 1:
 
     8 jump *label7 lessThan *tmp4 .nextTime
     9 op add .nextTime .nextTime 1800
    10 read :localCore processor1 ".core"
-    * jump *label5 equal :localCore null
+   11 jump *label4 equal :localCore null
    12 set *tmp11 100
    13 read *tmp11 processor1 "thorium"
    14 sensor :actual :localCore @thorium

Final code before resolving virtual instructions:

    0:  set *id "id: Measurements"                                   #set target = 8;
    1:  write 0 bank1 511                                            external(resourceHistory[511]) cached head = 0;
    2:  set .tail -1                                                 external(resourceHistory[510]) cached tail = -1;
    3:  write -1 bank1 510                                           ...
    4:  set .nextTime 1800                                           var nextTime = INTERVAL;
        label *label4                                                while true do
        label *label7                                                do while TIME < nextTime;
    5:  read *tmp0 processor2 "time"                                 ...
    6:  jump *label7 lessThan *tmp0 .nextTime                        ...
    7:  op add .nextTime .nextTime 1800                              nextTime += INTERVAL;
    8:  read :localCore processor1 ".core"                           var localCore = core;        // Copy remote to local
    9:  jump *label4 equal :localCore null                           if localCore == null then continue; end;
   10:  set *tmp1 100                                                var target = (item == @sand or item == @coal) ? 100 : builderController.read(item.@name);
   11:  read *tmp1 processor1 "thorium"                              ...
   12:  sensor :actual :localCore @thorium                           var actual = container.sensor(item);
   13:  op sub *tmp2 :actual *tmp1                                   var measure = (actual - target) \ 10;
   14:  op idiv :measure *tmp2 10                                    ...
   15:  op min *tmp3 :measure 9                                      measure = 9 + max(min(measure, 9), -9);
   16:  op max *tmp4 *tmp3 -9                                        ...
   17:  op add :measure 9 *tmp4                                      ...
   18:  set :accumulator :measure                                    accumulator = accumulator << 5 | measure;
   19:  set *tmp1 100                                                var target = (item == @sand or item == @coal) ? 100 : builderController.read(item.@name);
   20:  read *tmp1 processor1 "metaglass"                            ...
   21:  sensor :actual :localCore @metaglass                         var actual = container.sensor(item);
   22:  op sub *tmp2 :actual *tmp1                                   var measure = (actual - target) \ 10;
   23:  op idiv :measure *tmp2 10                                    ...
   24:  op min *tmp3 :measure 9                                      measure = 9 + max(min(measure, 9), -9);
   25:  op max *tmp4 *tmp3 -9                                        ...
   26:  op add :measure 9 *tmp4                                      ...
   27:  op shl *tmp5 :accumulator 5                                  accumulator = accumulator << 5 | measure;
   28:  op or :accumulator *tmp5 :measure                            ...
   29:  set *tmp1 100                                                var target = (item == @sand or item == @coal) ? 100 : builderController.read(item.@name);
   30:  read *tmp1 processor1 "titanium"                             ...
   31:  sensor :actual :localCore @titanium                          var actual = container.sensor(item);
   32:  op sub *tmp2 :actual *tmp1                                   var measure = (actual - target) \ 10;
   33:  op idiv :measure *tmp2 10                                    ...
   34:  op min *tmp3 :measure 9                                      measure = 9 + max(min(measure, 9), -9);
   35:  op max *tmp4 *tmp3 -9                                        ...
   36:  op add :measure 9 *tmp4                                      ...
   37:  op shl *tmp5 :accumulator 5                                  accumulator = accumulator << 5 | measure;
   38:  op or :accumulator *tmp5 :measure                            ...
   39:  set *tmp1 100                                                var target = (item == @sand or item == @coal) ? 100 : builderController.read(item.@name);
   40:  read *tmp1 processor1 "silicon"                              ...
   41:  sensor :actual :localCore @silicon                           var actual = container.sensor(item);
   42:  op sub *tmp2 :actual *tmp1                                   var measure = (actual - target) \ 10;
   43:  op idiv :measure *tmp2 10                                    ...
   44:  op min *tmp3 :measure 9                                      measure = 9 + max(min(measure, 9), -9);
   45:  op max *tmp4 *tmp3 -9                                        ...
   46:  op add :measure 9 *tmp4                                      ...
   47:  op shl *tmp5 :accumulator 5                                  accumulator = accumulator << 5 | measure;
   48:  op or :accumulator *tmp5 :measure                            ...
   49:  set *tmp1 100                                                var target = (item == @sand or item == @coal) ? 100 : builderController.read(item.@name);
   50:  read *tmp1 processor1 "graphite"                             ...
   51:  sensor :actual :localCore @graphite                          var actual = container.sensor(item);
   52:  op sub *tmp2 :actual *tmp1                                   var measure = (actual - target) \ 10;
   53:  op idiv :measure *tmp2 10                                    ...
   54:  op min *tmp3 :measure 9                                      measure = 9 + max(min(measure, 9), -9);
   55:  op max *tmp4 *tmp3 -9                                        ...
   56:  op add :measure 9 *tmp4                                      ...
   57:  op shl *tmp5 :accumulator 5                                  accumulator = accumulator << 5 | measure;
   58:  op or :accumulator *tmp5 :measure                            ...
   59:  sensor :actual :localCore @coal                              var actual = container.sensor(item);
   60:  op sub *tmp2 :actual 100                                     var measure = (actual - target) \ 10;
   61:  op idiv :measure *tmp2 10                                    ...
   62:  op min *tmp3 :measure 9                                      measure = 9 + max(min(measure, 9), -9);
   63:  op max *tmp4 *tmp3 -9                                        ...
   64:  op add :measure 9 *tmp4                                      ...
   65:  op shl *tmp5 :accumulator 5                                  accumulator = accumulator << 5 | measure;
   66:  op or :accumulator *tmp5 :measure                            ...
   67:  read *tmp6 processor1 ".sandContainer"                       var container = item == @sand ? sandContainer : localCore;
   68:  sensor :actual *tmp6 @sand                                   var actual = container.sensor(item);
   69:  op sub *tmp2 :actual 100                                     var measure = (actual - target) \ 10;
   70:  op idiv :measure *tmp2 10                                    ...
   71:  op min *tmp3 :measure 9                                      measure = 9 + max(min(measure, 9), -9);
   72:  op max *tmp4 *tmp3 -9                                        ...
   73:  op add :measure 9 *tmp4                                      ...
   74:  op shl *tmp5 :accumulator 5                                  accumulator = accumulator << 5 | measure;
   75:  op or :accumulator *tmp5 :measure                            ...
   76:  set *tmp1 100                                                var target = (item == @sand or item == @coal) ? 100 : builderController.read(item.@name);
   77:  read *tmp1 processor1 "lead"                                 ...
   78:  sensor :actual :localCore @lead                              var actual = container.sensor(item);
   79:  op sub *tmp2 :actual *tmp1                                   var measure = (actual - target) \ 10;
   80:  op idiv :measure *tmp2 10                                    ...
   81:  op min *tmp3 :measure 9                                      measure = 9 + max(min(measure, 9), -9);
   82:  op max *tmp4 *tmp3 -9                                        ...
   83:  op add :measure 9 *tmp4                                      ...
   84:  op shl *tmp5 :accumulator 5                                  accumulator = accumulator << 5 | measure;
   85:  op or :accumulator *tmp5 :measure                            ...
   86:  set *tmp1 100                                                var target = (item == @sand or item == @coal) ? 100 : builderController.read(item.@name);
   87:  read *tmp1 processor1 "copper"                               ...
   88:  sensor :actual :localCore @copper                            var actual = container.sensor(item);
   89:  op sub *tmp2 :actual *tmp1                                   var measure = (actual - target) \ 10;
   90:  op idiv :measure *tmp2 10                                    ...
   91:  op min *tmp3 :measure 9                                      measure = 9 + max(min(measure, 9), -9);
   92:  op max *tmp4 *tmp3 -9                                        ...
   93:  op add :measure 9 *tmp4                                      ...
   94:  op shl *tmp5 :accumulator 5                                  accumulator = accumulator << 5 | measure;
   95:  op or :accumulator *tmp5 :measure                            ...
   96:  op add :newTail .tail 1                                      var newTail = tail + 1;
   97:  write :accumulator bank1 :newTail                            resourceHistory[newTail] = accumulator;
   98:  set .tail :newTail                                           tail = newTail;
   99:  write :newTail bank1 510                                     ...
  100:  jump *label4 always 0 0                                      while true do


Code size and number of instantiations by function:
  Size  Times  AvgSize  Function
   102     1x    102,0  <no function>


Symbolic link resolution:
    builderController -> processor1
    resourceHistory   -> bank1
    timer             -> processor2
