   248 instructions before optimizations.
    14 instructions eliminated by Temp Variables Elimination (2 passes, 6 iterations).
    39 instructions eliminated by Dead Code Elimination (6 iterations).
     1 instruction eliminated by Jump Normalization (5 iterations).
    21 instructions eliminated by Condition Optimization (6 iterations).
    11 instructions eliminated by Single Step Elimination (6 iterations).
    10 instructions eliminated by Boolean Optimization (7 iterations).
       5 fully-evaluated expressions optimized using 'select's.
     4 instructions eliminated by Data Flow Optimization (2 passes, 6 iterations).
     1 instruction eliminated by Jump Straightening (6 iterations).
     6 instructions updated by Jump Threading.
     3 instructions eliminated by Unreachable Code Elimination (2 iterations).
    10 instructions eliminated by Print Merging.
   134 instructions after optimizations.

Modifications by Initial phase, Dead Code Elimination, iteration 1 (-21 instructions):
 
    22 sensor *tmp3 :backgroundProcess:firstUnit @dead
    23 jump *label9 equal *tmp3 false
    24 set :backgroundProcess:firstUnit @unit
-    * set *tmp4 :backgroundProcess:firstUnit
    25 jump *label10 always
    26 label *label9
-    * set *tmp4 null
    27 label *label10
    28 op equal *tmp5 @unit :backgroundProcess:firstUnit
    29 jump *label11 equal *tmp5 false
 
    66 label *label19
    67 set *tmp22 null
    68 label *label20
-    * set *tmp20 *tmp22
    69 jump *label18 always
    70 label *label17
-    * set *tmp20 null
    71 label *label18
    72 print "minOre:"
    73 print .minOre
 
    80 set .sandX *tmp24
    81 sensor *tmp25 .sandContainer @y
    82 set .sandY *tmp25
-    * set *tmp6 .sandY
    83 jump *label12 always
    84 label *label11
-    * set *tmp6 null
    85 label *label12
-    * set *tmp26 :backgroundProcess:runningCount
    86 op add :backgroundProcess:runningCount :backgroundProcess:runningCount 1
    87 sensor *tmp27 @unit @flag
    88 set :backgroundProcess:flag *tmp27
 
   105 label *label26
   106 set *tmp35 null
   107 label *label27
-    * set *tmp32 *tmp35
   108 jump *label25 always
   109 label *label24
-    * set *tmp32 null
   110 label *label25
   111 ulocate ore core true :findOreToMine:ore :findOreToMine:x :findOreToMine:y *tmp36 *tmp37
   112 ucontrol approach :findOreToMine:x :findOreToMine:y 7
 
   125 print :findOreToMine:y
   126 print "\n"
   127 label *label23
-    * set *tmp29 null
   128 jump *label22 always
   129 label *label21
   130 op equal *tmp43 :backgroundProcess:flag 1
 
   135 jump *label31 equal *tmp46 false
   136 ucontrol approach .sandX .sandY 7
   137 ucontrol itemDrop .sandContainer 20
-    * set *tmp47 null
   138 jump *label32 always
   139 label *label31
   140 ucontrol approach .coreX .coreY 7
   141 ucontrol itemDrop .core 20
-    * set *tmp47 null
   142 label *label32
   143 sensor *tmp48 @unit @firstItem
   144 op equal *tmp49 *tmp48 null
 
   146 print " (finished)"
   147 print "\n"
   148 ucontrol flag 0
-    * set *tmp50 null
   149 jump *label34 always
   150 label *label33
-    * set *tmp50 null
   151 label *label34
   152 print "\n"
   153 label *label30
 
   197 label *label40
   198 set *tmp63 null
   199 label *label41
-    * set *tmp61 *tmp63
   200 jump *label39 always
   201 label *label38
-    * set *tmp61 null
   202 label *label39
   203 sensor *tmp67 @unit @totalItems
   204 set :mine:items *tmp67
 
   208 jump *label44 equal *tmp69 false
   209 print " (dropping)"
   210 ucontrol itemDrop @air 20
-    * set *tmp70 null
   211 jump *label45 always
   212 label *label44
-    * set *tmp70 null
   213 label *label45
   214 op greaterThanEq *tmp71 :mine:items :mine:oreCapacity
   215 jump *label46 equal *tmp71 false
 
   226 ucontrol itemDrop .core 20
   227 set *tmp74 null
   228 label *label49
-    * set *tmp72 *tmp74
   229 jump *label47 always
   230 label *label46
   231 print " at "
 
   265 label *label55
   266 set *tmp78 *tmp82
   267 label *label51
-    * set *tmp72 *tmp78
   268 label *label47
   269 print "\n"
   270 label *label35
   271 set *tmp44 null
   272 label *label29
-    * set *tmp29 *tmp44
   273 label *label22
   274 label *label7
   275 jump *label6 always

Modifications by Initial phase, Dead Code Elimination, iteration 2 (-12 instructions):
 
    61 op equal *tmp21 .minOre @sand
    62 jump *label19 equal *tmp21 false
    63 set .minOre @scrap
-    * set *tmp22 .minOre
    64 jump *label20 always
    65 label *label19
-    * set *tmp22 null
    66 label *label20
    67 jump *label18 always
    68 label *label17
 
    98 op notEqual *tmp34 *tmp33 null
    99 jump *label26 equal *tmp34 false
   100 jump *label23 always
-    * set *tmp35 null
   101 jump *label27 always
   102 label *label26
-    * set *tmp35 null
   103 label *label27
   104 jump *label25 always
   105 label *label24
 
   147 label *label34
   148 print "\n"
   149 label *label30
-    * set *tmp44 null
   150 jump *label29 always
   151 label *label28
   152 set :mine:flag :backgroundProcess:flag
 
   187 label *label42
   188 set *tmp66 null
   189 label *label43
-    * set *tmp63 *tmp66
   190 jump *label41 always
   191 label *label40
-    * set *tmp63 null
   192 label *label41
   193 jump *label39 always
   194 label *label38
 
   212 jump *label48 equal *tmp73 false
   213 ucontrol approach .sandX .sandY 7
   214 ucontrol itemDrop .sandContainer 20
-    * set *tmp74 null
   215 jump *label49 always
   216 label *label48
   217 ucontrol approach .coreX .coreY 7
   218 ucontrol itemDrop .core 20
-    * set *tmp74 null
   219 label *label49
   220 jump *label47 always
   221 label *label46
 
   240 print "\n"
   241 set *tmp80 ": no ore!"
   242 label *label53
-    * set *tmp78 *tmp80
   243 jump *label51 always
   244 label *label50
   245 op equal *tmp81 :mine:block null
 
   253 print "\n"
   254 set *tmp82 ": blocked!"
   255 label *label55
-    * set *tmp78 *tmp82
   256 label *label51
   257 label *label47
   258 print "\n"
   259 label *label35
-    * set *tmp44 null
   260 label *label29
   261 label *label22
   262 label *label7

Modifications by Initial phase, Dead Code Elimination, iteration 3 (-6 instructions):
 
   182 print ", switching to a more needed ore"
   183 ucontrol flag 1
   184 jump *label35 always
-    * set *tmp66 null
   185 jump *label43 always
   186 label *label42
-    * set *tmp66 null
   187 label *label43
   188 jump *label41 always
   189 label *label40
 
   230 jump *label52 equal *tmp79 false
   231 print ": too far"
   232 print "\n"
-    * set *tmp80 ": too far"
   233 jump *label53 always
   234 label *label52
   235 ucontrol flag 1
   236 print ": no ore!"
   237 print "\n"
-    * set *tmp80 ": no ore!"
   238 label *label53
   239 jump *label51 always
   240 label *label50
   241 op equal *tmp81 :mine:block null
   242 jump *label54 equal *tmp81 false
   243 ucontrol mine :mine:x :mine:y
-    * set *tmp82 null
   244 jump *label55 always
   245 label *label54
   246 ucontrol flag 1
   247 print ": blocked!"
   248 print "\n"
-    * set *tmp82 ": blocked!"
   249 label *label55
   250 label *label51
   251 label *label47

Modifications by Initial phase, Temp Variables Elimination, iteration 1 (-14 instructions):
 
     9 label *label3
    10 ubind @mono
    11 set :backgroundProcess:firstUnit @unit
-    * ulocate building core false @copper .coreX .coreY *tmp1 *tmp0
-    * set .core *tmp0
+   12 ulocate building core false @copper .coreX .coreY *tmp1 .core
    13 label *label4
    14 op equal *tmp2 .core null
    15 jump *label3 notEqual *tmp2 false
 
    28 jump *label11 equal *tmp5 false
    29 printflush message1
    30 sensor *tmp7 .core @lead
-    * op sub *tmp8 *tmp7 .leadTarget
-    * set :backgroundProcess:lead *tmp8
+   31 op sub :backgroundProcess:lead *tmp7 .leadTarget
    32 sensor *tmp9 .sandContainer @sand
    33 sensor *tmp10 .sandContainer @scrap
    34 op add *tmp11 *tmp9 *tmp10
-    * op sub *tmp12 *tmp11 .sandTarget
-    * set :backgroundProcess:sand *tmp12
+   35 op sub :backgroundProcess:sand *tmp11 .sandTarget
    36 sensor *tmp13 .core @copper
-    * op sub *tmp14 *tmp13 .copperTarget
-    * set :backgroundProcess:copper *tmp14
+   37 op sub :backgroundProcess:copper *tmp13 .copperTarget
    38 op min *tmp15 :backgroundProcess:lead :backgroundProcess:sand
    39 op min *tmp15 *tmp15 :backgroundProcess:copper
    40 set .min *tmp15
 
    70 op add .min .min *tmp23
    71 set .count :backgroundProcess:runningCount
    72 set :backgroundProcess:runningCount 2
-    * sensor *tmp24 .sandContainer @x
-    * set .sandX *tmp24
-    * sensor *tmp25 .sandContainer @y
-    * set .sandY *tmp25
+   73 sensor .sandX .sandContainer @x
+   74 sensor .sandY .sandContainer @y
    75 jump *label12 always
    76 label *label11
    77 label *label12
    78 op add :backgroundProcess:runningCount :backgroundProcess:runningCount 1
-    * sensor *tmp27 @unit @flag
-    * set :backgroundProcess:flag *tmp27
+   79 sensor :backgroundProcess:flag @unit @flag
    80 print "Unit flag: "
    81 print :backgroundProcess:flag
    82 print "\n"
 
   145 set :mine:flag :backgroundProcess:flag
   146 print "Mining "
   147 op mod *tmp51 :mine:flag 16
-    * lookup item *tmp52 *tmp51
-    * set :mine:ore *tmp52
+  148 lookup item :mine:ore *tmp51
   149 printchar :mine:ore
   150 op idiv :mine:flag :mine:flag 16
-    * op mod *tmp53 :mine:flag 1000
-    * set :mine:y *tmp53
-    * op idiv *tmp54 :mine:flag 1000
-    * set :mine:x *tmp54
+  151 op mod :mine:y :mine:flag 1000
+  152 op idiv :mine:x :mine:flag 1000
   153 sensor *tmp55 :mine:ore @name
-    * read *tmp56 @this *tmp55
-    * set :mine:floorOre *tmp56
+  154 read :mine:floorOre @this *tmp55
   155 op equal *tmp57 :mine:ore @scrap
   156 jump *label36 equal *tmp57 false
-    * op sub *tmp59 20 .count
-    * set *tmp58 *tmp59
+  157 op sub *tmp58 20 .count
   158 jump *label37 always
   159 label *label36
   160 set *tmp58 20
 
   179 jump *label39 always
   180 label *label38
   181 label *label39
-    * sensor *tmp67 @unit @totalItems
-    * set :mine:items *tmp67
+  182 sensor :mine:items @unit @totalItems
   183 print :mine:items
   184 sensor *tmp68 @unit @firstItem
   185 op notEqual *tmp69 *tmp68 :mine:ore
 
   209 print ", "
   210 print :mine:y
   211 ucontrol approach :mine:x :mine:y 7
-    * ucontrol getBlock :mine:x :mine:y *tmp76 *tmp75 :mine:floor
-    * set :mine:block *tmp75
+  212 ucontrol getBlock :mine:x :mine:y *tmp76 :mine:block :mine:floor
   213 op notEqual *tmp77 :mine:floor :mine:floorOre
   214 jump *label50 equal *tmp77 false
   215 op equal *tmp79 :mine:floor null

Modifications by Iterated phase, Jump Normalization, pass 1, iteration 1 (-1 instructions):
 
    16 label *label5
    17 set :backgroundProcess:runningCount 0
    18 label *label6
-    * jump *label8 equal true false
    19 ubind @mono
    20 sensor *tmp3 :backgroundProcess:firstUnit @dead
    21 jump *label9 equal *tmp3 false

Modifications by Iterated phase, Condition Optimization, pass 1, iteration 1 (-21 instructions):
 
    11 set :backgroundProcess:firstUnit @unit
    12 ulocate building core false @copper .coreX .coreY *tmp1 .core
    13 label *label4
-    * op equal *tmp2 .core null
-    * jump *label3 notEqual *tmp2 false
+   14 jump *label3 equal .core null
    15 label *label5
    16 set :backgroundProcess:runningCount 0
    17 label *label6
 
    22 jump *label10 always
    23 label *label9
    24 label *label10
-    * op equal *tmp5 @unit :backgroundProcess:firstUnit
-    * jump *label11 equal *tmp5 false
+   25 jump *label11 notEqual @unit :backgroundProcess:firstUnit
    26 printflush message1
    27 sensor *tmp7 .core @lead
    28 op sub :backgroundProcess:lead *tmp7 .leadTarget
 
    35 op min *tmp15 :backgroundProcess:lead :backgroundProcess:sand
    36 op min *tmp15 *tmp15 :backgroundProcess:copper
    37 set .min *tmp15
-    * op equal *tmp16 .min :backgroundProcess:sand
-    * jump *label13 equal *tmp16 false
+   38 jump *label13 notEqual .min :backgroundProcess:sand
    39 set *tmp17 @sand
    40 jump *label14 always
    41 label *label13
-    * op equal *tmp18 .min :backgroundProcess:lead
-    * jump *label15 equal *tmp18 false
+   42 jump *label15 notEqual .min :backgroundProcess:lead
    43 set *tmp19 @lead
    44 jump *label16 always
    45 label *label15
 
    49 label *label14
    50 set .minOre *tmp17
    51 jump *label17 equal .scrap false
-    * op equal *tmp21 .minOre @sand
-    * jump *label19 equal *tmp21 false
+   52 jump *label19 notEqual .minOre @sand
    53 set .minOre @scrap
    54 jump *label20 always
    55 label *label19
 
    74 print "Unit flag: "
    75 print :backgroundProcess:flag
    76 print "\n"
-    * op equal *tmp28 :backgroundProcess:flag 0
-    * jump *label21 equal *tmp28 false
+   77 jump *label21 notEqual :backgroundProcess:flag 0
    78 set :findOreToMine:ore .minOre
    79 sensor *tmp30 @unit @firstItem
-    * op notEqual *tmp31 *tmp30 null
-    * jump *label24 equal *tmp31 false
+   80 jump *label24 equal *tmp30 null
    81 ucontrol itemDrop @air 20
    82 sensor *tmp33 @unit @firstItem
-    * op notEqual *tmp34 *tmp33 null
-    * jump *label26 equal *tmp34 false
+   83 jump *label26 equal *tmp33 null
    84 jump *label23 always
    85 jump *label27 always
    86 label *label26
 
   107 label *label23
   108 jump *label22 always
   109 label *label21
-    * op equal *tmp43 :backgroundProcess:flag 1
-    * jump *label28 equal *tmp43 false
+  110 jump *label28 notEqual :backgroundProcess:flag 1
   111 print "Returning ore"
   112 sensor *tmp45 @unit @firstItem
-    * op equal *tmp46 *tmp45 @scrap
-    * jump *label31 equal *tmp46 false
+  113 jump *label31 notEqual *tmp45 @scrap
   114 ucontrol approach .sandX .sandY 7
   115 ucontrol itemDrop .sandContainer 20
   116 jump *label32 always
 
   119 ucontrol itemDrop .core 20
   120 label *label32
   121 sensor *tmp48 @unit @firstItem
-    * op equal *tmp49 *tmp48 null
-    * jump *label33 equal *tmp49 false
+  122 jump *label33 notEqual *tmp48 null
   123 print " (finished)"
   124 print "\n"
   125 ucontrol flag 0
 
   140 op idiv :mine:x :mine:flag 1000
   141 sensor *tmp55 :mine:ore @name
   142 read :mine:floorOre @this *tmp55
-    * op equal *tmp57 :mine:ore @scrap
-    * jump *label36 equal *tmp57 false
+  143 jump *label36 notEqual :mine:ore @scrap
   144 op sub *tmp58 20 .count
   145 jump *label37 always
   146 label *label36
   147 set *tmp58 20
   148 label *label37
   149 set :mine:oreCapacity *tmp58
-    * op notEqual *tmp60 :mine:ore .minOre
-    * jump *label38 equal *tmp60 false
-    * op notEqual *tmp62 :mine:ore @scrap
-    * jump *label40 equal *tmp62 false
+  150 jump *label38 equal :mine:ore .minOre
+  151 jump *label40 equal :mine:ore @scrap
   152 sensor *tmp64 .core :mine:ore
-    * op greaterThan *tmp65 *tmp64 .min
-    * jump *label42 equal *tmp65 false
+  153 jump *label42 lessThanEq *tmp64 .min
   154 print ", switching to a more needed ore"
   155 ucontrol flag 1
   156 jump *label35 always
 
   166 sensor :mine:items @unit @totalItems
   167 print :mine:items
   168 sensor *tmp68 @unit @firstItem
-    * op notEqual *tmp69 *tmp68 :mine:ore
-    * jump *label44 equal *tmp69 false
+  169 jump *label44 equal *tmp68 :mine:ore
   170 print " (dropping)"
   171 ucontrol itemDrop @air 20
   172 jump *label45 always
   173 label *label44
   174 label *label45
-    * op greaterThanEq *tmp71 :mine:items :mine:oreCapacity
-    * jump *label46 equal *tmp71 false
+  175 jump *label46 lessThan :mine:items :mine:oreCapacity
   176 print ", full"
   177 ucontrol flag 1
-    * op equal *tmp73 :mine:ore @scrap
-    * jump *label48 equal *tmp73 false
+  178 jump *label48 notEqual :mine:ore @scrap
   179 ucontrol approach .sandX .sandY 7
   180 ucontrol itemDrop .sandContainer 20
   181 jump *label49 always
 
   191 print :mine:y
   192 ucontrol approach :mine:x :mine:y 7
   193 ucontrol getBlock :mine:x :mine:y *tmp76 :mine:block :mine:floor
-    * op notEqual *tmp77 :mine:floor :mine:floorOre
-    * jump *label50 equal *tmp77 false
-    * op equal *tmp79 :mine:floor null
-    * jump *label52 equal *tmp79 false
+  194 jump *label50 equal :mine:floor :mine:floorOre
+  195 jump *label52 notEqual :mine:floor null
   196 print ": too far"
   197 print "\n"
   198 jump *label53 always
 
   203 label *label53
   204 jump *label51 always
   205 label *label50
-    * op equal *tmp81 :mine:block null
-    * jump *label54 equal *tmp81 false
+  206 jump *label54 notEqual :mine:block null
   207 ucontrol mine :mine:x :mine:y
   208 jump *label55 always
   209 label *label54

Modifications by Iterated phase, Single Step Elimination, pass 1, iteration 1 (-11 instructions):
 
    19 sensor *tmp3 :backgroundProcess:firstUnit @dead
    20 jump *label9 equal *tmp3 false
    21 set :backgroundProcess:firstUnit @unit
-    * jump *label10 always
    22 label *label9
    23 label *label10
    24 jump *label11 notEqual @unit :backgroundProcess:firstUnit
 
    50 jump *label17 equal .scrap false
    51 jump *label19 notEqual .minOre @sand
    52 set .minOre @scrap
-    * jump *label20 always
    53 label *label19
    54 label *label20
-    * jump *label18 always
    55 label *label17
    56 label *label18
    57 print "minOre:"
 
    63 set :backgroundProcess:runningCount 2
    64 sensor .sandX .sandContainer @x
    65 sensor .sandY .sandContainer @y
-    * jump *label12 always
    66 label *label11
    67 label *label12
    68 op add :backgroundProcess:runningCount :backgroundProcess:runningCount 1
 
    78 sensor *tmp33 @unit @firstItem
    79 jump *label26 equal *tmp33 null
    80 jump *label23 always
-    * jump *label27 always
    81 label *label26
    82 label *label27
-    * jump *label25 always
    83 label *label24
    84 label *label25
    85 ulocate ore core true :findOreToMine:ore :findOreToMine:x :findOreToMine:y *tmp36 *tmp37
 
   117 print " (finished)"
   118 print "\n"
   119 ucontrol flag 0
-    * jump *label34 always
   120 label *label33
   121 label *label34
   122 print "\n"
 
   147 print ", switching to a more needed ore"
   148 ucontrol flag 1
   149 jump *label35 always
-    * jump *label43 always
   150 label *label42
   151 label *label43
-    * jump *label41 always
   152 label *label40
   153 label *label41
-    * jump *label39 always
   154 label *label38
   155 label *label39
   156 sensor :mine:items @unit @totalItems
 
   159 jump *label44 equal *tmp68 :mine:ore
   160 print " (dropping)"
   161 ucontrol itemDrop @air 20
-    * jump *label45 always
   162 label *label44
   163 label *label45
   164 jump *label46 lessThan :mine:items :mine:oreCapacity

Modifications by Iterated phase, Data Flow Optimization, pass 1, iteration 1:
 
    34 op min *tmp15 :backgroundProcess:lead :backgroundProcess:sand
    35 op min *tmp15 *tmp15 :backgroundProcess:copper
    36 set .min *tmp15
-    * jump *label13 notEqual .min :backgroundProcess:sand
+   37 jump *label13 notEqual *tmp15 :backgroundProcess:sand
    38 set *tmp17 @sand
    39 jump *label14 always
    40 label *label13
-    * jump *label15 notEqual .min :backgroundProcess:lead
+   41 jump *label15 notEqual *tmp15 :backgroundProcess:lead
    42 set *tmp19 @lead
    43 jump *label16 always
    44 label *label15
 
    48 label *label14
    49 set .minOre *tmp17
    50 jump *label17 equal .scrap false
-    * jump *label19 notEqual .minOre @sand
+   51 jump *label19 notEqual *tmp17 @sand
    52 set .minOre @scrap
    53 label *label19
    54 label *label20
 
    58 print .minOre
    59 print "\n"
    60 op mul *tmp23 10 :backgroundProcess:runningCount
-    * op add .min .min *tmp23
+   61 op add .min *tmp15 *tmp23
    62 set .count :backgroundProcess:runningCount
    63 set :backgroundProcess:runningCount 2
    64 sensor .sandX .sandContainer @x
 
    82 label *label27
    83 label *label24
    84 label *label25
-    * ulocate ore core true :findOreToMine:ore :findOreToMine:x :findOreToMine:y *tmp36 *tmp37
+   85 ulocate ore core true .minOre :findOreToMine:x :findOreToMine:y *tmp36 *tmp37
    86 ucontrol approach :findOreToMine:x :findOreToMine:y 7
    87 ucontrol mine :findOreToMine:x :findOreToMine:y
    88 op mul *tmp38 :findOreToMine:x 1000
    89 op add *tmp39 *tmp38 :findOreToMine:y
    90 op mul *tmp40 *tmp39 16
-    * sensor *tmp41 :findOreToMine:ore @id
+   91 sensor *tmp41 .minOre @id
    92 op add *tmp42 *tmp40 *tmp41
    93 ucontrol flag *tmp42
    94 print "Found "
-    * print :findOreToMine:ore
+   95 print .minOre
    96 print " at "
    97 print :findOreToMine:x
    98 print ", "
 
   125 label *label28
   126 set :mine:flag :backgroundProcess:flag
   127 print "Mining "
-    * op mod *tmp51 :mine:flag 16
+  128 op mod *tmp51 :backgroundProcess:flag 16
   129 lookup item :mine:ore *tmp51
   130 printchar :mine:ore
-    * op idiv :mine:flag :mine:flag 16
+  131 op idiv :mine:flag :backgroundProcess:flag 16
   132 op mod :mine:y :mine:flag 1000
   133 op idiv :mine:x :mine:flag 1000
   134 sensor *tmp55 :mine:ore @name
 
   161 ucontrol itemDrop @air 20
   162 label *label44
   163 label *label45
-    * jump *label46 lessThan :mine:items :mine:oreCapacity
+  164 jump *label46 lessThan :mine:items *tmp58
   165 print ", full"
   166 ucontrol flag 1
   167 jump *label48 notEqual :mine:ore @scrap

Modifications by Iterated phase, Data Flow Optimization, pass 1, iteration 2 (-4 instructions):
 
    33 op sub :backgroundProcess:copper *tmp13 .copperTarget
    34 op min *tmp15 :backgroundProcess:lead :backgroundProcess:sand
    35 op min *tmp15 *tmp15 :backgroundProcess:copper
-    * set .min *tmp15
    36 jump *label13 notEqual *tmp15 :backgroundProcess:sand
    37 set *tmp17 @sand
    38 jump *label14 always
 
    70 print :backgroundProcess:flag
    71 print "\n"
    72 jump *label21 notEqual :backgroundProcess:flag 0
-    * set :findOreToMine:ore .minOre
    73 sensor *tmp30 @unit @firstItem
    74 jump *label24 equal *tmp30 null
    75 ucontrol itemDrop @air 20
 
   121 label *label30
   122 jump *label29 always
   123 label *label28
-    * set :mine:flag :backgroundProcess:flag
   124 print "Mining "
   125 op mod *tmp51 :backgroundProcess:flag 16
   126 lookup item :mine:ore *tmp51
 
   136 label *label36
   137 set *tmp58 20
   138 label *label37
-    * set :mine:oreCapacity *tmp58
   139 jump *label38 equal :mine:ore .minOre
   140 jump *label40 equal :mine:ore @scrap
   141 sensor *tmp64 .core :mine:ore

Modifications by Iterated phase, Boolean Optimization, pass 1, iteration 1 (-7 instructions):
 
    16 set :backgroundProcess:runningCount 0
    17 label *label6
    18 ubind @mono
-    * sensor *tmp3 :backgroundProcess:firstUnit @dead
-    * jump *label9 equal *tmp3 false
-    * set :backgroundProcess:firstUnit @unit
-    * label *label9
-    * label *label10
+   19 sensor *tmp3 :backgroundProcess:firstUnit @dead
+   20 select :backgroundProcess:firstUnit notEqual *tmp3 false @unit :backgroundProcess:firstUnit
    21 jump *label11 notEqual @unit :backgroundProcess:firstUnit
    22 printflush message1
    23 sensor *tmp7 .core @lead
 
    34 set *tmp17 @sand
    35 jump *label14 always
    36 label *label13
-    * jump *label15 notEqual *tmp15 :backgroundProcess:lead
-    * set *tmp19 @lead
-    * jump *label16 always
-    * label *label15
-    * set *tmp19 @copper
-    * label *label16
+   37 select *tmp19 equal *tmp15 :backgroundProcess:lead @lead @copper
    38 set *tmp17 *tmp19
    39 label *label14
    40 set .minOre *tmp17
    41 jump *label17 equal .scrap false
-    * jump *label19 notEqual *tmp17 @sand
-    * set .minOre @scrap
-    * label *label19
-    * label *label20
+   42 select .minOre equal *tmp17 @sand @scrap .minOre
    43 label *label17
    44 label *label18
    45 print "minOre:"
 
   119 op idiv :mine:x :mine:flag 1000
   120 sensor *tmp55 :mine:ore @name
   121 read :mine:floorOre @this *tmp55
-    * jump *label36 notEqual :mine:ore @scrap
-    * op sub *tmp58 20 .count
-    * jump *label37 always
-    * label *label36
-    * set *tmp58 20
-    * label *label37
+  122 op sub *tmp83 20 .count
+  123 select *tmp58 equal :mine:ore @scrap *tmp83 20
   124 jump *label38 equal :mine:ore .minOre
   125 jump *label40 equal :mine:ore @scrap
   126 sensor *tmp64 .core :mine:ore

Modifications by Iterated phase, Boolean Optimization, pass 1, iteration 2 (-3 instructions):
 
    30 op sub :backgroundProcess:copper *tmp13 .copperTarget
    31 op min *tmp15 :backgroundProcess:lead :backgroundProcess:sand
    32 op min *tmp15 *tmp15 :backgroundProcess:copper
-    * jump *label13 notEqual *tmp15 :backgroundProcess:sand
-    * set *tmp17 @sand
-    * jump *label14 always
-    * label *label13
-    * select *tmp19 equal *tmp15 :backgroundProcess:lead @lead @copper
-    * set *tmp17 *tmp19
-    * label *label14
+   33 select *tmp19 equal *tmp15 :backgroundProcess:lead @lead @copper
+   34 select *tmp17 equal *tmp15 :backgroundProcess:sand @sand *tmp19
    35 set .minOre *tmp17
    36 jump *label17 equal .scrap false
    37 select .minOre equal *tmp17 @sand @scrap .minOre

Modifications by Iterated phase, Data Flow Optimization, pass 2, iteration 1:
 
    34 select *tmp17 equal *tmp15 :backgroundProcess:sand @sand *tmp19
    35 set .minOre *tmp17
    36 jump *label17 equal .scrap false
-    * select .minOre equal *tmp17 @sand @scrap .minOre
+   37 select .minOre equal *tmp17 @sand @scrap *tmp17
    38 label *label17
    39 label *label18
    40 print "minOre:"

Modifications by Jumps phase, Unreachable Code Elimination, pass 4, iteration 1 (-3 instructions):
 
    10 ubind @mono
    11 set :backgroundProcess:firstUnit @unit
    12 ulocate building core false @copper .coreX .coreY *tmp1 .core
-    * label *label4
    13 jump *label3 equal .core null
-    * label *label5
    14 set :backgroundProcess:runningCount 0
    15 label *label6
    16 ubind @mono
 
    34 jump *label17 equal .scrap false
    35 select .minOre equal *tmp17 @sand @scrap *tmp17
    36 label *label17
-    * label *label18
    37 print "minOre:"
    38 print .minOre
    39 print "\n"
 
    44 sensor .sandX .sandContainer @x
    45 sensor .sandY .sandContainer @y
    46 label *label11
-    * label *label12
    47 op add :backgroundProcess:runningCount :backgroundProcess:runningCount 1
    48 sensor :backgroundProcess:flag @unit @flag
    49 print "Unit flag: "
 
    57 jump *label26 equal *tmp33 null
    58 jump *label23 always
    59 label *label26
-    * label *label27
    60 label *label24
-    * label *label25
    61 ulocate ore core true .minOre :findOreToMine:x :findOreToMine:y *tmp36 *tmp37
    62 ucontrol approach :findOreToMine:x :findOreToMine:y 7
    63 ucontrol mine :findOreToMine:x :findOreToMine:y
 
    94 print "\n"
    95 ucontrol flag 0
    96 label *label33
-    * label *label34
    97 print "\n"
-    * label *label30
    98 jump *label29 always
    99 label *label28
   100 print "Mining "
 
   116 ucontrol flag 1
   117 jump *label35 always
   118 label *label42
-    * label *label43
   119 label *label40
-    * label *label41
   120 label *label38
-    * label *label39
   121 sensor :mine:items @unit @totalItems
   122 print :mine:items
   123 sensor *tmp68 @unit @firstItem
 
   125 print " (dropping)"
   126 ucontrol itemDrop @air 20
   127 label *label44
-    * label *label45
   128 jump *label46 lessThan :mine:items *tmp58
   129 print ", full"
   130 ucontrol flag 1
 
   170 label *label35
   171 label *label29
   172 label *label22
-    * label *label7
   173 jump *label6 always
-    * label *label8
-    * label *label2
-    * wait 1e12
-    * jump *label1 always
-    * end

Modifications by Jumps phase, Jump Straightening, pass 4, iteration 1 (-1 instructions):
 
    53 jump *label24 equal *tmp30 null
    54 ucontrol itemDrop @air 20
    55 sensor *tmp33 @unit @firstItem
-    * jump *label26 equal *tmp33 null
-    * jump *label23 always
+   56 jump *label23 notEqual *tmp33 null
    57 label *label26
    58 label *label24
    59 ulocate ore core true .minOre :findOreToMine:x :findOreToMine:y *tmp36 *tmp37

Modifications by Jumps phase, Jump Threading, pass 4, iteration 1:
 
    53 jump *label24 equal *tmp30 null
    54 ucontrol itemDrop @air 20
    55 sensor *tmp33 @unit @firstItem
-    * jump *label23 notEqual *tmp33 null
+   56 jump *label6 notEqual *tmp33 null
    57 label *label24
    58 ulocate ore core true .minOre :findOreToMine:x :findOreToMine:y *tmp36 *tmp37
    59 ucontrol approach :findOreToMine:x :findOreToMine:y 7
 
    72 print :findOreToMine:y
    73 print "\n"
    74 label *label23
-    * jump *label22 always
+   75 jump *label6 always
    76 label *label21
    77 jump *label28 notEqual :backgroundProcess:flag 1
    78 print "Returning ore"
 
    92 ucontrol flag 0
    93 label *label33
    94 print "\n"
-    * jump *label29 always
+   95 jump *label6 always
    96 label *label28
    97 print "Mining "
    98 op mod *tmp51 :backgroundProcess:flag 16
 
   111 jump *label42 lessThanEq *tmp64 .min
   112 print ", switching to a more needed ore"
   113 ucontrol flag 1
-    * jump *label35 always
+  114 jump *label6 always
   115 label *label42
   116 label *label40
   117 label *label38
 
   128 jump *label48 notEqual :mine:ore @scrap
   129 ucontrol approach .sandX .sandY 7
   130 ucontrol itemDrop .sandContainer 20
-    * jump *label49 always
+  131 jump *label47 always
   132 label *label48
   133 ucontrol approach .coreX .coreY 7
   134 ucontrol itemDrop .core 20
 
   145 jump *label52 notEqual :mine:floor null
   146 print ": too far"
   147 print "\n"
-    * jump *label53 always
+  148 jump *label51 always
   149 label *label52
   150 ucontrol flag 1
   151 print ": no ore!"

Modifications by Final phase, Temp Variables Elimination, iteration 1:
 
     8 label *label3
     9 ubind @mono
    10 set :backgroundProcess:firstUnit @unit
-    * ulocate building core false @copper .coreX .coreY *tmp1 .core
+   11 ulocate building core false @copper .coreX .coreY 0 .core
    12 jump *label3 equal .core null
    13 set :backgroundProcess:runningCount 0
    14 label *label6
 
    55 sensor *tmp33 @unit @firstItem
    56 jump *label6 notEqual *tmp33 null
    57 label *label24
-    * ulocate ore core true .minOre :findOreToMine:x :findOreToMine:y *tmp36 *tmp37
+   58 ulocate ore core true .minOre :findOreToMine:x :findOreToMine:y 0 0
    59 ucontrol approach :findOreToMine:x :findOreToMine:y 7
    60 ucontrol mine :findOreToMine:x :findOreToMine:y
    61 op mul *tmp38 :findOreToMine:x 1000
 
   138 print ", "
   139 print :mine:y
   140 ucontrol approach :mine:x :mine:y 7
-    * ucontrol getBlock :mine:x :mine:y *tmp76 :mine:block :mine:floor
+  141 ucontrol getBlock :mine:x :mine:y 0 :mine:block :mine:floor
   142 jump *label50 equal :mine:floor :mine:floorOre
   143 jump *label52 notEqual :mine:floor null
   144 print ": too far"

Modifications by Final phase, Print Merging, iteration 1 (-10 instructions):
 
    33 jump *label17 equal .scrap false
    34 select .minOre equal *tmp17 @sand @scrap *tmp17
    35 label *label17
-    * print "minOre:"
-    * print .minOre
-    * print "\n"
+   36 print "minOre:{0}\n"
+   37 format .minOre
    38 op mul *tmp23 10 :backgroundProcess:runningCount
    39 op add .min *tmp15 *tmp23
    40 set .count :backgroundProcess:runningCount
 
    44 label *label11
    45 op add :backgroundProcess:runningCount :backgroundProcess:runningCount 1
    46 sensor :backgroundProcess:flag @unit @flag
-    * print "Unit flag: "
-    * print :backgroundProcess:flag
-    * print "\n"
+   47 print "Unit flag: {0}\n"
+   48 format :backgroundProcess:flag
    49 jump *label21 notEqual :backgroundProcess:flag 0
    50 sensor *tmp30 @unit @firstItem
    51 jump *label24 equal *tmp30 null
 
    62 sensor *tmp41 .minOre @id
    63 op add *tmp42 *tmp40 *tmp41
    64 ucontrol flag *tmp42
-    * print "Found "
-    * print .minOre
-    * print " at "
-    * print :findOreToMine:x
-    * print ", "
-    * print :findOreToMine:y
-    * print "\n"
+   65 print "Found {0} at {0}, {0}\n"
+   66 format .minOre
+   67 format :findOreToMine:x
+   68 format :findOreToMine:y
    69 jump *label6 always
    70 label *label21
    71 jump *label28 notEqual :backgroundProcess:flag 1
 
    81 label *label32
    82 sensor *tmp48 @unit @firstItem
    83 jump *label33 notEqual *tmp48 null
-    * print " (finished)"
-    * print "\n"
+   84 print " (finished)\n"
    85 ucontrol flag 0
    86 label *label33
    87 print "\n"
 
   127 ucontrol itemDrop .core 20
   128 jump *label47 always
   129 label *label46
-    * print " at "
-    * print :mine:x
-    * print ", "
+  130 print " at {0}, "
+  131 format :mine:x
   132 print :mine:y
   133 ucontrol approach :mine:x :mine:y 7
   134 ucontrol getBlock :mine:x :mine:y 0 :mine:block :mine:floor
   135 jump *label50 equal :mine:floor :mine:floorOre
   136 jump *label52 notEqual :mine:floor null
-    * print ": too far"
-    * print "\n"
+  137 print ": too far\n"
   138 jump *label51 always
   139 label *label52
   140 ucontrol flag 1
-    * print ": no ore!"
-    * print "\n"
+  141 print ": no ore!\n"
   142 jump *label51 always
   143 label *label50
   144 jump *label54 notEqual :mine:block null
 
   146 jump *label55 always
   147 label *label54
   148 ucontrol flag 1
-    * print ": blocked!"
-    * print "\n"
+  149 print ": blocked!\n"
   150 label *label55
   151 label *label51
   152 label *label47

Final code before resolving virtual instructions:

    0:  set *id "id: Mono Controller"                                #set syntax = strict;
    1:  set .min 0                                                   var min = 0, minOre = null;
    2:  set .minOre null                                             ...
    3:  set copper @ore-copper                                       volatile mlog(@copper.@name)  var oreCopper = @ore-copper;
    4:  set scrap @ore-scrap                                         volatile mlog(@scrap.@name)   var oreScrap = @ore-scrap;
    5:  set lead @ore-lead                                           volatile mlog(@lead.@name)    var oreLead = @ore-lead;
    6:  set sand @sand-floor                                         volatile mlog(@sand.@name)    var oreSand = @sand-floor;
    7:  set *signature "0:v1"                                        #set syntax = strict;
        label *label3                                                do
    8:  ubind @mono                                                  firstUnit = ubind(@mono);
    9:  set :backgroundProcess:firstUnit @unit                       ...
   10:  ulocate building core false @copper .coreX .coreY 0 .core    core = ulocate(:building, :core, false, out coreX, out coreY);
   11:  jump *label3 equal .core null                                do
   12:  set :backgroundProcess:runningCount 0                        var runningCount = 0;
        label *label6                                                while true do
   13:  ubind @mono                                                  ubind(@mono);
   14:  sensor *tmp0 :backgroundProcess:firstUnit @dead              if firstUnit.@dead then firstUnit = @unit; end;
   15:  select :backgroundProcess:firstUnit notEqual *tmp0 false @un ...
   16:  jump *label11 notEqual @unit :backgroundProcess:firstUnit    if @unit == firstUnit then
   17:  printflush message1                                          printflush(message1);
   18:  sensor *tmp1 .core @lead                                     var lead = core.@lead - leadTarget;
   19:  op sub :backgroundProcess:lead *tmp1 .leadTarget             ...
   20:  sensor *tmp2 .sandContainer @sand                            var sand = sandContainer.@sand + sandContainer.@scrap - sandTarget;
   21:  sensor *tmp3 .sandContainer @scrap                           ...
   22:  op add *tmp4 *tmp2 *tmp3                                     ...
   23:  op sub :backgroundProcess:sand *tmp4 .sandTarget             ...
   24:  sensor *tmp5 .core @copper                                   var copper = core.@copper - copperTarget;
   25:  op sub :backgroundProcess:copper *tmp5 .copperTarget         ...
   26:  op min *tmp6 :backgroundProcess:lead :backgroundProcess:sand min = min(lead, sand, copper);
   27:  op min *tmp6 *tmp6 :backgroundProcess:copper                 ...
   28:  select *tmp8 equal *tmp6 :backgroundProcess:lead @lead @copp minOre = min == sand ? @sand : min == lead ? @lead : @copper;
   29:  select *tmp7 equal *tmp6 :backgroundProcess:sand @sand *tmp8 ...
   30:  set .minOre *tmp7                                            ...
   31:  jump *label17 equal .scrap false                             if scrap then
   32:  select .minOre equal *tmp7 @sand @scrap *tmp7                if minOre == @sand then minOre = @scrap; end;
        label *label17                                               if scrap then
   33:  print "minOre:{0}\n"                                         println("minOre:", minOre);
   34:  format .minOre                                               ...
   35:  op mul *tmp9 10 :backgroundProcess:runningCount              min += 10 * runningCount;
   36:  op add .min *tmp6 *tmp9                                      ...
   37:  set .count :backgroundProcess:runningCount                   count = runningCount;
   38:  set :backgroundProcess:runningCount 2                        runningCount = 2;
   39:  sensor .sandX .sandContainer @x                              sandX = sandContainer.@x;
   40:  sensor .sandY .sandContainer @y                              sandY = sandContainer.@y;
        label *label11                                               if @unit == firstUnit then
   41:  op add :backgroundProcess:runningCount :backgroundProcess:ru while true do
   42:  sensor :backgroundProcess:flag @unit @flag                   var flag = @unit.@flag;
   43:  print "Unit flag: {0}\n"                                     println("Unit flag: ", flag);
   44:  format :backgroundProcess:flag                               ...
   45:  jump *label21 notEqual :backgroundProcess:flag 0             if flag == 0 then
   46:  sensor *tmp10 @unit @firstItem                               if @unit.@firstItem != null then
   47:  jump *label24 equal *tmp10 null                              ...
   48:  ucontrol itemDrop @air 20 0 0 0                              itemDrop(@air, capacity);
   49:  sensor *tmp11 @unit @firstItem                               if @unit.@firstItem != null then return; end;
   50:  jump *label6 notEqual *tmp11 null                            ...
        label *label24                                               if @unit.@firstItem != null then
   51:  ulocate ore core true .minOre :findOreToMine:x :findOreToMin ulocate(:ore, ore, out x, out y);
   52:  ucontrol approach :findOreToMine:x :findOreToMine:y 7 0 0    approach(x, y, RADIUS);
   53:  ucontrol mine :findOreToMine:x :findOreToMine:y 0 0 0        mine(x, y);
   54:  op mul *tmp12 :findOreToMine:x 1000                          flag((x * 1000 + y) * 16 + ore.@id);
   55:  op add *tmp13 *tmp12 :findOreToMine:y                        ...
   56:  op mul *tmp14 *tmp13 16                                      ...
   57:  sensor *tmp15 .minOre @id                                    ...
   58:  op add *tmp16 *tmp14 *tmp15                                  ...
   59:  ucontrol flag *tmp16 0 0 0 0                                 ...
   60:  print "Found {0} at {0}, {0}\n"                              println($"Found $ore at $x, $y");
   61:  format .minOre                                               ...
   62:  format :findOreToMine:x                                      ...
   63:  format :findOreToMine:y                                      ...
   64:  jump *label6 always 0 0                                      if flag == 0 then
        label *label21                                               ...
   65:  jump *label28 notEqual :backgroundProcess:flag 1             elsif flag == 1 then
   66:  print "Returning ore"                                        print("Returning ore");
   67:  sensor *tmp17 @unit @firstItem                               if @unit.@firstItem == @scrap then
   68:  jump *label31 notEqual *tmp17 @scrap                         ...
   69:  ucontrol approach .sandX .sandY 7 0 0                        approach(sandX, sandY, RADIUS);
   70:  ucontrol itemDrop .sandContainer 20 0 0 0                    itemDrop(sandContainer, capacity);
   71:  jump *label32 always 0 0                                     if @unit.@firstItem == @scrap then
        label *label31                                               ...
   72:  ucontrol approach .coreX .coreY 7 0 0                        approach(coreX, coreY, RADIUS);
   73:  ucontrol itemDrop .core 20 0 0 0                             itemDrop(core, capacity);
        label *label32                                               if @unit.@firstItem == @scrap then
   74:  sensor *tmp18 @unit @firstItem                               if @unit.@firstItem == null then
   75:  jump *label33 notEqual *tmp18 null                           ...
   76:  print " (finished)\n"                                        println(" (finished)");
   77:  ucontrol flag 0 0 0 0 0                                      flag(0);
        label *label33                                               if @unit.@firstItem == null then
   78:  print "\n"                                                   println();
   79:  jump *label6 always 0 0                                      elsif flag == 1 then
        label *label28                                               ...
   80:  print "Mining "                                              print("Mining ");
   81:  op mod *tmp19 :backgroundProcess:flag 16                     var ore = lookup(:item, flag % 16);
   82:  lookup item :mine:ore *tmp19                                 ...
   83:  printchar :mine:ore                                          printchar(ore);
   84:  op idiv :mine:flag :backgroundProcess:flag 16                flag \= 16;
   85:  op mod :mine:y :mine:flag 1000                               var y = flag % 1000;
   86:  op idiv :mine:x :mine:flag 1000                              var x = flag \ 1000;
   87:  sensor *tmp20 :mine:ore @name                                var floorOre = @this.read(ore.@name);
   88:  read :mine:floorOre @this *tmp20                             ...
   89:  op sub *tmp24 20 .count                                      var oreCapacity = ore == @scrap ? capacity - count : capacity;
   90:  select *tmp21 equal :mine:ore @scrap *tmp24 20               ...
   91:  jump *label38 equal :mine:ore .minOre                        if ore != minOre then
   92:  jump *label40 equal :mine:ore @scrap                         if ore != @scrap then
   93:  sensor *tmp22 .core :mine:ore                                if core.sensor(ore) > min then
   94:  jump *label42 lessThanEq *tmp22 .min                         ...
   95:  print ", switching to a more needed ore"                     print(", switching to a more needed ore");
   96:  ucontrol flag 1 0 0 0 0                                      flag(1);
   97:  jump *label6 always 0 0                                      return;
        label *label42                                               if core.sensor(ore) > min then
        label *label40                                               if ore != @scrap then
        label *label38                                               if ore != minOre then
   98:  sensor :mine:items @unit @totalItems                         var items = @unit.@totalItems;
   99:  print :mine:items                                            print(items);
  100:  sensor *tmp23 @unit @firstItem                               if @unit.@firstItem != ore then
  101:  jump *label44 equal *tmp23 :mine:ore                         ...
  102:  print " (dropping)"                                          print(" (dropping)");
  103:  ucontrol itemDrop @air 20 0 0 0                              itemDrop(@air, capacity);
        label *label44                                               if @unit.@firstItem != ore then
  104:  jump *label46 lessThan :mine:items *tmp21                    if items >= oreCapacity then
  105:  print ", full"                                               print(", full");
  106:  ucontrol flag 1 0 0 0 0                                      flag(1);
  107:  jump *label48 notEqual :mine:ore @scrap                      if ore == @scrap then
  108:  ucontrol approach .sandX .sandY 7 0 0                        approach(sandX, sandY, RADIUS);
  109:  ucontrol itemDrop .sandContainer 20 0 0 0                    itemDrop(sandContainer, capacity);
  110:  jump *label47 always 0 0                                     if ore == @scrap then
        label *label48                                               ...
  111:  ucontrol approach .coreX .coreY 7 0 0                        approach(coreX, coreY, RADIUS);
  112:  ucontrol itemDrop .core 20 0 0 0                             itemDrop(core, capacity);
  113:  jump *label47 always 0 0                                     if items >= oreCapacity then
        label *label46                                               ...
  114:  print " at {0}, "                                            print($" at $x, $y");
  115:  format :mine:x                                               ...
  116:  print :mine:y                                                ...
  117:  ucontrol approach :mine:x :mine:y 7 0 0                      approach(x, y, RADIUS);
  118:  ucontrol getBlock :mine:x :mine:y 0 :mine:block :mine:floor  var block = getBlock(x, y, , out floor);
  119:  jump *label50 equal :mine:floor :mine:floorOre               if floor != floorOre then
  120:  jump *label52 notEqual :mine:floor null                      if floor == null then
  121:  print ": too far\n"                                          println(": too far");
  122:  jump *label51 always 0 0                                     if floor == null then
        label *label52                                               ...
  123:  ucontrol flag 1 0 0 0 0                                      flag(1);
  124:  print ": no ore!\n"                                          println(": no ore!");
  125:  jump *label51 always 0 0                                     if floor != floorOre then
        label *label50                                               ...
  126:  jump *label54 notEqual :mine:block null                      elsif block == null then
  127:  ucontrol mine :mine:x :mine:y 0 0 0                          mine(x, y);
  128:  jump *label55 always 0 0                                     elsif block == null then
        label *label54                                               ...
  129:  ucontrol flag 1 0 0 0 0                                      flag(1);
  130:  print ": blocked!\n"                                         println(": blocked!");
        label *label55                                               elsif block == null then
        label *label51                                               if floor != floorOre then
        label *label47                                               if items >= oreCapacity then
  131:  print "\n"                                                   println();
  132:  jump *label6 always 0 0                                      while true do


Code size and number of instantiations by function:
  Size  Times  AvgSize  Function
    52     1x     52,0  void mine(in flag)
    43     1x     43,0  void backgroundProcess()
    18     1x     18,0  void findOreToMine(in ore)
    13     1x     13,0  void returnItems()
     8     1x      8,0  <no function>

