   335 instructions before optimizations.
    10 instructions eliminated by Temp Variables Elimination (3 passes, 7 iterations).
     1 instruction eliminated by Case Expression Optimization.
    52 instructions eliminated by Dead Code Elimination (6 iterations).
     1 instruction eliminated by Jump Normalization (5 iterations).
    29 instructions eliminated by Condition Optimization (6 iterations).
    18 instructions eliminated by Single Step Elimination (6 iterations).
    21 instructions eliminated by Boolean Optimization (7 iterations).
       7 fully-evaluated expressions optimized using 'select's.
     4 instructions eliminated by Data Flow Optimization (2 passes, 7 iterations).
     3 instructions eliminated by Case Switching (4 iterations).
     1 case expression converted to fast dispatch by Case Switching.
     6 instructions eliminated by Jump Straightening (2 passes, 7 iterations).
    13 instructions updated by Jump Threading.
     3 instructions eliminated by Unreachable Code Elimination (2 iterations).
    11 instructions eliminated by Print Merging.
   176 instructions after optimizations.

Pass 1: speed optimization selection (cost limit 804):
  * Fast-dispatch case at line 86:13                             size    -4, benefit       12.5, efficiency   Infinity (-3 instructions)

Modifications by Initial phase, Case Expression Optimization, iteration 1 (-1 instructions):
 
   114 print "Unit flag: "
   115 print :backgroundProcess:flag
   116 print "\n"
-    * set *tmp26 :backgroundProcess:flag
-    * jump *label43 equal *tmp26 0
+  117 jump *label43 equal :backgroundProcess:flag 0
   118 jump *label42 always
   119 label *label43
   120 sensor *tmp27 @unit @firstItem
 
   199 set *tmp25 null
   200 jump *label41 always
   201 label *label42
-    * jump *label62 equal *tmp26 1
+  202 jump *label62 equal :backgroundProcess:flag 1
   203 jump *label61 always
   204 label *label62
   205 print "Mining "
 
   268 set *tmp25 null
   269 jump *label41 always
   270 label *label61
-    * jump *label75 equal *tmp26 2
+  271 jump *label75 equal :backgroundProcess:flag 2
   272 jump *label74 always
   273 label *label75
   274 print "Mining "
 
   337 set *tmp25 null
   338 jump *label41 always
   339 label *label74
-    * jump *label88 equal *tmp26 3
+  340 jump *label88 equal :backgroundProcess:flag 3
   341 jump *label87 always
   342 label *label88
   343 print "Returning"
 
   359 set *tmp25 null
   360 jump *label41 always
   361 label *label87
-    * jump *label93 equal *tmp26 4
+  362 jump *label93 equal :backgroundProcess:flag 4
   363 jump *label92 always
   364 label *label93
   365 print "Returning"

Modifications by Initial phase, Dead Code Elimination, iteration 1 (-30 instructions):
 
    28 op equal *tmp3 .core null
    29 jump *label17 equal *tmp3 false
    30 jump *label16 always
-    * set *tmp4 null
    31 jump *label18 always
    32 label *label17
-    * set *tmp4 null
    33 label *label18
    34 label *label19
    35 jump *label21 equal true false
 
    39 print "Found builder unit."
    40 print "\n"
    41 printflush message1
-    * set *tmp6 null
    42 jump *label23 always
    43 label *label22
    44 op equal *tmp7 .thoriumDrone null
 
    61 jump *label31 equal *tmp14 false
    62 ucontrol approach .coreX .coreY 6
    63 ucontrol itemDrop .core 30
-    * set *tmp15 null
    64 jump *label32 always
    65 label *label31
    66 op equal *tmp16 :serviceThoriumDrill:item null
 
    73 ucontrol itemDrop @air 30
    74 set *tmp17 null
    75 label *label34
-    * set *tmp15 *tmp17
    76 label *label32
    77 label *label30
    78 jump *label20 always
-    * set *tmp12 null
    79 jump *label27 always
    80 label *label26
-    * set *tmp12 null
    81 label *label27
    82 jump *label35 equal .container false
    83 sensor *tmp19 .core @coal
 
    97 set *tmp21 *tmp23
    98 label *label38
    99 set .ore *tmp21
-    * set *tmp18 .ore
   100 jump *label36 always
   101 label *label35
-    * set *tmp18 null
   102 label *label36
   103 sensor *tmp24 @unit @flag
   104 set :backgroundProcess:flag *tmp24
 
   123 label *label47
   124 set *tmp32 null
   125 label *label48
-    * set *tmp29 *tmp32
   126 jump *label46 always
   127 label *label45
-    * set *tmp29 null
   128 label *label46
   129 op equal *tmp33 .ore @coal
   130 jump *label49 equal *tmp33 false
 
   178 set .scrapDistance :findOreToMine:dist
   179 set *tmp49 .scrapDistance
   180 label *label60
-    * set *tmp47 *tmp49
   181 jump *label58 always
   182 label *label57
-    * set *tmp47 null
   183 label *label58
   184 ucontrol approach :findOreToMine:x :findOreToMine:y 6
   185 label *label44
 
   197 ucontrol approach .coreX .coreY 6
   198 ucontrol itemDrop .core 30
   199 ucontrol flag 3
-    * set *tmp51 null
   200 jump *label65 always
   201 label *label64
-    * set *tmp51 null
   202 label *label65
   203 sensor *tmp52 @unit @firstItem
   204 op notEqual *tmp53 *tmp52 @coal
   205 jump *label66 equal *tmp53 false
   206 print " (dropping)"
   207 ucontrol itemDrop @air 30
-    * set *tmp54 null
   208 jump *label67 always
   209 label *label66
-    * set *tmp54 null
   210 label *label67
   211 print " at "
   212 print .coalX
 
   221 ucontrol approach .coreX .coreY 6
   222 ucontrol itemDrop .core 30
   223 ucontrol flag 3
-    * set *tmp57 null
   224 jump *label69 always
   225 label *label68
   226 ucontrol within .coalX .coalY 6.5 *tmp58
 
   243 label *label70
   244 set *tmp59 null
   245 label *label71
-    * set *tmp57 *tmp59
   246 label *label69
   247 print "\n"
   248 label *label63
 
   260 ucontrol approach .containerX .containerY 6
   261 ucontrol itemDrop .container 30
   262 ucontrol flag 4
-    * set *tmp64 null
   263 jump *label78 always
   264 label *label77
-    * set *tmp64 null
   265 label *label78
   266 sensor *tmp65 @unit @firstItem
   267 op notEqual *tmp66 *tmp65 @scrap
   268 jump *label79 equal *tmp66 false
   269 print " (dropping)"
   270 ucontrol itemDrop @air 30
-    * set *tmp67 null
   271 jump *label80 always
   272 label *label79
-    * set *tmp67 null
   273 label *label80
   274 print " at "
   275 print .scrapX
 
   284 ucontrol approach .containerX .containerY 6
   285 ucontrol itemDrop .container 30
   286 ucontrol flag 4
-    * set *tmp70 null
   287 jump *label82 always
   288 label *label81
   289 ucontrol within .scrapX .scrapY 6.5 *tmp71
 
   306 label *label83
   307 set *tmp72 null
   308 label *label84
-    * set *tmp70 *tmp72
   309 label *label82
   310 print "\n"
   311 label *label76
 
   325 print "    Finished"
   326 print "\n"
   327 ucontrol flag 0
-    * set *tmp78 null
   328 jump *label91 always
   329 label *label90
-    * set *tmp78 null
   330 label *label91
   331 label *label89
   332 set *tmp25 null
 
   345 print "    Finished"
   346 print "\n"
   347 ucontrol flag 0
-    * set *tmp81 null
   348 jump *label96 always
   349 label *label95
-    * set *tmp81 null
   350 label *label96
   351 label *label94
   352 set *tmp25 null
 
   356 label *label41
   357 set *tmp8 *tmp25
   358 label *label25
-    * set *tmp6 *tmp8
   359 label *label23
   360 label *label20
   361 jump *label19 always

Modifications by Initial phase, Dead Code Elimination, iteration 2 (-12 instructions):
 
    44 op equal *tmp7 .thoriumDrone null
    45 jump *label24 equal *tmp7 false
    46 set .thoriumDrone @unit
-    * set *tmp8 @unit
    47 jump *label25 always
    48 label *label24
    49 op equal *tmp9 @unit .thoriumDrone
 
    66 jump *label33 equal *tmp16 false
    67 ucontrol approach .thoriumContainerX .thoriumContainerY 6
    68 ucontrol itemTake .thoriumContainer @thorium 30
-    * set *tmp17 null
    69 jump *label34 always
    70 label *label33
    71 ucontrol itemDrop @air 30
-    * set *tmp17 null
    72 label *label34
    73 label *label32
    74 label *label30
 
   115 print "Holding wrong item."
   116 print "\n"
   117 jump *label44 always
-    * set *tmp32 null
   118 jump *label48 always
   119 label *label47
-    * set *tmp32 null
   120 label *label48
   121 jump *label46 always
   122 label *label45
 
   165 set .coalX :findOreToMine:x
   166 set .coalY :findOreToMine:y
   167 set .coalDistance :findOreToMine:dist
-    * set *tmp49 .coalDistance
   168 jump *label60 always
   169 label *label59
   170 set .scrapX :findOreToMine:x
   171 set .scrapY :findOreToMine:y
   172 set .scrapDistance :findOreToMine:dist
-    * set *tmp49 .scrapDistance
   173 label *label60
   174 jump *label58 always
   175 label *label57
 
   231 label *label72
   232 set *tmp62 null
   233 label *label73
-    * set *tmp59 *tmp62
   234 jump *label71 always
   235 label *label70
-    * set *tmp59 null
   236 label *label71
   237 label *label69
   238 print "\n"
 
   292 label *label85
   293 set *tmp75 null
   294 label *label86
-    * set *tmp72 *tmp75
   295 jump *label84 always
   296 label *label83
-    * set *tmp72 null
   297 label *label84
   298 label *label82
   299 print "\n"
 
   343 label *label92
   344 set *tmp25 null
   345 label *label41
-    * set *tmp8 *tmp25
   346 label *label25
   347 label *label23
   348 label *label20

Modifications by Initial phase, Dead Code Elimination, iteration 3 (-10 instructions):
 
   176 label *label58
   177 ucontrol approach :findOreToMine:x :findOreToMine:y 6
   178 label *label44
-    * set *tmp25 null
   179 jump *label41 always
   180 label *label42
   181 jump *label62 equal :backgroundProcess:flag 1
 
   225 ucontrol approach .coreX .coreY 6
   226 ucontrol itemDrop .core 30
   227 ucontrol flag 3
-    * set *tmp62 null
   228 jump *label73 always
   229 label *label72
-    * set *tmp62 null
   230 label *label73
   231 jump *label71 always
   232 label *label70
 
   234 label *label69
   235 print "\n"
   236 label *label63
-    * set *tmp25 null
   237 jump *label41 always
   238 label *label61
   239 jump *label75 equal :backgroundProcess:flag 2
 
   283 ucontrol approach .containerX .containerY 6
   284 ucontrol itemDrop .container 30
   285 ucontrol flag 4
-    * set *tmp75 null
   286 jump *label86 always
   287 label *label85
-    * set *tmp75 null
   288 label *label86
   289 jump *label84 always
   290 label *label83
 
   292 label *label82
   293 print "\n"
   294 label *label76
-    * set *tmp25 null
   295 jump *label41 always
   296 label *label74
   297 jump *label88 equal :backgroundProcess:flag 3
 
   311 label *label90
   312 label *label91
   313 label *label89
-    * set *tmp25 null
   314 jump *label41 always
   315 label *label87
   316 jump *label93 equal :backgroundProcess:flag 4
 
   330 label *label95
   331 label *label96
   332 label *label94
-    * set *tmp25 null
   333 jump *label41 always
   334 label *label92
-    * set *tmp25 null
   335 label *label41
   336 label *label25
   337 label *label23

Modifications by Initial phase, Temp Variables Elimination, iteration 1 (-9 instructions):
 
    16 label *label12
    17 ubind @poly
    18 set .builder @unit
-    * ulocate building core false @copper .coreX .coreY *tmp1 *tmp0
-    * set .core *tmp0
+   19 ulocate building core false @copper .coreX .coreY *tmp1 .core
    20 label *label13
    21 op equal *tmp2 .core null
    22 jump *label12 notEqual *tmp2 false
 
    53 jump *label26 equal *tmp11 false
    54 jump *label28 always
    55 label *label28
-    * sensor *tmp13 @unit @firstItem
-    * set :serviceThoriumDrill:item *tmp13
+   56 sensor :serviceThoriumDrill:item @unit @firstItem
    57 op equal *tmp14 :serviceThoriumDrill:item @thorium
    58 jump *label31 equal *tmp14 false
    59 ucontrol approach .coreX .coreY 6
 
    75 label *label26
    76 label *label27
    77 jump *label35 equal .container false
-    * sensor *tmp19 .core @coal
-    * set :backgroundProcess:coal *tmp19
+   78 sensor :backgroundProcess:coal .core @coal
    79 op lessThan *tmp20 :backgroundProcess:coal 120
    80 jump *label37 equal *tmp20 false
    81 set *tmp21 @coal
 
    94 jump *label36 always
    95 label *label35
    96 label *label36
-    * sensor *tmp24 @unit @flag
-    * set :backgroundProcess:flag *tmp24
+   97 sensor :backgroundProcess:flag @unit @flag
    98 print "Unit flag: "
    99 print :backgroundProcess:flag
   100 print "\n"
 
   152 ulocate ore core true .ore :findOreToMine:x :findOreToMine:y *tmp41 *tmp42
   153 op sub *tmp43 :findOreToMine:x :findOreToMine:targetX
   154 op sub *tmp44 :findOreToMine:y :findOreToMine:targetY
-    * op len *tmp45 *tmp43 *tmp44
-    * set :findOreToMine:dist *tmp45
+  155 op len :findOreToMine:dist *tmp43 *tmp44
   156 op lessThan *tmp46 :findOreToMine:dist :findOreToMine:distance
   157 jump *label57 equal *tmp46 false
   158 op equal *tmp48 .ore @coal
 
   339 end
   340 label *label0
   341 set .thoriumContainer :setThoriumContainer:container
-    * sensor *tmp82 :setThoriumContainer:container @x
-    * set .thoriumContainerX *tmp82
-    * sensor *tmp83 :setThoriumContainer:container @y
-    * set .thoriumContainerY *tmp83
+  342 sensor .thoriumContainerX :setThoriumContainer:container @x
+  343 sensor .thoriumContainerY :setThoriumContainer:container @y
   344 sensor *tmp84 .thoriumContainer @itemCapacity
   345 op greaterThan *tmp85 *tmp84 10
   346 jump *label98 equal *tmp85 false
 
   356 end
   357 label *label2
   358 set .container :setScrapContainer:scrapContainer
-    * sensor *tmp87 .container @x
-    * set .containerX *tmp87
-    * sensor *tmp88 .container @y
-    * set .containerY *tmp88
+  359 sensor .containerX .container @x
+  360 sensor .containerY .container @y
   361 label *label100
   362 set :setScrapContainer*finished true
   363 jump *label15 always

Modifications by Iterated phase, Jump Normalization, pass 1, iteration 1 (-1 instructions):
 
    31 label *label17
    32 label *label18
    33 label *label19
-    * jump *label21 equal true false
    34 ubind @poly
    35 op equal *tmp5 @unit .builder
    36 jump *label22 equal *tmp5 false

Modifications by Iterated phase, Jump Straightening, pass 1, iteration 1 (-5 instructions):
 
    97 print "Unit flag: "
    98 print :backgroundProcess:flag
    99 print "\n"
-    * jump *label43 equal :backgroundProcess:flag 0
-    * jump *label42 always
+  100 jump *label42 notEqual :backgroundProcess:flag 0
   101 label *label43
   102 sensor *tmp27 @unit @firstItem
   103 op notEqual *tmp28 *tmp27 null
 
   171 label *label44
   172 jump *label41 always
   173 label *label42
-    * jump *label62 equal :backgroundProcess:flag 1
-    * jump *label61 always
+  174 jump *label61 notEqual :backgroundProcess:flag 1
   175 label *label62
   176 print "Mining "
   177 printchar @coal
 
   228 label *label63
   229 jump *label41 always
   230 label *label61
-    * jump *label75 equal :backgroundProcess:flag 2
-    * jump *label74 always
+  231 jump *label74 notEqual :backgroundProcess:flag 2
   232 label *label75
   233 print "Mining "
   234 printchar @scrap
 
   285 label *label76
   286 jump *label41 always
   287 label *label74
-    * jump *label88 equal :backgroundProcess:flag 3
-    * jump *label87 always
+  288 jump *label87 notEqual :backgroundProcess:flag 3
   289 label *label88
   290 print "Returning"
   291 print "\n"
 
   303 label *label89
   304 jump *label41 always
   305 label *label87
-    * jump *label93 equal :backgroundProcess:flag 4
-    * jump *label92 always
+  306 jump *label92 notEqual :backgroundProcess:flag 4
   307 label *label93
   308 print "Returning"
   309 print "\n"

Modifications by Iterated phase, Condition Optimization, pass 1, iteration 1 (-29 instructions):
 
    18 set .builder @unit
    19 ulocate building core false @copper .coreX .coreY *tmp1 .core
    20 label *label13
-    * op equal *tmp2 .core null
-    * jump *label12 notEqual *tmp2 false
+   21 jump *label12 equal .core null
    22 label *label14
    23 label *label11
    24 set *signature "2bc8cecff9ae5b38:v1"
    25 label *label15
-    * op equal *tmp3 .core null
-    * jump *label17 equal *tmp3 false
+   26 jump *label17 notEqual .core null
    27 jump *label16 always
    28 jump *label18 always
    29 label *label17
    30 label *label18
    31 label *label19
    32 ubind @poly
-    * op equal *tmp5 @unit .builder
-    * jump *label22 equal *tmp5 false
+   33 jump *label22 notEqual @unit .builder
    34 print "Found builder unit."
    35 print "\n"
    36 printflush message1
    37 jump *label23 always
    38 label *label22
-    * op equal *tmp7 .thoriumDrone null
-    * jump *label24 equal *tmp7 false
+   39 jump *label24 notEqual .thoriumDrone null
    40 set .thoriumDrone @unit
    41 jump *label25 always
    42 label *label24
-    * op equal *tmp9 @unit .thoriumDrone
-    * jump *label26 equal *tmp9 false
+   43 jump *label26 notEqual @unit .thoriumDrone
    44 label *label29
    45 sensor *tmp10 .thoriumContainer @thorium
-    * op greaterThan *tmp11 *tmp10 .thoriumLimit
-    * jump *label26 equal *tmp11 false
+   46 jump *label26 lessThanEq *tmp10 .thoriumLimit
    47 jump *label28 always
    48 label *label28
    49 sensor :serviceThoriumDrill:item @unit @firstItem
-    * op equal *tmp14 :serviceThoriumDrill:item @thorium
-    * jump *label31 equal *tmp14 false
+   50 jump *label31 notEqual :serviceThoriumDrill:item @thorium
    51 ucontrol approach .coreX .coreY 6
    52 ucontrol itemDrop .core 30
    53 jump *label32 always
    54 label *label31
-    * op equal *tmp16 :serviceThoriumDrill:item null
-    * jump *label33 equal *tmp16 false
+   55 jump *label33 notEqual :serviceThoriumDrill:item null
    56 ucontrol approach .thoriumContainerX .thoriumContainerY 6
    57 ucontrol itemTake .thoriumContainer @thorium 30
    58 jump *label34 always
 
    67 label *label27
    68 jump *label35 equal .container false
    69 sensor :backgroundProcess:coal .core @coal
-    * op lessThan *tmp20 :backgroundProcess:coal 120
-    * jump *label37 equal *tmp20 false
+   70 jump *label37 greaterThanEq :backgroundProcess:coal 120
    71 set *tmp21 @coal
    72 jump *label38 always
    73 label *label37
-    * op greaterThan *tmp22 :backgroundProcess:coal 220
-    * jump *label39 equal *tmp22 false
+   74 jump *label39 lessThanEq :backgroundProcess:coal 220
    75 set *tmp23 @scrap
    76 jump *label40 always
    77 label *label39
 
    90 jump *label42 notEqual :backgroundProcess:flag 0
    91 label *label43
    92 sensor *tmp27 @unit @firstItem
-    * op notEqual *tmp28 *tmp27 null
-    * jump *label45 equal *tmp28 false
+   93 jump *label45 equal *tmp27 null
    94 ucontrol itemDrop @air 30
    95 sensor *tmp30 @unit @firstItem
-    * op notEqual *tmp31 *tmp30 null
-    * jump *label47 equal *tmp31 false
+   96 jump *label47 equal *tmp30 null
    97 print "Holding wrong item."
    98 print "\n"
    99 jump *label44 always
 
   103 jump *label46 always
   104 label *label45
   105 label *label46
-    * op equal *tmp33 .ore @coal
-    * jump *label49 equal *tmp33 false
+  106 jump *label49 notEqual .ore @coal
   107 set *tmp34 1
   108 jump *label50 always
   109 label *label49
   110 set *tmp34 2
   111 label *label50
   112 ucontrol flag *tmp34
-    * op equal *tmp35 .ore @coal
-    * jump *label51 equal *tmp35 false
+  113 jump *label51 notEqual .ore @coal
   114 set *tmp36 .coreX
   115 jump *label52 always
   116 label *label51
   117 set *tmp36 .containerX
   118 label *label52
   119 set :findOreToMine:targetX *tmp36
-    * op equal *tmp37 .ore @coal
-    * jump *label53 equal *tmp37 false
+  120 jump *label53 notEqual .ore @coal
   121 set *tmp38 .coreY
   122 jump *label54 always
   123 label *label53
   124 set *tmp38 .containerY
   125 label *label54
   126 set :findOreToMine:targetY *tmp38
-    * op equal *tmp39 .ore @coal
-    * jump *label55 equal *tmp39 false
+  127 jump *label55 notEqual .ore @coal
   128 set *tmp40 .coalDistance
   129 jump *label56 always
   130 label *label55
 
   135 op sub *tmp43 :findOreToMine:x :findOreToMine:targetX
   136 op sub *tmp44 :findOreToMine:y :findOreToMine:targetY
   137 op len :findOreToMine:dist *tmp43 *tmp44
-    * op lessThan *tmp46 :findOreToMine:dist :findOreToMine:distance
-    * jump *label57 equal *tmp46 false
-    * op equal *tmp48 .ore @coal
-    * jump *label59 equal *tmp48 false
+  138 jump *label57 greaterThanEq :findOreToMine:dist :findOreToMine:distance
+  139 jump *label59 notEqual .ore @coal
   140 set .coalX :findOreToMine:x
   141 set .coalY :findOreToMine:y
   142 set .coalDistance :findOreToMine:dist
 
   157 label *label62
   158 print "Mining "
   159 printchar @coal
-    * op notEqual *tmp50 .ore @coal
-    * jump *label64 equal *tmp50 false
+  160 jump *label64 equal .ore @coal
   161 print ", switching"
   162 ucontrol approach .coreX .coreY 6
   163 ucontrol itemDrop .core 30
 
   166 label *label64
   167 label *label65
   168 sensor *tmp52 @unit @firstItem
-    * op notEqual *tmp53 *tmp52 @coal
-    * jump *label66 equal *tmp53 false
+  169 jump *label66 equal *tmp52 @coal
   170 print " (dropping)"
   171 ucontrol itemDrop @air 30
   172 jump *label67 always
 
   179 ucontrol approach .coalX .coalY 6
   180 ucontrol mine .coalX .coalY
   181 sensor *tmp55 @unit @totalItems
-    * op greaterThanEq *tmp56 *tmp55 30
-    * jump *label68 equal *tmp56 false
+  182 jump *label68 lessThan *tmp55 30
   183 print ", full"
   184 ucontrol approach .coreX .coreY 6
   185 ucontrol itemDrop .core 30
 
   189 ucontrol within .coalX .coalY 6.5 *tmp58
   190 jump *label70 equal *tmp58 false
   191 sensor *tmp60 @unit @mining
-    * op equal *tmp61 *tmp60 false
-    * jump *label72 equal *tmp61 false
+  192 jump *label72 notEqual *tmp60 false
   193 print ", ore lost"
   194 set .coalDistance 1000000000
   195 ucontrol approach .coreX .coreY 6
 
   210 label *label75
   211 print "Mining "
   212 printchar @scrap
-    * op notEqual *tmp63 .ore @scrap
-    * jump *label77 equal *tmp63 false
+  213 jump *label77 equal .ore @scrap
   214 print ", switching"
   215 ucontrol approach .containerX .containerY 6
   216 ucontrol itemDrop .container 30
 
   219 label *label77
   220 label *label78
   221 sensor *tmp65 @unit @firstItem
-    * op notEqual *tmp66 *tmp65 @scrap
-    * jump *label79 equal *tmp66 false
+  222 jump *label79 equal *tmp65 @scrap
   223 print " (dropping)"
   224 ucontrol itemDrop @air 30
   225 jump *label80 always
 
   232 ucontrol approach .scrapX .scrapY 6
   233 ucontrol mine .scrapX .scrapY
   234 sensor *tmp68 @unit @totalItems
-    * op greaterThanEq *tmp69 *tmp68 25
-    * jump *label81 equal *tmp69 false
+  235 jump *label81 lessThan *tmp68 25
   236 print ", full"
   237 ucontrol approach .containerX .containerY 6
   238 ucontrol itemDrop .container 30
 
   242 ucontrol within .scrapX .scrapY 6.5 *tmp71
   243 jump *label83 equal *tmp71 false
   244 sensor *tmp73 @unit @mining
-    * op equal *tmp74 *tmp73 false
-    * jump *label85 equal *tmp74 false
+  245 jump *label85 notEqual *tmp73 false
   246 print ", ore lost"
   247 set .scrapDistance 1000000000
   248 ucontrol approach .containerX .containerY 6
 
   266 ucontrol approach .coreX .coreY 6
   267 ucontrol itemDrop .core 30
   268 sensor *tmp76 @unit @firstItem
-    * op equal *tmp77 *tmp76 null
-    * jump *label90 equal *tmp77 false
+  269 jump *label90 notEqual *tmp76 null
   270 print "    Finished"
   271 print "\n"
   272 ucontrol flag 0
 
   283 ucontrol approach .containerX .containerY 6
   284 ucontrol itemDrop .container 30
   285 sensor *tmp79 @unit @firstItem
-    * op equal *tmp80 *tmp79 null
-    * jump *label95 equal *tmp80 false
+  286 jump *label95 notEqual *tmp79 null
   287 print "    Finished"
   288 print "\n"
   289 ucontrol flag 0
 
   308 sensor .thoriumContainerX :setThoriumContainer:container @x
   309 sensor .thoriumContainerY :setThoriumContainer:container @y
   310 sensor *tmp84 .thoriumContainer @itemCapacity
-    * op greaterThan *tmp85 *tmp84 10
-    * jump *label98 equal *tmp85 false
+  311 jump *label98 lessThanEq *tmp84 10
   312 set *tmp86 100
   313 jump *label99 always
   314 label *label98

Modifications by Iterated phase, Single Step Elimination, pass 1, iteration 1 (-18 instructions):
 
    25 label *label15
    26 jump *label17 notEqual .core null
    27 jump *label16 always
-    * jump *label18 always
    28 label *label17
    29 label *label18
    30 label *label19
 
    43 label *label29
    44 sensor *tmp10 .thoriumContainer @thorium
    45 jump *label26 lessThanEq *tmp10 .thoriumLimit
-    * jump *label28 always
    46 label *label28
    47 sensor :serviceThoriumDrill:item @unit @firstItem
    48 jump *label31 notEqual :serviceThoriumDrill:item @thorium
 
    60 label *label32
    61 label *label30
    62 jump *label20 always
-    * jump *label27 always
    63 label *label26
    64 label *label27
    65 jump *label35 equal .container false
 
    77 set *tmp21 *tmp23
    78 label *label38
    79 set .ore *tmp21
-    * jump *label36 always
    80 label *label35
    81 label *label36
    82 sensor :backgroundProcess:flag @unit @flag
 
    93 print "Holding wrong item."
    94 print "\n"
    95 jump *label44 always
-    * jump *label48 always
    96 label *label47
    97 label *label48
-    * jump *label46 always
    98 label *label45
    99 label *label46
   100 jump *label49 notEqual .ore @coal
 
   140 set .scrapY :findOreToMine:y
   141 set .scrapDistance :findOreToMine:dist
   142 label *label60
-    * jump *label58 always
   143 label *label57
   144 label *label58
   145 ucontrol approach :findOreToMine:x :findOreToMine:y 6
 
   155 ucontrol approach .coreX .coreY 6
   156 ucontrol itemDrop .core 30
   157 ucontrol flag 3
-    * jump *label65 always
   158 label *label64
   159 label *label65
   160 sensor *tmp52 @unit @firstItem
   161 jump *label66 equal *tmp52 @coal
   162 print " (dropping)"
   163 ucontrol itemDrop @air 30
-    * jump *label67 always
   164 label *label66
   165 label *label67
   166 print " at "
 
   186 ucontrol approach .coreX .coreY 6
   187 ucontrol itemDrop .core 30
   188 ucontrol flag 3
-    * jump *label73 always
   189 label *label72
   190 label *label73
-    * jump *label71 always
   191 label *label70
   192 label *label71
   193 label *label69
 
   204 ucontrol approach .containerX .containerY 6
   205 ucontrol itemDrop .container 30
   206 ucontrol flag 4
-    * jump *label78 always
   207 label *label77
   208 label *label78
   209 sensor *tmp65 @unit @firstItem
   210 jump *label79 equal *tmp65 @scrap
   211 print " (dropping)"
   212 ucontrol itemDrop @air 30
-    * jump *label80 always
   213 label *label79
   214 label *label80
   215 print " at "
 
   235 ucontrol approach .containerX .containerY 6
   236 ucontrol itemDrop .container 30
   237 ucontrol flag 4
-    * jump *label86 always
   238 label *label85
   239 label *label86
-    * jump *label84 always
   240 label *label83
   241 label *label84
   242 label *label82
 
   255 print "    Finished"
   256 print "\n"
   257 ucontrol flag 0
-    * jump *label91 always
   258 label *label90
   259 label *label91
   260 label *label89
 
   271 print "    Finished"
   272 print "\n"
   273 ucontrol flag 0
-    * jump *label96 always
   274 label *label95
   275 label *label96
   276 label *label94
-    * jump *label41 always
   277 label *label92
   278 label *label41
   279 label *label25

Modifications by Iterated phase, Data Flow Optimization, pass 1, iteration 1:
 
   126 label *label56
   127 set :findOreToMine:distance *tmp40
   128 ulocate ore core true .ore :findOreToMine:x :findOreToMine:y *tmp41 *tmp42
-    * op sub *tmp43 :findOreToMine:x :findOreToMine:targetX
-    * op sub *tmp44 :findOreToMine:y :findOreToMine:targetY
+  129 op sub *tmp43 :findOreToMine:x *tmp36
+  130 op sub *tmp44 :findOreToMine:y *tmp38
   131 op len :findOreToMine:dist *tmp43 *tmp44
-    * jump *label57 greaterThanEq :findOreToMine:dist :findOreToMine:distance
+  132 jump *label57 greaterThanEq :findOreToMine:dist *tmp40
   133 jump *label59 notEqual .ore @coal
   134 set .coalX :findOreToMine:x
   135 set .coalY :findOreToMine:y

Modifications by Iterated phase, Data Flow Optimization, pass 1, iteration 2 (-3 instructions):
 
   110 label *label51
   111 set *tmp36 .containerX
   112 label *label52
-    * set :findOreToMine:targetX *tmp36
   113 jump *label53 notEqual .ore @coal
   114 set *tmp38 .coreY
   115 jump *label54 always
   116 label *label53
   117 set *tmp38 .containerY
   118 label *label54
-    * set :findOreToMine:targetY *tmp38
   119 jump *label55 notEqual .ore @coal
   120 set *tmp40 .coalDistance
   121 jump *label56 always
   122 label *label55
   123 set *tmp40 .scrapDistance
   124 label *label56
-    * set :findOreToMine:distance *tmp40
   125 ulocate ore core true .ore :findOreToMine:x :findOreToMine:y *tmp41 *tmp42
   126 op sub *tmp43 :findOreToMine:x *tmp36
   127 op sub *tmp44 :findOreToMine:y *tmp38

Modifications by Iterated phase, Boolean Optimization, pass 1, iteration 1 (-18 instructions):
 
    40 jump *label25 always
    41 label *label24
    42 jump *label26 notEqual @unit .thoriumDrone
-    * label *label29
    43 sensor *tmp10 .thoriumContainer @thorium
    44 jump *label26 lessThanEq *tmp10 .thoriumLimit
-    * label *label28
    45 sensor :serviceThoriumDrill:item @unit @firstItem
    46 jump *label31 notEqual :serviceThoriumDrill:item @thorium
    47 ucontrol approach .coreX .coreY 6
 
    66 set *tmp21 @coal
    67 jump *label38 always
    68 label *label37
-    * jump *label39 lessThanEq :backgroundProcess:coal 220
-    * set *tmp23 @scrap
-    * jump *label40 always
-    * label *label39
-    * set *tmp23 .ore
-    * label *label40
+   69 select *tmp23 greaterThan :backgroundProcess:coal 220 @scrap .ore
    70 set *tmp21 *tmp23
    71 label *label38
    72 set .ore *tmp21
 
    90 label *label48
    91 label *label45
    92 label *label46
-    * jump *label49 notEqual .ore @coal
-    * set *tmp34 1
-    * jump *label50 always
-    * label *label49
-    * set *tmp34 2
-    * label *label50
+   93 select *tmp34 equal .ore @coal 1 2
    94 ucontrol flag *tmp34
-    * jump *label51 notEqual .ore @coal
-    * set *tmp36 .coreX
-    * jump *label52 always
-    * label *label51
-    * set *tmp36 .containerX
-    * label *label52
-    * jump *label53 notEqual .ore @coal
-    * set *tmp38 .coreY
-    * jump *label54 always
-    * label *label53
-    * set *tmp38 .containerY
-    * label *label54
-    * jump *label55 notEqual .ore @coal
-    * set *tmp40 .coalDistance
-    * jump *label56 always
-    * label *label55
-    * set *tmp40 .scrapDistance
-    * label *label56
+   95 select *tmp36 equal .ore @coal .coreX .containerX
+   96 select *tmp38 equal .ore @coal .coreY .containerY
+   97 select *tmp40 equal .ore @coal .coalDistance .scrapDistance
    98 ulocate ore core true .ore :findOreToMine:x :findOreToMine:y *tmp41 *tmp42
    99 op sub *tmp43 :findOreToMine:x *tmp36
   100 op sub *tmp44 :findOreToMine:y *tmp38
 
   259 set .thoriumContainer :setThoriumContainer:container
   260 sensor .thoriumContainerX :setThoriumContainer:container @x
   261 sensor .thoriumContainerY :setThoriumContainer:container @y
-    * sensor *tmp84 .thoriumContainer @itemCapacity
-    * jump *label98 lessThanEq *tmp84 10
-    * set *tmp86 100
-    * jump *label99 always
-    * label *label98
-    * set *tmp86 0
-    * label *label99
+  262 sensor *tmp84 .thoriumContainer @itemCapacity
+  263 select *tmp86 greaterThan *tmp84 10 100 0
   264 set .thoriumLimit *tmp86
   265 label *label97
   266 set :setThoriumContainer*finished true

Modifications by Iterated phase, Boolean Optimization, pass 1, iteration 2 (-3 instructions):
 
    62 label *label27
    63 jump *label35 equal .container false
    64 sensor :backgroundProcess:coal .core @coal
-    * jump *label37 greaterThanEq :backgroundProcess:coal 120
-    * set *tmp21 @coal
-    * jump *label38 always
-    * label *label37
-    * select *tmp23 greaterThan :backgroundProcess:coal 220 @scrap .ore
-    * set *tmp21 *tmp23
-    * label *label38
+   65 select *tmp23 greaterThan :backgroundProcess:coal 220 @scrap .ore
+   66 select *tmp21 lessThan :backgroundProcess:coal 120 @coal *tmp23
    67 set .ore *tmp21
    68 label *label35
    69 label *label36

Modifications by Fast-dispatch case at line 86:13 (-3 instructions):
 
    71 print "Unit flag: "
    72 print :backgroundProcess:flag
    73 print "\n"
-    * jump *label42 notEqual :backgroundProcess:flag 0
+   74 multijump :backgroundProcess:flag 0 0 (m:*label102)
+   75 multilabel *label108 (m:*label102)
+   76 label *label101
+   77 jump *label41 always
+   78 multilabel *label103 (m:*label102)
    79 label *label43
    80 sensor *tmp27 @unit @firstItem
    81 jump *label45 equal *tmp27 null
 
   115 label *label44
   116 jump *label41 always
   117 label *label42
-    * jump *label61 notEqual :backgroundProcess:flag 1
+  118 multilabel *label104 (m:*label102)
   119 label *label62
   120 print "Mining "
   121 printchar @coal
 
   164 label *label63
   165 jump *label41 always
   166 label *label61
-    * jump *label74 notEqual :backgroundProcess:flag 2
+  167 multilabel *label105 (m:*label102)
   168 label *label75
   169 print "Mining "
   170 printchar @scrap
 
   213 label *label76
   214 jump *label41 always
   215 label *label74
-    * jump *label87 notEqual :backgroundProcess:flag 3
+  216 multilabel *label106 (m:*label102)
   217 label *label88
   218 print "Returning"
   219 print "\n"
 
   229 label *label89
   230 jump *label41 always
   231 label *label87
-    * jump *label92 notEqual :backgroundProcess:flag 4
+  232 multilabel *label107 (m:*label102)
   233 label *label93
   234 print "Returning"
   235 print "\n"
 
   243 label *label95
   244 label *label96
   245 label *label94
-    * label *label92
   246 label *label41
   247 label *label25
   248 label *label23

Modifications by Iterated phase, Data Flow Optimization, pass 2, iteration 1 (-1 instructions):
 
   258 sensor .thoriumContainerX :setThoriumContainer:container @x
   259 sensor .thoriumContainerY :setThoriumContainer:container @y
   260 sensor *tmp84 .thoriumContainer @itemCapacity
-    * select *tmp86 greaterThan *tmp84 10 100 0
-    * set .thoriumLimit *tmp86
+  261 select .thoriumLimit greaterThan *tmp84 10 100 0
   262 label *label97
   263 set :setThoriumContainer*finished true
   264 jump *label15 always

Modifications by Iterated phase, Temp Variables Elimination, pass 2, iteration 1 (-1 instructions):
 
    63 jump *label35 equal .container false
    64 sensor :backgroundProcess:coal .core @coal
    65 select *tmp23 greaterThan :backgroundProcess:coal 220 @scrap .ore
-    * select *tmp21 lessThan :backgroundProcess:coal 120 @coal *tmp23
-    * set .ore *tmp21
+   66 select .ore lessThan :backgroundProcess:coal 120 @coal *tmp23
    67 label *label35
    68 label *label36
    69 sensor :backgroundProcess:flag @unit @flag

Modifications by Jumps phase, Unreachable Code Elimination, pass 4, iteration 1 (-3 instructions):
 
    17 ubind @poly
    18 set .builder @unit
    19 ulocate building core false @copper .coreX .coreY *tmp1 .core
-    * label *label13
    20 jump *label12 equal .core null
-    * label *label14
-    * label *label11
    21 set *signature "2bc8cecff9ae5b38:v1"
    22 label *label15
    23 jump *label17 notEqual .core null
    24 jump *label16 always
    25 label *label17
-    * label *label18
    26 label *label19
    27 ubind @poly
    28 jump *label22 notEqual @unit .builder
 
    52 ucontrol itemDrop @air 30
    53 label *label34
    54 label *label32
-    * label *label30
    55 jump *label20 always
    56 label *label26
-    * label *label27
    57 jump *label35 equal .container false
    58 sensor :backgroundProcess:coal .core @coal
    59 select *tmp23 greaterThan :backgroundProcess:coal 220 @scrap .ore
    60 select .ore lessThan :backgroundProcess:coal 120 @coal *tmp23
    61 label *label35
-    * label *label36
    62 sensor :backgroundProcess:flag @unit @flag
    63 print "Unit flag: "
    64 print :backgroundProcess:flag
    65 print "\n"
    66 multijump :backgroundProcess:flag 0 0 (m:*label102)
    67 multilabel *label108 (m:*label102)
-    * label *label101
    68 jump *label41 always
    69 multilabel *label103 (m:*label102)
-    * label *label43
    70 sensor *tmp27 @unit @firstItem
    71 jump *label45 equal *tmp27 null
    72 ucontrol itemDrop @air 30
 
    76 print "\n"
    77 jump *label44 always
    78 label *label47
-    * label *label48
    79 label *label45
-    * label *label46
    80 select *tmp34 equal .ore @coal 1 2
    81 ucontrol flag *tmp34
    82 select *tmp36 equal .ore @coal .coreX .containerX
 
    98 set .scrapDistance :findOreToMine:dist
    99 label *label60
   100 label *label57
-    * label *label58
   101 ucontrol approach :findOreToMine:x :findOreToMine:y 6
   102 label *label44
   103 jump *label41 always
-    * label *label42
   104 multilabel *label104 (m:*label102)
-    * label *label62
   105 print "Mining "
   106 printchar @coal
   107 jump *label64 equal .ore @coal
 
   110 ucontrol itemDrop .core 30
   111 ucontrol flag 3
   112 label *label64
-    * label *label65
   113 sensor *tmp52 @unit @firstItem
   114 jump *label66 equal *tmp52 @coal
   115 print " (dropping)"
   116 ucontrol itemDrop @air 30
   117 label *label66
-    * label *label67
   118 print " at "
   119 print .coalX
   120 print ", "
 
   139 ucontrol itemDrop .core 30
   140 ucontrol flag 3
   141 label *label72
-    * label *label73
   142 label *label70
-    * label *label71
   143 label *label69
   144 print "\n"
-    * label *label63
   145 jump *label41 always
-    * label *label61
   146 multilabel *label105 (m:*label102)
-    * label *label75
   147 print "Mining "
   148 printchar @scrap
   149 jump *label77 equal .ore @scrap
 
   152 ucontrol itemDrop .container 30
   153 ucontrol flag 4
   154 label *label77
-    * label *label78
   155 sensor *tmp65 @unit @firstItem
   156 jump *label79 equal *tmp65 @scrap
   157 print " (dropping)"
   158 ucontrol itemDrop @air 30
   159 label *label79
-    * label *label80
   160 print " at "
   161 print .scrapX
   162 print ", "
 
   181 ucontrol itemDrop .container 30
   182 ucontrol flag 4
   183 label *label85
-    * label *label86
   184 label *label83
-    * label *label84
   185 label *label82
   186 print "\n"
-    * label *label76
   187 jump *label41 always
-    * label *label74
   188 multilabel *label106 (m:*label102)
-    * label *label88
   189 print "Returning"
   190 print "\n"
   191 ucontrol approach .coreX .coreY 6
 
   196 print "\n"
   197 ucontrol flag 0
   198 label *label90
-    * label *label91
-    * label *label89
   199 jump *label41 always
-    * label *label87
   200 multilabel *label107 (m:*label102)
-    * label *label93
   201 print "Returning"
   202 print "\n"
   203 ucontrol approach .containerX .containerY 6
 
   208 print "\n"
   209 ucontrol flag 0
   210 label *label95
-    * label *label96
-    * label *label94
   211 label *label41
   212 label *label25
   213 label *label23
   214 label *label20
   215 jump *label19 always
-    * label *label21
   216 label *label16
   217 wait 1e12
   218 jump *label15 always
-    * end
   219 label *label0
   220 set .thoriumContainer :setThoriumContainer:container
   221 sensor .thoriumContainerX :setThoriumContainer:container @x
   222 sensor .thoriumContainerY :setThoriumContainer:container @y
   223 sensor *tmp84 .thoriumContainer @itemCapacity
   224 select .thoriumLimit greaterThan *tmp84 10 100 0
-    * label *label97
   225 set :setThoriumContainer*finished true
   226 jump *label15 always
-    * end
   227 label *label2
   228 set .container :setScrapContainer:scrapContainer
   229 sensor .containerX .container @x
   230 sensor .containerY .container @y
-    * label *label100
   231 set :setScrapContainer*finished true
   232 jump *label15 always
-    * end

Modifications by Jumps phase, Jump Straightening, pass 4, iteration 1 (-1 instructions):
 
    20 jump *label12 equal .core null
    21 set *signature "2bc8cecff9ae5b38:v1"
    22 label *label15
-    * jump *label17 notEqual .core null
-    * jump *label16 always
+   23 jump *label16 equal .core null
    24 label *label17
    25 label *label19
    26 ubind @poly

Modifications by Jumps phase, Jump Threading, pass 4, iteration 1:
 
    27 print "Found builder unit."
    28 print "\n"
    29 printflush message1
-    * jump *label23 always
+   30 jump *label19 always
    31 label *label22
    32 jump *label24 notEqual .thoriumDrone null
    33 set .thoriumDrone @unit
-    * jump *label25 always
+   34 jump *label19 always
    35 label *label24
    36 jump *label26 notEqual @unit .thoriumDrone
    37 sensor *tmp10 .thoriumContainer @thorium
 
    40 jump *label31 notEqual :serviceThoriumDrill:item @thorium
    41 ucontrol approach .coreX .coreY 6
    42 ucontrol itemDrop .core 30
-    * jump *label32 always
+   43 jump *label19 always
    44 label *label31
    45 jump *label33 notEqual :serviceThoriumDrill:item null
    46 ucontrol approach .thoriumContainerX .thoriumContainerY 6
    47 ucontrol itemTake .thoriumContainer @thorium 30
-    * jump *label34 always
+   48 jump *label19 always
    49 label *label33
    50 ucontrol itemDrop @air 30
    51 label *label34
    52 label *label32
-    * jump *label20 always
+   53 jump *label19 always
    54 label *label26
    55 jump *label35 equal .container false
    56 sensor :backgroundProcess:coal .core @coal
 
    63 print "\n"
    64 multijump :backgroundProcess:flag 0 0 (m:*label102)
    65 multilabel *label108 (m:*label102)
-    * jump *label41 always
+   66 jump *label19 always
    67 multilabel *label103 (m:*label102)
    68 sensor *tmp27 @unit @firstItem
    69 jump *label45 equal *tmp27 null
 
    72 jump *label47 equal *tmp30 null
    73 print "Holding wrong item."
    74 print "\n"
-    * jump *label44 always
+   75 jump *label19 always
    76 label *label47
    77 label *label45
    78 select *tmp34 equal .ore @coal 1 2
 
    98 label *label57
    99 ucontrol approach :findOreToMine:x :findOreToMine:y 6
   100 label *label44
-    * jump *label41 always
+  101 jump *label19 always
   102 multilabel *label104 (m:*label102)
   103 print "Mining "
   104 printchar @coal
 
   140 label *label70
   141 label *label69
   142 print "\n"
-    * jump *label41 always
+  143 jump *label19 always
   144 multilabel *label105 (m:*label102)
   145 print "Mining "
   146 printchar @scrap
 
   182 label *label83
   183 label *label82
   184 print "\n"
-    * jump *label41 always
+  185 jump *label19 always
   186 multilabel *label106 (m:*label102)
   187 print "Returning"
   188 print "\n"
   189 ucontrol approach .coreX .coreY 6
   190 ucontrol itemDrop .core 30
   191 sensor *tmp76 @unit @firstItem
-    * jump *label90 notEqual *tmp76 null
+  192 jump *label19 notEqual *tmp76 null
   193 print "    Finished"
   194 print "\n"
   195 ucontrol flag 0
   196 label *label90
-    * jump *label41 always
+  197 jump *label19 always
   198 multilabel *label107 (m:*label102)
   199 print "Returning"
   200 print "\n"
   201 ucontrol approach .containerX .containerY 6
   202 ucontrol itemDrop .container 30
   203 sensor *tmp79 @unit @firstItem
-    * jump *label95 notEqual *tmp79 null
+  204 jump *label19 notEqual *tmp79 null
   205 print "    Finished"
   206 print "\n"
   207 ucontrol flag 0

Modifications by Final phase, Temp Variables Elimination, iteration 1:
 
    16 label *label12
    17 ubind @poly
    18 set .builder @unit
-    * ulocate building core false @copper .coreX .coreY *tmp1 .core
+   19 ulocate building core false @copper .coreX .coreY 0 .core
    20 jump *label12 equal .core null
    21 set *signature "2bc8cecff9ae5b38:v1"
    22 label *label15
 
    78 select *tmp36 equal .ore @coal .coreX .containerX
    79 select *tmp38 equal .ore @coal .coreY .containerY
    80 select *tmp40 equal .ore @coal .coalDistance .scrapDistance
-    * ulocate ore core true .ore :findOreToMine:x :findOreToMine:y *tmp41 *tmp42
+   81 ulocate ore core true .ore :findOreToMine:x :findOreToMine:y 0 0
    82 op sub *tmp43 :findOreToMine:x *tmp36
    83 op sub *tmp44 :findOreToMine:y *tmp38
    84 op len :findOreToMine:dist *tmp43 *tmp44

Modifications by Final phase, Print Merging, iteration 1 (-11 instructions):
 
    24 label *label19
    25 ubind @poly
    26 jump *label22 notEqual @unit .builder
-    * print "Found builder unit."
-    * print "\n"
+   27 print "Found builder unit.\n"
    28 printflush message1
    29 jump *label19 always
    30 label *label22
 
    55 select .ore lessThan :backgroundProcess:coal 120 @coal *tmp23
    56 label *label35
    57 sensor :backgroundProcess:flag @unit @flag
-    * print "Unit flag: "
-    * print :backgroundProcess:flag
-    * print "\n"
+   58 print "Unit flag: {0}\n"
+   59 format :backgroundProcess:flag
    60 multijump :backgroundProcess:flag 0 0 (m:*label102)
    61 multilabel *label108 (m:*label102)
    62 jump *label19 always
 
    66 ucontrol itemDrop @air 30
    67 sensor *tmp30 @unit @firstItem
    68 jump *label47 equal *tmp30 null
-    * print "Holding wrong item."
-    * print "\n"
+   69 print "Holding wrong item.\n"
    70 jump *label19 always
    71 label *label47
    72 label *label45
 
    94 ucontrol approach :findOreToMine:x :findOreToMine:y 6
    95 jump *label19 always
    96 multilabel *label104 (m:*label102)
-    * print "Mining "
-    * printchar @coal
+   97 print "Mining "
    98 jump *label64 equal .ore @coal
    99 print ", switching"
   100 ucontrol approach .coreX .coreY 6
 
   106 print " (dropping)"
   107 ucontrol itemDrop @air 30
   108 label *label66
-    * print " at "
-    * print .coalX
-    * print ", "
+  109 print " at {0}, "
+  110 format .coalX
   111 print .coalY
   112 ucontrol approach .coalX .coalY 6
   113 ucontrol mine .coalX .coalY
 
   134 print "\n"
   135 jump *label19 always
   136 multilabel *label105 (m:*label102)
-    * print "Mining "
-    * printchar @scrap
+  137 print "Mining "
   138 jump *label77 equal .ore @scrap
   139 print ", switching"
   140 ucontrol approach .containerX .containerY 6
 
   146 print " (dropping)"
   147 ucontrol itemDrop @air 30
   148 label *label79
-    * print " at "
-    * print .scrapX
-    * print ", "
+  149 print " at {0}, "
+  150 format .scrapX
   151 print .scrapY
   152 ucontrol approach .scrapX .scrapY 6
   153 ucontrol mine .scrapX .scrapY
 
   174 print "\n"
   175 jump *label19 always
   176 multilabel *label106 (m:*label102)
-    * print "Returning"
-    * print "\n"
+  177 print "Returning\n"
   178 ucontrol approach .coreX .coreY 6
   179 ucontrol itemDrop .core 30
   180 sensor *tmp76 @unit @firstItem
   181 jump *label19 notEqual *tmp76 null
-    * print "    Finished"
-    * print "\n"
+  182 print "    Finished\n"
   183 ucontrol flag 0
   184 jump *label19 always
   185 multilabel *label107 (m:*label102)
-    * print "Returning"
-    * print "\n"
+  186 print "Returning\n"
   187 ucontrol approach .containerX .containerY 6
   188 ucontrol itemDrop .container 30
   189 sensor *tmp79 @unit @firstItem
   190 jump *label19 notEqual *tmp79 null
-    * print "    Finished"
-    * print "\n"
+  191 print "    Finished\n"
   192 ucontrol flag 0
   193 jump *label19 always
   194 label *label16

Final code before resolving virtual instructions:

    0:  jump *label10 always 0 0                                     #set syntax = strict;
    1:  jump *label2 always 0 0                                      ...
    2:  jump *label0 always 0 0                                      ...
        label *label10                                               ...
    3:  set *id "id: Poly Controller"                                ...
    4:  set .thoriumContainer null                                   volatile var
    5:  set .thoriumLimit 100                                        volatile var
    6:  set .thoriumContainerX 0                                     ...
    7:  set .thoriumContainerY 0                                     ...
    8:  set .ore @coal                                               var
    9:  set .coalX 0                                                 ...
   10:  set .coalY 0                                                 ...
   11:  set .coalDistance 1000000000                                 ...
   12:  set .scrapX 0                                                ...
   13:  set .scrapY 0                                                ...
   14:  set .scrapDistance 1000000000                                ...
        label *label12                                               do
   15:  ubind @poly                                                  builder = ubind(@poly);
   16:  set .builder @unit                                           ...
   17:  ulocate building core false @copper .coreX .coreY 0 .core    core = ulocate(:building, :core, false, out coreX, out coreY);
   18:  jump *label12 equal .core null                               do
   19:  set *signature "2bc8cecff9ae5b38:v1"                         #set syntax = strict;
        label *label15                                               ...
   20:  jump *label16 equal .core null                               if core == null then return; end;
        label *label19                                               while true do
   21:  ubind @poly                                                  ubind(@poly);
   22:  jump *label22 notEqual @unit .builder                        if @unit == builder then
   23:  print "Found builder unit.\n"                                println("Found builder unit.");
   24:  printflush message1                                          printflush(message1);
   25:  jump *label19 always 0 0                                     if @unit == builder then
        label *label22                                               ...
   26:  jump *label24 notEqual .thoriumDrone null                    elsif thoriumDrone == null then
   27:  set .thoriumDrone @unit                                      thoriumDrone = @unit;
   28:  jump *label19 always 0 0                                     elsif thoriumDrone == null then
        label *label24                                               ...
   29:  jump *label26 notEqual @unit .thoriumDrone                   if @unit == thoriumDrone and thoriumContainer.@thorium > thoriumLimit then
   30:  sensor *tmp0 .thoriumContainer @thorium                      ...
   31:  jump *label26 lessThanEq *tmp0 .thoriumLimit                 ...
   32:  sensor :serviceThoriumDrill:item @unit @firstItem            var item = @unit.@firstItem;
   33:  jump *label31 notEqual :serviceThoriumDrill:item @thorium    if item == @thorium then
   34:  ucontrol approach .coreX .coreY 6 0 0                        approach(coreX, coreY, RADIUS);
   35:  ucontrol itemDrop .core 30 0 0 0                             itemDrop(core, CAPACITY);
   36:  jump *label19 always 0 0                                     if item == @thorium then
        label *label31                                               ...
   37:  jump *label33 notEqual :serviceThoriumDrill:item null        elsif item == null then
   38:  ucontrol approach .thoriumContainerX .thoriumContainerY 6 0  approach(thoriumContainerX, thoriumContainerY, RADIUS);
   39:  ucontrol itemTake .thoriumContainer @thorium 30 0 0          itemTake(thoriumContainer, @thorium, CAPACITY);
   40:  jump *label19 always 0 0                                     elsif item == null then
        label *label33                                               ...
   41:  ucontrol itemDrop @air 30 0 0 0                              itemDrop(@air, CAPACITY);
   42:  jump *label19 always 0 0                                     continue;
        label *label26                                               if @unit == thoriumDrone and thoriumContainer.@thorium > thoriumLimit then
   43:  jump *label35 equal .container false                         if container then
   44:  sensor :backgroundProcess:coal .core @coal                   var coal = core.@coal;
   45:  select *tmp1 greaterThan :backgroundProcess:coal 220 @scrap  ore = coal < 120 ? @coal : coal > 220 ? @scrap : ore;
   46:  select .ore lessThan :backgroundProcess:coal 120 @coal *tmp1 ...
        label *label35                                               if container then
   47:  sensor :backgroundProcess:flag @unit @flag                   var flag = @unit.@flag;
   48:  print "Unit flag: {0}\n"                                     println("Unit flag: ", flag);
   49:  format :backgroundProcess:flag                               ...
   50:  multijump :backgroundProcess:flag 0 0                        case flag
        multilabel *label108                                         ...
   51:  jump *label19 always 0 0                                     ...
        multilabel *label103                                         ...
   52:  sensor *tmp2 @unit @firstItem                                if @unit.@firstItem != null then
   53:  jump *label45 equal *tmp2 null                               ...
   54:  ucontrol itemDrop @air 30 0 0 0                              itemDrop(@air, CAPACITY);
   55:  sensor *tmp3 @unit @firstItem                                if @unit.@firstItem != null then
   56:  jump *label47 equal *tmp3 null                               ...
   57:  print "Holding wrong item.\n"                                println($"Holding wrong item.");
   58:  jump *label19 always 0 0                                     return;
        label *label47                                               if @unit.@firstItem != null then
        label *label45                                               if @unit.@firstItem != null then
   59:  select *tmp4 equal .ore @coal 1 2                            flag(ore == @coal ? FLAG_MINE_COAL : FLAG_MINE_SCRAP);
   60:  ucontrol flag *tmp4 0 0 0 0                                  ...
   61:  select *tmp5 equal .ore @coal .coreX .containerX             var targetX = ore == @coal ? coreX : containerX;
   62:  select *tmp6 equal .ore @coal .coreY .containerY             var targetY = ore == @coal ? coreY : containerY;
   63:  select *tmp7 equal .ore @coal .coalDistance .scrapDistance   var distance = ore == @coal ? coalDistance : scrapDistance;
   64:  ulocate ore core true .ore :findOreToMine:x :findOreToMine:y ulocate(:ore, ore, out x, out y);
   65:  op sub *tmp8 :findOreToMine:x *tmp5                          var dist = len(x - targetX, y - targetY);
   66:  op sub *tmp9 :findOreToMine:y *tmp6                          ...
   67:  op len :findOreToMine:dist *tmp8 *tmp9                       ...
   68:  jump *label57 greaterThanEq :findOreToMine:dist *tmp7        if dist < distance then
   69:  jump *label59 notEqual .ore @coal                            if ore == @coal then
   70:  set .coalX :findOreToMine:x                                  coalX = x;
   71:  set .coalY :findOreToMine:y                                  coalY = y;
   72:  set .coalDistance :findOreToMine:dist                        coalDistance = dist;
   73:  jump *label60 always 0 0                                     if ore == @coal then
        label *label59                                               ...
   74:  set .scrapX :findOreToMine:x                                 scrapX = x;
   75:  set .scrapY :findOreToMine:y                                 scrapY = y;
   76:  set .scrapDistance :findOreToMine:dist                       scrapDistance = dist;
        label *label60                                               if ore == @coal then
        label *label57                                               if dist < distance then
   77:  ucontrol approach :findOreToMine:x :findOreToMine:y 6 0 0    approach(x, y, RADIUS);
   78:  jump *label19 always 0 0                                     case flag
        multilabel *label104                                         ...
   79:  print "Mining "                                             print("Mining ");
   80:  jump *label64 equal .ore @coal                               if ore != @coal then
   81:  print ", switching"                                          print(", switching");
   82:  ucontrol approach .coreX .coreY 6 0 0                        approach(coreX, coreY, RADIUS);
   83:  ucontrol itemDrop .core 30 0 0 0                             itemDrop(core, CAPACITY);
   84:  ucontrol flag 3 0 0 0 0                                      flag(FLAG_RETURN_COAL);
        label *label64                                               if ore != @coal then
   85:  sensor *tmp10 @unit @firstItem                               if @unit.@firstItem != @coal then
   86:  jump *label66 equal *tmp10 @coal                             ...
   87:  print " (dropping)"                                          print(" (dropping)");
   88:  ucontrol itemDrop @air 30 0 0 0                              itemDrop(@air, CAPACITY);
        label *label66                                               if @unit.@firstItem != @coal then
   89:  print " at {0}, "                                            print($" at $coalX, $coalY");
   90:  format .coalX                                                ...
   91:  print .coalY                                                 ...
   92:  ucontrol approach .coalX .coalY 6 0 0                        approach(coalX, coalY, RADIUS);
   93:  ucontrol mine .coalX .coalY 0 0 0                            mine(coalX, coalY);
   94:  sensor *tmp11 @unit @totalItems                              if @unit.@totalItems >= CAPACITY then
   95:  jump *label68 lessThan *tmp11 30                             ...
   96:  print ", full"                                               print(", full");
   97:  ucontrol approach .coreX .coreY 6 0 0                        approach(coreX, coreY, RADIUS);
   98:  ucontrol itemDrop .core 30 0 0 0                             itemDrop(core, CAPACITY);
   99:  ucontrol flag 3 0 0 0 0                                      flag(FLAG_RETURN_COAL);
  100:  jump *label69 always 0 0                                     if @unit.@totalItems >= CAPACITY then
        label *label68                                               ...
  101:  ucontrol within .coalX .coalY 6.5 *tmp12 0                   elsif within(coalX, coalY, RADIUS + 0.5) then
  102:  jump *label70 equal *tmp12 false                             ...
  103:  sensor *tmp13 @unit @mining                                  if !@unit.@mining then
  104:  jump *label72 notEqual *tmp13 false                          ...
  105:  print ", ore lost"                                           print(", ore lost");
  106:  set .coalDistance 1000000000                                 coalDistance = 1e9;
  107:  ucontrol approach .coreX .coreY 6 0 0                        approach(coreX, coreY, RADIUS);
  108:  ucontrol itemDrop .core 30 0 0 0                             itemDrop(core, CAPACITY);
  109:  ucontrol flag 3 0 0 0 0                                      flag(FLAG_RETURN_COAL);
        label *label72                                               if !@unit.@mining then
        label *label70                                               elsif within(coalX, coalY, RADIUS + 0.5) then
        label *label69                                               if @unit.@totalItems >= CAPACITY then
  110:  print "\n"                                                   println();
  111:  jump *label19 always 0 0                                     case flag
        multilabel *label105                                         ...
  112:  print "Mining "                                             print("Mining ");
  113:  jump *label77 equal .ore @scrap                              if ore != @scrap then
  114:  print ", switching"                                          print(", switching");
  115:  ucontrol approach .containerX .containerY 6 0 0              approach(containerX, containerY, RADIUS);
  116:  ucontrol itemDrop .container 30 0 0 0                        itemDrop(container, CAPACITY);
  117:  ucontrol flag 4 0 0 0 0                                      flag(FLAG_RETURN_SCRAP);
        label *label77                                               if ore != @scrap then
  118:  sensor *tmp14 @unit @firstItem                               if @unit.@firstItem != @scrap then
  119:  jump *label79 equal *tmp14 @scrap                            ...
  120:  print " (dropping)"                                          print(" (dropping)");
  121:  ucontrol itemDrop @air 30 0 0 0                              itemDrop(@air, CAPACITY);
        label *label79                                               if @unit.@firstItem != @scrap then
  122:  print " at {0}, "                                            print($" at $scrapX, $scrapY");
  123:  format .scrapX                                               ...
  124:  print .scrapY                                                ...
  125:  ucontrol approach .scrapX .scrapY 6 0 0                      approach(scrapX, scrapY, RADIUS);
  126:  ucontrol mine .scrapX .scrapY 0 0 0                          mine(scrapX, scrapY);
  127:  sensor *tmp15 @unit @totalItems                              if @unit.@totalItems >= SCRAP_CAPACITY then
  128:  jump *label81 lessThan *tmp15 25                             ...
  129:  print ", full"                                               print(", full");
  130:  ucontrol approach .containerX .containerY 6 0 0              approach(containerX, containerY, RADIUS);
  131:  ucontrol itemDrop .container 30 0 0 0                        itemDrop(container, CAPACITY);
  132:  ucontrol flag 4 0 0 0 0                                      flag(FLAG_RETURN_SCRAP);
  133:  jump *label82 always 0 0                                     if @unit.@totalItems >= SCRAP_CAPACITY then
        label *label81                                               ...
  134:  ucontrol within .scrapX .scrapY 6.5 *tmp16 0                 elsif within(scrapX, scrapY, RADIUS + 0.5) then
  135:  jump *label83 equal *tmp16 false                             ...
  136:  sensor *tmp17 @unit @mining                                  if !@unit.@mining then
  137:  jump *label85 notEqual *tmp17 false                          ...
  138:  print ", ore lost"                                           print(", ore lost");
  139:  set .scrapDistance 1000000000                                scrapDistance = 1e9;
  140:  ucontrol approach .containerX .containerY 6 0 0              approach(containerX, containerY, RADIUS);
  141:  ucontrol itemDrop .container 30 0 0 0                        itemDrop(container, CAPACITY);
  142:  ucontrol flag 4 0 0 0 0                                      flag(FLAG_RETURN_SCRAP);
        label *label85                                               if !@unit.@mining then
        label *label83                                               elsif within(scrapX, scrapY, RADIUS + 0.5) then
        label *label82                                               if @unit.@totalItems >= SCRAP_CAPACITY then
  143:  print "\n"                                                   println();
  144:  jump *label19 always 0 0                                     case flag
        multilabel *label106                                         ...
  145:  print "Returning\n"                                          println("Returning");
  146:  ucontrol approach .coreX .coreY 6 0 0                        approach(coreX, coreY, RADIUS);
  147:  ucontrol itemDrop .core 30 0 0 0                             itemDrop(core, CAPACITY);
  148:  sensor *tmp18 @unit @firstItem                               if @unit.@firstItem == null then
  149:  jump *label19 notEqual *tmp18 null                           ...
  150:  print "    Finished\n"                                       println("    Finished");
  151:  ucontrol flag 0 0 0 0 0                                      flag(FLAG_FREE);
  152:  jump *label19 always 0 0                                     case flag
        multilabel *label107                                         ...
  153:  print "Returning\n"                                          println("Returning");
  154:  ucontrol approach .containerX .containerY 6 0 0              approach(containerX, containerY, RADIUS);
  155:  ucontrol itemDrop .container 30 0 0 0                        itemDrop(container, CAPACITY);
  156:  sensor *tmp19 @unit @firstItem                               if @unit.@firstItem == null then
  157:  jump *label19 notEqual *tmp19 null                           ...
  158:  print "    Finished\n"                                       println("    Finished");
  159:  ucontrol flag 0 0 0 0 0                                      flag(FLAG_FREE);
  160:  jump *label19 always 0 0                                     while true do
        label *label16                                               void backgroundProcess()
  161:  wait 1e12                                                    #set syntax = strict;
  162:  jump *label15 always 0 0                                     ...
        label *label0                                                export void setThoriumContainer(container)
  163:  set .thoriumContainer :setThoriumContainer:container         thoriumContainer = container;
  164:  sensor .thoriumContainerX :setThoriumContainer:container @x  thoriumContainerX = container.@x;
  165:  sensor .thoriumContainerY :setThoriumContainer:container @y  thoriumContainerY = container.@y;
  166:  sensor *tmp20 .thoriumContainer @itemCapacity                thoriumLimit = thoriumContainer.@itemCapacity > 10 ? 100 : 0;
  167:  select .thoriumLimit greaterThan *tmp20 10 100 0             ...
  168:  set :setThoriumContainer*finished true                       export void setThoriumContainer(container)
  169:  jump *label15 always 0 0                                     ...
        label *label2                                                export void setScrapContainer(scrapContainer)
  170:  set .container :setScrapContainer:scrapContainer             container = scrapContainer;
  171:  sensor .containerX .container @x                             containerX = container.@x;
  172:  sensor .containerY .container @y                             containerY = container.@y;
  173:  set :setScrapContainer*finished true                         export void setScrapContainer(scrapContainer)
  174:  jump *label15 always 0 0                                     ...


Code size and number of instantiations by function:
  Size  Times  AvgSize  Function
    32     1x     32,0  void mineCoal()
    32     1x     32,0  void mineScrap()
    27     1x     27,0  void backgroundProcess()
    26     1x     26,0  void findOreToMine()
    22     1x     22,0  <no function>
    10     1x     10,0  void serviceThoriumDrill()
     7     1x      7,0  export void setThoriumContainer(in container)
     7     1x      7,0  void returnCoal()
     7     1x      7,0  void returnScrap()
     6     1x      6,0  export void setScrapContainer(in scrapContainer)

