  1097 instructions before optimizations.
   150 instructions eliminated by Temp Variables Elimination (2 passes, 10 iterations).
    90 instructions eliminated by Dead Code Elimination (6 iterations).
    10 instructions eliminated by Jump Normalization (2 passes, 8 iterations).
    29 instructions eliminated by Condition Optimization (9 iterations).
    50 instructions eliminated by Single Step Elimination (2 passes, 10 iterations).
   194 instructions eliminated by Expression Optimization (3 passes, 6 iterations).
     1 instructions eliminated by Boolean Optimization (9 iterations).
       1 fully-evaluated expressions optimized using selects.
  1040 instructions eliminated by Data Flow Optimization (7 passes, 32 iterations).
       6 loop conditions were partially rotated.
  1185 instructions added by Loop Unrolling (11 iterations).
     3 loops unrolled by Loop Unrolling.
    12 instructions added by Array Optimization (11 iterations).
     2 array(s) improved by Array Optimization.
     1 instructions eliminated by Jump Straightening (9 iterations).
     4 instructions updated by Jump Threading.
    18 instructions eliminated by Unreachable Code Elimination (2 iterations).
    63 instructions eliminated by Print Merging.
   628 instructions after optimizations.

Pass 1: speed optimization selection (cost limit 979):
    Unfold array access to 'buttonBookmark' at line 274:9        size   +11, benefit      625.0, efficiency     56.818
    Unfold array access to 'buttonPalette' at line 289:9         size    +3, benefit      625.0, efficiency    208.333
    Inline array access to 'buttonBookmark' at line 274:9        size    -4, benefit     1846.2, efficiency   Infinity
  * Inline array access to 'buttonPalette' at line 289:9         size    -4, benefit     2000.0, efficiency   Infinity (-4 instructions)

Pass 1: speed optimization selection (cost limit 983):
    Unfold array access to 'buttonBookmark' at line 274:9        size   +11, benefit      625.0, efficiency     56.818
  * Inline array access to 'buttonBookmark' at line 274:9        size    -4, benefit     1846.2, efficiency   Infinity (-4 instructions)

Pass 2: speed optimization selection (cost limit 1016):
    Unroll loop at line 343:5                                    size  +679, benefit     3150.0, efficiency      4.639
  * Unroll loop at line 273:5                                    size  +164, benefit    16250.0, efficiency     99.085 (+320 instructions)
    Unroll loop at line 288:5                                    size   +64, benefit     6250.0, efficiency     97.656

Pass 2: speed optimization selection (cost limit 696):
    Unroll loop at line 343:5                                    size  +679, benefit     3150.0, efficiency      4.639
  * Unroll loop at line 288:5                                    size   +64, benefit     6250.0, efficiency     97.656 (+84 instructions)

Pass 2: speed optimization selection (cost limit 612):
  ! Unroll loop at line 343:5                                    size  +679, benefit     3150.0, efficiency      4.639

Pass 3: speed optimization selection (cost limit 806):
  * Unroll loop at line 343:5                                    size  +679, benefit     3150.0, efficiency      4.639 (+91 instructions)

Code size and number of instantiations by function:
  Size  Times  AvgSize  Function
   244     1x    244,0  inline void handleTopRowButtons(in out updateBookmarks)
   106     1x    106,0  <no function>
    64     1x     64,0  inline void createPalette()
    40    10x      4,0  inline void bookmark(in memory, in out position, in x, in y, in zoom)
    40     6x      6,7  inline void handleMove(in switch, in x, in y, in z)
    25     1x     25,0  inline void printBookmarks(in position, in bookmark)
    21     1x     21,0  inline void loadBookmark(in position, in bookmark)
    21     1x     21,0  inline void printInfo()
    20     1x     20,0  inline void initialize()
    18     3x      6,0  inline void bookmarkJulia(in memory, in out position, in x, in y, in zoom, in julia_x, in julia_y)
    16     2x      8,0  inline void initializeProcessors()
    14     1x     14,0  inline void saveBookmark(in position, in bookmark)


Symbolic link resolution:
    bookmark1   -> switch10
    bookmark10  -> switch19
    bookmark11  -> switch20
    bookmark12  -> switch21
    bookmark13  -> switch22
    bookmark2   -> switch11
    bookmark3   -> switch12
    bookmark4   -> switch13
    bookmark5   -> switch14
    bookmark6   -> switch15
    bookmark7   -> switch16
    bookmark8   -> switch17
    bookmark9   -> switch18
    buttonDown  -> switch4
    buttonJulia -> switch7
    buttonLeft  -> switch2
    buttonLoad  -> switch8
    buttonMinus -> switch6
    buttonPlus  -> switch5
    buttonRight -> switch3
    buttonSave  -> switch9
    buttonUp    -> switch1
    display     -> display1
    memory      -> bank1
    palette1    -> switch23
    palette2    -> switch24
    palette3    -> switch25
    palette4    -> switch26
    palette5    -> switch27

   492 instructions before optimizations.
    50 instructions eliminated by Temp Variables Elimination (2 passes, 8 iterations).
     2 instructions eliminated by Case Expression Optimization.
    56 instructions eliminated by Dead Code Elimination (6 iterations).
     4 instructions eliminated by Jump Normalization (2 passes, 6 iterations).
    27 instructions eliminated by Condition Optimization (2 passes, 8 iterations).
    30 instructions eliminated by Single Step Elimination (2 passes, 8 iterations).
     1 instructions modified by Expression Optimization (4 iterations).
    20 instructions eliminated by Boolean Optimization (7 iterations).
       7 fully-evaluated expressions optimized using selects.
    32 instructions eliminated by Data Flow Optimization (3 passes, 13 iterations).
     2 loops improved by Loop Hoisting.
       2 loop conditions were partially rotated.
   743 instructions added by Loop Unrolling (7 iterations).
     1 loops unrolled by Loop Unrolling.
    12 instructions eliminated by Case Switching (7 iterations).
     2 case expressions converted to fast dispatch by Case Switching.
    72 instructions eliminated by Jump Straightening (2 passes, 8 iterations).
     8 instructions updated by Jump Threading.
     1 instructions eliminated by Unreachable Code Elimination (2 iterations).
   929 instructions after optimizations.

Pass 1: speed optimization selection (cost limit 724):
  * Fast-dispatch case at line 131:5                             size   -11, benefit   242187.5, efficiency   Infinity (-10 instructions)
  o Fast-dispatch case at line 223:9                             size    -2, benefit     3906.3, efficiency   Infinity

Pass 1: speed optimization selection (cost limit 734):
  * Fast-dispatch case at line 223:9                             size    -2, benefit     3906.3, efficiency   Infinity (-2 instructions)

Pass 2: speed optimization selection (cost limit 746):
  * Unroll loop at line 193:9                                    size  +679, benefit 1230468750.0, efficiency 1812177.835 (+743 instructions)

Code size and number of instantiations by function:
  Size  Times  AvgSize  Function
   728     1x    728,0  inline def compute(in x, in y)
    60     1x     60,0  <no function>
    47     4x     11,8  inline atomic def tryFlush()
    45     1x     45,0  inline void drawPixel(in x, in y, in dx, in dy, in iterations)
    45     1x     45,0  void adam5(in index, out x, out y, out dx, out dy)
     4     2x      2,0  inline void flush()
