   147 instructions before optimizations.
     8 instructions eliminated by Temp Variables Elimination (8 iterations).
    20 instructions eliminated by Dead Code Elimination (7 iterations).
     5 instructions eliminated by Jump Normalization (2 passes, 8 iterations).
     6 instructions eliminated by Condition Optimization (3 passes, 11 iterations).
     8 instructions eliminated by Single Step Elimination (9 iterations).
     2 instructions eliminated by Expression Optimization (5 iterations).
    38 instructions eliminated by Data Flow Optimization (5 passes, 17 iterations).
       3 loop conditions were partially rotated.
   126 instructions added by Loop Unrolling (8 iterations).
     3 loops unrolled by Loop Unrolling.
     1 instructions eliminated by Jump Straightening (9 iterations).
     2 instructions updated by Jump Threading.
     2 instructions eliminated by Unreachable Code Elimination (2 passes, 3 iterations).
   183 instructions after optimizations.

Pass 3: speed optimization selection (cost limit 903):
    Unroll loop at line 40:5                                     size    +2, benefit     7500.0, efficiency   3750.000
    Unroll loop at line 81:9                                     size   +25, benefit    62500.0, efficiency   2500.000
  * Unroll loop at line 82:13                                    size   +47, benefit  2343750.0, efficiency  49867.021 (+38 instructions)

Pass 3: speed optimization selection (cost limit 865):
  * Unroll loop at line 40:5                                     size    +2, benefit     7500.0, efficiency   3750.000 (+2 instructions)
    Unroll loop at line 81:9                                     size   +63, benefit    62500.0, efficiency    992.063

Pass 3: speed optimization selection (cost limit 863):
  * Unroll loop at line 81:9                                     size   +63, benefit    62500.0, efficiency    992.063 (+50 instructions)

Modifications by Initial phase, Dead Code Elimination, iteration 1 (-12 instructions):
 
    41 label *label11
    42 set *tmp12 null
    43 label *label12
-    * set *tmp9 *tmp12
    44 jump *label10 always
    45 label *label9
    46 op greaterThan *tmp13 :paddleX 0
 
    51 label *label13
    52 set *tmp14 null
    53 label *label14
-    * set *tmp9 *tmp14
    54 label *label10
    55 op add :ballX :ballX :ballVX
    56 op add :ballY :ballY :ballVY
 
    63 op lor *tmp19 *tmp17 *tmp18
    64 jump *label15 equal *tmp19 false
    65 op mul :ballVX :ballVX -1
-    * set *tmp20 :ballVX
    66 jump *label16 always
    67 label *label15
-    * set *tmp20 null
    68 label *label16
    69 op greaterThan *tmp21 :ballYEnd 176
    70 jump *label17 equal *tmp21 false
    71 op mul :ballVY :ballVY -1
-    * set *tmp22 :ballVY
    72 jump *label18 always
    73 label *label17
-    * set *tmp22 null
    74 label *label18
    75 op greaterThan *tmp23 :ballXEnd :paddleX
    76 op add *tmp24 :paddleX :paddleWidth
 
    89 op div *tmp36 *tmp35 10
    90 op add :ballVX :ballVX *tmp36
    91 op sub :paddleWidth :paddleWidth 1
-    * set *tmp31 :paddleWidth
    92 jump *label20 always
    93 label *label19
-    * set *tmp31 null
    94 label *label20
    95 set :brickPtr 0
    96 set :y 126
 
   137 label *label29
   138 set *tmp52 null
   139 label *label30
-    * set *tmp42 *tmp52
   140 jump *label28 always
   141 label *label27
-    * set *tmp42 null
   142 label *label28
   143 op add :brickPtr :brickPtr 1
   144 label *label25
 
   154 op lor *tmp63 *tmp61 *tmp62
   155 jump *label33 equal *tmp63 false
   156 jump *label8 always
-    * set *tmp64 null
   157 jump *label34 always
   158 label *label33
-    * set *tmp64 null
   159 label *label34
   160 drawflush DISPLAY
   161 label *label7

Modifications by Initial phase, Dead Code Elimination, iteration 2 (-6 instructions):
 
    36 op lessThan *tmp11 :paddleX *tmp10
    37 jump *label11 equal *tmp11 false
    38 op add :paddleX :paddleX 3
-    * set *tmp12 :paddleX
    39 jump *label12 always
    40 label *label11
-    * set *tmp12 null
    41 label *label12
    42 jump *label10 always
    43 label *label9
    44 op greaterThan *tmp13 :paddleX 0
    45 jump *label13 equal *tmp13 false
    46 op sub :paddleX :paddleX 3
-    * set *tmp14 :paddleX
    47 jump *label14 always
    48 label *label13
-    * set *tmp14 null
    49 label *label14
    50 label *label10
    51 op add :ballX :ballX :ballVX
 
   128 op mul :ballVX :ballVX -1
   129 set *tmp60 :ballVX
   130 label *label32
-    * set *tmp52 *tmp60
   131 jump *label30 always
   132 label *label29
-    * set *tmp52 null
   133 label *label30
   134 jump *label28 always
   135 label *label27

Modifications by Initial phase, Dead Code Elimination, iteration 3 (-2 instructions):
 
   122 op land *tmp59 *tmp56 *tmp58
   123 jump *label31 equal *tmp59 false
   124 op mul :ballVY :ballVY -1
-    * set *tmp60 :ballVY
   125 jump *label32 always
   126 label *label31
   127 op mul :ballVX :ballVX -1
-    * set *tmp60 :ballVX
   128 label *label32
   129 jump *label30 always
   130 label *label29

Modifications by Initial phase, Temp Variables Elimination, iteration 1 (-8 instructions):
 
     5 jump *label2 equal true false
     6 set :paddleWidth 40
     7 op div *tmp0 :paddleWidth 2
-    * op sub *tmp1 88 *tmp0
-    * set :paddleX *tmp1
+    8 op sub :paddleX 88 *tmp0
     9 set :ballX 88
    10 set :ballY 88
    11 op rand *tmp2 10
-    * op sub *tmp3 *tmp2 5
-    * set :ballVX *tmp3
+   12 op sub :ballVX *tmp2 5
    13 op rand *tmp4 10
-    * op sub *tmp5 *tmp4 5
-    * set :ballVY *tmp5
+   14 op sub :ballVY *tmp4 5
    15 set :brickCount 6
    16 set :i 0
    17 label *label3
    18 jump *label5 greaterThanEq :i 6
-    * set *tmp6 :i
-    * write 1 BRICKS *tmp6
+   19 write 1 BRICKS :i
    20 label *label4
    21 op add :i :i 1
    22 jump *label3 always
 
    46 label *label10
    47 op add :ballX :ballX :ballVX
    48 op add :ballY :ballY :ballVY
-    * op add *tmp15 :ballX 5
-    * set :ballXEnd *tmp15
-    * op add *tmp16 :ballY 5
-    * set :ballYEnd *tmp16
+   49 op add :ballXEnd :ballX 5
+   50 op add :ballYEnd :ballY 5
    51 op lessThan *tmp17 :ballX 0
    52 op greaterThan *tmp18 :ballXEnd 176
    53 op lor *tmp19 *tmp17 *tmp18
 
    91 label *label24
    92 op lessThan *tmp38 :x 176
    93 jump *label26 equal *tmp38 false
-    * set *tmp39 :brickPtr
-    * read *tmp41 BRICKS *tmp39
+   94 read *tmp41 BRICKS :brickPtr
    95 jump *label27 equal *tmp41 false
    96 draw rect :x :y 57.666666666666664 9
    97 op greaterThan *tmp43 :ballXEnd :x
 
   104 op lessThan *tmp50 :ballY *tmp49
   105 op land *tmp51 *tmp48 *tmp50
   106 jump *label29 equal *tmp51 false
-    * set *tmp53 :brickPtr
-    * write 0 BRICKS *tmp53
+  107 write 0 BRICKS :brickPtr
   108 op sub :brickCount :brickCount 1
   109 set :brickWidthPlusBallSizeMinus1 62.666666666666664
   110 op sub *tmp55 :x 4

Modifications by Iterated phase, Jump Normalization, pass 1, iteration 1 (-2 instructions):
 
     2 set PADDLECONTROLLER switch1
     3 draw color 255 255 255 255
     4 label *label0
-    * jump *label2 equal true false
     5 set :paddleWidth 40
     6 op div *tmp0 :paddleWidth 2
     7 op sub :paddleX 88 *tmp0
 
    21 jump *label3 always
    22 label *label5
    23 label *label6
-    * jump *label8 equal true false
    24 draw clear 0 0 0
    25 draw rect :paddleX 10 :paddleWidth 5
    26 draw rect :ballX :ballY 5 5

Modifications by Iterated phase, Condition Optimization, pass 1, iteration 1 (-5 instructions):
 
    27 sensor *tmp8 PADDLECONTROLLER @enabled
    28 jump *label9 equal *tmp8 false
    29 op sub *tmp10 176 :paddleWidth
-    * op lessThan *tmp11 :paddleX *tmp10
-    * jump *label11 equal *tmp11 false
+   30 jump *label11 greaterThanEq :paddleX *tmp10
    31 op add :paddleX :paddleX 3
    32 jump *label12 always
    33 label *label11
    34 label *label12
    35 jump *label10 always
    36 label *label9
-    * op greaterThan *tmp13 :paddleX 0
-    * jump *label13 equal *tmp13 false
+   37 jump *label13 lessThanEq :paddleX 0
    38 op sub :paddleX :paddleX 3
    39 jump *label14 always
    40 label *label13
 
    52 jump *label16 always
    53 label *label15
    54 label *label16
-    * op greaterThan *tmp21 :ballYEnd 176
-    * jump *label17 equal *tmp21 false
+   55 jump *label17 lessThanEq :ballYEnd 176
    56 op mul :ballVY :ballVY -1
    57 jump *label18 always
    58 label *label17
 
    80 set :brickPtr 0
    81 set :y 126
    82 label *label21
-    * op greaterThan *tmp37 :y 106
-    * jump *label23 equal *tmp37 false
+   83 jump *label23 lessThanEq :y 106
    84 set :x 1
    85 label *label24
-    * op lessThan *tmp38 :x 176
-    * jump *label26 equal *tmp38 false
+   86 jump *label26 greaterThanEq :x 176
    87 read *tmp41 BRICKS :brickPtr
    88 jump *label27 equal *tmp41 false
    89 draw rect :x :y 57.666666666666664 9

Modifications by Iterated phase, Single Step Elimination, pass 1, iteration 1 (-8 instructions):
 
    29 op sub *tmp10 176 :paddleWidth
    30 jump *label11 greaterThanEq :paddleX *tmp10
    31 op add :paddleX :paddleX 3
-    * jump *label12 always
    32 label *label11
    33 label *label12
    34 jump *label10 always
    35 label *label9
    36 jump *label13 lessThanEq :paddleX 0
    37 op sub :paddleX :paddleX 3
-    * jump *label14 always
    38 label *label13
    39 label *label14
    40 label *label10
 
    47 op lor *tmp19 *tmp17 *tmp18
    48 jump *label15 equal *tmp19 false
    49 op mul :ballVX :ballVX -1
-    * jump *label16 always
    50 label *label15
    51 label *label16
    52 jump *label17 lessThanEq :ballYEnd 176
    53 op mul :ballVY :ballVY -1
-    * jump *label18 always
    54 label *label17
    55 label *label18
    56 op greaterThan *tmp23 :ballXEnd :paddleX
 
    70 op div *tmp36 *tmp35 10
    71 op add :ballVX :ballVX *tmp36
    72 op sub :paddleWidth :paddleWidth 1
-    * jump *label20 always
    73 label *label19
    74 label *label20
    75 set :brickPtr 0
 
   106 label *label31
   107 op mul :ballVX :ballVX -1
   108 label *label32
-    * jump *label30 always
   109 label *label29
   110 label *label30
-    * jump *label28 always
   111 label *label27
   112 label *label28
   113 op add :brickPtr :brickPtr 1
 
   124 op lor *tmp63 *tmp61 *tmp62
   125 jump *label33 equal *tmp63 false
   126 jump *label8 always
-    * jump *label34 always
   127 label *label33
   128 label *label34
   129 drawflush DISPLAY

Modifications by Iterated phase, Data Flow Optimization, pass 1, iteration 1:
 
     3 draw color 255 255 255 255
     4 label *label0
     5 set :paddleWidth 40
-    * op div *tmp0 :paddleWidth 2
-    * op sub :paddleX 88 *tmp0
+    6 op div *tmp0 40 2
+    7 op sub :paddleX 88 20
     8 set :ballX 88
     9 set :ballY 88
    10 op rand *tmp2 10
 
    97 set :brickWidthPlusBallSizeMinus1 62.666666666666664
    98 op sub *tmp55 :x 4
    99 op greaterThan *tmp56 :ballX *tmp55
-    * op add *tmp57 :x :brickWidthPlusBallSizeMinus1
+  100 op add *tmp57 :x 62.666666666666664
   101 op lessThan *tmp58 :ballX *tmp57
   102 op land *tmp59 *tmp56 *tmp58
   103 jump *label31 equal *tmp59 false

Modifications by Iterated phase, Data Flow Optimization, pass 1, iteration 2 (-2 instructions):
 
     3 draw color 255 255 255 255
     4 label *label0
     5 set :paddleWidth 40
-    * op div *tmp0 40 2
     6 op sub :paddleX 88 20
     7 set :ballX 88
     8 set :ballY 88
 
    93 jump *label29 equal *tmp51 false
    94 write 0 BRICKS :brickPtr
    95 op sub :brickCount :brickCount 1
-    * set :brickWidthPlusBallSizeMinus1 62.666666666666664
    96 op sub *tmp55 :x 4
    97 op greaterThan *tmp56 :ballX *tmp55
    98 op add *tmp57 :x 62.666666666666664

Modifications by Iterated phase, Expression Optimization, pass 1, iteration 1 (-2 instructions):
 
    43 op add :ballYEnd :ballY 5
    44 op lessThan *tmp17 :ballX 0
    45 op greaterThan *tmp18 :ballXEnd 176
-    * op lor *tmp19 *tmp17 *tmp18
+   46 op or *tmp19 *tmp17 *tmp18
    47 jump *label15 equal *tmp19 false
    48 op mul :ballVX :ballVX -1
    49 label *label15
 
   119 label *label23
   120 op lessThan *tmp61 :ballY 0
   121 op equal *tmp62 :brickCount 0
-    * op lor *tmp63 *tmp61 *tmp62
+  122 op or *tmp63 *tmp61 *tmp62
   123 jump *label33 equal *tmp63 false
   124 jump *label8 always
   125 label *label33

Modifications by Iterated phase, Loop Rotation, pass 1, iteration 1:
 
    14 set :i 0
    15 label *label3
    16 jump *label5 greaterThanEq :i 6
+   17 label *label35
    18 write 1 BRICKS :i
    19 label *label4
    20 op add :i :i 1
-    * jump *label3 always
+   21 jump *label35 lessThan :i 6
    22 label *label5
    23 label *label6
    24 draw clear 0 0 0
 
    76 set :y 126
    77 label *label21
    78 jump *label23 lessThanEq :y 106
+   79 label *label36
    80 set :x 1
    81 label *label24
    82 jump *label26 greaterThanEq :x 176
+   83 label *label37
    84 read *tmp41 BRICKS :brickPtr
    85 jump *label27 equal *tmp41 false
    86 draw rect :x :y 57.666666666666664 9
 
   114 op add :brickPtr :brickPtr 1
   115 label *label25
   116 op add :x :x 58.666666666666664
-    * jump *label24 always
+  117 jump *label37 lessThan :x 176
   118 label *label26
   119 label *label22
   120 op sub :y :y 10
-    * jump *label21 always
+  121 jump *label36 greaterThan :y 106
   122 label *label23
   123 op lessThan *tmp61 :ballY 0
   124 op equal *tmp62 :brickCount 0

Modifications by Iterated phase, Condition Optimization, pass 2, iteration 1:
 
    43 op add :ballXEnd :ballX 5
    44 op add :ballYEnd :ballY 5
    45 op lessThan *tmp17 :ballX 0
-    * op greaterThan *tmp18 :ballXEnd 176
+   46 op greaterThan *tmp18 :ballX 171
    47 op or *tmp19 *tmp17 *tmp18
    48 jump *label15 equal *tmp19 false
    49 op mul :ballVX :ballVX -1
    50 label *label15
    51 label *label16
-    * jump *label17 lessThanEq :ballYEnd 176
+   52 jump *label17 lessThanEq :ballY 171
    53 op mul :ballVY :ballVY -1
    54 label *label17
    55 label *label18
 
    57 op add *tmp24 :paddleX :paddleWidth
    58 op lessThan *tmp25 :ballX *tmp24
    59 op land *tmp26 *tmp23 *tmp25
-    * op greaterThan *tmp27 :ballYEnd 10
+   60 op greaterThan *tmp27 :ballY 5
    61 op land *tmp28 *tmp26 *tmp27
    62 op lessThan *tmp29 :ballY 15
    63 op land *tmp30 *tmp28 *tmp29

Modifications by Iterated phase, Data Flow Optimization, pass 2, iteration 1:
 
    13 set :brickCount 6
    14 set :i 0
    15 label *label3
-    * jump *label5 greaterThanEq :i 6
+   16 jump *label5 greaterThanEq 0 6
    17 label *label35
    18 write 1 BRICKS :i
    19 label *label4
 
    75 set :brickPtr 0
    76 set :y 126
    77 label *label21
-    * jump *label23 lessThanEq :y 106
+   78 jump *label23 lessThanEq 126 106
    79 label *label36
    80 set :x 1
    81 label *label24
-    * jump *label26 greaterThanEq :x 176
+   82 jump *label26 greaterThanEq 1 176
    83 label *label37
    84 read *tmp41 BRICKS :brickPtr
    85 jump *label27 equal *tmp41 false

Modifications by Iterated phase, Jump Normalization, pass 3, iteration 1 (-3 instructions):
 
    13 set :brickCount 6
    14 set :i 0
    15 label *label3
-    * jump *label5 greaterThanEq 0 6
    16 label *label35
    17 write 1 BRICKS :i
    18 label *label4
 
    74 set :brickPtr 0
    75 set :y 126
    76 label *label21
-    * jump *label23 lessThanEq 126 106
    77 label *label36
    78 set :x 1
    79 label *label24
-    * jump *label26 greaterThanEq 1 176
    80 label *label37
    81 read *tmp41 BRICKS :brickPtr
    82 jump *label27 equal *tmp41 false

Modifications by Unroll loop at line 82:13 (+51 instructions):
 
    75 set :y 126
    76 label *label21
    77 label *label36
-    * set :x 1
-    * label *label24
-    * label *label37
-    * read *tmp41 BRICKS :brickPtr
-    * jump *label27 equal *tmp41 false
-    * draw rect :x :y 57.666666666666664 9
-    * op greaterThan *tmp43 :ballXEnd :x
-    * op add *tmp44 :x 58.666666666666664
-    * op lessThan *tmp45 :ballX *tmp44
-    * op land *tmp46 *tmp43 *tmp45
-    * op greaterThan *tmp47 :ballYEnd :y
-    * op land *tmp48 *tmp46 *tmp47
-    * op add *tmp49 :y 10
-    * op lessThan *tmp50 :ballY *tmp49
-    * op land *tmp51 *tmp48 *tmp50
-    * jump *label29 equal *tmp51 false
-    * write 0 BRICKS :brickPtr
-    * op sub :brickCount :brickCount 1
-    * op sub *tmp55 :x 4
-    * op greaterThan *tmp56 :ballX *tmp55
-    * op add *tmp57 :x 62.666666666666664
-    * op lessThan *tmp58 :ballX *tmp57
-    * op land *tmp59 *tmp56 *tmp58
-    * jump *label31 equal *tmp59 false
-    * op mul :ballVY :ballVY -1
-    * jump *label32 always
-    * label *label31
-    * op mul :ballVX :ballVX -1
-    * label *label32
-    * label *label29
-    * label *label30
-    * label *label27
-    * label *label28
-    * op add :brickPtr :brickPtr 1
-    * label *label25
-    * op add :x :x 58.666666666666664
-    * jump *label37 lessThan :x 176
-    * label *label26
+   78 set :x 1
+   79 label *label38
+   80 read *tmp41 BRICKS :brickPtr
+   81 jump *label43 equal *tmp41 false
+   82 draw rect :x :y 57.666666666666664 9
+   83 op greaterThan *tmp43 :ballXEnd :x
+   84 op add *tmp44 :x 58.666666666666664
+   85 op lessThan *tmp45 :ballX *tmp44
+   86 op land *tmp46 *tmp43 *tmp45
+   87 op greaterThan *tmp47 :ballYEnd :y
+   88 op land *tmp48 *tmp46 *tmp47
+   89 op add *tmp49 :y 10
+   90 op lessThan *tmp50 :ballY *tmp49
+   91 op land *tmp51 *tmp48 *tmp50
+   92 jump *label41 equal *tmp51 false
+   93 write 0 BRICKS :brickPtr
+   94 op sub :brickCount :brickCount 1
+   95 op sub *tmp55 :x 4
+   96 op greaterThan *tmp56 :ballX *tmp55
+   97 op add *tmp57 :x 62.666666666666664
+   98 op lessThan *tmp58 :ballX *tmp57
+   99 op land *tmp59 *tmp56 *tmp58
+  100 jump *label39 equal *tmp59 false
+  101 op mul :ballVY :ballVY -1
+  102 jump *label40 always
+  103 label *label39
+  104 op mul :ballVX :ballVX -1
+  105 label *label40
+  106 label *label41
+  107 label *label42
+  108 label *label43
+  109 label *label44
+  110 op add :brickPtr :brickPtr 1
+  111 label *label45
+  112 op add :x :x 58.666666666666664
+  113 read *tmp41 BRICKS :brickPtr
+  114 jump *label50 equal *tmp41 false
+  115 draw rect :x :y 57.666666666666664 9
+  116 op greaterThan *tmp43 :ballXEnd :x
+  117 op add *tmp44 :x 58.666666666666664
+  118 op lessThan *tmp45 :ballX *tmp44
+  119 op land *tmp46 *tmp43 *tmp45
+  120 op greaterThan *tmp47 :ballYEnd :y
+  121 op land *tmp48 *tmp46 *tmp47
+  122 op add *tmp49 :y 10
+  123 op lessThan *tmp50 :ballY *tmp49
+  124 op land *tmp51 *tmp48 *tmp50
+  125 jump *label48 equal *tmp51 false
+  126 write 0 BRICKS :brickPtr
+  127 op sub :brickCount :brickCount 1
+  128 op sub *tmp55 :x 4
+  129 op greaterThan *tmp56 :ballX *tmp55
+  130 op add *tmp57 :x 62.666666666666664
+  131 op lessThan *tmp58 :ballX *tmp57
+  132 op land *tmp59 *tmp56 *tmp58
+  133 jump *label46 equal *tmp59 false
+  134 op mul :ballVY :ballVY -1
+  135 jump *label47 always
+  136 label *label46
+  137 op mul :ballVX :ballVX -1
+  138 label *label47
+  139 label *label48
+  140 label *label49
+  141 label *label50
+  142 label *label51
+  143 op add :brickPtr :brickPtr 1
+  144 label *label52
+  145 op add :x :x 58.666666666666664
+  146 read *tmp41 BRICKS :brickPtr
+  147 jump *label57 equal *tmp41 false
+  148 draw rect :x :y 57.666666666666664 9
+  149 op greaterThan *tmp43 :ballXEnd :x
+  150 op add *tmp44 :x 58.666666666666664
+  151 op lessThan *tmp45 :ballX *tmp44
+  152 op land *tmp46 *tmp43 *tmp45
+  153 op greaterThan *tmp47 :ballYEnd :y
+  154 op land *tmp48 *tmp46 *tmp47
+  155 op add *tmp49 :y 10
+  156 op lessThan *tmp50 :ballY *tmp49
+  157 op land *tmp51 *tmp48 *tmp50
+  158 jump *label55 equal *tmp51 false
+  159 write 0 BRICKS :brickPtr
+  160 op sub :brickCount :brickCount 1
+  161 op sub *tmp55 :x 4
+  162 op greaterThan *tmp56 :ballX *tmp55
+  163 op add *tmp57 :x 62.666666666666664
+  164 op lessThan *tmp58 :ballX *tmp57
+  165 op land *tmp59 *tmp56 *tmp58
+  166 jump *label53 equal *tmp59 false
+  167 op mul :ballVY :ballVY -1
+  168 jump *label54 always
+  169 label *label53
+  170 op mul :ballVX :ballVX -1
+  171 label *label54
+  172 label *label55
+  173 label *label56
+  174 label *label57
+  175 label *label58
+  176 op add :brickPtr :brickPtr 1
+  177 label *label59
+  178 op add :x :x 58.666666666666664
+  179 label *label26
   180 label *label22
   181 op sub :y :y 10
   182 jump *label36 greaterThan :y 106

Modifications by Iterated phase, Data Flow Optimization, pass 3, iteration 1:
 
    79 label *label38
    80 read *tmp41 BRICKS :brickPtr
    81 jump *label43 equal *tmp41 false
-    * draw rect :x :y 57.666666666666664 9
-    * op greaterThan *tmp43 :ballXEnd :x
-    * op add *tmp44 :x 58.666666666666664
-    * op lessThan *tmp45 :ballX *tmp44
+   82 draw rect 1 :y 57.666666666666664 9
+   83 op greaterThan *tmp43 :ballXEnd 1
+   84 op add *tmp44 1 58.666666666666664
+   85 op lessThan *tmp45 :ballX 59.666666666666664
    86 op land *tmp46 *tmp43 *tmp45
    87 op greaterThan *tmp47 :ballYEnd :y
    88 op land *tmp48 *tmp46 *tmp47
 
    92 jump *label41 equal *tmp51 false
    93 write 0 BRICKS :brickPtr
    94 op sub :brickCount :brickCount 1
-    * op sub *tmp55 :x 4
-    * op greaterThan *tmp56 :ballX *tmp55
-    * op add *tmp57 :x 62.666666666666664
-    * op lessThan *tmp58 :ballX *tmp57
+   95 op sub *tmp55 1 4
+   96 op greaterThan *tmp56 :ballX -3
+   97 op add *tmp57 1 62.666666666666664
+   98 op lessThan *tmp58 :ballX 63.666666666666664
    99 op land *tmp59 *tmp56 *tmp58
   100 jump *label39 equal *tmp59 false
   101 op mul :ballVY :ballVY -1
 
   109 label *label44
   110 op add :brickPtr :brickPtr 1
   111 label *label45
-    * op add :x :x 58.666666666666664
+  112 op add :x 1 58.666666666666664
   113 read *tmp41 BRICKS :brickPtr
   114 jump *label50 equal *tmp41 false
-    * draw rect :x :y 57.666666666666664 9
-    * op greaterThan *tmp43 :ballXEnd :x
-    * op add *tmp44 :x 58.666666666666664
-    * op lessThan *tmp45 :ballX *tmp44
+  115 draw rect 59.666666666666664 :y 57.666666666666664 9
+  116 op greaterThan *tmp43 :ballXEnd 59.666666666666664
+  117 op add *tmp44 59.666666666666664 58.666666666666664
+  118 op lessThan *tmp45 :ballX 118.33333333333333
   119 op land *tmp46 *tmp43 *tmp45
   120 op greaterThan *tmp47 :ballYEnd :y
   121 op land *tmp48 *tmp46 *tmp47
 
   125 jump *label48 equal *tmp51 false
   126 write 0 BRICKS :brickPtr
   127 op sub :brickCount :brickCount 1
-    * op sub *tmp55 :x 4
-    * op greaterThan *tmp56 :ballX *tmp55
-    * op add *tmp57 :x 62.666666666666664
-    * op lessThan *tmp58 :ballX *tmp57
+  128 op sub *tmp55 59.666666666666664 4
+  129 op greaterThan *tmp56 :ballX 55.666666666666664
+  130 op add *tmp57 59.666666666666664 62.666666666666664
+  131 op lessThan *tmp58 :ballX 122.33333333333333
   132 op land *tmp59 *tmp56 *tmp58
   133 jump *label46 equal *tmp59 false
   134 op mul :ballVY :ballVY -1
 
   142 label *label51
   143 op add :brickPtr :brickPtr 1
   144 label *label52
-    * op add :x :x 58.666666666666664
+  145 op add :x 59.666666666666664 58.666666666666664
   146 read *tmp41 BRICKS :brickPtr
   147 jump *label57 equal *tmp41 false
-    * draw rect :x :y 57.666666666666664 9
-    * op greaterThan *tmp43 :ballXEnd :x
-    * op add *tmp44 :x 58.666666666666664
-    * op lessThan *tmp45 :ballX *tmp44
+  148 draw rect 118.33333333333333 :y 57.666666666666664 9
+  149 op greaterThan *tmp43 :ballXEnd 118.33333333333333
+  150 op add *tmp44 118.33333333333333 58.666666666666664
+  151 op lessThan *tmp45 :ballX 177
   152 op land *tmp46 *tmp43 *tmp45
   153 op greaterThan *tmp47 :ballYEnd :y
   154 op land *tmp48 *tmp46 *tmp47
 
   158 jump *label55 equal *tmp51 false
   159 write 0 BRICKS :brickPtr
   160 op sub :brickCount :brickCount 1
-    * op sub *tmp55 :x 4
-    * op greaterThan *tmp56 :ballX *tmp55
-    * op add *tmp57 :x 62.666666666666664
-    * op lessThan *tmp58 :ballX *tmp57
+  161 op sub *tmp55 118.33333333333333 4
+  162 op greaterThan *tmp56 :ballX 114.33333333333333
+  163 op add *tmp57 118.33333333333333 62.666666666666664
+  164 op lessThan *tmp58 :ballX 181
   165 op land *tmp59 *tmp56 *tmp58
   166 jump *label53 equal *tmp59 false
   167 op mul :ballVY :ballVY -1
 
   175 label *label58
   176 op add :brickPtr :brickPtr 1
   177 label *label59
-    * op add :x :x 58.666666666666664
+  178 op add :x 118.33333333333333 58.666666666666664
   179 label *label26
   180 label *label22
   181 op sub :y :y 10

Modifications by Iterated phase, Data Flow Optimization, pass 3, iteration 2 (-13 instructions):
 
    75 set :y 126
    76 label *label21
    77 label *label36
-    * set :x 1
    78 label *label38
    79 read *tmp41 BRICKS :brickPtr
    80 jump *label43 equal *tmp41 false
    81 draw rect 1 :y 57.666666666666664 9
    82 op greaterThan *tmp43 :ballXEnd 1
-    * op add *tmp44 1 58.666666666666664
    83 op lessThan *tmp45 :ballX 59.666666666666664
    84 op land *tmp46 *tmp43 *tmp45
    85 op greaterThan *tmp47 :ballYEnd :y
 
    90 jump *label41 equal *tmp51 false
    91 write 0 BRICKS :brickPtr
    92 op sub :brickCount :brickCount 1
-    * op sub *tmp55 1 4
    93 op greaterThan *tmp56 :ballX -3
-    * op add *tmp57 1 62.666666666666664
    94 op lessThan *tmp58 :ballX 63.666666666666664
    95 op land *tmp59 *tmp56 *tmp58
    96 jump *label39 equal *tmp59 false
 
   105 label *label44
   106 op add :brickPtr :brickPtr 1
   107 label *label45
-    * op add :x 1 58.666666666666664
   108 read *tmp41 BRICKS :brickPtr
   109 jump *label50 equal *tmp41 false
   110 draw rect 59.666666666666664 :y 57.666666666666664 9
   111 op greaterThan *tmp43 :ballXEnd 59.666666666666664
-    * op add *tmp44 59.666666666666664 58.666666666666664
   112 op lessThan *tmp45 :ballX 118.33333333333333
   113 op land *tmp46 *tmp43 *tmp45
   114 op greaterThan *tmp47 :ballYEnd :y
 
   119 jump *label48 equal *tmp51 false
   120 write 0 BRICKS :brickPtr
   121 op sub :brickCount :brickCount 1
-    * op sub *tmp55 59.666666666666664 4
   122 op greaterThan *tmp56 :ballX 55.666666666666664
-    * op add *tmp57 59.666666666666664 62.666666666666664
   123 op lessThan *tmp58 :ballX 122.33333333333333
   124 op land *tmp59 *tmp56 *tmp58
   125 jump *label46 equal *tmp59 false
 
   134 label *label51
   135 op add :brickPtr :brickPtr 1
   136 label *label52
-    * op add :x 59.666666666666664 58.666666666666664
   137 read *tmp41 BRICKS :brickPtr
   138 jump *label57 equal *tmp41 false
   139 draw rect 118.33333333333333 :y 57.666666666666664 9
   140 op greaterThan *tmp43 :ballXEnd 118.33333333333333
-    * op add *tmp44 118.33333333333333 58.666666666666664
   141 op lessThan *tmp45 :ballX 177
   142 op land *tmp46 *tmp43 *tmp45
   143 op greaterThan *tmp47 :ballYEnd :y
 
   148 jump *label55 equal *tmp51 false
   149 write 0 BRICKS :brickPtr
   150 op sub :brickCount :brickCount 1
-    * op sub *tmp55 118.33333333333333 4
   151 op greaterThan *tmp56 :ballX 114.33333333333333
-    * op add *tmp57 118.33333333333333 62.666666666666664
   152 op lessThan *tmp58 :ballX 181
   153 op land *tmp59 *tmp56 *tmp58
   154 jump *label53 equal *tmp59 false
 
   163 label *label58
   164 op add :brickPtr :brickPtr 1
   165 label *label59
-    * op add :x 118.33333333333333 58.666666666666664
   166 label *label26
   167 label *label22
   168 op sub :y :y 10

Modifications by Unroll loop at line 40:5 (+9 instructions):
 
    11 op rand *tmp4 10
    12 op sub :ballVY *tmp4 5
    13 set :brickCount 6
-    * set :i 0
-    * label *label3
-    * label *label35
-    * write 1 BRICKS :i
-    * label *label4
-    * op add :i :i 1
-    * jump *label35 lessThan :i 6
-    * label *label5
+   14 set :i 0
+   15 label *label60
+   16 write 1 BRICKS :i
+   17 label *label61
+   18 op add :i :i 1
+   19 write 1 BRICKS :i
+   20 label *label62
+   21 op add :i :i 1
+   22 write 1 BRICKS :i
+   23 label *label63
+   24 op add :i :i 1
+   25 write 1 BRICKS :i
+   26 label *label64
+   27 op add :i :i 1
+   28 write 1 BRICKS :i
+   29 label *label65
+   30 op add :i :i 1
+   31 write 1 BRICKS :i
+   32 label *label66
+   33 op add :i :i 1
+   34 label *label5
    35 label *label6
    36 draw clear 0 0 0
    37 draw rect :paddleX 10 :paddleWidth 5

Modifications by Iterated phase, Data Flow Optimization, pass 3, iteration 1:
 
    13 set :brickCount 6
    14 set :i 0
    15 label *label60
-    * write 1 BRICKS :i
+   16 write 1 BRICKS 0
    17 label *label61
-    * op add :i :i 1
-    * write 1 BRICKS :i
+   18 op add :i 0 1
+   19 write 1 BRICKS 1
    20 label *label62
-    * op add :i :i 1
-    * write 1 BRICKS :i
+   21 op add :i 1 1
+   22 write 1 BRICKS 2
    23 label *label63
-    * op add :i :i 1
-    * write 1 BRICKS :i
+   24 op add :i 2 1
+   25 write 1 BRICKS 3
    26 label *label64
-    * op add :i :i 1
-    * write 1 BRICKS :i
+   27 op add :i 3 1
+   28 write 1 BRICKS 4
    29 label *label65
-    * op add :i :i 1
-    * write 1 BRICKS :i
+   30 op add :i 4 1
+   31 write 1 BRICKS 5
    32 label *label66
-    * op add :i :i 1
+   33 op add :i 5 1
    34 label *label5
    35 label *label6
    36 draw clear 0 0 0

Modifications by Iterated phase, Data Flow Optimization, pass 3, iteration 2 (-7 instructions):
 
    11 op rand *tmp4 10
    12 op sub :ballVY *tmp4 5
    13 set :brickCount 6
-    * set :i 0
    14 label *label60
    15 write 1 BRICKS 0
    16 label *label61
-    * op add :i 0 1
    17 write 1 BRICKS 1
    18 label *label62
-    * op add :i 1 1
    19 write 1 BRICKS 2
    20 label *label63
-    * op add :i 2 1
    21 write 1 BRICKS 3
    22 label *label64
-    * op add :i 3 1
    23 write 1 BRICKS 4
    24 label *label65
-    * op add :i 4 1
    25 write 1 BRICKS 5
    26 label *label66
-    * op add :i 5 1
    27 label *label5
    28 label *label6
    29 draw clear 0 0 0

Modifications by Unroll loop at line 81:9 (+66 instructions):
 
    78 label *label19
    79 label *label20
    80 set :brickPtr 0
-    * set :y 126
-    * label *label21
-    * label *label36
-    * label *label38
-    * read *tmp41 BRICKS :brickPtr
-    * jump *label43 equal *tmp41 false
-    * draw rect 1 :y 57.666666666666664 9
-    * op greaterThan *tmp43 :ballXEnd 1
-    * op lessThan *tmp45 :ballX 59.666666666666664
-    * op land *tmp46 *tmp43 *tmp45
-    * op greaterThan *tmp47 :ballYEnd :y
-    * op land *tmp48 *tmp46 *tmp47
-    * op add *tmp49 :y 10
-    * op lessThan *tmp50 :ballY *tmp49
-    * op land *tmp51 *tmp48 *tmp50
-    * jump *label41 equal *tmp51 false
-    * write 0 BRICKS :brickPtr
-    * op sub :brickCount :brickCount 1
-    * op greaterThan *tmp56 :ballX -3
-    * op lessThan *tmp58 :ballX 63.666666666666664
-    * op land *tmp59 *tmp56 *tmp58
-    * jump *label39 equal *tmp59 false
-    * op mul :ballVY :ballVY -1
-    * jump *label40 always
-    * label *label39
-    * op mul :ballVX :ballVX -1
-    * label *label40
-    * label *label41
-    * label *label42
-    * label *label43
-    * label *label44
-    * op add :brickPtr :brickPtr 1
-    * label *label45
-    * read *tmp41 BRICKS :brickPtr
-    * jump *label50 equal *tmp41 false
-    * draw rect 59.666666666666664 :y 57.666666666666664 9
-    * op greaterThan *tmp43 :ballXEnd 59.666666666666664
-    * op lessThan *tmp45 :ballX 118.33333333333333
-    * op land *tmp46 *tmp43 *tmp45
-    * op greaterThan *tmp47 :ballYEnd :y
-    * op land *tmp48 *tmp46 *tmp47
-    * op add *tmp49 :y 10
-    * op lessThan *tmp50 :ballY *tmp49
-    * op land *tmp51 *tmp48 *tmp50
-    * jump *label48 equal *tmp51 false
-    * write 0 BRICKS :brickPtr
-    * op sub :brickCount :brickCount 1
-    * op greaterThan *tmp56 :ballX 55.666666666666664
-    * op lessThan *tmp58 :ballX 122.33333333333333
-    * op land *tmp59 *tmp56 *tmp58
-    * jump *label46 equal *tmp59 false
-    * op mul :ballVY :ballVY -1
-    * jump *label47 always
-    * label *label46
-    * op mul :ballVX :ballVX -1
-    * label *label47
-    * label *label48
-    * label *label49
-    * label *label50
-    * label *label51
-    * op add :brickPtr :brickPtr 1
-    * label *label52
-    * read *tmp41 BRICKS :brickPtr
-    * jump *label57 equal *tmp41 false
-    * draw rect 118.33333333333333 :y 57.666666666666664 9
-    * op greaterThan *tmp43 :ballXEnd 118.33333333333333
-    * op lessThan *tmp45 :ballX 177
-    * op land *tmp46 *tmp43 *tmp45
-    * op greaterThan *tmp47 :ballYEnd :y
-    * op land *tmp48 *tmp46 *tmp47
-    * op add *tmp49 :y 10
-    * op lessThan *tmp50 :ballY *tmp49
-    * op land *tmp51 *tmp48 *tmp50
-    * jump *label55 equal *tmp51 false
-    * write 0 BRICKS :brickPtr
-    * op sub :brickCount :brickCount 1
-    * op greaterThan *tmp56 :ballX 114.33333333333333
-    * op lessThan *tmp58 :ballX 181
-    * op land *tmp59 *tmp56 *tmp58
-    * jump *label53 equal *tmp59 false
-    * op mul :ballVY :ballVY -1
-    * jump *label54 always
-    * label *label53
-    * op mul :ballVX :ballVX -1
-    * label *label54
-    * label *label55
-    * label *label56
-    * label *label57
-    * label *label58
-    * op add :brickPtr :brickPtr 1
-    * label *label59
-    * label *label26
-    * label *label22
-    * op sub :y :y 10
-    * jump *label36 greaterThan :y 106
-    * label *label23
+   81 set :y 126
+   82 label *label67
+   83 label *label68
+   84 read *tmp41 BRICKS :brickPtr
+   85 jump *label73 equal *tmp41 false
+   86 draw rect 1 :y 57.666666666666664 9
+   87 op greaterThan *tmp43 :ballXEnd 1
+   88 op lessThan *tmp45 :ballX 59.666666666666664
+   89 op land *tmp46 *tmp43 *tmp45
+   90 op greaterThan *tmp47 :ballYEnd :y
+   91 op land *tmp48 *tmp46 *tmp47
+   92 op add *tmp49 :y 10
+   93 op lessThan *tmp50 :ballY *tmp49
+   94 op land *tmp51 *tmp48 *tmp50
+   95 jump *label71 equal *tmp51 false
+   96 write 0 BRICKS :brickPtr
+   97 op sub :brickCount :brickCount 1
+   98 op greaterThan *tmp56 :ballX -3
+   99 op lessThan *tmp58 :ballX 63.666666666666664
+  100 op land *tmp59 *tmp56 *tmp58
+  101 jump *label69 equal *tmp59 false
+  102 op mul :ballVY :ballVY -1
+  103 jump *label70 always
+  104 label *label69
+  105 op mul :ballVX :ballVX -1
+  106 label *label70
+  107 label *label71
+  108 label *label72
+  109 label *label73
+  110 label *label74
+  111 op add :brickPtr :brickPtr 1
+  112 label *label75
+  113 read *tmp41 BRICKS :brickPtr
+  114 jump *label80 equal *tmp41 false
+  115 draw rect 59.666666666666664 :y 57.666666666666664 9
+  116 op greaterThan *tmp43 :ballXEnd 59.666666666666664
+  117 op lessThan *tmp45 :ballX 118.33333333333333
+  118 op land *tmp46 *tmp43 *tmp45
+  119 op greaterThan *tmp47 :ballYEnd :y
+  120 op land *tmp48 *tmp46 *tmp47
+  121 op add *tmp49 :y 10
+  122 op lessThan *tmp50 :ballY *tmp49
+  123 op land *tmp51 *tmp48 *tmp50
+  124 jump *label78 equal *tmp51 false
+  125 write 0 BRICKS :brickPtr
+  126 op sub :brickCount :brickCount 1
+  127 op greaterThan *tmp56 :ballX 55.666666666666664
+  128 op lessThan *tmp58 :ballX 122.33333333333333
+  129 op land *tmp59 *tmp56 *tmp58
+  130 jump *label76 equal *tmp59 false
+  131 op mul :ballVY :ballVY -1
+  132 jump *label77 always
+  133 label *label76
+  134 op mul :ballVX :ballVX -1
+  135 label *label77
+  136 label *label78
+  137 label *label79
+  138 label *label80
+  139 label *label81
+  140 op add :brickPtr :brickPtr 1
+  141 label *label82
+  142 read *tmp41 BRICKS :brickPtr
+  143 jump *label87 equal *tmp41 false
+  144 draw rect 118.33333333333333 :y 57.666666666666664 9
+  145 op greaterThan *tmp43 :ballXEnd 118.33333333333333
+  146 op lessThan *tmp45 :ballX 177
+  147 op land *tmp46 *tmp43 *tmp45
+  148 op greaterThan *tmp47 :ballYEnd :y
+  149 op land *tmp48 *tmp46 *tmp47
+  150 op add *tmp49 :y 10
+  151 op lessThan *tmp50 :ballY *tmp49
+  152 op land *tmp51 *tmp48 *tmp50
+  153 jump *label85 equal *tmp51 false
+  154 write 0 BRICKS :brickPtr
+  155 op sub :brickCount :brickCount 1
+  156 op greaterThan *tmp56 :ballX 114.33333333333333
+  157 op lessThan *tmp58 :ballX 181
+  158 op land *tmp59 *tmp56 *tmp58
+  159 jump *label83 equal *tmp59 false
+  160 op mul :ballVY :ballVY -1
+  161 jump *label84 always
+  162 label *label83
+  163 op mul :ballVX :ballVX -1
+  164 label *label84
+  165 label *label85
+  166 label *label86
+  167 label *label87
+  168 label *label88
+  169 op add :brickPtr :brickPtr 1
+  170 label *label89
+  171 label *label90
+  172 label *label91
+  173 op sub :y :y 10
+  174 label *label92
+  175 read *tmp41 BRICKS :brickPtr
+  176 jump *label97 equal *tmp41 false
+  177 draw rect 1 :y 57.666666666666664 9
+  178 op greaterThan *tmp43 :ballXEnd 1
+  179 op lessThan *tmp45 :ballX 59.666666666666664
+  180 op land *tmp46 *tmp43 *tmp45
+  181 op greaterThan *tmp47 :ballYEnd :y
+  182 op land *tmp48 *tmp46 *tmp47
+  183 op add *tmp49 :y 10
+  184 op lessThan *tmp50 :ballY *tmp49
+  185 op land *tmp51 *tmp48 *tmp50
+  186 jump *label95 equal *tmp51 false
+  187 write 0 BRICKS :brickPtr
+  188 op sub :brickCount :brickCount 1
+  189 op greaterThan *tmp56 :ballX -3
+  190 op lessThan *tmp58 :ballX 63.666666666666664
+  191 op land *tmp59 *tmp56 *tmp58
+  192 jump *label93 equal *tmp59 false
+  193 op mul :ballVY :ballVY -1
+  194 jump *label94 always
+  195 label *label93
+  196 op mul :ballVX :ballVX -1
+  197 label *label94
+  198 label *label95
+  199 label *label96
+  200 label *label97
+  201 label *label98
+  202 op add :brickPtr :brickPtr 1
+  203 label *label99
+  204 read *tmp41 BRICKS :brickPtr
+  205 jump *label104 equal *tmp41 false
+  206 draw rect 59.666666666666664 :y 57.666666666666664 9
+  207 op greaterThan *tmp43 :ballXEnd 59.666666666666664
+  208 op lessThan *tmp45 :ballX 118.33333333333333
+  209 op land *tmp46 *tmp43 *tmp45
+  210 op greaterThan *tmp47 :ballYEnd :y
+  211 op land *tmp48 *tmp46 *tmp47
+  212 op add *tmp49 :y 10
+  213 op lessThan *tmp50 :ballY *tmp49
+  214 op land *tmp51 *tmp48 *tmp50
+  215 jump *label102 equal *tmp51 false
+  216 write 0 BRICKS :brickPtr
+  217 op sub :brickCount :brickCount 1
+  218 op greaterThan *tmp56 :ballX 55.666666666666664
+  219 op lessThan *tmp58 :ballX 122.33333333333333
+  220 op land *tmp59 *tmp56 *tmp58
+  221 jump *label100 equal *tmp59 false
+  222 op mul :ballVY :ballVY -1
+  223 jump *label101 always
+  224 label *label100
+  225 op mul :ballVX :ballVX -1
+  226 label *label101
+  227 label *label102
+  228 label *label103
+  229 label *label104
+  230 label *label105
+  231 op add :brickPtr :brickPtr 1
+  232 label *label106
+  233 read *tmp41 BRICKS :brickPtr
+  234 jump *label111 equal *tmp41 false
+  235 draw rect 118.33333333333333 :y 57.666666666666664 9
+  236 op greaterThan *tmp43 :ballXEnd 118.33333333333333
+  237 op lessThan *tmp45 :ballX 177
+  238 op land *tmp46 *tmp43 *tmp45
+  239 op greaterThan *tmp47 :ballYEnd :y
+  240 op land *tmp48 *tmp46 *tmp47
+  241 op add *tmp49 :y 10
+  242 op lessThan *tmp50 :ballY *tmp49
+  243 op land *tmp51 *tmp48 *tmp50
+  244 jump *label109 equal *tmp51 false
+  245 write 0 BRICKS :brickPtr
+  246 op sub :brickCount :brickCount 1
+  247 op greaterThan *tmp56 :ballX 114.33333333333333
+  248 op lessThan *tmp58 :ballX 181
+  249 op land *tmp59 *tmp56 *tmp58
+  250 jump *label107 equal *tmp59 false
+  251 op mul :ballVY :ballVY -1
+  252 jump *label108 always
+  253 label *label107
+  254 op mul :ballVX :ballVX -1
+  255 label *label108
+  256 label *label109
+  257 label *label110
+  258 label *label111
+  259 label *label112
+  260 op add :brickPtr :brickPtr 1
+  261 label *label113
+  262 label *label114
+  263 label *label115
+  264 op sub :y :y 10
+  265 label *label23
   266 op lessThan *tmp61 :ballY 0
   267 op equal *tmp62 :brickCount 0
   268 op or *tmp63 *tmp61 *tmp62

Modifications by Iterated phase, Data Flow Optimization, pass 3, iteration 1:
 
    81 set :y 126
    82 label *label67
    83 label *label68
-    * read *tmp41 BRICKS :brickPtr
+   84 read *tmp41 BRICKS 0
    85 jump *label73 equal *tmp41 false
-    * draw rect 1 :y 57.666666666666664 9
+   86 draw rect 1 126 57.666666666666664 9
    87 op greaterThan *tmp43 :ballXEnd 1
    88 op lessThan *tmp45 :ballX 59.666666666666664
    89 op land *tmp46 *tmp43 *tmp45
-    * op greaterThan *tmp47 :ballYEnd :y
+   90 op greaterThan *tmp47 :ballYEnd 126
    91 op land *tmp48 *tmp46 *tmp47
-    * op add *tmp49 :y 10
-    * op lessThan *tmp50 :ballY *tmp49
+   92 op add *tmp49 126 10
+   93 op lessThan *tmp50 :ballY 136
    94 op land *tmp51 *tmp48 *tmp50
    95 jump *label71 equal *tmp51 false
-    * write 0 BRICKS :brickPtr
+   96 write 0 BRICKS 0
    97 op sub :brickCount :brickCount 1
    98 op greaterThan *tmp56 :ballX -3
    99 op lessThan *tmp58 :ballX 63.666666666666664
 
   108 label *label72
   109 label *label73
   110 label *label74
-    * op add :brickPtr :brickPtr 1
+  111 op add :brickPtr 0 1
   112 label *label75
-    * read *tmp41 BRICKS :brickPtr
+  113 read *tmp41 BRICKS 1
   114 jump *label80 equal *tmp41 false
-    * draw rect 59.666666666666664 :y 57.666666666666664 9
+  115 draw rect 59.666666666666664 126 57.666666666666664 9
   116 op greaterThan *tmp43 :ballXEnd 59.666666666666664
   117 op lessThan *tmp45 :ballX 118.33333333333333
   118 op land *tmp46 *tmp43 *tmp45
-    * op greaterThan *tmp47 :ballYEnd :y
+  119 op greaterThan *tmp47 :ballYEnd 126
   120 op land *tmp48 *tmp46 *tmp47
-    * op add *tmp49 :y 10
-    * op lessThan *tmp50 :ballY *tmp49
+  121 op add *tmp49 126 10
+  122 op lessThan *tmp50 :ballY 136
   123 op land *tmp51 *tmp48 *tmp50
   124 jump *label78 equal *tmp51 false
-    * write 0 BRICKS :brickPtr
+  125 write 0 BRICKS 1
   126 op sub :brickCount :brickCount 1
   127 op greaterThan *tmp56 :ballX 55.666666666666664
   128 op lessThan *tmp58 :ballX 122.33333333333333
 
   137 label *label79
   138 label *label80
   139 label *label81
-    * op add :brickPtr :brickPtr 1
+  140 op add :brickPtr 1 1
   141 label *label82
-    * read *tmp41 BRICKS :brickPtr
+  142 read *tmp41 BRICKS 2
   143 jump *label87 equal *tmp41 false
-    * draw rect 118.33333333333333 :y 57.666666666666664 9
+  144 draw rect 118.33333333333333 126 57.666666666666664 9
   145 op greaterThan *tmp43 :ballXEnd 118.33333333333333
   146 op lessThan *tmp45 :ballX 177
   147 op land *tmp46 *tmp43 *tmp45
-    * op greaterThan *tmp47 :ballYEnd :y
+  148 op greaterThan *tmp47 :ballYEnd 126
   149 op land *tmp48 *tmp46 *tmp47
-    * op add *tmp49 :y 10
-    * op lessThan *tmp50 :ballY *tmp49
+  150 op add *tmp49 126 10
+  151 op lessThan *tmp50 :ballY 136
   152 op land *tmp51 *tmp48 *tmp50
   153 jump *label85 equal *tmp51 false
-    * write 0 BRICKS :brickPtr
+  154 write 0 BRICKS 2
   155 op sub :brickCount :brickCount 1
   156 op greaterThan *tmp56 :ballX 114.33333333333333
   157 op lessThan *tmp58 :ballX 181
 
   166 label *label86
   167 label *label87
   168 label *label88
-    * op add :brickPtr :brickPtr 1
+  169 op add :brickPtr 2 1
   170 label *label89
   171 label *label90
   172 label *label91
-    * op sub :y :y 10
+  173 op sub :y 126 10
   174 label *label92
-    * read *tmp41 BRICKS :brickPtr
+  175 read *tmp41 BRICKS 3
   176 jump *label97 equal *tmp41 false
-    * draw rect 1 :y 57.666666666666664 9
+  177 draw rect 1 116 57.666666666666664 9
   178 op greaterThan *tmp43 :ballXEnd 1
   179 op lessThan *tmp45 :ballX 59.666666666666664
   180 op land *tmp46 *tmp43 *tmp45
-    * op greaterThan *tmp47 :ballYEnd :y
+  181 op greaterThan *tmp47 :ballYEnd 116
   182 op land *tmp48 *tmp46 *tmp47
-    * op add *tmp49 :y 10
-    * op lessThan *tmp50 :ballY *tmp49
+  183 op add *tmp49 116 10
+  184 op lessThan *tmp50 :ballY 126
   185 op land *tmp51 *tmp48 *tmp50
   186 jump *label95 equal *tmp51 false
-    * write 0 BRICKS :brickPtr
+  187 write 0 BRICKS 3
   188 op sub :brickCount :brickCount 1
   189 op greaterThan *tmp56 :ballX -3
   190 op lessThan *tmp58 :ballX 63.666666666666664
 
   199 label *label96
   200 label *label97
   201 label *label98
-    * op add :brickPtr :brickPtr 1
+  202 op add :brickPtr 3 1
   203 label *label99
-    * read *tmp41 BRICKS :brickPtr
+  204 read *tmp41 BRICKS 4
   205 jump *label104 equal *tmp41 false
-    * draw rect 59.666666666666664 :y 57.666666666666664 9
+  206 draw rect 59.666666666666664 116 57.666666666666664 9
   207 op greaterThan *tmp43 :ballXEnd 59.666666666666664
   208 op lessThan *tmp45 :ballX 118.33333333333333
   209 op land *tmp46 *tmp43 *tmp45
-    * op greaterThan *tmp47 :ballYEnd :y
+  210 op greaterThan *tmp47 :ballYEnd 116
   211 op land *tmp48 *tmp46 *tmp47
-    * op add *tmp49 :y 10
-    * op lessThan *tmp50 :ballY *tmp49
+  212 op add *tmp49 116 10
+  213 op lessThan *tmp50 :ballY 126
   214 op land *tmp51 *tmp48 *tmp50
   215 jump *label102 equal *tmp51 false
-    * write 0 BRICKS :brickPtr
+  216 write 0 BRICKS 4
   217 op sub :brickCount :brickCount 1
   218 op greaterThan *tmp56 :ballX 55.666666666666664
   219 op lessThan *tmp58 :ballX 122.33333333333333
 
   228 label *label103
   229 label *label104
   230 label *label105
-    * op add :brickPtr :brickPtr 1
+  231 op add :brickPtr 4 1
   232 label *label106
-    * read *tmp41 BRICKS :brickPtr
+  233 read *tmp41 BRICKS 5
   234 jump *label111 equal *tmp41 false
-    * draw rect 118.33333333333333 :y 57.666666666666664 9
+  235 draw rect 118.33333333333333 116 57.666666666666664 9
   236 op greaterThan *tmp43 :ballXEnd 118.33333333333333
   237 op lessThan *tmp45 :ballX 177
   238 op land *tmp46 *tmp43 *tmp45
-    * op greaterThan *tmp47 :ballYEnd :y
+  239 op greaterThan *tmp47 :ballYEnd 116
   240 op land *tmp48 *tmp46 *tmp47
-    * op add *tmp49 :y 10
-    * op lessThan *tmp50 :ballY *tmp49
+  241 op add *tmp49 116 10
+  242 op lessThan *tmp50 :ballY 126
   243 op land *tmp51 *tmp48 *tmp50
   244 jump *label109 equal *tmp51 false
-    * write 0 BRICKS :brickPtr
+  245 write 0 BRICKS 5
   246 op sub :brickCount :brickCount 1
   247 op greaterThan *tmp56 :ballX 114.33333333333333
   248 op lessThan *tmp58 :ballX 181
 
   257 label *label110
   258 label *label111
   259 label *label112
-    * op add :brickPtr :brickPtr 1
+  260 op add :brickPtr 5 1
   261 label *label113
   262 label *label114
   263 label *label115
-    * op sub :y :y 10
+  264 op sub :y 116 10
   265 label *label23
   266 op lessThan *tmp61 :ballY 0
   267 op equal *tmp62 :brickCount 0

Modifications by Iterated phase, Data Flow Optimization, pass 3, iteration 2 (-16 instructions):
 
    77 op sub :paddleWidth :paddleWidth 1
    78 label *label19
    79 label *label20
-    * set :brickPtr 0
-    * set :y 126
    80 label *label67
    81 label *label68
    82 read *tmp41 BRICKS 0
 
    87 op land *tmp46 *tmp43 *tmp45
    88 op greaterThan *tmp47 :ballYEnd 126
    89 op land *tmp48 *tmp46 *tmp47
-    * op add *tmp49 126 10
    90 op lessThan *tmp50 :ballY 136
    91 op land *tmp51 *tmp48 *tmp50
    92 jump *label71 equal *tmp51 false
 
   105 label *label72
   106 label *label73
   107 label *label74
-    * op add :brickPtr 0 1
   108 label *label75
   109 read *tmp41 BRICKS 1
   110 jump *label80 equal *tmp41 false
 
   114 op land *tmp46 *tmp43 *tmp45
   115 op greaterThan *tmp47 :ballYEnd 126
   116 op land *tmp48 *tmp46 *tmp47
-    * op add *tmp49 126 10
   117 op lessThan *tmp50 :ballY 136
   118 op land *tmp51 *tmp48 *tmp50
   119 jump *label78 equal *tmp51 false
 
   132 label *label79
   133 label *label80
   134 label *label81
-    * op add :brickPtr 1 1
   135 label *label82
   136 read *tmp41 BRICKS 2
   137 jump *label87 equal *tmp41 false
 
   141 op land *tmp46 *tmp43 *tmp45
   142 op greaterThan *tmp47 :ballYEnd 126
   143 op land *tmp48 *tmp46 *tmp47
-    * op add *tmp49 126 10
   144 op lessThan *tmp50 :ballY 136
   145 op land *tmp51 *tmp48 *tmp50
   146 jump *label85 equal *tmp51 false
 
   159 label *label86
   160 label *label87
   161 label *label88
-    * op add :brickPtr 2 1
   162 label *label89
   163 label *label90
   164 label *label91
-    * op sub :y 126 10
   165 label *label92
   166 read *tmp41 BRICKS 3
   167 jump *label97 equal *tmp41 false
 
   171 op land *tmp46 *tmp43 *tmp45
   172 op greaterThan *tmp47 :ballYEnd 116
   173 op land *tmp48 *tmp46 *tmp47
-    * op add *tmp49 116 10
   174 op lessThan *tmp50 :ballY 126
   175 op land *tmp51 *tmp48 *tmp50
   176 jump *label95 equal *tmp51 false
 
   189 label *label96
   190 label *label97
   191 label *label98
-    * op add :brickPtr 3 1
   192 label *label99
   193 read *tmp41 BRICKS 4
   194 jump *label104 equal *tmp41 false
 
   198 op land *tmp46 *tmp43 *tmp45
   199 op greaterThan *tmp47 :ballYEnd 116
   200 op land *tmp48 *tmp46 *tmp47
-    * op add *tmp49 116 10
   201 op lessThan *tmp50 :ballY 126
   202 op land *tmp51 *tmp48 *tmp50
   203 jump *label102 equal *tmp51 false
 
   216 label *label103
   217 label *label104
   218 label *label105
-    * op add :brickPtr 4 1
   219 label *label106
   220 read *tmp41 BRICKS 5
   221 jump *label111 equal *tmp41 false
 
   225 op land *tmp46 *tmp43 *tmp45
   226 op greaterThan *tmp47 :ballYEnd 116
   227 op land *tmp48 *tmp46 *tmp47
-    * op add *tmp49 116 10
   228 op lessThan *tmp50 :ballY 126
   229 op land *tmp51 *tmp48 *tmp50
   230 jump *label109 equal *tmp51 false
 
   243 label *label110
   244 label *label111
   245 label *label112
-    * op add :brickPtr 5 1
   246 label *label113
   247 label *label114
   248 label *label115
-    * op sub :y 116 10
   249 label *label23
   250 op lessThan *tmp61 :ballY 0
   251 op equal *tmp62 :brickCount 0

Modifications by Iterated phase, Condition Optimization, pass 4, iteration 1 (-1 instructions):
 
    46 op add :ballX :ballX :ballVX
    47 op add :ballY :ballY :ballVY
    48 op add :ballXEnd :ballX 5
-    * op add :ballYEnd :ballY 5
    49 op lessThan *tmp17 :ballX 0
    50 op greaterThan *tmp18 :ballX 171
    51 op or *tmp19 *tmp17 *tmp18
 
    81 read *tmp41 BRICKS 0
    82 jump *label73 equal *tmp41 false
    83 draw rect 1 126 57.666666666666664 9
-    * op greaterThan *tmp43 :ballXEnd 1
+   84 op greaterThan *tmp43 :ballX -4
    85 op lessThan *tmp45 :ballX 59.666666666666664
    86 op land *tmp46 *tmp43 *tmp45
-    * op greaterThan *tmp47 :ballYEnd 126
+   87 op greaterThan *tmp47 :ballY 121
    88 op land *tmp48 *tmp46 *tmp47
    89 op lessThan *tmp50 :ballY 136
    90 op land *tmp51 *tmp48 *tmp50
 
   108 read *tmp41 BRICKS 1
   109 jump *label80 equal *tmp41 false
   110 draw rect 59.666666666666664 126 57.666666666666664 9
-    * op greaterThan *tmp43 :ballXEnd 59.666666666666664
+  111 op greaterThan *tmp43 :ballX 54.666666666666664
   112 op lessThan *tmp45 :ballX 118.33333333333333
   113 op land *tmp46 *tmp43 *tmp45
-    * op greaterThan *tmp47 :ballYEnd 126
+  114 op greaterThan *tmp47 :ballY 121
   115 op land *tmp48 *tmp46 *tmp47
   116 op lessThan *tmp50 :ballY 136
   117 op land *tmp51 *tmp48 *tmp50
 
   135 read *tmp41 BRICKS 2
   136 jump *label87 equal *tmp41 false
   137 draw rect 118.33333333333333 126 57.666666666666664 9
-    * op greaterThan *tmp43 :ballXEnd 118.33333333333333
+  138 op greaterThan *tmp43 :ballX 113.33333333333333
   139 op lessThan *tmp45 :ballX 177
   140 op land *tmp46 *tmp43 *tmp45
-    * op greaterThan *tmp47 :ballYEnd 126
+  141 op greaterThan *tmp47 :ballY 121
   142 op land *tmp48 *tmp46 *tmp47
   143 op lessThan *tmp50 :ballY 136
   144 op land *tmp51 *tmp48 *tmp50
 
   165 read *tmp41 BRICKS 3
   166 jump *label97 equal *tmp41 false
   167 draw rect 1 116 57.666666666666664 9
-    * op greaterThan *tmp43 :ballXEnd 1
+  168 op greaterThan *tmp43 :ballX -4
   169 op lessThan *tmp45 :ballX 59.666666666666664
   170 op land *tmp46 *tmp43 *tmp45
-    * op greaterThan *tmp47 :ballYEnd 116
+  171 op greaterThan *tmp47 :ballY 111
   172 op land *tmp48 *tmp46 *tmp47
   173 op lessThan *tmp50 :ballY 126
   174 op land *tmp51 *tmp48 *tmp50
 
   192 read *tmp41 BRICKS 4
   193 jump *label104 equal *tmp41 false
   194 draw rect 59.666666666666664 116 57.666666666666664 9
-    * op greaterThan *tmp43 :ballXEnd 59.666666666666664
+  195 op greaterThan *tmp43 :ballX 54.666666666666664
   196 op lessThan *tmp45 :ballX 118.33333333333333
   197 op land *tmp46 *tmp43 *tmp45
-    * op greaterThan *tmp47 :ballYEnd 116
+  198 op greaterThan *tmp47 :ballY 111
   199 op land *tmp48 *tmp46 *tmp47
   200 op lessThan *tmp50 :ballY 126
   201 op land *tmp51 *tmp48 *tmp50
 
   219 read *tmp41 BRICKS 5
   220 jump *label111 equal *tmp41 false
   221 draw rect 118.33333333333333 116 57.666666666666664 9
-    * op greaterThan *tmp43 :ballXEnd 118.33333333333333
+  222 op greaterThan *tmp43 :ballX 113.33333333333333
   223 op lessThan *tmp45 :ballX 177
   224 op land *tmp46 *tmp43 *tmp45
-    * op greaterThan *tmp47 :ballYEnd 116
+  225 op greaterThan *tmp47 :ballY 111
   226 op land *tmp48 *tmp46 *tmp47
   227 op lessThan *tmp50 :ballY 126
   228 op land *tmp51 *tmp48 *tmp50

Modifications by Jumps phase, Unreachable Code Elimination, pass 6, iteration 1 (-1 instructions):
 
    11 op rand *tmp4 10
    12 op sub :ballVY *tmp4 5
    13 set :brickCount 6
-    * label *label60
    14 write 1 BRICKS 0
-    * label *label61
    15 write 1 BRICKS 1
-    * label *label62
    16 write 1 BRICKS 2
-    * label *label63
    17 write 1 BRICKS 3
-    * label *label64
    18 write 1 BRICKS 4
-    * label *label65
    19 write 1 BRICKS 5
-    * label *label66
-    * label *label5
    20 label *label6
    21 draw clear 0 0 0
    22 draw rect :paddleX 10 :paddleWidth 5
 
    27 jump *label11 greaterThanEq :paddleX *tmp10
    28 op add :paddleX :paddleX 3
    29 label *label11
-    * label *label12
    30 jump *label10 always
    31 label *label9
    32 jump *label13 lessThanEq :paddleX 0
    33 op sub :paddleX :paddleX 3
    34 label *label13
-    * label *label14
    35 label *label10
    36 op add :ballX :ballX :ballVX
    37 op add :ballY :ballY :ballVY
 
    42 jump *label15 equal *tmp19 false
    43 op mul :ballVX :ballVX -1
    44 label *label15
-    * label *label16
    45 jump *label17 lessThanEq :ballY 171
    46 op mul :ballVY :ballVY -1
    47 label *label17
-    * label *label18
    48 op greaterThan *tmp23 :ballXEnd :paddleX
    49 op add *tmp24 :paddleX :paddleWidth
    50 op lessThan *tmp25 :ballX *tmp24
 
    63 op add :ballVX :ballVX *tmp36
    64 op sub :paddleWidth :paddleWidth 1
    65 label *label19
-    * label *label20
-    * label *label67
-    * label *label68
    66 read *tmp41 BRICKS 0
    67 jump *label73 equal *tmp41 false
    68 draw rect 1 126 57.666666666666664 9
 
    86 op mul :ballVX :ballVX -1
    87 label *label70
    88 label *label71
-    * label *label72
    89 label *label73
-    * label *label74
-    * label *label75
    90 read *tmp41 BRICKS 1
    91 jump *label80 equal *tmp41 false
    92 draw rect 59.666666666666664 126 57.666666666666664 9
 
   110 op mul :ballVX :ballVX -1
   111 label *label77
   112 label *label78
-    * label *label79
   113 label *label80
-    * label *label81
-    * label *label82
   114 read *tmp41 BRICKS 2
   115 jump *label87 equal *tmp41 false
   116 draw rect 118.33333333333333 126 57.666666666666664 9
 
   134 op mul :ballVX :ballVX -1
   135 label *label84
   136 label *label85
-    * label *label86
   137 label *label87
-    * label *label88
-    * label *label89
-    * label *label90
-    * label *label91
-    * label *label92
   138 read *tmp41 BRICKS 3
   139 jump *label97 equal *tmp41 false
   140 draw rect 1 116 57.666666666666664 9
 
   158 op mul :ballVX :ballVX -1
   159 label *label94
   160 label *label95
-    * label *label96
   161 label *label97
-    * label *label98
-    * label *label99
   162 read *tmp41 BRICKS 4
   163 jump *label104 equal *tmp41 false
   164 draw rect 59.666666666666664 116 57.666666666666664 9
 
   182 op mul :ballVX :ballVX -1
   183 label *label101
   184 label *label102
-    * label *label103
   185 label *label104
-    * label *label105
-    * label *label106
   186 read *tmp41 BRICKS 5
   187 jump *label111 equal *tmp41 false
   188 draw rect 118.33333333333333 116 57.666666666666664 9
 
   206 op mul :ballVX :ballVX -1
   207 label *label108
   208 label *label109
-    * label *label110
   209 label *label111
-    * label *label112
-    * label *label113
-    * label *label114
-    * label *label115
-    * label *label23
   210 op lessThan *tmp61 :ballY 0
   211 op equal *tmp62 :brickCount 0
   212 op or *tmp63 *tmp61 *tmp62
   213 jump *label33 equal *tmp63 false
   214 jump *label8 always
   215 label *label33
-    * label *label34
   216 drawflush DISPLAY
-    * label *label7
   217 jump *label6 always
   218 label *label8
-    * label *label1
   219 jump *label0 always
-    * label *label2
-    * end

Modifications by Jumps phase, Jump Straightening, pass 6, iteration 1 (-1 instructions):
 
   210 op lessThan *tmp61 :ballY 0
   211 op equal *tmp62 :brickCount 0
   212 op or *tmp63 *tmp61 *tmp62
-    * jump *label33 equal *tmp63 false
-    * jump *label8 always
+  213 jump *label8 notEqual *tmp63 false
   214 label *label33
   215 drawflush DISPLAY
   216 jump *label6 always

Modifications by Jumps phase, Jump Threading, pass 6, iteration 1:
 
    24 sensor *tmp8 PADDLECONTROLLER @enabled
    25 jump *label9 equal *tmp8 false
    26 op sub *tmp10 176 :paddleWidth
-    * jump *label11 greaterThanEq :paddleX *tmp10
+   27 jump *label10 greaterThanEq :paddleX *tmp10
    28 op add :paddleX :paddleX 3
    29 label *label11
    30 jump *label10 always
 
   210 op lessThan *tmp61 :ballY 0
   211 op equal *tmp62 :brickCount 0
   212 op or *tmp63 *tmp61 *tmp62
-    * jump *label8 notEqual *tmp63 false
+  213 jump *label0 notEqual *tmp63 false
   214 drawflush DISPLAY
   215 jump *label6 always
   216 label *label8

Modifications by Jumps phase, Unreachable Code Elimination, pass 7, iteration 1 (-1 instructions):
 
   212 jump *label0 notEqual *tmp63 false
   213 drawflush DISPLAY
   214 jump *label6 always
-    * jump *label0 always

Code size and number of instantiations by function:
  Size  Times  AvgSize  Function
   184     1x    184,0  <no function>

Runtime error at instruction #99: 'draw rect 118.33333333333333 126 57.666666666666664 9 0 0':
Execution step limit of 100,000 exceeded.

Emulator output (100,000 steps, 833.35 sec):
The program didn't generate any output.
