    52 instructions before optimizations.
     4 instructions eliminated by Temp Variables Elimination (6 iterations).
     3 instructions eliminated by Dead Code Elimination (4 iterations).
     1 instructions eliminated by Condition Optimization (6 iterations).
     2 instructions eliminated by Single Step Elimination (2 passes, 7 iterations).
     5 instructions eliminated by Data Flow Optimization (2 passes, 6 iterations).
       3 loop conditions were partially rotated.
     3 instructions eliminated by Print Merging.
    34 instructions after optimizations.

Modifications by Initial phase, Dead Code Elimination, iteration 1 (-3 instructions):
 
    27 label *label6
    28 set *tmp14 :lineLength
    29 write 1 cell2 *tmp14
-    * set *tmp16 :lineLength
    30 op add :lineLength :lineLength 1
    31 set *tmp17 :lineLength
    32 set :c 0
 
    43 op lessThan *tmp27 :c *tmp26
    44 jump *label10 equal *tmp27 false
    45 print " "
-    * set *tmp28 " "
    46 jump *label11 always
    47 label *label10
-    * set *tmp28 null
    48 label *label11
    49 label *label8
    50 op add :c :c 1

Modifications by Initial phase, Temp Variables Elimination, iteration 1 (-4 instructions):
 
    14 label *label4
    15 jump *label6 greaterThan :j *tmp3
    16 set *tmp4 :j
-    * op sub *tmp6 :j 1
-    * set *tmp7 *tmp6
+   17 op sub *tmp7 :j 1
    18 set *tmp9 :j
    19 read *tmp12 cell1 *tmp7
    20 read *tmp13 cell1 *tmp9
 
    24 op add :j :j 1
    25 jump *label4 always
    26 label *label6
-    * set *tmp14 :lineLength
-    * write 1 cell2 *tmp14
+   27 write 1 cell2 :lineLength
    28 op add :lineLength :lineLength 1
    29 set *tmp17 :lineLength
    30 set :c 0
    31 label *label7
    32 jump *label9 greaterThanEq :c *tmp17
-    * set *tmp18 :c
-    * read *tmp20 cell2 *tmp18
+   33 read *tmp20 cell2 :c
    34 print *tmp20
    35 set *tmp21 :c
-    * set *tmp23 :c
-    * read *tmp25 cell2 *tmp23
+   36 read *tmp25 cell2 :c
    37 write *tmp25 cell1 *tmp21
    38 op sub *tmp26 :lineLength 1
    39 op lessThan *tmp27 :c *tmp26

Modifications by Iterated phase, Condition Optimization, pass 1, iteration 1 (-1 instructions):
 
    36 read *tmp25 cell2 :c
    37 write *tmp25 cell1 *tmp21
    38 op sub *tmp26 :lineLength 1
-    * op lessThan *tmp27 :c *tmp26
-    * jump *label10 equal *tmp27 false
+   39 jump *label10 greaterThanEq :c *tmp26
    40 print " "
    41 jump *label11 always
    42 label *label10

Modifications by Iterated phase, Single Step Elimination, pass 1, iteration 1 (-1 instructions):
 
    38 op sub *tmp26 :lineLength 1
    39 jump *label10 greaterThanEq :c *tmp26
    40 print " "
-    * jump *label11 always
    41 label *label10
    42 label *label11
    43 label *label8

Modifications by Iterated phase, Data Flow Optimization, pass 1, iteration 1:
 
    12 set *tmp3 :lineLength
    13 set :j 1
    14 label *label4
-    * jump *label6 greaterThan :j *tmp3
+   15 jump *label6 greaterThan :j :lineLength
    16 set *tmp4 :j
    17 op sub *tmp7 :j 1
    18 set *tmp9 :j
    19 read *tmp12 cell1 *tmp7
-    * read *tmp13 cell1 *tmp9
+   20 read *tmp13 cell1 :j
    21 op add *tmp11 *tmp12 *tmp13
-    * write *tmp11 cell2 *tmp4
+   22 write *tmp11 cell2 :j
    23 label *label5
    24 op add :j :j 1
    25 jump *label4 always
 
    29 set *tmp17 :lineLength
    30 set :c 0
    31 label *label7
-    * jump *label9 greaterThanEq :c *tmp17
+   32 jump *label9 greaterThanEq :c :lineLength
    33 read *tmp20 cell2 :c
    34 print *tmp20
    35 set *tmp21 :c
    36 read *tmp25 cell2 :c
-    * write *tmp25 cell1 *tmp21
+   37 write *tmp25 cell1 :c
    38 op sub *tmp26 :lineLength 1
    39 jump *label10 greaterThanEq :c *tmp26
    40 print " "

Modifications by Iterated phase, Data Flow Optimization, pass 1, iteration 2 (-5 instructions):
 
     9 label *label1
    10 jump *label3 greaterThan :i TRIANGLE_SIZE
    11 write 1 cell2 0
-    * set *tmp3 :lineLength
    12 set :j 1
    13 label *label4
    14 jump *label6 greaterThan :j :lineLength
-    * set *tmp4 :j
    15 op sub *tmp7 :j 1
-    * set *tmp9 :j
    16 read *tmp12 cell1 *tmp7
    17 read *tmp13 cell1 :j
    18 op add *tmp11 *tmp12 *tmp13
 
    23 label *label6
    24 write 1 cell2 :lineLength
    25 op add :lineLength :lineLength 1
-    * set *tmp17 :lineLength
    26 set :c 0
    27 label *label7
    28 jump *label9 greaterThanEq :c :lineLength
    29 read *tmp20 cell2 :c
    30 print *tmp20
-    * set *tmp21 :c
    31 read *tmp25 cell2 :c
    32 write *tmp25 cell1 :c
    33 op sub *tmp26 :lineLength 1

Modifications by Iterated phase, Loop Rotation, pass 1, iteration 1:
 
     8 set :i 3
     9 label *label1
    10 jump *label3 greaterThan :i TRIANGLE_SIZE
+   11 label *label12
    12 write 1 cell2 0
    13 set :j 1
    14 label *label4
    15 jump *label6 greaterThan :j :lineLength
+   16 label *label13
    17 op sub *tmp7 :j 1
    18 read *tmp12 cell1 *tmp7
    19 read *tmp13 cell1 :j
 
    21 write *tmp11 cell2 :j
    22 label *label5
    23 op add :j :j 1
-    * jump *label4 always
+   24 jump *label13 lessThanEq :j :lineLength
    25 label *label6
    26 write 1 cell2 :lineLength
    27 op add :lineLength :lineLength 1
    28 set :c 0
    29 label *label7
    30 jump *label9 greaterThanEq :c :lineLength
+   31 label *label14
    32 read *tmp20 cell2 :c
    33 print *tmp20
    34 read *tmp25 cell2 :c
 
    40 label *label11
    41 label *label8
    42 op add :c :c 1
-    * jump *label7 always
+   43 jump *label14 lessThan :c :lineLength
    44 label *label9
    45 print "\n"
    46 label *label2
    47 op add :i :i 1
-    * jump *label1 always
+   48 jump *label12 lessThanEq :i TRIANGLE_SIZE
    49 label *label3
    50 printflush message1
    51 label *label0

Modifications by Iterated phase, Data Flow Optimization, pass 2, iteration 1:
 
     7 write 1 cell1 1
     8 set :i 3
     9 label *label1
-    * jump *label3 greaterThan :i TRIANGLE_SIZE
+   10 jump *label3 greaterThan 3 TRIANGLE_SIZE
    11 label *label12
    12 write 1 cell2 0
    13 set :j 1
    14 label *label4
-    * jump *label6 greaterThan :j :lineLength
+   15 jump *label6 greaterThan 1 :lineLength
    16 label *label13
    17 op sub *tmp7 :j 1
    18 read *tmp12 cell1 *tmp7
 
    27 op add :lineLength :lineLength 1
    28 set :c 0
    29 label *label7
-    * jump *label9 greaterThanEq :c :lineLength
+   30 jump *label9 greaterThanEq 0 :lineLength
    31 label *label14
    32 read *tmp20 cell2 :c
    33 print *tmp20

Modifications by Jumps phase, Single Step Elimination, pass 4, iteration 1 (-1 instructions):
 
    41 jump *label12 lessThanEq :i TRIANGLE_SIZE
    42 label *label3
    43 printflush message1
-    * end

Modifications by Final phase, Print Merging, iteration 1 (-3 instructions):
     0 set TRIANGLE_SIZE 10
-    * print "1"
-    * print "\n"
-    * print "1 1"
-    * print "\n"
+    1 print "1\n1 1\n"
     2 set :lineLength 2
     3 write 1 cell1 0
     4 write 1 cell1 1

Code size and number of instantiations by function:
  Size  Times  AvgSize  Function
    34     1x     34,0  <no function>


Emulator output (857 steps, 7.15 sec):
1
1 1
1 2 1
1 3 3 1
1 4 6 4 1
1 5 10 10 5 1
1 6 15 20 15 6 1
1 7 21 35 35 21 7 1
1 8 28 56 70 56 28 8 1
1 9 36 84 126 126 84 36 9 1
